event=start job=r4_spin_engine t=2026-08-13T06:00:18-04:00 git=unknown built=unknown host=dalby total=861 m=1..21 cols=41 nmax=40 mutant=none threads=1 inject=no
event=heartbeat job=r4_spin_engine t=2026-08-13T06:00:18-04:00 elapsed_s=0.0 rate=9.243e+04/s done=0.0476 eta=2026-08-13T06:00:18-04:00 m_done=1 states=7 wall_s=0.000105 peak_rss_mb=2.609375
event=heartbeat job=r4_spin_engine t=2026-08-13T06:00:18-04:00 elapsed_s=0.0 rate=1.48e+05/s done=0.0952 eta=2026-08-13T06:00:18-04:00 m_done=2 states=17 wall_s=0.000093 peak_rss_mb=2.609375
event=heartbeat job=r4_spin_engine t=2026-08-13T06:00:18-04:00 elapsed_s=0.0 rate=1.396e+05/s done=0.1429 eta=2026-08-13T06:00:18-04:00 m_done=3 states=41 wall_s=0.000312 peak_rss_mb=2.609375
event=heartbeat job=r4_spin_engine t=2026-08-13T06:00:18-04:00 elapsed_s=0.0 rate=8.716e+04/s done=0.1905 eta=2026-08-13T06:00:18-04:00 m_done=4 states=99 wall_s=0.000983 peak_rss_mb=2.609375
event=heartbeat job=r4_spin_engine t=2026-08-13T06:00:18-04:00 elapsed_s=0.0 rate=4.083e+04/s done=0.2381 eta=2026-08-13T06:00:18-04:00 m_done=5 states=239 wall_s=0.003109 peak_rss_mb=2.609375
event=heartbeat job=r4_spin_engine t=2026-08-13T06:00:18-04:00 elapsed_s=0.0 rate=1.823e+04/s done=0.2857 eta=2026-08-13T06:00:18-04:00 m_done=6 states=577 wall_s=0.008437 peak_rss_mb=2.609375
event=heartbeat job=r4_spin_engine t=2026-08-13T06:00:18-04:00 elapsed_s=0.0 rate=8267/s done=0.3333 eta=2026-08-13T06:00:18-04:00 m_done=7 states=1393 wall_s=0.021167 peak_rss_mb=2.609375
event=heartbeat job=r4_spin_engine t=2026-08-13T06:00:18-04:00 elapsed_s=0.1 rate=3930/s done=0.3810 eta=2026-08-13T06:00:18-04:00 m_done=8 states=3363 wall_s=0.048673 peak_rss_mb=2.609375
event=heartbeat job=r4_spin_engine t=2026-08-13T06:00:19-04:00 elapsed_s=0.2 rate=1704/s done=0.4286 eta=2026-08-13T06:00:19-04:00 m_done=9 states=8119 wall_s=0.132842 peak_rss_mb=2.609375
event=heartbeat job=r4_spin_engine t=2026-08-13T06:00:19-04:00 elapsed_s=0.6 rate=703.5/s done=0.4762 eta=2026-08-13T06:00:19-04:00 m_done=10 states=19601 wall_s=0.365808 peak_rss_mb=3.234375
event=heartbeat job=r4_spin_engine t=2026-08-13T06:00:20-04:00 elapsed_s=1.6 rate=283.6/s done=0.5238 eta=2026-08-13T06:00:21-04:00 m_done=11 states=47321 wall_s=1.006181 peak_rss_mb=3.859375
event=heartbeat job=r4_spin_engine t=2026-08-13T06:00:23-04:00 elapsed_s=4.3 rate=113.3/s done=0.5714 eta=2026-08-13T06:00:26-04:00 m_done=12 states=114243 wall_s=2.749151 peak_rss_mb=5.066406
event=heartbeat job=r4_spin_engine t=2026-08-13T06:00:30-04:00 elapsed_s=11.8 rate=45.15/s done=0.6190 eta=2026-08-13T06:00:37-04:00 m_done=13 states=275807 wall_s=7.454754 peak_rss_mb=8.503906
event=heartbeat job=r4_spin_engine t=2026-08-13T06:00:50-04:00 elapsed_s=31.9 rate=17.99/s done=0.6667 eta=2026-08-13T06:01:05-04:00 m_done=14 states=665857 wall_s=20.077647 peak_rss_mb=17.214844
event=heartbeat job=r4_spin_engine t=2026-08-13T06:01:36-04:00 elapsed_s=77.4 rate=7.838/s done=0.7050 eta=2026-08-13T06:02:08-04:00 m=15 col=33 states=1607521
event=heartbeat job=r4_spin_engine t=2026-08-13T06:01:47-04:00 elapsed_s=88.8 rate=6.927/s done=0.7143 eta=2026-08-13T06:02:22-04:00 m_done=15 states=1607521 wall_s=56.843312 peak_rss_mb=38.742188
event=heartbeat job=r4_spin_engine t=2026-08-13T06:02:35-04:00 elapsed_s=137.0 rate=4.592/s done=0.7305 eta=2026-08-13T06:03:25-04:00 m=16 col=14 states=3880899
event=heartbeat job=r4_spin_engine t=2026-08-13T06:03:23-04:00 elapsed_s=184.7 rate=3.475/s done=0.7456 eta=2026-08-13T06:04:26-04:00 m=16 col=27 states=3880899
event=heartbeat job=r4_spin_engine t=2026-08-13T06:04:11-04:00 elapsed_s=232.5 rate=2.818/s done=0.7607 eta=2026-08-13T06:05:24-04:00 m=16 col=40 states=3880899
event=heartbeat job=r4_spin_engine t=2026-08-13T06:04:15-04:00 elapsed_s=236.1 rate=2.778/s done=0.7619 eta=2026-08-13T06:05:28-04:00 m_done=16 states=3880899 wall_s=147.281426 peak_rss_mb=90.738281
event=heartbeat job=r4_spin_engine t=2026-08-13T06:05:04-04:00 elapsed_s=285.3 rate=2.32/s done=0.7689 eta=2026-08-13T06:06:29-04:00 m=17 col=6 states=9369319
event=heartbeat job=r4_spin_engine t=2026-08-13T06:05:52-04:00 elapsed_s=333.3 rate=2.001/s done=0.7747 eta=2026-08-13T06:07:28-04:00 m=17 col=11 states=9369319
event=heartbeat job=r4_spin_engine t=2026-08-13T06:06:40-04:00 elapsed_s=381.3 rate=1.762/s done=0.7805 eta=2026-08-13T06:08:27-04:00 m=17 col=16 states=9369319
event=heartbeat job=r4_spin_engine t=2026-08-13T06:07:28-04:00 elapsed_s=429.3 rate=1.577/s done=0.7863 eta=2026-08-13T06:09:24-04:00 m=17 col=21 states=9369319
event=heartbeat job=r4_spin_engine t=2026-08-13T06:08:16-04:00 elapsed_s=477.3 rate=1.429/s done=0.7921 eta=2026-08-13T06:10:21-04:00 m=17 col=26 states=9369319
event=heartbeat job=r4_spin_engine t=2026-08-13T06:09:04-04:00 elapsed_s=525.4 rate=1.308/s done=0.7979 eta=2026-08-13T06:11:17-04:00 m=17 col=31 states=9369319
event=heartbeat job=r4_spin_engine t=2026-08-13T06:09:52-04:00 elapsed_s=573.4 rate=1.207/s done=0.8037 eta=2026-08-13T06:12:12-04:00 m=17 col=36 states=9369319
event=heartbeat job=r4_spin_engine t=2026-08-13T06:10:40-04:00 elapsed_s=621.4 rate=1.122/s done=0.8095 eta=2026-08-13T06:13:06-04:00 m=17 col=41 states=9369319
event=heartbeat job=r4_spin_engine t=2026-08-13T06:10:40-04:00 elapsed_s=621.4 rate=1.122/s done=0.8095 eta=2026-08-13T06:13:06-04:00 m_done=17 states=9369319 wall_s=385.060684 peak_rss_mb=215.765625
event=heartbeat job=r4_spin_engine t=2026-08-13T06:11:32-04:00 elapsed_s=674.1 rate=1.038/s done=0.8130 eta=2026-08-13T06:14:07-04:00 m=18 col=3 states=22619537
event=heartbeat job=r4_spin_engine t=2026-08-13T06:12:22-04:00 elapsed_s=723.8 rate=0.9699/s done=0.8153 eta=2026-08-13T06:15:05-04:00 m=18 col=5 states=22619537
event=heartbeat job=r4_spin_engine t=2026-08-13T06:13:12-04:00 elapsed_s=773.5 rate=0.9101/s done=0.8177 eta=2026-08-13T06:16:04-04:00 m=18 col=7 states=22619537
event=heartbeat job=r4_spin_engine t=2026-08-13T06:14:02-04:00 elapsed_s=823.2 rate=0.8576/s done=0.8200 eta=2026-08-13T06:17:02-04:00 m=18 col=9 states=22619537
event=heartbeat job=r4_spin_engine t=2026-08-13T06:14:51-04:00 elapsed_s=873.0 rate=0.811/s done=0.8223 eta=2026-08-13T06:17:59-04:00 m=18 col=11 states=22619537
event=heartbeat job=r4_spin_engine t=2026-08-13T06:15:41-04:00 elapsed_s=922.7 rate=0.7695/s done=0.8246 eta=2026-08-13T06:18:57-04:00 m=18 col=13 states=22619537
event=heartbeat job=r4_spin_engine t=2026-08-13T06:16:31-04:00 elapsed_s=972.4 rate=0.7322/s done=0.8269 eta=2026-08-13T06:19:54-04:00 m=18 col=15 states=22619537
event=heartbeat job=r4_spin_engine t=2026-08-13T06:17:20-04:00 elapsed_s=1022.1 rate=0.6986/s done=0.8293 eta=2026-08-13T06:20:50-04:00 m=18 col=17 states=22619537
event=heartbeat job=r4_spin_engine t=2026-08-13T06:18:10-04:00 elapsed_s=1071.8 rate=0.6681/s done=0.8316 eta=2026-08-13T06:21:47-04:00 m=18 col=19 states=22619537
event=heartbeat job=r4_spin_engine t=2026-08-13T06:19:00-04:00 elapsed_s=1121.5 rate=0.6402/s done=0.8339 eta=2026-08-13T06:22:43-04:00 m=18 col=21 states=22619537
event=heartbeat job=r4_spin_engine t=2026-08-13T06:19:50-04:00 elapsed_s=1171.1 rate=0.6148/s done=0.8362 eta=2026-08-13T06:23:39-04:00 m=18 col=23 states=22619537
event=heartbeat job=r4_spin_engine t=2026-08-13T06:20:39-04:00 elapsed_s=1220.8 rate=0.5914/s done=0.8386 eta=2026-08-13T06:24:34-04:00 m=18 col=25 states=22619537
event=heartbeat job=r4_spin_engine t=2026-08-13T06:21:29-04:00 elapsed_s=1270.5 rate=0.5698/s done=0.8409 eta=2026-08-13T06:25:29-04:00 m=18 col=27 states=22619537
event=heartbeat job=r4_spin_engine t=2026-08-13T06:22:19-04:00 elapsed_s=1320.2 rate=0.5499/s done=0.8432 eta=2026-08-13T06:26:24-04:00 m=18 col=29 states=22619537
event=heartbeat job=r4_spin_engine t=2026-08-13T06:23:08-04:00 elapsed_s=1369.9 rate=0.5314/s done=0.8455 eta=2026-08-13T06:27:18-04:00 m=18 col=31 states=22619537
event=heartbeat job=r4_spin_engine t=2026-08-13T06:23:58-04:00 elapsed_s=1419.6 rate=0.5142/s done=0.8479 eta=2026-08-13T06:28:12-04:00 m=18 col=33 states=22619537
event=heartbeat job=r4_spin_engine t=2026-08-13T06:24:48-04:00 elapsed_s=1469.3 rate=0.4982/s done=0.8502 eta=2026-08-13T06:29:06-04:00 m=18 col=35 states=22619537
event=heartbeat job=r4_spin_engine t=2026-08-13T06:25:37-04:00 elapsed_s=1519.0 rate=0.4832/s done=0.8525 eta=2026-08-13T06:29:59-04:00 m=18 col=37 states=22619537
event=heartbeat job=r4_spin_engine t=2026-08-13T06:26:27-04:00 elapsed_s=1568.7 rate=0.4692/s done=0.8548 eta=2026-08-13T06:30:53-04:00 m=18 col=39 states=22619537
event=heartbeat job=r4_spin_engine t=2026-08-13T06:27:17-04:00 elapsed_s=1618.4 rate=0.456/s done=0.8571 eta=2026-08-13T06:31:46-04:00 m=18 col=41 states=22619537
event=heartbeat job=r4_spin_engine t=2026-08-13T06:27:17-04:00 elapsed_s=1618.4 rate=0.456/s done=0.8571 eta=2026-08-13T06:31:46-04:00 m_done=18 states=22619537 wall_s=996.406689 peak_rss_mb=518.417969
event=heartbeat job=r4_spin_engine t=2026-08-13T06:28:29-04:00 elapsed_s=1690.5 rate=0.4377/s done=0.8595 eta=2026-08-13T06:33:05-04:00 m=19 col=2 states=54608393
event=heartbeat job=r4_spin_engine t=2026-08-13T06:29:32-04:00 elapsed_s=1753.7 rate=0.4225/s done=0.8606 eta=2026-08-13T06:34:15-04:00 m=19 col=3 states=54608393
event=heartbeat job=r4_spin_engine t=2026-08-13T06:30:36-04:00 elapsed_s=1817.8 rate=0.4082/s done=0.8618 eta=2026-08-13T06:35:27-04:00 m=19 col=4 states=54608393
event=heartbeat job=r4_spin_engine t=2026-08-13T06:31:40-04:00 elapsed_s=1881.9 rate=0.3948/s done=0.8630 eta=2026-08-13T06:36:38-04:00 m=19 col=5 states=54608393
event=heartbeat job=r4_spin_engine t=2026-08-13T06:32:44-04:00 elapsed_s=1946.0 rate=0.3823/s done=0.8641 eta=2026-08-13T06:37:50-04:00 m=19 col=6 states=54608393
event=heartbeat job=r4_spin_engine t=2026-08-13T06:33:49-04:00 elapsed_s=2010.1 rate=0.3706/s done=0.8653 eta=2026-08-13T06:39:01-04:00 m=19 col=7 states=54608393
event=heartbeat job=r4_spin_engine t=2026-08-13T06:34:53-04:00 elapsed_s=2074.3 rate=0.3596/s done=0.8664 eta=2026-08-13T06:40:12-04:00 m=19 col=8 states=54608393
event=heartbeat job=r4_spin_engine t=2026-08-13T06:35:57-04:00 elapsed_s=2138.4 rate=0.3493/s done=0.8676 eta=2026-08-13T06:41:23-04:00 m=19 col=9 states=54608393
event=heartbeat job=r4_spin_engine t=2026-08-13T06:37:01-04:00 elapsed_s=2202.5 rate=0.3396/s done=0.8688 eta=2026-08-13T06:42:33-04:00 m=19 col=10 states=54608393
event=heartbeat job=r4_spin_engine t=2026-08-13T06:38:05-04:00 elapsed_s=2266.6 rate=0.3304/s done=0.8699 eta=2026-08-13T06:43:43-04:00 m=19 col=11 states=54608393
event=heartbeat job=r4_spin_engine t=2026-08-13T06:39:09-04:00 elapsed_s=2330.7 rate=0.3218/s done=0.8711 eta=2026-08-13T06:44:53-04:00 m=19 col=12 states=54608393
event=heartbeat job=r4_spin_engine t=2026-08-13T06:40:13-04:00 elapsed_s=2394.9 rate=0.3136/s done=0.8722 eta=2026-08-13T06:46:03-04:00 m=19 col=13 states=54608393
event=heartbeat job=r4_spin_engine t=2026-08-13T06:41:17-04:00 elapsed_s=2459.1 rate=0.3058/s done=0.8734 eta=2026-08-13T06:47:13-04:00 m=19 col=14 states=54608393
event=heartbeat job=r4_spin_engine t=2026-08-13T06:42:22-04:00 elapsed_s=2523.2 rate=0.2984/s done=0.8746 eta=2026-08-13T06:48:23-04:00 m=19 col=15 states=54608393
event=heartbeat job=r4_spin_engine t=2026-08-13T06:43:26-04:00 elapsed_s=2587.4 rate=0.2914/s done=0.8757 eta=2026-08-13T06:49:33-04:00 m=19 col=16 states=54608393
event=heartbeat job=r4_spin_engine t=2026-08-13T06:44:30-04:00 elapsed_s=2651.5 rate=0.2847/s done=0.8769 eta=2026-08-13T06:50:42-04:00 m=19 col=17 states=54608393
event=heartbeat job=r4_spin_engine t=2026-08-13T06:45:34-04:00 elapsed_s=2715.6 rate=0.2784/s done=0.8780 eta=2026-08-13T06:51:51-04:00 m=19 col=18 states=54608393
event=heartbeat job=r4_spin_engine t=2026-08-13T06:46:38-04:00 elapsed_s=2779.8 rate=0.2723/s done=0.8792 eta=2026-08-13T06:52:59-04:00 m=19 col=19 states=54608393
event=heartbeat job=r4_spin_engine t=2026-08-13T06:47:42-04:00 elapsed_s=2843.9 rate=0.2665/s done=0.8804 eta=2026-08-13T06:54:08-04:00 m=19 col=20 states=54608393
event=heartbeat job=r4_spin_engine t=2026-08-13T06:48:46-04:00 elapsed_s=2908.0 rate=0.261/s done=0.8815 eta=2026-08-13T06:55:16-04:00 m=19 col=21 states=54608393
event=heartbeat job=r4_spin_engine t=2026-08-13T06:49:50-04:00 elapsed_s=2972.1 rate=0.2557/s done=0.8827 eta=2026-08-13T06:56:24-04:00 m=19 col=22 states=54608393
event=heartbeat job=r4_spin_engine t=2026-08-13T06:50:55-04:00 elapsed_s=3036.3 rate=0.2506/s done=0.8839 eta=2026-08-13T06:57:33-04:00 m=19 col=23 states=54608393
event=heartbeat job=r4_spin_engine t=2026-08-13T06:51:59-04:00 elapsed_s=3100.4 rate=0.2458/s done=0.8850 eta=2026-08-13T06:58:41-04:00 m=19 col=24 states=54608393
event=heartbeat job=r4_spin_engine t=2026-08-13T06:53:03-04:00 elapsed_s=3164.5 rate=0.2411/s done=0.8862 eta=2026-08-13T06:59:49-04:00 m=19 col=25 states=54608393
event=heartbeat job=r4_spin_engine t=2026-08-13T06:54:07-04:00 elapsed_s=3228.6 rate=0.2366/s done=0.8873 eta=2026-08-13T07:00:56-04:00 m=19 col=26 states=54608393
event=heartbeat job=r4_spin_engine t=2026-08-13T06:55:11-04:00 elapsed_s=3292.8 rate=0.2323/s done=0.8885 eta=2026-08-13T07:02:04-04:00 m=19 col=27 states=54608393
event=heartbeat job=r4_spin_engine t=2026-08-13T06:56:15-04:00 elapsed_s=3356.9 rate=0.2282/s done=0.8897 eta=2026-08-13T07:03:11-04:00 m=19 col=28 states=54608393
event=heartbeat job=r4_spin_engine t=2026-08-13T06:57:19-04:00 elapsed_s=3421.0 rate=0.2242/s done=0.8908 eta=2026-08-13T07:04:18-04:00 m=19 col=29 states=54608393
event=heartbeat job=r4_spin_engine t=2026-08-13T06:58:23-04:00 elapsed_s=3485.1 rate=0.2204/s done=0.8920 eta=2026-08-13T07:05:25-04:00 m=19 col=30 states=54608393
event=heartbeat job=r4_spin_engine t=2026-08-13T06:59:28-04:00 elapsed_s=3549.2 rate=0.2167/s done=0.8931 eta=2026-08-13T07:06:32-04:00 m=19 col=31 states=54608393
event=heartbeat job=r4_spin_engine t=2026-08-13T07:00:32-04:00 elapsed_s=3613.3 rate=0.2131/s done=0.8943 eta=2026-08-13T07:07:39-04:00 m=19 col=32 states=54608393
event=heartbeat job=r4_spin_engine t=2026-08-13T07:01:36-04:00 elapsed_s=3677.5 rate=0.2097/s done=0.8955 eta=2026-08-13T07:08:45-04:00 m=19 col=33 states=54608393
event=heartbeat job=r4_spin_engine t=2026-08-13T07:02:40-04:00 elapsed_s=3741.6 rate=0.2063/s done=0.8966 eta=2026-08-13T07:09:51-04:00 m=19 col=34 states=54608393
event=heartbeat job=r4_spin_engine t=2026-08-13T07:03:44-04:00 elapsed_s=3805.7 rate=0.2031/s done=0.8978 eta=2026-08-13T07:10:57-04:00 m=19 col=35 states=54608393
event=heartbeat job=r4_spin_engine t=2026-08-13T07:04:48-04:00 elapsed_s=3869.8 rate=0.2/s done=0.8990 eta=2026-08-13T07:12:02-04:00 m=19 col=36 states=54608393
event=heartbeat job=r4_spin_engine t=2026-08-13T07:05:52-04:00 elapsed_s=3933.9 rate=0.197/s done=0.9001 eta=2026-08-13T07:13:08-04:00 m=19 col=37 states=54608393
event=heartbeat job=r4_spin_engine t=2026-08-13T07:06:56-04:00 elapsed_s=3998.1 rate=0.1941/s done=0.9013 eta=2026-08-13T07:14:13-04:00 m=19 col=38 states=54608393
event=heartbeat job=r4_spin_engine t=2026-08-13T07:08:01-04:00 elapsed_s=4062.2 rate=0.1913/s done=0.9024 eta=2026-08-13T07:15:20-04:00 m=19 col=39 states=54608393
event=heartbeat job=r4_spin_engine t=2026-08-13T07:09:05-04:00 elapsed_s=4126.3 rate=0.1885/s done=0.9036 eta=2026-08-13T07:16:25-04:00 m=19 col=40 states=54608393
event=heartbeat job=r4_spin_engine t=2026-08-13T07:10:09-04:00 elapsed_s=4190.4 rate=0.1859/s done=0.9048 eta=2026-08-13T07:17:30-04:00 m=19 col=41 states=54608393
event=heartbeat job=r4_spin_engine t=2026-08-13T07:10:09-04:00 elapsed_s=4190.4 rate=0.1859/s done=0.9048 eta=2026-08-13T07:17:30-04:00 m_done=19 states=54608393 wall_s=2570.672110 peak_rss_mb=1250.113281
event=heartbeat job=r4_spin_engine t=2026-08-13T07:13:18-04:00 elapsed_s=4380.0 rate=0.1783/s done=0.9071 eta=2026-08-13T07:20:46-04:00 m=20 col=2 states=131836323
event=heartbeat job=r4_spin_engine t=2026-08-13T07:16:06-04:00 elapsed_s=4547.6 rate=0.172/s done=0.9082 eta=2026-08-13T07:23:45-04:00 m=20 col=3 states=131836323
event=heartbeat job=r4_spin_engine t=2026-08-13T07:18:56-04:00 elapsed_s=4717.1 rate=0.166/s done=0.9094 eta=2026-08-13T07:26:45-04:00 m=20 col=4 states=131836323
event=heartbeat job=r4_spin_engine t=2026-08-13T07:21:45-04:00 elapsed_s=4886.5 rate=0.1604/s done=0.9106 eta=2026-08-13T07:29:44-04:00 m=20 col=5 states=131836323
event=heartbeat job=r4_spin_engine t=2026-08-13T07:24:34-04:00 elapsed_s=5055.9 rate=0.1553/s done=0.9117 eta=2026-08-13T07:32:43-04:00 m=20 col=6 states=131836323
event=heartbeat job=r4_spin_engine t=2026-08-13T07:27:24-04:00 elapsed_s=5225.3 rate=0.1504/s done=0.9129 eta=2026-08-13T07:35:42-04:00 m=20 col=7 states=131836323
event=heartbeat job=r4_spin_engine t=2026-08-13T07:30:13-04:00 elapsed_s=5394.6 rate=0.1459/s done=0.9141 eta=2026-08-13T07:38:40-04:00 m=20 col=8 states=131836323
event=heartbeat job=r4_spin_engine t=2026-08-13T07:33:02-04:00 elapsed_s=5564.1 rate=0.1416/s done=0.9152 eta=2026-08-13T07:41:37-04:00 m=20 col=9 states=131836323
event=heartbeat job=r4_spin_engine t=2026-08-13T07:35:52-04:00 elapsed_s=5733.5 rate=0.1376/s done=0.9164 eta=2026-08-13T07:44:35-04:00 m=20 col=10 states=131836323
event=heartbeat job=r4_spin_engine t=2026-08-13T07:38:41-04:00 elapsed_s=5903.0 rate=0.1338/s done=0.9175 eta=2026-08-13T07:47:31-04:00 m=20 col=11 states=131836323
event=heartbeat job=r4_spin_engine t=2026-08-13T07:41:31-04:00 elapsed_s=6072.4 rate=0.1303/s done=0.9187 eta=2026-08-13T07:50:28-04:00 m=20 col=12 states=131836323
event=heartbeat job=r4_spin_engine t=2026-08-13T07:44:20-04:00 elapsed_s=6242.0 rate=0.1269/s done=0.9199 eta=2026-08-13T07:53:23-04:00 m=20 col=13 states=131836323
event=heartbeat job=r4_spin_engine t=2026-08-13T07:47:10-04:00 elapsed_s=6411.6 rate=0.1237/s done=0.9210 eta=2026-08-13T07:56:19-04:00 m=20 col=14 states=131836323
event=heartbeat job=r4_spin_engine t=2026-08-13T07:49:59-04:00 elapsed_s=6581.1 rate=0.1206/s done=0.9222 eta=2026-08-13T07:59:14-04:00 m=20 col=15 states=131836323
event=heartbeat job=r4_spin_engine t=2026-08-13T07:52:49-04:00 elapsed_s=6750.7 rate=0.1178/s done=0.9233 eta=2026-08-13T08:02:09-04:00 m=20 col=16 states=131836323
event=heartbeat job=r4_spin_engine t=2026-08-13T07:55:39-04:00 elapsed_s=6920.2 rate=0.115/s done=0.9245 eta=2026-08-13T08:05:04-04:00 m=20 col=17 states=131836323
event=heartbeat job=r4_spin_engine t=2026-08-13T07:58:28-04:00 elapsed_s=7089.8 rate=0.1124/s done=0.9257 eta=2026-08-13T08:07:57-04:00 m=20 col=18 states=131836323
event=heartbeat job=r4_spin_engine t=2026-08-13T08:01:18-04:00 elapsed_s=7259.4 rate=0.1099/s done=0.9268 eta=2026-08-13T08:10:51-04:00 m=20 col=19 states=131836323
event=heartbeat job=r4_spin_engine t=2026-08-13T08:04:07-04:00 elapsed_s=7429.0 rate=0.1076/s done=0.9280 eta=2026-08-13T08:13:43-04:00 m=20 col=20 states=131836323
event=heartbeat job=r4_spin_engine t=2026-08-13T08:06:57-04:00 elapsed_s=7598.5 rate=0.1053/s done=0.9292 eta=2026-08-13T08:16:36-04:00 m=20 col=21 states=131836323
event=heartbeat job=r4_spin_engine t=2026-08-13T08:09:46-04:00 elapsed_s=7768.0 rate=0.1031/s done=0.9303 eta=2026-08-13T08:19:27-04:00 m=20 col=22 states=131836323
event=heartbeat job=r4_spin_engine t=2026-08-13T08:12:36-04:00 elapsed_s=7937.4 rate=0.101/s done=0.9315 eta=2026-08-13T08:22:19-04:00 m=20 col=23 states=131836323
event=heartbeat job=r4_spin_engine t=2026-08-13T08:15:25-04:00 elapsed_s=8106.8 rate=0.09905/s done=0.9326 eta=2026-08-13T08:25:10-04:00 m=20 col=24 states=131836323
event=heartbeat job=r4_spin_engine t=2026-08-13T08:18:15-04:00 elapsed_s=8276.3 rate=0.09715/s done=0.9338 eta=2026-08-13T08:28:01-04:00 m=20 col=25 states=131836323
event=heartbeat job=r4_spin_engine t=2026-08-13T08:21:05-04:00 elapsed_s=8446.3 rate=0.09531/s done=0.9350 eta=2026-08-13T08:30:52-04:00 m=20 col=26 states=131836323
event=heartbeat job=r4_spin_engine t=2026-08-13T08:23:54-04:00 elapsed_s=8616.0 rate=0.09355/s done=0.9361 eta=2026-08-13T08:33:41-04:00 m=20 col=27 states=131836323
event=heartbeat job=r4_spin_engine t=2026-08-13T08:26:44-04:00 elapsed_s=8785.5 rate=0.09186/s done=0.9373 eta=2026-08-13T08:36:31-04:00 m=20 col=28 states=131836323
event=heartbeat job=r4_spin_engine t=2026-08-13T08:29:33-04:00 elapsed_s=8955.0 rate=0.09023/s done=0.9384 eta=2026-08-13T08:39:20-04:00 m=20 col=29 states=131836323
event=heartbeat job=r4_spin_engine t=2026-08-13T08:32:23-04:00 elapsed_s=9124.5 rate=0.08866/s done=0.9396 eta=2026-08-13T08:42:09-04:00 m=20 col=30 states=131836323
event=heartbeat job=r4_spin_engine t=2026-08-13T08:35:12-04:00 elapsed_s=9294.1 rate=0.08715/s done=0.9408 eta=2026-08-13T08:44:57-04:00 m=20 col=31 states=131836323
event=heartbeat job=r4_spin_engine t=2026-08-13T08:38:02-04:00 elapsed_s=9463.6 rate=0.0857/s done=0.9419 eta=2026-08-13T08:47:45-04:00 m=20 col=32 states=131836323
event=heartbeat job=r4_spin_engine t=2026-08-13T08:40:51-04:00 elapsed_s=9633.1 rate=0.08429/s done=0.9431 eta=2026-08-13T08:50:32-04:00 m=20 col=33 states=131836323
event=heartbeat job=r4_spin_engine t=2026-08-13T08:43:41-04:00 elapsed_s=9802.8 rate=0.08294/s done=0.9443 eta=2026-08-13T08:53:19-04:00 m=20 col=34 states=131836323
event=heartbeat job=r4_spin_engine t=2026-08-13T08:46:31-04:00 elapsed_s=9972.1 rate=0.08163/s done=0.9454 eta=2026-08-13T08:56:06-04:00 m=20 col=35 states=131836323
event=heartbeat job=r4_spin_engine t=2026-08-13T08:49:20-04:00 elapsed_s=10141.5 rate=0.08036/s done=0.9466 eta=2026-08-13T08:58:52-04:00 m=20 col=36 states=131836323
event=heartbeat job=r4_spin_engine t=2026-08-13T08:52:09-04:00 elapsed_s=10310.9 rate=0.07914/s done=0.9477 eta=2026-08-13T09:01:37-04:00 m=20 col=37 states=131836323
event=heartbeat job=r4_spin_engine t=2026-08-13T08:54:59-04:00 elapsed_s=10480.4 rate=0.07796/s done=0.9489 eta=2026-08-13T09:04:23-04:00 m=20 col=38 states=131836323
event=heartbeat job=r4_spin_engine t=2026-08-13T08:57:48-04:00 elapsed_s=10649.8 rate=0.07681/s done=0.9501 eta=2026-08-13T09:07:07-04:00 m=20 col=39 states=131836323
event=heartbeat job=r4_spin_engine t=2026-08-13T09:00:38-04:00 elapsed_s=10819.3 rate=0.0757/s done=0.9512 eta=2026-08-13T09:09:52-04:00 m=20 col=40 states=131836323
event=heartbeat job=r4_spin_engine t=2026-08-13T09:03:27-04:00 elapsed_s=10988.7 rate=0.07462/s done=0.9524 eta=2026-08-13T09:12:36-04:00 m=20 col=41 states=131836323
event=heartbeat job=r4_spin_engine t=2026-08-13T09:03:27-04:00 elapsed_s=10988.7 rate=0.07462/s done=0.9524 eta=2026-08-13T09:12:36-04:00 m_done=20 states=131836323 wall_s=6794.864859 peak_rss_mb=3017.613281
event=heartbeat job=r4_spin_engine t=2026-08-13T09:04:26-04:00 elapsed_s=11047.8 rate=0.07431/s done=0.9535 eta=2026-08-13T09:13:24-04:00 m=21 col=1 states=318281039
event=heartbeat job=r4_spin_engine t=2026-08-13T09:11:36-04:00 elapsed_s=11477.4 rate=0.07162/s done=0.9547 eta=2026-08-13T09:20:40-04:00 m=21 col=2 states=318281039
event=heartbeat job=r4_spin_engine t=2026-08-13T09:18:50-04:00 elapsed_s=11911.5 rate=0.06909/s done=0.9559 eta=2026-08-13T09:27:59-04:00 m=21 col=3 states=318281039
event=heartbeat job=r4_spin_engine t=2026-08-13T09:26:08-04:00 elapsed_s=12349.8 rate=0.06672/s done=0.9570 eta=2026-08-13T09:35:22-04:00 m=21 col=4 states=318281039
event=heartbeat job=r4_spin_engine t=2026-08-13T09:33:26-04:00 elapsed_s=12788.0 rate=0.06451/s done=0.9582 eta=2026-08-13T09:42:44-04:00 m=21 col=5 states=318281039
event=heartbeat job=r4_spin_engine t=2026-08-13T09:40:45-04:00 elapsed_s=13226.3 rate=0.06245/s done=0.9593 eta=2026-08-13T09:50:05-04:00 m=21 col=6 states=318281039
event=heartbeat job=r4_spin_engine t=2026-08-13T09:48:03-04:00 elapsed_s=13664.4 rate=0.06052/s done=0.9605 eta=2026-08-13T09:57:24-04:00 m=21 col=7 states=318281039
event=heartbeat job=r4_spin_engine t=2026-08-13T09:55:21-04:00 elapsed_s=14102.7 rate=0.05871/s done=0.9617 eta=2026-08-13T10:04:43-04:00 m=21 col=8 states=318281039
event=heartbeat job=r4_spin_engine t=2026-08-13T10:02:39-04:00 elapsed_s=14541.1 rate=0.05701/s done=0.9628 eta=2026-08-13T10:12:00-04:00 m=21 col=9 states=318281039
event=heartbeat job=r4_spin_engine t=2026-08-13T10:09:58-04:00 elapsed_s=14979.5 rate=0.05541/s done=0.9640 eta=2026-08-13T10:19:17-04:00 m=21 col=10 states=318281039
event=heartbeat job=r4_spin_engine t=2026-08-13T10:17:16-04:00 elapsed_s=15417.6 rate=0.0539/s done=0.9652 eta=2026-08-13T10:26:32-04:00 m=21 col=11 states=318281039
event=heartbeat job=r4_spin_engine t=2026-08-13T10:24:34-04:00 elapsed_s=15855.8 rate=0.05247/s done=0.9663 eta=2026-08-13T10:33:46-04:00 m=21 col=12 states=318281039
event=heartbeat job=r4_spin_engine t=2026-08-13T10:31:52-04:00 elapsed_s=16294.0 rate=0.05112/s done=0.9675 eta=2026-08-13T10:40:59-04:00 m=21 col=13 states=318281039
event=heartbeat job=r4_spin_engine t=2026-08-13T10:39:11-04:00 elapsed_s=16732.3 rate=0.04984/s done=0.9686 eta=2026-08-13T10:48:12-04:00 m=21 col=14 states=318281039
event=heartbeat job=r4_spin_engine t=2026-08-13T10:46:29-04:00 elapsed_s=17170.4 rate=0.04863/s done=0.9698 eta=2026-08-13T10:55:23-04:00 m=21 col=15 states=318281039
event=heartbeat job=r4_spin_engine t=2026-08-13T10:53:47-04:00 elapsed_s=17608.8 rate=0.04748/s done=0.9710 eta=2026-08-13T11:02:33-04:00 m=21 col=16 states=318281039
event=heartbeat job=r4_spin_engine t=2026-08-13T11:01:05-04:00 elapsed_s=18047.1 rate=0.04638/s done=0.9721 eta=2026-08-13T11:09:42-04:00 m=21 col=17 states=318281039
event=heartbeat job=r4_spin_engine t=2026-08-13T11:08:24-04:00 elapsed_s=18485.2 rate=0.04533/s done=0.9733 eta=2026-08-13T11:16:51-04:00 m=21 col=18 states=318281039
event=heartbeat job=r4_spin_engine t=2026-08-13T11:15:42-04:00 elapsed_s=18923.4 rate=0.04434/s done=0.9744 eta=2026-08-13T11:23:58-04:00 m=21 col=19 states=318281039
event=heartbeat job=r4_spin_engine t=2026-08-13T11:23:00-04:00 elapsed_s=19361.7 rate=0.04338/s done=0.9756 eta=2026-08-13T11:31:04-04:00 m=21 col=20 states=318281039
event=heartbeat job=r4_spin_engine t=2026-08-13T11:30:19-04:00 elapsed_s=19800.2 rate=0.04247/s done=0.9768 eta=2026-08-13T11:38:09-04:00 m=21 col=21 states=318281039
event=heartbeat job=r4_spin_engine t=2026-08-13T11:37:37-04:00 elapsed_s=20238.6 rate=0.0416/s done=0.9779 eta=2026-08-13T11:45:13-04:00 m=21 col=22 states=318281039
event=heartbeat job=r4_spin_engine t=2026-08-13T11:44:55-04:00 elapsed_s=20676.8 rate=0.04077/s done=0.9791 eta=2026-08-13T11:52:16-04:00 m=21 col=23 states=318281039
event=heartbeat job=r4_spin_engine t=2026-08-13T11:52:13-04:00 elapsed_s=21115.1 rate=0.03997/s done=0.9803 eta=2026-08-13T11:59:18-04:00 m=21 col=24 states=318281039
event=heartbeat job=r4_spin_engine t=2026-08-13T11:59:32-04:00 elapsed_s=21553.4 rate=0.03921/s done=0.9814 eta=2026-08-13T12:06:20-04:00 m=21 col=25 states=318281039
event=heartbeat job=r4_spin_engine t=2026-08-13T12:06:50-04:00 elapsed_s=21991.9 rate=0.03847/s done=0.9826 eta=2026-08-13T12:13:19-04:00 m=21 col=26 states=318281039
event=heartbeat job=r4_spin_engine t=2026-08-13T12:14:09-04:00 elapsed_s=22430.3 rate=0.03776/s done=0.9837 eta=2026-08-13T12:20:19-04:00 m=21 col=27 states=318281039
event=heartbeat job=r4_spin_engine t=2026-08-13T12:21:27-04:00 elapsed_s=22868.9 rate=0.03708/s done=0.9849 eta=2026-08-13T12:27:17-04:00 m=21 col=28 states=318281039
event=heartbeat job=r4_spin_engine t=2026-08-13T12:28:46-04:00 elapsed_s=23307.3 rate=0.03643/s done=0.9861 eta=2026-08-13T12:34:15-04:00 m=21 col=29 states=318281039
event=heartbeat job=r4_spin_engine t=2026-08-13T12:36:04-04:00 elapsed_s=23745.6 rate=0.0358/s done=0.9872 eta=2026-08-13T12:41:11-04:00 m=21 col=30 states=318281039
event=heartbeat job=r4_spin_engine t=2026-08-13T12:43:22-04:00 elapsed_s=24183.8 rate=0.03519/s done=0.9884 eta=2026-08-13T12:48:06-04:00 m=21 col=31 states=318281039
event=heartbeat job=r4_spin_engine t=2026-08-13T12:50:41-04:00 elapsed_s=24622.2 rate=0.0346/s done=0.9895 eta=2026-08-13T12:55:01-04:00 m=21 col=32 states=318281039
event=heartbeat job=r4_spin_engine t=2026-08-13T12:57:59-04:00 elapsed_s=25060.7 rate=0.03404/s done=0.9907 eta=2026-08-13T13:01:54-04:00 m=21 col=33 states=318281039
event=heartbeat job=r4_spin_engine t=2026-08-13T13:05:17-04:00 elapsed_s=25498.9 rate=0.03349/s done=0.9919 eta=2026-08-13T13:08:46-04:00 m=21 col=34 states=318281039
event=heartbeat job=r4_spin_engine t=2026-08-13T13:12:35-04:00 elapsed_s=25937.1 rate=0.03296/s done=0.9930 eta=2026-08-13T13:15:37-04:00 m=21 col=35 states=318281039
event=heartbeat job=r4_spin_engine t=2026-08-13T13:19:54-04:00 elapsed_s=26375.4 rate=0.03245/s done=0.9942 eta=2026-08-13T13:22:28-04:00 m=21 col=36 states=318281039
event=heartbeat job=r4_spin_engine t=2026-08-13T13:27:12-04:00 elapsed_s=26813.8 rate=0.03196/s done=0.9954 eta=2026-08-13T13:29:17-04:00 m=21 col=37 states=318281039
event=heartbeat job=r4_spin_engine t=2026-08-13T13:34:30-04:00 elapsed_s=27252.1 rate=0.03148/s done=0.9965 eta=2026-08-13T13:36:05-04:00 m=21 col=38 states=318281039
event=heartbeat job=r4_spin_engine t=2026-08-13T13:41:49-04:00 elapsed_s=27690.3 rate=0.03102/s done=0.9977 eta=2026-08-13T13:42:53-04:00 m=21 col=39 states=318281039
event=heartbeat job=r4_spin_engine t=2026-08-13T13:49:07-04:00 elapsed_s=28128.6 rate=0.03057/s done=0.9988 eta=2026-08-13T13:49:39-04:00 m=21 col=40 states=318281039
event=heartbeat job=r4_spin_engine t=2026-08-13T13:56:25-04:00 elapsed_s=28566.9 rate=0.03014/s done=1.0000 m=21 col=41 states=318281039
event=heartbeat job=r4_spin_engine t=2026-08-13T13:56:25-04:00 elapsed_s=28567.0 rate=0.03014/s done=1.0000 m_done=21 states=318281039 wall_s=17569.694388 peak_rss_mb=7284.523438
event=harvest job=r4_spin_engine out=results/r4/spin_m21.txt sha256=441a99084cf3c2cafaac8324f86f7089705e6075349996431ca9ed1b5180b4c6 cells=840
oracle=/home/jasonp/src/polyominoes/results/cutcount_b1/rows compared=640 mismatch=0 compared_hlen=520 mismatch_hlen=0 mutant=none inject=no structural_checks=1680 structural_failures=0 sha256=441a99084cf3c2cafaac8324f86f7089705e6075349996431ca9ed1b5180b4c6
event=done job=r4_spin_engine t=2026-08-13T13:56:25-04:00 start=2026-08-13T06:00:18-04:00 wall_s=28567.0 cpu_s=28551.1 peak_rss_mb=7284.5 compared=640 mismatch=0 mismatch_hlen=0 mutant=none sha256=441a99084cf3c2cafaac8324f86f7089705e6075349996431ca9ed1b5180b4c6
	Command being timed: "build/r4_spin_engine --m 1..21 --cols 41 --nmax 40 --mod 4 --dense-rank --threads 1 --verify-rank 1 --oracle /home/jasonp/src/polyominoes/results/cutcount_b1/rows --out results/r4/spin_m21.txt --report-rss"
	User time (seconds): 28550.70
	System time (seconds): 0.43
	Percent of CPU this job got: 99%
	Elapsed (wall clock) time (h:mm:ss or m:ss): 7:56:06
	Average shared text size (kbytes): 0
	Average unshared data size (kbytes): 0
	Average stack size (kbytes): 0
	Average total size (kbytes): 0
	Maximum resident set size (kbytes): 7459352
	Average resident set size (kbytes): 0
	Major (requiring I/O) page faults: 0
	Minor (reclaiming a frame) page faults: 26224
	Voluntary context switches: 14
	Involuntary context switches: 359863
	Swaps: 0
	File system inputs: 0
	File system outputs: 1360
	Socket messages sent: 0
	Socket messages received: 0
	Signals delivered: 0
	Page size (bytes): 4096
	Exit status: 0
EXIT=0
