event=start job=r4_spin_engine t=2026-08-13T06:00:22-04:00 git=unknown built=unknown host=ayr total=861 m=1..21 cols=41 nmax=40 mutant=none threads=1 inject=no
event=heartbeat job=r4_spin_engine t=2026-08-13T06:00:22-04:00 elapsed_s=0.0 rate=2.672e+05/s done=0.0476 eta=2026-08-13T06:00:22-04:00 m_done=1 states=7 wall_s=0.000035 peak_rss_mb=1.847656
event=heartbeat job=r4_spin_engine t=2026-08-13T06:00:22-04:00 elapsed_s=0.0 rate=2.82e+05/s done=0.0952 eta=2026-08-13T06:00:22-04:00 m_done=2 states=17 wall_s=0.000109 peak_rss_mb=1.847656
event=heartbeat job=r4_spin_engine t=2026-08-13T06:00:22-04:00 elapsed_s=0.0 rate=1.753e+05/s done=0.1429 eta=2026-08-13T06:00:22-04:00 m_done=3 states=41 wall_s=0.000385 peak_rss_mb=1.847656
event=heartbeat job=r4_spin_engine t=2026-08-13T06:00:22-04:00 elapsed_s=0.0 rate=8.291e+04/s done=0.1905 eta=2026-08-13T06:00:22-04:00 m_done=4 states=99 wall_s=0.001246 peak_rss_mb=1.847656
event=heartbeat job=r4_spin_engine t=2026-08-13T06:00:22-04:00 elapsed_s=0.0 rate=3.557e+04/s done=0.2381 eta=2026-08-13T06:00:22-04:00 m_done=5 states=239 wall_s=0.003748 peak_rss_mb=1.847656
event=heartbeat job=r4_spin_engine t=2026-08-13T06:00:22-04:00 elapsed_s=0.0 rate=1.942e+04/s done=0.2857 eta=2026-08-13T06:00:22-04:00 m_done=6 states=577 wall_s=0.006860 peak_rss_mb=1.847656
event=heartbeat job=r4_spin_engine t=2026-08-13T06:00:22-04:00 elapsed_s=0.0 rate=1.023e+04/s done=0.3333 eta=2026-08-13T06:00:22-04:00 m_done=7 states=1393 wall_s=0.015361 peak_rss_mb=1.847656
event=heartbeat job=r4_spin_engine t=2026-08-13T06:00:22-04:00 elapsed_s=0.1 rate=4646/s done=0.3810 eta=2026-08-13T06:00:22-04:00 m_done=8 states=3363 wall_s=0.042454 peak_rss_mb=3.023438
event=heartbeat job=r4_spin_engine t=2026-08-13T06:00:22-04:00 elapsed_s=0.2 rate=1972/s done=0.4286 eta=2026-08-13T06:00:22-04:00 m_done=9 states=8119 wall_s=0.116401 peak_rss_mb=3.070312
event=heartbeat job=r4_spin_engine t=2026-08-13T06:00:22-04:00 elapsed_s=0.5 rate=809.2/s done=0.4762 eta=2026-08-13T06:00:22-04:00 m_done=10 states=19601 wall_s=0.319178 peak_rss_mb=3.324219
event=heartbeat job=r4_spin_engine t=2026-08-13T06:00:23-04:00 elapsed_s=1.4 rate=325.1/s done=0.5238 eta=2026-08-13T06:00:24-04:00 m_done=11 states=47321 wall_s=0.879563 peak_rss_mb=3.867188
event=heartbeat job=r4_spin_engine t=2026-08-13T06:00:25-04:00 elapsed_s=3.7 rate=131.8/s done=0.5714 eta=2026-08-13T06:00:27-04:00 m_done=12 states=114243 wall_s=2.343384 peak_rss_mb=5.753906
event=heartbeat job=r4_spin_engine t=2026-08-13T06:00:32-04:00 elapsed_s=10.0 rate=53.1/s done=0.6190 eta=2026-08-13T06:00:38-04:00 m_done=13 states=275807 wall_s=6.299386 peak_rss_mb=9.449219
event=heartbeat job=r4_spin_engine t=2026-08-13T06:00:49-04:00 elapsed_s=27.2 rate=21.12/s done=0.6667 eta=2026-08-13T06:01:02-04:00 m_done=14 states=665857 wall_s=17.126673 peak_rss_mb=18.308594
event=heartbeat job=r4_spin_engine t=2026-08-13T06:01:34-04:00 elapsed_s=72.8 rate=8.432/s done=0.7131 eta=2026-08-13T06:02:03-04:00 m=15 col=40 states=1607521
event=heartbeat job=r4_spin_engine t=2026-08-13T06:01:36-04:00 elapsed_s=74.0 rate=8.312/s done=0.7143 eta=2026-08-13T06:02:05-04:00 m_done=15 states=1607521 wall_s=46.780448 peak_rss_mb=39.925781
event=heartbeat job=r4_spin_engine t=2026-08-13T06:02:22-04:00 elapsed_s=120.8 rate=5.222/s done=0.7329 eta=2026-08-13T06:03:06-04:00 m=16 col=16 states=3880899
event=heartbeat job=r4_spin_engine t=2026-08-13T06:03:09-04:00 elapsed_s=167.5 rate=3.857/s done=0.7503 eta=2026-08-13T06:04:04-04:00 m=16 col=31 states=3880899
event=heartbeat job=r4_spin_engine t=2026-08-13T06:03:40-04:00 elapsed_s=198.6 rate=3.303/s done=0.7619 eta=2026-08-13T06:04:42-04:00 m_done=16 states=3880899 wall_s=124.526965 peak_rss_mb=91.960938
event=heartbeat job=r4_spin_engine t=2026-08-13T06:04:30-04:00 elapsed_s=248.2 rate=2.671/s done=0.7700 eta=2026-08-13T06:05:44-04:00 m=17 col=7 states=9369319
event=heartbeat job=r4_spin_engine t=2026-08-13T06:05:19-04:00 elapsed_s=297.2 rate=2.251/s done=0.7770 eta=2026-08-13T06:06:44-04:00 m=17 col=13 states=9369319
event=heartbeat job=r4_spin_engine t=2026-08-13T06:06:08-04:00 elapsed_s=346.2 rate=1.95/s done=0.7840 eta=2026-08-13T06:07:43-04:00 m=17 col=19 states=9369319
event=heartbeat job=r4_spin_engine t=2026-08-13T06:06:57-04:00 elapsed_s=395.1 rate=1.724/s done=0.7909 eta=2026-08-13T06:08:41-04:00 m=17 col=25 states=9369319
event=heartbeat job=r4_spin_engine t=2026-08-13T06:07:46-04:00 elapsed_s=444.0 rate=1.547/s done=0.7979 eta=2026-08-13T06:09:38-04:00 m=17 col=31 states=9369319
event=heartbeat job=r4_spin_engine t=2026-08-13T06:08:35-04:00 elapsed_s=493.0 rate=1.406/s done=0.8049 eta=2026-08-13T06:10:34-04:00 m=17 col=37 states=9369319
event=heartbeat job=r4_spin_engine t=2026-08-13T06:09:07-04:00 elapsed_s=525.6 rate=1.326/s done=0.8095 eta=2026-08-13T06:11:10-04:00 m_done=17 states=9369319 wall_s=326.801823 peak_rss_mb=217.585938
event=heartbeat job=r4_spin_engine t=2026-08-13T06:10:13-04:00 elapsed_s=591.9 rate=1.184/s done=0.8142 eta=2026-08-13T06:12:28-04:00 m=18 col=4 states=22619537
event=heartbeat job=r4_spin_engine t=2026-08-13T06:11:18-04:00 elapsed_s=656.3 rate=1.073/s done=0.8177 eta=2026-08-13T06:13:44-04:00 m=18 col=7 states=22619537
event=heartbeat job=r4_spin_engine t=2026-08-13T06:12:22-04:00 elapsed_s=720.5 rate=0.9813/s done=0.8211 eta=2026-08-13T06:14:58-04:00 m=18 col=10 states=22619537
event=heartbeat job=r4_spin_engine t=2026-08-13T06:13:26-04:00 elapsed_s=784.8 rate=0.9047/s done=0.8246 eta=2026-08-13T06:16:12-04:00 m=18 col=13 states=22619537
event=heartbeat job=r4_spin_engine t=2026-08-13T06:14:31-04:00 elapsed_s=849.1 rate=0.8397/s done=0.8281 eta=2026-08-13T06:17:27-04:00 m=18 col=16 states=22619537
event=heartbeat job=r4_spin_engine t=2026-08-13T06:15:35-04:00 elapsed_s=913.4 rate=0.7839/s done=0.8316 eta=2026-08-13T06:18:39-04:00 m=18 col=19 states=22619537
event=heartbeat job=r4_spin_engine t=2026-08-13T06:16:39-04:00 elapsed_s=977.7 rate=0.7354/s done=0.8351 eta=2026-08-13T06:19:52-04:00 m=18 col=22 states=22619537
event=heartbeat job=r4_spin_engine t=2026-08-13T06:17:44-04:00 elapsed_s=1042.0 rate=0.6929/s done=0.8386 eta=2026-08-13T06:21:04-04:00 m=18 col=25 states=22619537
event=heartbeat job=r4_spin_engine t=2026-08-13T06:18:48-04:00 elapsed_s=1106.3 rate=0.6553/s done=0.8420 eta=2026-08-13T06:22:15-04:00 m=18 col=28 states=22619537
event=heartbeat job=r4_spin_engine t=2026-08-13T06:19:52-04:00 elapsed_s=1170.7 rate=0.6219/s done=0.8455 eta=2026-08-13T06:23:25-04:00 m=18 col=31 states=22619537
event=heartbeat job=r4_spin_engine t=2026-08-13T06:20:57-04:00 elapsed_s=1235.0 rate=0.5919/s done=0.8490 eta=2026-08-13T06:24:36-04:00 m=18 col=34 states=22619537
event=heartbeat job=r4_spin_engine t=2026-08-13T06:22:01-04:00 elapsed_s=1299.4 rate=0.5649/s done=0.8525 eta=2026-08-13T06:25:45-04:00 m=18 col=37 states=22619537
event=heartbeat job=r4_spin_engine t=2026-08-13T06:23:05-04:00 elapsed_s=1363.8 rate=0.5404/s done=0.8560 eta=2026-08-13T06:26:54-04:00 m=18 col=40 states=22619537
event=heartbeat job=r4_spin_engine t=2026-08-13T06:23:27-04:00 elapsed_s=1385.3 rate=0.5327/s done=0.8571 eta=2026-08-13T06:27:17-04:00 m_done=18 states=22619537 wall_s=859.175978 peak_rss_mb=520.859375
event=heartbeat job=r4_spin_engine t=2026-08-13T06:24:30-04:00 elapsed_s=1448.1 rate=0.511/s done=0.8595 eta=2026-08-13T06:28:26-04:00 m=19 col=2 states=54608393
event=heartbeat job=r4_spin_engine t=2026-08-13T06:25:25-04:00 elapsed_s=1503.2 rate=0.493/s done=0.8606 eta=2026-08-13T06:29:28-04:00 m=19 col=3 states=54608393
event=heartbeat job=r4_spin_engine t=2026-08-13T06:26:21-04:00 elapsed_s=1559.4 rate=0.4758/s done=0.8618 eta=2026-08-13T06:30:31-04:00 m=19 col=4 states=54608393
event=heartbeat job=r4_spin_engine t=2026-08-13T06:27:17-04:00 elapsed_s=1615.5 rate=0.4599/s done=0.8630 eta=2026-08-13T06:31:33-04:00 m=19 col=5 states=54608393
event=heartbeat job=r4_spin_engine t=2026-08-13T06:28:13-04:00 elapsed_s=1671.6 rate=0.4451/s done=0.8641 eta=2026-08-13T06:32:35-04:00 m=19 col=6 states=54608393
event=heartbeat job=r4_spin_engine t=2026-08-13T06:29:09-04:00 elapsed_s=1727.7 rate=0.4312/s done=0.8653 eta=2026-08-13T06:33:38-04:00 m=19 col=7 states=54608393
event=heartbeat job=r4_spin_engine t=2026-08-13T06:30:05-04:00 elapsed_s=1783.9 rate=0.4182/s done=0.8664 eta=2026-08-13T06:34:39-04:00 m=19 col=8 states=54608393
event=heartbeat job=r4_spin_engine t=2026-08-13T06:31:02-04:00 elapsed_s=1840.2 rate=0.4059/s done=0.8676 eta=2026-08-13T06:35:42-04:00 m=19 col=9 states=54608393
event=heartbeat job=r4_spin_engine t=2026-08-13T06:31:58-04:00 elapsed_s=1896.4 rate=0.3944/s done=0.8688 eta=2026-08-13T06:36:44-04:00 m=19 col=10 states=54608393
event=heartbeat job=r4_spin_engine t=2026-08-13T06:32:54-04:00 elapsed_s=1952.6 rate=0.3836/s done=0.8699 eta=2026-08-13T06:37:45-04:00 m=19 col=11 states=54608393
event=heartbeat job=r4_spin_engine t=2026-08-13T06:33:51-04:00 elapsed_s=2009.0 rate=0.3733/s done=0.8711 eta=2026-08-13T06:38:48-04:00 m=19 col=12 states=54608393
event=heartbeat job=r4_spin_engine t=2026-08-13T06:34:47-04:00 elapsed_s=2065.2 rate=0.3636/s done=0.8722 eta=2026-08-13T06:39:49-04:00 m=19 col=13 states=54608393
event=heartbeat job=r4_spin_engine t=2026-08-13T06:35:43-04:00 elapsed_s=2121.5 rate=0.3545/s done=0.8734 eta=2026-08-13T06:40:50-04:00 m=19 col=14 states=54608393
event=heartbeat job=r4_spin_engine t=2026-08-13T06:36:39-04:00 elapsed_s=2177.8 rate=0.3458/s done=0.8746 eta=2026-08-13T06:41:51-04:00 m=19 col=15 states=54608393
event=heartbeat job=r4_spin_engine t=2026-08-13T06:37:36-04:00 elapsed_s=2233.9 rate=0.3375/s done=0.8757 eta=2026-08-13T06:42:53-04:00 m=19 col=16 states=54608393
event=heartbeat job=r4_spin_engine t=2026-08-13T06:38:32-04:00 elapsed_s=2290.2 rate=0.3297/s done=0.8769 eta=2026-08-13T06:43:53-04:00 m=19 col=17 states=54608393
event=heartbeat job=r4_spin_engine t=2026-08-13T06:39:28-04:00 elapsed_s=2346.3 rate=0.3222/s done=0.8780 eta=2026-08-13T06:44:53-04:00 m=19 col=18 states=54608393
event=heartbeat job=r4_spin_engine t=2026-08-13T06:40:24-04:00 elapsed_s=2402.4 rate=0.3151/s done=0.8792 eta=2026-08-13T06:45:54-04:00 m=19 col=19 states=54608393
event=heartbeat job=r4_spin_engine t=2026-08-13T06:41:20-04:00 elapsed_s=2458.6 rate=0.3083/s done=0.8804 eta=2026-08-13T06:46:54-04:00 m=19 col=20 states=54608393
event=heartbeat job=r4_spin_engine t=2026-08-13T06:42:16-04:00 elapsed_s=2514.9 rate=0.3018/s done=0.8815 eta=2026-08-13T06:47:53-04:00 m=19 col=21 states=54608393
event=heartbeat job=r4_spin_engine t=2026-08-13T06:43:13-04:00 elapsed_s=2571.1 rate=0.2956/s done=0.8827 eta=2026-08-13T06:48:54-04:00 m=19 col=22 states=54608393
event=heartbeat job=r4_spin_engine t=2026-08-13T06:44:09-04:00 elapsed_s=2627.2 rate=0.2897/s done=0.8839 eta=2026-08-13T06:49:54-04:00 m=19 col=23 states=54608393
event=heartbeat job=r4_spin_engine t=2026-08-13T06:45:05-04:00 elapsed_s=2683.4 rate=0.284/s done=0.8850 eta=2026-08-13T06:50:53-04:00 m=19 col=24 states=54608393
event=heartbeat job=r4_spin_engine t=2026-08-13T06:46:01-04:00 elapsed_s=2739.7 rate=0.2785/s done=0.8862 eta=2026-08-13T06:51:52-04:00 m=19 col=25 states=54608393
event=heartbeat job=r4_spin_engine t=2026-08-13T06:46:57-04:00 elapsed_s=2795.8 rate=0.2733/s done=0.8873 eta=2026-08-13T06:52:51-04:00 m=19 col=26 states=54608393
event=heartbeat job=r4_spin_engine t=2026-08-13T06:47:54-04:00 elapsed_s=2852.0 rate=0.2682/s done=0.8885 eta=2026-08-13T06:53:51-04:00 m=19 col=27 states=54608393
event=heartbeat job=r4_spin_engine t=2026-08-13T06:48:50-04:00 elapsed_s=2908.2 rate=0.2634/s done=0.8897 eta=2026-08-13T06:54:50-04:00 m=19 col=28 states=54608393
event=heartbeat job=r4_spin_engine t=2026-08-13T06:49:46-04:00 elapsed_s=2964.4 rate=0.2587/s done=0.8908 eta=2026-08-13T06:55:49-04:00 m=19 col=29 states=54608393
event=heartbeat job=r4_spin_engine t=2026-08-13T06:50:42-04:00 elapsed_s=3020.6 rate=0.2543/s done=0.8920 eta=2026-08-13T06:56:47-04:00 m=19 col=30 states=54608393
event=heartbeat job=r4_spin_engine t=2026-08-13T06:51:38-04:00 elapsed_s=3076.7 rate=0.2499/s done=0.8931 eta=2026-08-13T06:57:46-04:00 m=19 col=31 states=54608393
event=heartbeat job=r4_spin_engine t=2026-08-13T06:52:35-04:00 elapsed_s=3132.9 rate=0.2458/s done=0.8943 eta=2026-08-13T06:58:45-04:00 m=19 col=32 states=54608393
event=heartbeat job=r4_spin_engine t=2026-08-13T06:53:31-04:00 elapsed_s=3189.1 rate=0.2418/s done=0.8955 eta=2026-08-13T06:59:43-04:00 m=19 col=33 states=54608393
event=heartbeat job=r4_spin_engine t=2026-08-13T06:54:27-04:00 elapsed_s=3245.3 rate=0.2379/s done=0.8966 eta=2026-08-13T07:00:41-04:00 m=19 col=34 states=54608393
event=heartbeat job=r4_spin_engine t=2026-08-13T06:55:23-04:00 elapsed_s=3301.7 rate=0.2341/s done=0.8978 eta=2026-08-13T07:01:38-04:00 m=19 col=35 states=54608393
event=heartbeat job=r4_spin_engine t=2026-08-13T06:56:20-04:00 elapsed_s=3358.2 rate=0.2305/s done=0.8990 eta=2026-08-13T07:02:37-04:00 m=19 col=36 states=54608393
event=heartbeat job=r4_spin_engine t=2026-08-13T06:57:16-04:00 elapsed_s=3414.5 rate=0.227/s done=0.9001 eta=2026-08-13T07:03:34-04:00 m=19 col=37 states=54608393
event=heartbeat job=r4_spin_engine t=2026-08-13T06:58:12-04:00 elapsed_s=3470.8 rate=0.2236/s done=0.9013 eta=2026-08-13T07:04:32-04:00 m=19 col=38 states=54608393
event=heartbeat job=r4_spin_engine t=2026-08-13T06:59:09-04:00 elapsed_s=3527.0 rate=0.2203/s done=0.9024 eta=2026-08-13T07:05:30-04:00 m=19 col=39 states=54608393
event=heartbeat job=r4_spin_engine t=2026-08-13T07:00:05-04:00 elapsed_s=3583.2 rate=0.2171/s done=0.9036 eta=2026-08-13T07:06:27-04:00 m=19 col=40 states=54608393
event=heartbeat job=r4_spin_engine t=2026-08-13T07:01:01-04:00 elapsed_s=3639.4 rate=0.214/s done=0.9048 eta=2026-08-13T07:07:24-04:00 m=19 col=41 states=54608393
event=heartbeat job=r4_spin_engine t=2026-08-13T07:01:01-04:00 elapsed_s=3639.4 rate=0.214/s done=0.9048 eta=2026-08-13T07:07:24-04:00 m_done=19 states=54608393 wall_s=2252.906759 peak_rss_mb=1253.031250
event=heartbeat job=r4_spin_engine t=2026-08-13T07:03:46-04:00 elapsed_s=3804.3 rate=0.2053/s done=0.9071 eta=2026-08-13T07:10:15-04:00 m=20 col=2 states=131836323
event=heartbeat job=r4_spin_engine t=2026-08-13T07:06:11-04:00 elapsed_s=3949.1 rate=0.198/s done=0.9082 eta=2026-08-13T07:12:49-04:00 m=20 col=3 states=131836323
event=heartbeat job=r4_spin_engine t=2026-08-13T07:08:38-04:00 elapsed_s=4095.9 rate=0.1912/s done=0.9094 eta=2026-08-13T07:15:26-04:00 m=20 col=4 states=131836323
event=heartbeat job=r4_spin_engine t=2026-08-13T07:11:05-04:00 elapsed_s=4243.1 rate=0.1848/s done=0.9106 eta=2026-08-13T07:18:01-04:00 m=20 col=5 states=131836323
event=heartbeat job=r4_spin_engine t=2026-08-13T07:13:32-04:00 elapsed_s=4390.5 rate=0.1788/s done=0.9117 eta=2026-08-13T07:20:37-04:00 m=20 col=6 states=131836323
event=heartbeat job=r4_spin_engine t=2026-08-13T07:15:59-04:00 elapsed_s=4537.8 rate=0.1732/s done=0.9129 eta=2026-08-13T07:23:11-04:00 m=20 col=7 states=131836323
event=heartbeat job=r4_spin_engine t=2026-08-13T07:18:26-04:00 elapsed_s=4684.8 rate=0.168/s done=0.9141 eta=2026-08-13T07:25:46-04:00 m=20 col=8 states=131836323
event=heartbeat job=r4_spin_engine t=2026-08-13T07:20:54-04:00 elapsed_s=4832.0 rate=0.1631/s done=0.9152 eta=2026-08-13T07:28:21-04:00 m=20 col=9 states=131836323
event=heartbeat job=r4_spin_engine t=2026-08-13T07:23:21-04:00 elapsed_s=4979.1 rate=0.1585/s done=0.9164 eta=2026-08-13T07:30:55-04:00 m=20 col=10 states=131836323
event=heartbeat job=r4_spin_engine t=2026-08-13T07:25:48-04:00 elapsed_s=5126.0 rate=0.1541/s done=0.9175 eta=2026-08-13T07:33:28-04:00 m=20 col=11 states=131836323
event=heartbeat job=r4_spin_engine t=2026-08-13T07:28:15-04:00 elapsed_s=5273.0 rate=0.15/s done=0.9187 eta=2026-08-13T07:36:01-04:00 m=20 col=12 states=131836323
event=heartbeat job=r4_spin_engine t=2026-08-13T07:30:42-04:00 elapsed_s=5420.4 rate=0.1461/s done=0.9199 eta=2026-08-13T07:38:34-04:00 m=20 col=13 states=131836323
event=heartbeat job=r4_spin_engine t=2026-08-13T07:33:09-04:00 elapsed_s=5567.5 rate=0.1424/s done=0.9210 eta=2026-08-13T07:41:06-04:00 m=20 col=14 states=131836323
event=heartbeat job=r4_spin_engine t=2026-08-13T07:35:36-04:00 elapsed_s=5714.4 rate=0.1389/s done=0.9222 eta=2026-08-13T07:43:38-04:00 m=20 col=15 states=131836323
event=heartbeat job=r4_spin_engine t=2026-08-13T07:38:03-04:00 elapsed_s=5861.4 rate=0.1356/s done=0.9233 eta=2026-08-13T07:46:09-04:00 m=20 col=16 states=131836323
event=heartbeat job=r4_spin_engine t=2026-08-13T07:40:30-04:00 elapsed_s=6008.4 rate=0.1325/s done=0.9245 eta=2026-08-13T07:48:40-04:00 m=20 col=17 states=131836323
event=heartbeat job=r4_spin_engine t=2026-08-13T07:42:57-04:00 elapsed_s=6155.4 rate=0.1295/s done=0.9257 eta=2026-08-13T07:51:11-04:00 m=20 col=18 states=131836323
event=heartbeat job=r4_spin_engine t=2026-08-13T07:45:24-04:00 elapsed_s=6302.4 rate=0.1266/s done=0.9268 eta=2026-08-13T07:53:41-04:00 m=20 col=19 states=131836323
event=heartbeat job=r4_spin_engine t=2026-08-13T07:47:51-04:00 elapsed_s=6449.7 rate=0.1239/s done=0.9280 eta=2026-08-13T07:56:11-04:00 m=20 col=20 states=131836323
event=heartbeat job=r4_spin_engine t=2026-08-13T07:50:18-04:00 elapsed_s=6596.5 rate=0.1213/s done=0.9292 eta=2026-08-13T07:58:40-04:00 m=20 col=21 states=131836323
event=heartbeat job=r4_spin_engine t=2026-08-13T07:52:45-04:00 elapsed_s=6743.8 rate=0.1188/s done=0.9303 eta=2026-08-13T08:01:10-04:00 m=20 col=22 states=131836323
event=heartbeat job=r4_spin_engine t=2026-08-13T07:55:12-04:00 elapsed_s=6890.8 rate=0.1164/s done=0.9315 eta=2026-08-13T08:03:38-04:00 m=20 col=23 states=131836323
event=heartbeat job=r4_spin_engine t=2026-08-13T07:57:40-04:00 elapsed_s=7038.0 rate=0.1141/s done=0.9326 eta=2026-08-13T08:06:08-04:00 m=20 col=24 states=131836323
event=heartbeat job=r4_spin_engine t=2026-08-13T08:00:07-04:00 elapsed_s=7185.2 rate=0.1119/s done=0.9338 eta=2026-08-13T08:08:36-04:00 m=20 col=25 states=131836323
event=heartbeat job=r4_spin_engine t=2026-08-13T08:02:34-04:00 elapsed_s=7332.5 rate=0.1098/s done=0.9350 eta=2026-08-13T08:11:04-04:00 m=20 col=26 states=131836323
event=heartbeat job=r4_spin_engine t=2026-08-13T08:05:01-04:00 elapsed_s=7479.5 rate=0.1078/s done=0.9361 eta=2026-08-13T08:13:31-04:00 m=20 col=27 states=131836323
event=heartbeat job=r4_spin_engine t=2026-08-13T08:07:28-04:00 elapsed_s=7626.2 rate=0.1058/s done=0.9373 eta=2026-08-13T08:15:58-04:00 m=20 col=28 states=131836323
event=heartbeat job=r4_spin_engine t=2026-08-13T08:09:55-04:00 elapsed_s=7773.3 rate=0.1039/s done=0.9384 eta=2026-08-13T08:18:24-04:00 m=20 col=29 states=131836323
event=heartbeat job=r4_spin_engine t=2026-08-13T08:12:22-04:00 elapsed_s=7920.3 rate=0.1021/s done=0.9396 eta=2026-08-13T08:20:51-04:00 m=20 col=30 states=131836323
event=heartbeat job=r4_spin_engine t=2026-08-13T08:14:49-04:00 elapsed_s=8067.1 rate=0.1004/s done=0.9408 eta=2026-08-13T08:23:16-04:00 m=20 col=31 states=131836323
event=heartbeat job=r4_spin_engine t=2026-08-13T08:17:16-04:00 elapsed_s=8214.2 rate=0.09873/s done=0.9419 eta=2026-08-13T08:25:42-04:00 m=20 col=32 states=131836323
event=heartbeat job=r4_spin_engine t=2026-08-13T08:19:43-04:00 elapsed_s=8361.2 rate=0.09712/s done=0.9431 eta=2026-08-13T08:28:07-04:00 m=20 col=33 states=131836323
event=heartbeat job=r4_spin_engine t=2026-08-13T08:22:10-04:00 elapsed_s=8508.0 rate=0.09556/s done=0.9443 eta=2026-08-13T08:30:32-04:00 m=20 col=34 states=131836323
event=heartbeat job=r4_spin_engine t=2026-08-13T08:24:37-04:00 elapsed_s=8655.5 rate=0.09404/s done=0.9454 eta=2026-08-13T08:32:56-04:00 m=20 col=35 states=131836323
event=heartbeat job=r4_spin_engine t=2026-08-13T08:27:04-04:00 elapsed_s=8802.8 rate=0.09258/s done=0.9466 eta=2026-08-13T08:35:20-04:00 m=20 col=36 states=131836323
event=heartbeat job=r4_spin_engine t=2026-08-13T08:29:32-04:00 elapsed_s=8950.1 rate=0.09117/s done=0.9477 eta=2026-08-13T08:37:45-04:00 m=20 col=37 states=131836323
event=heartbeat job=r4_spin_engine t=2026-08-13T08:31:59-04:00 elapsed_s=9097.2 rate=0.08981/s done=0.9489 eta=2026-08-13T08:40:08-04:00 m=20 col=38 states=131836323
event=heartbeat job=r4_spin_engine t=2026-08-13T08:34:26-04:00 elapsed_s=9244.0 rate=0.08849/s done=0.9501 eta=2026-08-13T08:42:31-04:00 m=20 col=39 states=131836323
event=heartbeat job=r4_spin_engine t=2026-08-13T08:36:53-04:00 elapsed_s=9390.9 rate=0.08721/s done=0.9512 eta=2026-08-13T08:44:54-04:00 m=20 col=40 states=131836323
event=heartbeat job=r4_spin_engine t=2026-08-13T08:39:19-04:00 elapsed_s=9537.9 rate=0.08597/s done=0.9524 eta=2026-08-13T08:47:15-04:00 m=20 col=41 states=131836323
event=heartbeat job=r4_spin_engine t=2026-08-13T08:39:20-04:00 elapsed_s=9537.9 rate=0.08597/s done=0.9524 eta=2026-08-13T08:47:16-04:00 m_done=20 states=131836323 wall_s=5895.423417 peak_rss_mb=3020.632812
event=heartbeat job=r4_spin_engine t=2026-08-13T08:40:12-04:00 elapsed_s=9590.3 rate=0.08561/s done=0.9535 eta=2026-08-13T08:47:59-04:00 m=21 col=1 states=318281039
event=heartbeat job=r4_spin_engine t=2026-08-13T08:46:28-04:00 elapsed_s=9966.0 rate=0.08248/s done=0.9547 eta=2026-08-13T08:54:20-04:00 m=21 col=2 states=318281039
event=heartbeat job=r4_spin_engine t=2026-08-13T08:52:48-04:00 elapsed_s=10346.8 rate=0.07954/s done=0.9559 eta=2026-08-13T09:00:45-04:00 m=21 col=3 states=318281039
event=heartbeat job=r4_spin_engine t=2026-08-13T08:59:14-04:00 elapsed_s=10732.7 rate=0.07677/s done=0.9570 eta=2026-08-13T09:07:15-04:00 m=21 col=4 states=318281039
event=heartbeat job=r4_spin_engine t=2026-08-13T09:05:41-04:00 elapsed_s=11119.1 rate=0.0742/s done=0.9582 eta=2026-08-13T09:13:46-04:00 m=21 col=5 states=318281039
event=heartbeat job=r4_spin_engine t=2026-08-13T09:12:06-04:00 elapsed_s=11504.8 rate=0.0718/s done=0.9593 eta=2026-08-13T09:20:13-04:00 m=21 col=6 states=318281039
event=heartbeat job=r4_spin_engine t=2026-08-13T09:18:33-04:00 elapsed_s=11891.2 rate=0.06955/s done=0.9605 eta=2026-08-13T09:26:41-04:00 m=21 col=7 states=318281039
event=heartbeat job=r4_spin_engine t=2026-08-13T09:24:58-04:00 elapsed_s=12276.8 rate=0.06744/s done=0.9617 eta=2026-08-13T09:33:07-04:00 m=21 col=8 states=318281039
event=heartbeat job=r4_spin_engine t=2026-08-13T09:31:24-04:00 elapsed_s=12662.7 rate=0.06547/s done=0.9628 eta=2026-08-13T09:39:32-04:00 m=21 col=9 states=318281039
event=heartbeat job=r4_spin_engine t=2026-08-13T09:37:50-04:00 elapsed_s=13048.4 rate=0.06361/s done=0.9640 eta=2026-08-13T09:45:57-04:00 m=21 col=10 states=318281039
event=heartbeat job=r4_spin_engine t=2026-08-13T09:44:16-04:00 elapsed_s=13434.6 rate=0.06186/s done=0.9652 eta=2026-08-13T09:52:21-04:00 m=21 col=11 states=318281039
event=heartbeat job=r4_spin_engine t=2026-08-13T09:50:42-04:00 elapsed_s=13820.4 rate=0.0602/s done=0.9663 eta=2026-08-13T09:58:43-04:00 m=21 col=12 states=318281039
event=heartbeat job=r4_spin_engine t=2026-08-13T09:57:08-04:00 elapsed_s=14206.3 rate=0.05864/s done=0.9675 eta=2026-08-13T10:05:05-04:00 m=21 col=13 states=318281039
event=heartbeat job=r4_spin_engine t=2026-08-13T10:03:34-04:00 elapsed_s=14592.1 rate=0.05715/s done=0.9686 eta=2026-08-13T10:11:26-04:00 m=21 col=14 states=318281039
event=heartbeat job=r4_spin_engine t=2026-08-13T10:10:00-04:00 elapsed_s=14978.0 rate=0.05575/s done=0.9698 eta=2026-08-13T10:17:46-04:00 m=21 col=15 states=318281039
event=heartbeat job=r4_spin_engine t=2026-08-13T10:16:25-04:00 elapsed_s=15363.7 rate=0.05441/s done=0.9710 eta=2026-08-13T10:24:04-04:00 m=21 col=16 states=318281039
event=heartbeat job=r4_spin_engine t=2026-08-13T10:22:51-04:00 elapsed_s=15749.4 rate=0.05314/s done=0.9721 eta=2026-08-13T10:30:22-04:00 m=21 col=17 states=318281039
event=heartbeat job=r4_spin_engine t=2026-08-13T10:29:17-04:00 elapsed_s=16135.9 rate=0.05193/s done=0.9733 eta=2026-08-13T10:36:39-04:00 m=21 col=18 states=318281039
event=heartbeat job=r4_spin_engine t=2026-08-13T10:35:44-04:00 elapsed_s=16522.5 rate=0.05078/s done=0.9744 eta=2026-08-13T10:42:57-04:00 m=21 col=19 states=318281039
event=heartbeat job=r4_spin_engine t=2026-08-13T10:42:10-04:00 elapsed_s=16908.6 rate=0.04968/s done=0.9756 eta=2026-08-13T10:49:12-04:00 m=21 col=20 states=318281039
event=heartbeat job=r4_spin_engine t=2026-08-13T10:48:36-04:00 elapsed_s=17294.5 rate=0.04863/s done=0.9768 eta=2026-08-13T10:55:27-04:00 m=21 col=21 states=318281039
event=heartbeat job=r4_spin_engine t=2026-08-13T10:55:02-04:00 elapsed_s=17680.6 rate=0.04762/s done=0.9779 eta=2026-08-13T11:01:40-04:00 m=21 col=22 states=318281039
event=heartbeat job=r4_spin_engine t=2026-08-13T11:01:28-04:00 elapsed_s=18066.7 rate=0.04666/s done=0.9791 eta=2026-08-13T11:07:53-04:00 m=21 col=23 states=318281039
event=heartbeat job=r4_spin_engine t=2026-08-13T11:07:54-04:00 elapsed_s=18452.8 rate=0.04574/s done=0.9803 eta=2026-08-13T11:14:05-04:00 m=21 col=24 states=318281039
event=heartbeat job=r4_spin_engine t=2026-08-13T11:14:20-04:00 elapsed_s=18838.8 rate=0.04485/s done=0.9814 eta=2026-08-13T11:20:16-04:00 m=21 col=25 states=318281039
event=heartbeat job=r4_spin_engine t=2026-08-13T11:20:46-04:00 elapsed_s=19224.7 rate=0.04401/s done=0.9826 eta=2026-08-13T11:26:26-04:00 m=21 col=26 states=318281039
event=heartbeat job=r4_spin_engine t=2026-08-13T11:27:12-04:00 elapsed_s=19610.4 rate=0.04319/s done=0.9837 eta=2026-08-13T11:32:36-04:00 m=21 col=27 states=318281039
event=heartbeat job=r4_spin_engine t=2026-08-13T11:33:38-04:00 elapsed_s=19996.1 rate=0.04241/s done=0.9849 eta=2026-08-13T11:38:44-04:00 m=21 col=28 states=318281039
event=heartbeat job=r4_spin_engine t=2026-08-13T11:40:04-04:00 elapsed_s=20382.0 rate=0.04165/s done=0.9861 eta=2026-08-13T11:44:52-04:00 m=21 col=29 states=318281039
event=heartbeat job=r4_spin_engine t=2026-08-13T11:46:29-04:00 elapsed_s=20767.4 rate=0.04093/s done=0.9872 eta=2026-08-13T11:50:57-04:00 m=21 col=30 states=318281039
event=heartbeat job=r4_spin_engine t=2026-08-13T11:52:55-04:00 elapsed_s=21153.3 rate=0.04023/s done=0.9884 eta=2026-08-13T11:57:03-04:00 m=21 col=31 states=318281039
event=heartbeat job=r4_spin_engine t=2026-08-13T11:59:21-04:00 elapsed_s=21539.7 rate=0.03955/s done=0.9895 eta=2026-08-13T12:03:08-04:00 m=21 col=32 states=318281039
event=heartbeat job=r4_spin_engine t=2026-08-13T12:05:47-04:00 elapsed_s=21925.9 rate=0.0389/s done=0.9907 eta=2026-08-13T12:09:12-04:00 m=21 col=33 states=318281039
event=heartbeat job=r4_spin_engine t=2026-08-13T12:12:13-04:00 elapsed_s=22311.9 rate=0.03828/s done=0.9919 eta=2026-08-13T12:15:15-04:00 m=21 col=34 states=318281039
event=heartbeat job=r4_spin_engine t=2026-08-13T12:18:40-04:00 elapsed_s=22697.9 rate=0.03767/s done=0.9930 eta=2026-08-13T12:21:19-04:00 m=21 col=35 states=318281039
event=heartbeat job=r4_spin_engine t=2026-08-13T12:25:06-04:00 elapsed_s=23083.9 rate=0.03708/s done=0.9942 eta=2026-08-13T12:27:20-04:00 m=21 col=36 states=318281039
event=heartbeat job=r4_spin_engine t=2026-08-13T12:31:31-04:00 elapsed_s=23469.7 rate=0.03652/s done=0.9954 eta=2026-08-13T12:33:20-04:00 m=21 col=37 states=318281039
event=heartbeat job=r4_spin_engine t=2026-08-13T12:37:57-04:00 elapsed_s=23855.7 rate=0.03597/s done=0.9965 eta=2026-08-13T12:39:20-04:00 m=21 col=38 states=318281039
event=heartbeat job=r4_spin_engine t=2026-08-13T12:44:23-04:00 elapsed_s=24241.4 rate=0.03544/s done=0.9977 eta=2026-08-13T12:45:19-04:00 m=21 col=39 states=318281039
event=heartbeat job=r4_spin_engine t=2026-08-13T12:50:50-04:00 elapsed_s=24628.5 rate=0.03492/s done=0.9988 eta=2026-08-13T12:51:18-04:00 m=21 col=40 states=318281039
event=heartbeat job=r4_spin_engine t=2026-08-13T12:57:16-04:00 elapsed_s=25014.1 rate=0.03442/s done=1.0000 m=21 col=41 states=318281039
event=heartbeat job=r4_spin_engine t=2026-08-13T12:57:16-04:00 elapsed_s=25014.1 rate=0.03442/s done=1.0000 m_done=21 states=318281039 wall_s=15468.519225 peak_rss_mb=7288.015625
event=harvest job=r4_spin_engine out=results/r4/spin_m21_ayr.txt sha256=441a99084cf3c2cafaac8324f86f7089705e6075349996431ca9ed1b5180b4c6 cells=840
oracle=results/cutcount_b1/rows compared=640 mismatch=0 compared_hlen=520 mismatch_hlen=0 mutant=none inject=no structural_checks=1680 structural_failures=0 sha256=441a99084cf3c2cafaac8324f86f7089705e6075349996431ca9ed1b5180b4c6
event=done job=r4_spin_engine t=2026-08-13T12:57:16-04:00 start=2026-08-13T06:00:22-04:00 wall_s=25014.1 cpu_s=25005.2 peak_rss_mb=7288.0 compared=640 mismatch=0 mismatch_hlen=0 mutant=none sha256=441a99084cf3c2cafaac8324f86f7089705e6075349996431ca9ed1b5180b4c6
	Command being timed: "build/r4_spin_engine --m 1..21 --cols 41 --nmax 40 --mod 4 --dense-rank --threads 1 --verify-rank 1 --oracle results/cutcount_b1/rows --out results/r4/spin_m21_ayr.txt --report-rss"
	User time (seconds): 25002.18
	System time (seconds): 2.96
	Percent of CPU this job got: 99%
	Elapsed (wall clock) time (h:mm:ss or m:ss): 6:56:54
	Average shared text size (kbytes): 0
	Average unshared data size (kbytes): 0
	Average stack size (kbytes): 0
	Average total size (kbytes): 0
	Maximum resident set size (kbytes): 7462928
	Average resident set size (kbytes): 0
	Major (requiring I/O) page faults: 0
	Minor (reclaiming a frame) page faults: 1099713
	Voluntary context switches: 4
	Involuntary context switches: 2323420
	Swaps: 0
	File system inputs: 0
	File system outputs: 1296
	Socket messages sent: 0
	Socket messages received: 0
	Signals delivered: 0
	Page size (bytes): 4096
	Exit status: 0
EXIT=0
