1 0
2 0
3 0
4 0
5 0
6 0
7 0
8 0
9 0
10 0
11 0
12 0
13 0
14 0
15 0
16 0
17 0
18 0
19 0
20 0
21 0
22 10460353203
23 615998577510
24 19507783882617
25 441543992247720
26 8011989355051152
27 123975931803604074
28 1699715196284441283
29 21185845549690646358
30 244523831533899945399
31 2649240404070307246620
32 27225482506762772613606
33 267567344516616416852062
34 2531214280334205695134436
35 23171984177741390734335158
36 206170745618188078237908398
37 1789337957103928389914572136
38 15194228798887114342965900210
39 126561805084439022828507524182
