1 0
2 0
3 0
4 0
5 0
6 0
7 0
8 0
9 6561
10 149445
11 2013255
12 21039624
13 189262009
14 1544727695
15 11793556454
16 85849256593
17 603392972436
18 4130289887503
19 27701775032858
20 182837842220785
21 1191320560806893
22 7680860035709410
23 49087492875547087
24 311380677426639570
25 1962555206744783639
26 12300320171624323937
27 76711533343610735564
28 476308559999427807159
29 2945739739773358493931
30 18152794051257369174796
31 111500580695956419666937
32 682838563293129806531095
33 4170361728355939855956322
34 25406165739609109253893844
35 154418249235663499415998558
36 936542798408949825053453305
37 5668835369713613776068345420
38 34249820631802413991058000992
39 206574259950586515293655708653
