1 0
2 0
3 0
4 0
5 0
6 0
7 0
8 0
9 0
10 19683
11 503010
12 7487559
13 85389768
14 829622715
15 7251119572
16 58863947192
17 452930356022
18 3348606811298
19 24014057424024
20 168184063948895
21 1156057832032848
22 7828062099180138
23 52362241417256686
24 346731419528897346
25 2276612251171343020
26 14840831991106408895
27 96146895598552147360
28 619535128383818723561
29 3973095044876303097502
30 25371838055496635016316
31 161407351802386519208664
32 1023295943574404671076057
33 6467258527582383038406650
34 40756412152266215827765016
