orchestrate maxn=35 fold=true cores=80 unit_mult=8 merge_mult=1 ram=1073741824 counter=u128 kernel=kink run_dir=/mnt/polytmp rev=b8f13d41
event=kink_round H=19 col=0 round=seed frontier_in=1 map_wall_s=0.003 map_cpu_s=0.000 merge_wall_s=0.000 merge_cpu_s=0.000 map_units=1 merge_ranges=0 map_eff_cores=0.00 merge_eff_cores=0.00
event=kink_round H=19 col=0 round=stage0 frontier_in=1 map_wall_s=0.002 map_cpu_s=0.000 merge_wall_s=0.002 merge_cpu_s=0.000 map_units=1 merge_ranges=1 map_eff_cores=0.00 merge_eff_cores=0.00
event=kink_round H=19 col=0 round=stage1 frontier_in=2 map_wall_s=0.002 map_cpu_s=0.000 merge_wall_s=0.002 merge_cpu_s=0.000 map_units=1 merge_ranges=1 map_eff_cores=0.00 merge_eff_cores=0.00
event=kink_round H=19 col=0 round=stage2 frontier_in=4 map_wall_s=0.003 map_cpu_s=0.000 merge_wall_s=0.003 merge_cpu_s=0.000 map_units=1 merge_ranges=1 map_eff_cores=0.00 merge_eff_cores=0.00
event=kink_round H=19 col=0 round=stage3 frontier_in=8 map_wall_s=0.003 map_cpu_s=0.000 merge_wall_s=0.002 merge_cpu_s=0.000 map_units=1 merge_ranges=1 map_eff_cores=0.00 merge_eff_cores=0.00
event=kink_round H=19 col=0 round=stage4 frontier_in=16 map_wall_s=0.002 map_cpu_s=0.000 merge_wall_s=0.003 merge_cpu_s=0.000 map_units=1 merge_ranges=1 map_eff_cores=0.00 merge_eff_cores=0.00
event=kink_round H=19 col=0 round=stage5 frontier_in=32 map_wall_s=0.002 map_cpu_s=0.000 merge_wall_s=0.003 merge_cpu_s=0.000 map_units=1 merge_ranges=1 map_eff_cores=0.00 merge_eff_cores=0.00
event=kink_round H=19 col=0 round=stage6 frontier_in=64 map_wall_s=0.003 map_cpu_s=0.000 merge_wall_s=0.002 merge_cpu_s=0.000 map_units=1 merge_ranges=1 map_eff_cores=0.00 merge_eff_cores=0.00
event=kink_round H=19 col=0 round=stage7 frontier_in=128 map_wall_s=0.003 map_cpu_s=0.001 merge_wall_s=0.002 merge_cpu_s=0.000 map_units=1 merge_ranges=1 map_eff_cores=0.32 merge_eff_cores=0.00
event=kink_round H=19 col=0 round=stage8 frontier_in=256 map_wall_s=0.004 map_cpu_s=0.001 merge_wall_s=0.002 merge_cpu_s=0.000 map_units=1 merge_ranges=1 map_eff_cores=0.24 merge_eff_cores=0.00
event=kink_round H=19 col=0 round=stage9 frontier_in=512 map_wall_s=0.003 map_cpu_s=0.001 merge_wall_s=0.003 merge_cpu_s=0.001 map_units=1 merge_ranges=1 map_eff_cores=0.32 merge_eff_cores=0.39
event=kink_round H=19 col=0 round=stage10 frontier_in=1024 map_wall_s=0.004 map_cpu_s=0.002 merge_wall_s=0.005 merge_cpu_s=0.002 map_units=1 merge_ranges=1 map_eff_cores=0.46 merge_eff_cores=0.39
event=kink_round H=19 col=0 round=stage11 frontier_in=2048 map_wall_s=0.005 map_cpu_s=0.003 merge_wall_s=0.003 merge_cpu_s=0.002 map_units=1 merge_ranges=1 map_eff_cores=0.65 merge_eff_cores=0.58
event=kink_round H=19 col=0 round=stage12 frontier_in=4096 map_wall_s=0.005 map_cpu_s=0.005 merge_wall_s=0.004 merge_cpu_s=0.004 map_units=2 merge_ranges=2 map_eff_cores=1.02 merge_eff_cores=0.99
event=kink_round H=19 col=0 round=stage13 frontier_in=8192 map_wall_s=0.005 map_cpu_s=0.010 merge_wall_s=0.005 merge_cpu_s=0.009 map_units=4 merge_ranges=4 map_eff_cores=2.10 merge_eff_cores=1.79
event=kink_round H=19 col=0 round=stage14 frontier_in=16384 map_wall_s=0.010 map_cpu_s=0.024 merge_wall_s=0.049 merge_cpu_s=0.024 map_units=10 merge_ranges=10 map_eff_cores=2.45 merge_eff_cores=0.49
event=kink_round H=19 col=0 round=stage15 frontier_in=32768 map_wall_s=0.014 map_cpu_s=0.085 merge_wall_s=0.051 merge_cpu_s=0.110 map_units=48 merge_ranges=48 map_eff_cores=6.10 merge_eff_cores=2.15
event=kink_round H=19 col=0 round=stage16 frontier_in=65536 map_wall_s=0.031 map_cpu_s=0.404 merge_wall_s=0.031 merge_cpu_s=0.448 map_units=136 merge_ranges=80 map_eff_cores=12.83 merge_eff_cores=14.66
event=kink_round H=19 col=0 round=stage17 frontier_in=131072 map_wall_s=0.111 map_cpu_s=1.304 merge_wall_s=0.042 merge_cpu_s=0.656 map_units=212 merge_ranges=80 map_eff_cores=11.78 merge_eff_cores=15.58
event=kink_round H=19 col=0 round=stage18 frontier_in=262144 map_wall_s=0.076 map_cpu_s=1.092 merge_wall_s=0.043 merge_cpu_s=0.832 map_units=202 merge_ranges=80 map_eff_cores=14.31 merge_eff_cores=19.37
event=kink_round H=19 col=0 round=finalize frontier_in=524288 map_wall_s=0.035 map_cpu_s=1.134 merge_wall_s=0.047 merge_cpu_s=1.032 map_units=256 merge_ranges=80 map_eff_cores=32.34 merge_eff_cores=22.14
event=column H=19 col=0 frontier_in=1 frontier_out=262655 wall_s=0.65 cum_wall_s=0.6 cpu_s=7.2 rss_max_mb=46.7 map_wall_s=0.33 map_cpu_s=4.1 merge_wall_s=0.30 merge_cpu_s=3.1 map_units=883 merge_ranges=396 eff_cores=11.06
event=kink_round H=19 col=1 round=seed frontier_in=262655 map_wall_s=0.019 map_cpu_s=0.399 merge_wall_s=0.000 merge_cpu_s=0.000 map_units=129 merge_ranges=0 map_eff_cores=21.34 merge_eff_cores=0.00
event=kink_round H=19 col=1 round=stage0 frontier_in=262655 map_wall_s=0.066 map_cpu_s=1.135 merge_wall_s=0.037 merge_cpu_s=0.869 map_units=187 merge_ranges=80 map_eff_cores=17.11 merge_eff_cores=23.76
event=kink_round H=19 col=1 round=stage1 frontier_in=525310 map_wall_s=0.062 map_cpu_s=1.364 merge_wall_s=0.058 merge_cpu_s=1.326 map_units=298 merge_ranges=80 map_eff_cores=22.12 merge_eff_cores=22.90
event=kink_round H=19 col=1 round=stage2 frontier_in=869756 map_wall_s=0.071 map_cpu_s=2.323 merge_wall_s=0.086 merge_cpu_s=1.785 map_units=442 merge_ranges=80 map_eff_cores=32.64 merge_eff_cores=20.80
event=kink_round H=19 col=1 round=stage3 frontier_in=1156728 map_wall_s=0.100 map_cpu_s=2.799 merge_wall_s=0.139 merge_cpu_s=2.094 map_units=570 merge_ranges=80 map_eff_cores=27.90 merge_eff_cores=15.10
event=kink_round H=19 col=1 round=stage4 frontier_in=1461200 map_wall_s=0.097 map_cpu_s=3.641 merge_wall_s=0.103 merge_cpu_s=2.552 map_units=653 merge_ranges=80 map_eff_cores=37.54 merge_eff_cores=24.74
event=kink_round H=19 col=1 round=stage5 frontier_in=1795424 map_wall_s=0.115 map_cpu_s=4.362 merge_wall_s=0.137 merge_cpu_s=3.106 map_units=659 merge_ranges=80 map_eff_cores=37.86 merge_eff_cores=22.67
event=kink_round H=19 col=1 round=stage6 frontier_in=2184568 map_wall_s=0.127 map_cpu_s=5.411 merge_wall_s=0.172 merge_cpu_s=3.555 map_units=656 merge_ranges=80 map_eff_cores=42.76 merge_eff_cores=20.73
event=kink_round H=19 col=1 round=stage7 frontier_in=2646072 map_wall_s=0.186 map_cpu_s=6.639 merge_wall_s=0.214 merge_cpu_s=3.955 map_units=669 merge_ranges=80 map_eff_cores=35.60 merge_eff_cores=18.44
event=kink_round H=19 col=1 round=stage8 frontier_in=3198922 map_wall_s=0.254 map_cpu_s=8.528 merge_wall_s=0.285 merge_cpu_s=4.759 map_units=650 merge_ranges=80 map_eff_cores=33.56 merge_eff_cores=16.67
event=kink_round H=19 col=1 round=stage9 frontier_in=3863908 map_wall_s=0.274 map_cpu_s=10.550 merge_wall_s=0.319 merge_cpu_s=5.866 map_units=682 merge_ranges=80 map_eff_cores=38.53 merge_eff_cores=18.42
event=kink_round H=19 col=1 round=stage10 frontier_in=4665453 map_wall_s=0.418 map_cpu_s=12.840 merge_wall_s=0.421 merge_cpu_s=7.291 map_units=716 merge_ranges=80 map_eff_cores=30.74 merge_eff_cores=17.32
event=kink_round H=19 col=1 round=stage11 frontier_in=5631597 map_wall_s=0.472 map_cpu_s=17.313 merge_wall_s=0.474 merge_cpu_s=8.617 map_units=692 merge_ranges=80 map_eff_cores=36.66 merge_eff_cores=18.19
event=kink_round H=19 col=1 round=stage12 frontier_in=6800784 map_wall_s=0.658 map_cpu_s=20.746 merge_wall_s=0.623 merge_cpu_s=10.743 map_units=682 merge_ranges=80 map_eff_cores=31.54 merge_eff_cores=17.24
event=kink_round H=19 col=1 round=stage13 frontier_in=8218135 map_wall_s=0.782 map_cpu_s=25.942 merge_wall_s=0.764 merge_cpu_s=13.321 map_units=706 merge_ranges=80 map_eff_cores=33.19 merge_eff_cores=17.43
event=kink_round H=19 col=1 round=stage14 frontier_in=9942375 map_wall_s=0.951 map_cpu_s=34.442 merge_wall_s=0.958 merge_cpu_s=16.051 map_units=704 merge_ranges=80 map_eff_cores=36.23 merge_eff_cores=16.76
event=kink_round H=19 col=1 round=stage15 frontier_in=12055674 map_wall_s=1.280 map_cpu_s=45.069 merge_wall_s=1.211 merge_cpu_s=20.318 map_units=700 merge_ranges=80 map_eff_cores=35.22 merge_eff_cores=16.78
event=kink_round H=19 col=1 round=stage16 frontier_in=14683564 map_wall_s=1.597 map_cpu_s=55.057 merge_wall_s=1.540 merge_cpu_s=25.972 map_units=725 merge_ranges=80 map_eff_cores=34.47 merge_eff_cores=16.87
event=heartbeat H=19 col=1 elapsed_s=17 processed=10569728 rate_per_s=610226 steals=423
event=kink_round H=19 col=1 round=stage17 frontier_in=18041231 map_wall_s=2.080 map_cpu_s=73.564 merge_wall_s=2.106 merge_cpu_s=32.061 map_units=703 merge_ranges=80 map_eff_cores=35.37 merge_eff_cores=15.22
event=kink_round H=19 col=1 round=stage18 frontier_in=22543583 map_wall_s=2.613 map_cpu_s=98.282 merge_wall_s=2.687 merge_cpu_s=43.431 map_units=710 merge_ranges=80 map_eff_cores=37.62 merge_eff_cores=16.16
event=kink_round H=19 col=1 round=finalize frontier_in=29043071 map_wall_s=3.552 map_cpu_s=126.544 merge_wall_s=1.876 merge_cpu_s=33.776 map_units=640 merge_ranges=80 map_eff_cores=35.63 merge_eff_cores=18.00
event=column H=19 col=1 frontier_in=262655 frontier_out=11313826 wall_s=33.33 cum_wall_s=34.0 cpu_s=798.4 rss_max_mb=46.7 map_wall_s=15.77 map_cpu_s=557.0 merge_wall_s=14.21 merge_cpu_s=241.4 map_units=12573 merge_ranges=1600 eff_cores=23.96
event=kink_round H=19 col=2 round=seed frontier_in=11313826 map_wall_s=1.217 map_cpu_s=41.370 merge_wall_s=0.000 merge_cpu_s=0.000 map_units=640 merge_ranges=0 map_eff_cores=34.00 merge_eff_cores=0.00
event=kink_round H=19 col=2 round=stage0 frontier_in=11313826 map_wall_s=2.422 map_cpu_s=70.393 merge_wall_s=1.939 merge_cpu_s=32.124 map_units=719 merge_ranges=80 map_eff_cores=29.07 merge_eff_cores=16.57
event=kink_round H=19 col=2 round=stage1 frontier_in=17942993 map_wall_s=2.165 map_cpu_s=80.035 merge_wall_s=3.084 merge_cpu_s=50.462 map_units=685 merge_ranges=80 map_eff_cores=36.97 merge_eff_cores=16.36
event=heartbeat H=19 col=2 elapsed_s=17 processed=2120704 rate_per_s=122434 steals=138
event=kink_round H=19 col=2 round=stage2 frontier_in=29842157 map_wall_s=4.305 map_cpu_s=152.635 merge_wall_s=4.011 merge_cpu_s=63.246 map_units=727 merge_ranges=80 map_eff_cores=35.46 merge_eff_cores=15.77
event=kink_round H=19 col=2 round=stage3 frontier_in=36583913 map_wall_s=4.430 map_cpu_s=205.947 merge_wall_s=3.518 merge_cpu_s=69.881 map_units=674 merge_ranges=80 map_eff_cores=46.49 merge_eff_cores=19.87
event=heartbeat H=19 col=2 elapsed_s=35 processed=3439616 rate_per_s=99291 steals=160
event=kink_round H=19 col=2 round=stage4 frontier_in=40499044 map_wall_s=4.644 map_cpu_s=249.010 merge_wall_s=2.998 merge_cpu_s=75.906 map_units=705 merge_ranges=80 map_eff_cores=53.62 merge_eff_cores=25.32
event=kink_round H=19 col=2 round=stage5 frontier_in=43159694 map_wall_s=4.562 map_cpu_s=281.551 merge_wall_s=3.102 merge_cpu_s=82.618 map_units=654 merge_ranges=80 map_eff_cores=61.72 merge_eff_cores=26.63
event=heartbeat H=19 col=2 elapsed_s=52 processed=4681728 rate_per_s=90099 steals=212
event=kink_round H=19 col=2 round=stage6 frontier_in=45791130 map_wall_s=5.763 map_cpu_s=300.227 merge_wall_s=3.416 merge_cpu_s=90.863 map_units=682 merge_ranges=80 map_eff_cores=52.10 merge_eff_cores=26.60
event=kink_round H=19 col=2 round=stage7 frontier_in=48798069 map_wall_s=5.848 map_cpu_s=315.269 merge_wall_s=3.605 merge_cpu_s=97.555 map_units=683 merge_ranges=80 map_eff_cores=53.91 merge_eff_cores=27.06
event=heartbeat H=19 col=2 elapsed_s=69 processed=5526528 rate_per_s=79763 steals=268
event=kink_round H=19 col=2 round=stage8 frontier_in=52271076 map_wall_s=7.192 map_cpu_s=341.717 merge_wall_s=4.006 merge_cpu_s=107.493 map_units=700 merge_ranges=80 map_eff_cores=47.51 merge_eff_cores=26.83
event=heartbeat H=19 col=2 elapsed_s=87 processed=6759424 rate_per_s=78051 steals=308
event=kink_round H=19 col=2 round=stage9 frontier_in=56216303 map_wall_s=6.502 map_cpu_s=357.258 merge_wall_s=5.144 merge_cpu_s=158.612 map_units=684 merge_ranges=251 map_eff_cores=54.94 merge_eff_cores=30.83
event=heartbeat H=19 col=2 elapsed_s=104 processed=7624704 rate_per_s=73368 steals=436
event=kink_round H=19 col=2 round=stage10 frontier_in=60628117 map_wall_s=7.924 map_cpu_s=401.273 merge_wall_s=4.838 merge_cpu_s=127.231 map_units=725 merge_ranges=82 map_eff_cores=50.64 merge_eff_cores=26.30
event=heartbeat H=19 col=2 elapsed_s=121 processed=8292352 rate_per_s=68394 steals=475
event=kink_round H=19 col=2 round=stage11 frontier_in=65509006 map_wall_s=7.078 map_cpu_s=430.794 merge_wall_s=5.363 merge_cpu_s=173.052 map_units=658 merge_ranges=150 map_eff_cores=60.86 merge_eff_cores=32.27
event=kink_round H=19 col=2 round=stage12 frontier_in=70876986 map_wall_s=8.453 map_cpu_s=457.723 merge_wall_s=5.489 merge_cpu_s=153.666 map_units=702 merge_ranges=160 map_eff_cores=54.15 merge_eff_cores=27.99
event=heartbeat H=19 col=2 elapsed_s=139 processed=8994816 rate_per_s=64913 steals=551
event=kink_round H=19 col=2 round=stage13 frontier_in=76728441 map_wall_s=8.095 map_cpu_s=467.491 merge_wall_s=7.505 merge_cpu_s=191.482 map_units=697 merge_ranges=199 map_eff_cores=57.75 merge_eff_cores=25.51
event=heartbeat H=19 col=2 elapsed_s=156 processed=9688064 rate_per_s=62147 steals=626
event=heartbeat H=19 col=2 elapsed_s=173 processed=10382336 rate_per_s=59939 steals=700
event=kink_round H=19 col=2 round=stage14 frontier_in=83074313 map_wall_s=9.255 map_cpu_s=493.474 merge_wall_s=15.020 merge_cpu_s=387.399 map_units=694 merge_ranges=274 map_eff_cores=53.32 merge_eff_cores=25.79
event=heartbeat H=19 col=2 elapsed_s=191 processed=10795008 rate_per_s=56659 steals=714
event=heartbeat H=19 col=2 elapsed_s=208 processed=11088896 rate_per_s=53346 steals=810
event=kink_round H=19 col=2 round=stage15 frontier_in=89870407 map_wall_s=9.069 map_cpu_s=566.137 merge_wall_s=24.935 merge_cpu_s=447.502 map_units=699 merge_ranges=225 map_eff_cores=62.43 merge_eff_cores=17.95
event=heartbeat H=19 col=2 elapsed_s=225 processed=11170816 rate_per_s=49611 steals=810
event=heartbeat H=19 col=2 elapsed_s=243 processed=11800576 rate_per_s=48659 steals=863
event=heartbeat H=19 col=2 elapsed_s=260 processed=11800576 rate_per_s=45403 steals=863
