stencil=king nmax=10 rowdir=rows perturb=None
brute animals total (n<=10): 7170300

OK 55 cells agree: literal flood-fill definition vs B1 rows
	Command being timed: "python3 r4_indoracle_brute.py rows 10"
	User time (seconds): 229.86
	System time (seconds): 3.18
	Percent of CPU this job got: 99%
	Elapsed (wall clock) time (h:mm:ss or m:ss): 3:53.22
	Average shared text size (kbytes): 0
	Average unshared data size (kbytes): 0
	Average stack size (kbytes): 0
	Average total size (kbytes): 0
	Maximum resident set size (kbytes): 10057856
	Average resident set size (kbytes): 0
	Major (requiring I/O) page faults: 0
	Minor (reclaiming a frame) page faults: 2438824
	Voluntary context switches: 69
	Involuntary context switches: 22140
	Swaps: 0
	File system inputs: 0
	File system outputs: 8
	Socket messages sent: 0
	Socket messages received: 0
	Signals delivered: 0
	Page size (bytes): 4096
	Exit status: 0
EXIT=0
