=== PERF-JOB-1 start 2026-08-13T05:30:06Z
patched:   012ffaef3e83d0f7c616a67f8258e48f4bde400cb4fdec5c8584ff02ef47701b  /home/jasonp/src/pm-b1-perf/build/cutcount_b1
reference: 4e3817b693d122eee7adf4c903b0f469ddbdd6c9349127e4a45a4b59480f8711  /home/jasonp/src/pm-b1/build/cutcount_b1
--- H=13 start 2026-08-13T05:30:06Z
event=start job=cutcount_b1 t=2026-08-13T01:30:06-04:00 git=48ac1089-dirty built=2026-08-12T23:49:02-0400 host=dalby
event=heartbeat job=cutcount_b1 t=2026-08-13T01:30:54-04:00 elapsed_s=48.1 rate=0.2912/s count=14 modp H=13 states=306858
event=heartbeat job=cutcount_b1 t=2026-08-13T01:31:42-04:00 elapsed_s=96.2 rate=0.2805/s count=27 modp H=13 states=306858
event=heartbeat job=cutcount_b1 t=2026-08-13T01:32:29-04:00 elapsed_s=143.1 rate=0.2795/s count=40 modp H=13 states=306858
event=done job=cutcount_b1 t=2026-08-13T01:32:33-04:00 start=2026-08-13T01:30:06-04:00 wall_s=146.8 cpu_s=146.6 peak_rss_mb=302.8 mode=modp H=13
C_13 mod 2147483647, n<=40 -> /home/jasonp/src/pm-b1-perf/results/cutcount_b1/modp/C13.p2147483647.out
	Command being timed: "/home/jasonp/src/pm-b1-perf/build/cutcount_b1 --modp 13 40 2147483647 /home/jasonp/src/pm-b1-perf/results/cutcount_b1/modp/C13.p2147483647.out"
	User time (seconds): 146.45
	System time (seconds): 0.17
	Percent of CPU this job got: 99%
	Elapsed (wall clock) time (h:mm:ss or m:ss): 2:26.80
	Average shared text size (kbytes): 0
	Average unshared data size (kbytes): 0
	Average stack size (kbytes): 0
	Average total size (kbytes): 0
	Maximum resident set size (kbytes): 310084
	Average resident set size (kbytes): 0
	Major (requiring I/O) page faults: 0
	Minor (reclaiming a frame) page faults: 110879
	Voluntary context switches: 66
	Involuntary context switches: 2246
	Swaps: 0
	File system inputs: 0
	File system outputs: 32
	Socket messages sent: 0
	Socket messages received: 0
	Signals delivered: 0
	Page size (bytes): 4096
	Exit status: 0
--- H=13 rc=0 end 2026-08-13T05:32:33Z
CMP H=13: IDENTICAL to the unpatched row
--- H=14 start 2026-08-13T05:32:33Z
event=start job=cutcount_b1 t=2026-08-13T01:32:33-04:00 git=48ac1089-dirty built=2026-08-12T23:49:02-0400 host=dalby
event=heartbeat job=cutcount_b1 t=2026-08-13T01:33:24-04:00 elapsed_s=51.5 rate=0.09713/s count=5 modp H=14 states=891074
event=heartbeat job=cutcount_b1 t=2026-08-13T01:34:16-04:00 elapsed_s=102.7 rate=0.08767/s count=9 modp H=14 states=891074
event=heartbeat job=cutcount_b1 t=2026-08-13T01:35:06-04:00 elapsed_s=153.5 rate=0.0847/s count=13 modp H=14 states=891074
event=heartbeat job=cutcount_b1 t=2026-08-13T01:35:57-04:00 elapsed_s=204.2 rate=0.08326/s count=17 modp H=14 states=891074
event=heartbeat job=cutcount_b1 t=2026-08-13T01:36:46-04:00 elapsed_s=253.2 rate=0.08292/s count=21 modp H=14 states=891074
event=heartbeat job=cutcount_b1 t=2026-08-13T01:37:34-04:00 elapsed_s=300.9 rate=0.08309/s count=25 modp H=14 states=891074
event=heartbeat job=cutcount_b1 t=2026-08-13T01:38:20-04:00 elapsed_s=347.6 rate=0.08343/s count=29 modp H=14 states=891074
event=heartbeat job=cutcount_b1 t=2026-08-13T01:39:06-04:00 elapsed_s=393.4 rate=0.08389/s count=33 modp H=14 states=891074
event=heartbeat job=cutcount_b1 t=2026-08-13T01:39:52-04:00 elapsed_s=439.4 rate=0.08421/s count=37 modp H=14 states=891074
event=heartbeat job=cutcount_b1 t=2026-08-13T01:40:38-04:00 elapsed_s=485.4 rate=0.08447/s count=41 modp H=14 states=891074
event=done job=cutcount_b1 t=2026-08-13T01:40:39-04:00 start=2026-08-13T01:32:33-04:00 wall_s=485.8 cpu_s=485.3 peak_rss_mb=959.1 mode=modp H=14
C_14 mod 2147483647, n<=40 -> /home/jasonp/src/pm-b1-perf/results/cutcount_b1/modp/C14.p2147483647.out
	Command being timed: "/home/jasonp/src/pm-b1-perf/build/cutcount_b1 --modp 14 40 2147483647 /home/jasonp/src/pm-b1-perf/results/cutcount_b1/modp/C14.p2147483647.out"
	User time (seconds): 484.81
	System time (seconds): 0.48
	Percent of CPU this job got: 99%
	Elapsed (wall clock) time (h:mm:ss or m:ss): 8:05.78
	Average shared text size (kbytes): 0
	Average unshared data size (kbytes): 0
	Average stack size (kbytes): 0
	Average total size (kbytes): 0
	Maximum resident set size (kbytes): 982084
	Average resident set size (kbytes): 0
	Major (requiring I/O) page faults: 0
	Minor (reclaiming a frame) page faults: 294857
	Voluntary context switches: 170
	Involuntary context switches: 6278
	Swaps: 0
	File system inputs: 0
	File system outputs: 88
	Socket messages sent: 0
	Socket messages received: 0
	Signals delivered: 0
	Page size (bytes): 4096
	Exit status: 0
--- H=14 rc=0 end 2026-08-13T05:40:39Z
CMP H=14: IDENTICAL to the unpatched row
--- H=15 start 2026-08-13T05:40:39Z
event=start job=cutcount_b1 t=2026-08-13T01:40:39-04:00 git=48ac1089-dirty built=2026-08-12T23:49:02-0400 host=dalby
event=heartbeat job=cutcount_b1 t=2026-08-13T01:42:05-04:00 elapsed_s=86.4 rate=0.03472/s count=3 modp H=15 states=2624197
event=heartbeat job=cutcount_b1 t=2026-08-13T01:43:30-04:00 elapsed_s=171.1 rate=0.02922/s count=5 modp H=15 states=2624197
event=heartbeat job=cutcount_b1 t=2026-08-13T01:44:56-04:00 elapsed_s=257.0 rate=0.02724/s count=7 modp H=15 states=2624197
event=heartbeat job=cutcount_b1 t=2026-08-13T01:46:24-04:00 elapsed_s=345.4 rate=0.02605/s count=9 modp H=15 states=2624197
event=heartbeat job=cutcount_b1 t=2026-08-13T01:47:52-04:00 elapsed_s=433.8 rate=0.02536/s count=11 modp H=15 states=2624197
event=heartbeat job=cutcount_b1 t=2026-08-13T01:48:38-04:00 elapsed_s=479.4 rate=0.02503/s count=12 modp H=15 states=2624197
event=heartbeat job=cutcount_b1 t=2026-08-13T01:49:24-04:00 elapsed_s=525.5 rate=0.02474/s count=13 modp H=15 states=2624197
event=heartbeat job=cutcount_b1 t=2026-08-13T01:50:10-04:00 elapsed_s=571.3 rate=0.02451/s count=14 modp H=15 states=2624197
event=heartbeat job=cutcount_b1 t=2026-08-13T01:50:55-04:00 elapsed_s=616.4 rate=0.02434/s count=15 modp H=15 states=2624197
event=heartbeat job=cutcount_b1 t=2026-08-13T01:51:42-04:00 elapsed_s=663.5 rate=0.02411/s count=16 modp H=15 states=2624197
event=heartbeat job=cutcount_b1 t=2026-08-13T01:52:28-04:00 elapsed_s=709.8 rate=0.02395/s count=17 modp H=15 states=2624197
event=heartbeat job=cutcount_b1 t=2026-08-13T01:53:59-04:00 elapsed_s=800.0 rate=0.02375/s count=19 modp H=15 states=2624197
event=heartbeat job=cutcount_b1 t=2026-08-13T01:54:44-04:00 elapsed_s=845.4 rate=0.02366/s count=20 modp H=15 states=2624197
event=heartbeat job=cutcount_b1 t=2026-08-13T01:55:31-04:00 elapsed_s=891.9 rate=0.02354/s count=21 modp H=15 states=2624197
event=heartbeat job=cutcount_b1 t=2026-08-13T01:56:19-04:00 elapsed_s=940.1 rate=0.0234/s count=22 modp H=15 states=2624197
event=heartbeat job=cutcount_b1 t=2026-08-13T01:57:05-04:00 elapsed_s=986.6 rate=0.02331/s count=23 modp H=15 states=2624197
event=heartbeat job=cutcount_b1 t=2026-08-13T01:57:53-04:00 elapsed_s=1034.2 rate=0.02321/s count=24 modp H=15 states=2624197
event=heartbeat job=cutcount_b1 t=2026-08-13T01:58:39-04:00 elapsed_s=1080.4 rate=0.02314/s count=25 modp H=15 states=2624197
event=heartbeat job=cutcount_b1 t=2026-08-13T01:59:25-04:00 elapsed_s=1126.5 rate=0.02308/s count=26 modp H=15 states=2624197
event=heartbeat job=cutcount_b1 t=2026-08-13T02:00:12-04:00 elapsed_s=1173.2 rate=0.02301/s count=27 modp H=15 states=2624197
event=heartbeat job=cutcount_b1 t=2026-08-13T02:00:58-04:00 elapsed_s=1218.9 rate=0.02297/s count=28 modp H=15 states=2624197
event=heartbeat job=cutcount_b1 t=2026-08-13T02:01:44-04:00 elapsed_s=1265.1 rate=0.02292/s count=29 modp H=15 states=2624197
event=heartbeat job=cutcount_b1 t=2026-08-13T02:02:30-04:00 elapsed_s=1311.7 rate=0.02287/s count=30 modp H=15 states=2624197
event=heartbeat job=cutcount_b1 t=2026-08-13T02:03:18-04:00 elapsed_s=1358.9 rate=0.02281/s count=31 modp H=15 states=2624197
event=heartbeat job=cutcount_b1 t=2026-08-13T02:04:05-04:00 elapsed_s=1406.2 rate=0.02276/s count=32 modp H=15 states=2624197
event=heartbeat job=cutcount_b1 t=2026-08-13T02:04:52-04:00 elapsed_s=1452.9 rate=0.02271/s count=33 modp H=15 states=2624197
event=heartbeat job=cutcount_b1 t=2026-08-13T02:05:39-04:00 elapsed_s=1500.3 rate=0.02266/s count=34 modp H=15 states=2624197
event=heartbeat job=cutcount_b1 t=2026-08-13T02:06:27-04:00 elapsed_s=1548.4 rate=0.0226/s count=35 modp H=15 states=2624197
event=heartbeat job=cutcount_b1 t=2026-08-13T02:07:14-04:00 elapsed_s=1595.8 rate=0.02256/s count=36 modp H=15 states=2624197
event=heartbeat job=cutcount_b1 t=2026-08-13T02:08:03-04:00 elapsed_s=1644.0 rate=0.02251/s count=37 modp H=15 states=2624197
event=heartbeat job=cutcount_b1 t=2026-08-13T02:08:50-04:00 elapsed_s=1691.8 rate=0.02246/s count=38 modp H=15 states=2624197
event=heartbeat job=cutcount_b1 t=2026-08-13T02:09:40-04:00 elapsed_s=1741.4 rate=0.0224/s count=39 modp H=15 states=2624197
event=heartbeat job=cutcount_b1 t=2026-08-13T02:10:29-04:00 elapsed_s=1790.1 rate=0.02235/s count=40 modp H=15 states=2624197
event=heartbeat job=cutcount_b1 t=2026-08-13T02:11:18-04:00 elapsed_s=1839.1 rate=0.02229/s count=41 modp H=15 states=2624197
event=done job=cutcount_b1 t=2026-08-13T02:11:19-04:00 start=2026-08-13T01:40:39-04:00 wall_s=1840.7 cpu_s=1839.1 peak_rss_mb=2355.9 mode=modp H=15
C_15 mod 2147483647, n<=40 -> /home/jasonp/src/pm-b1-perf/results/cutcount_b1/modp/C15.p2147483647.out
	Command being timed: "/home/jasonp/src/pm-b1-perf/build/cutcount_b1 --modp 15 40 2147483647 /home/jasonp/src/pm-b1-perf/results/cutcount_b1/modp/C15.p2147483647.out"
	User time (seconds): 1833.43
	System time (seconds): 5.63
	Percent of CPU this job got: 99%
	Elapsed (wall clock) time (h:mm:ss or m:ss): 30:40.72
	Average shared text size (kbytes): 0
	Average unshared data size (kbytes): 0
	Average stack size (kbytes): 0
	Average total size (kbytes): 0
	Maximum resident set size (kbytes): 2412408
	Average resident set size (kbytes): 0
	Major (requiring I/O) page faults: 0
	Minor (reclaiming a frame) page faults: 3066643
	Voluntary context switches: 588
	Involuntary context switches: 22525
	Swaps: 0
	File system inputs: 0
	File system outputs: 288
	Socket messages sent: 0
	Socket messages received: 0
	Signals delivered: 0
	Page size (bytes): 4096
	Exit status: 0
--- H=15 rc=0 end 2026-08-13T06:11:19Z
CMP H=15: IDENTICAL to the unpatched row
=== PERF-JOB-1 done 2026-08-13T06:11:19Z cmp_failures=0
