event=start job=r4_spin_engine t=2026-08-13T02:12:12-04:00 git=unknown built=unknown host=dalby total=656 m=1..16 cols=41 nmax=40 mutant=none threads=1 inject=no
event=heartbeat job=r4_spin_engine t=2026-08-13T02:12:12-04:00 elapsed_s=0.0 rate=2.573e+05/s done=0.0625 eta=2026-08-13T02:12:12-04:00 m_done=1 states=7 wall_s=0.000031 peak_rss_mb=2.609375
event=heartbeat job=r4_spin_engine t=2026-08-13T02:12:12-04:00 elapsed_s=0.0 rate=3.048e+05/s done=0.1250 eta=2026-08-13T02:12:12-04:00 m_done=2 states=17 wall_s=0.000093 peak_rss_mb=2.609375
event=heartbeat job=r4_spin_engine t=2026-08-13T02:12:12-04:00 elapsed_s=0.0 rate=2.038e+05/s done=0.1875 eta=2026-08-13T02:12:12-04:00 m_done=3 states=41 wall_s=0.000321 peak_rss_mb=2.609375
event=heartbeat job=r4_spin_engine t=2026-08-13T02:12:12-04:00 elapsed_s=0.0 rate=7.668e+04/s done=0.2500 eta=2026-08-13T02:12:12-04:00 m_done=4 states=99 wall_s=0.001516 peak_rss_mb=2.609375
event=heartbeat job=r4_spin_engine t=2026-08-13T02:12:12-04:00 elapsed_s=0.0 rate=3.916e+04/s done=0.3125 eta=2026-08-13T02:12:12-04:00 m_done=5 states=239 wall_s=0.003060 peak_rss_mb=2.609375
event=heartbeat job=r4_spin_engine t=2026-08-13T02:12:12-04:00 elapsed_s=0.0 rate=1.789e+04/s done=0.3750 eta=2026-08-13T02:12:12-04:00 m_done=6 states=577 wall_s=0.008478 peak_rss_mb=2.609375
event=heartbeat job=r4_spin_engine t=2026-08-13T02:12:12-04:00 elapsed_s=0.0 rate=8202/s done=0.4375 eta=2026-08-13T02:12:12-04:00 m_done=7 states=1393 wall_s=0.021186 peak_rss_mb=2.609375
event=heartbeat job=r4_spin_engine t=2026-08-13T02:12:12-04:00 elapsed_s=0.1 rate=3928/s done=0.5000 eta=2026-08-13T02:12:12-04:00 m_done=8 states=3363 wall_s=0.048418 peak_rss_mb=2.609375
event=heartbeat job=r4_spin_engine t=2026-08-13T02:12:12-04:00 elapsed_s=0.2 rate=1710/s done=0.5625 eta=2026-08-13T02:12:12-04:00 m_done=9 states=8119 wall_s=0.132128 peak_rss_mb=2.609375
event=heartbeat job=r4_spin_engine t=2026-08-13T02:12:13-04:00 elapsed_s=0.6 rate=705.8/s done=0.6250 eta=2026-08-13T02:12:13-04:00 m_done=10 states=19601 wall_s=0.364574 peak_rss_mb=3.234375
event=heartbeat job=r4_spin_engine t=2026-08-13T02:12:13-04:00 elapsed_s=1.0 rate=437.5/s done=0.6875 eta=2026-08-13T02:12:13-04:00 m_done=11 states=47321 wall_s=0.448719 peak_rss_mb=3.859375
event=heartbeat job=r4_spin_engine t=2026-08-13T02:12:14-04:00 elapsed_s=2.2 rate=221.8/s done=0.7500 eta=2026-08-13T02:12:14-04:00 m_done=12 states=114243 wall_s=1.183978 peak_rss_mb=5.066406
event=heartbeat job=r4_spin_engine t=2026-08-13T02:12:17-04:00 elapsed_s=5.3 rate=99.91/s done=0.8125 eta=2026-08-13T02:12:18-04:00 m_done=13 states=275807 wall_s=3.109166 peak_rss_mb=9.070312
event=heartbeat job=r4_spin_engine t=2026-08-13T02:12:25-04:00 elapsed_s=13.5 rate=42.54/s done=0.8750 eta=2026-08-13T02:12:26-04:00 m_done=14 states=665857 wall_s=8.143911 peak_rss_mb=17.585938
event=heartbeat job=r4_spin_engine t=2026-08-13T02:12:46-04:00 elapsed_s=34.5 rate=17.84/s done=0.9375 eta=2026-08-13T02:12:48-04:00 m_done=15 states=1607521 wall_s=20.950115 peak_rss_mb=38.675781
event=heartbeat job=r4_spin_engine t=2026-08-13T02:13:32-04:00 elapsed_s=80.5 rate=8.073/s done=0.9909 eta=2026-08-13T02:13:32-04:00 m=16 col=35 states=3880899
event=heartbeat job=r4_spin_engine t=2026-08-13T02:13:41-04:00 elapsed_s=88.6 rate=7.406/s done=1.0000 m_done=16 states=3880899 wall_s=54.012634 peak_rss_mb=90.691406
event=harvest job=r4_spin_engine out=results/r4/spin_m16.txt sha256=578c940cfb6a96b83af086765aed8b2a247a138d6db6d1cde600ed0535c5a626 cells=640
oracle=/home/jasonp/src/polyominoes/results/cutcount_b1/rows compared=640 mismatch=0 compared_hlen=520 mismatch_hlen=0 mutant=none inject=no structural_checks=1280 structural_failures=0 sha256=578c940cfb6a96b83af086765aed8b2a247a138d6db6d1cde600ed0535c5a626
event=done job=r4_spin_engine t=2026-08-13T02:13:41-04:00 start=2026-08-13T02:12:12-04:00 wall_s=88.6 cpu_s=88.5 peak_rss_mb=90.7 compared=640 mismatch=0 mismatch_hlen=0 mutant=none sha256=578c940cfb6a96b83af086765aed8b2a247a138d6db6d1cde600ed0535c5a626
	Command being timed: "build/r4_spin_engine --m 1..16 --cols 41 --nmax 40 --mod 4 --dense-rank --oracle /home/jasonp/src/polyominoes/results/cutcount_b1/rows --out results/r4/spin_m16.txt --report-rss"
	User time (seconds): 88.52
	System time (seconds): 0.00
	Percent of CPU this job got: 99%
	Elapsed (wall clock) time (h:mm:ss or m:ss): 1:28.58
	Average shared text size (kbytes): 0
	Average unshared data size (kbytes): 0
	Average stack size (kbytes): 0
	Average total size (kbytes): 0
	Maximum resident set size (kbytes): 92868
	Average resident set size (kbytes): 0
	Major (requiring I/O) page faults: 0
	Minor (reclaiming a frame) page faults: 9227
	Voluntary context switches: 3
	Involuntary context switches: 1404
	Swaps: 0
	File system inputs: 0
	File system outputs: 80
	Socket messages sent: 0
	Socket messages received: 0
	Signals delivered: 0
	Page size (bytes): 4096
	Exit status: 0
EXIT=0
