4 4 0 27
4 5 0 234
4 5 1 6
4 6 0 1399
4 6 1 79
4 6 2 2
4 7 0 7246
4 7 1 624
4 7 2 28
4 8 0 34928
4 8 1 3951
4 8 2 238
4 8 3 2
4 9 0 161254
4 9 1 22276
4 9 2 1634
4 9 3 34
4 10 0 723077
4 10 1 117230
4 10 2 10005
4 10 3 336
4 10 4 2
4 11 0 3174950
4 11 1 589548
4 11 2 57072
4 11 3 2592
4 11 4 38
4 12 0 13724609
4 12 1 2870080
4 12 2 310184
4 12 3 17434
4 12 4 420
4 12 5 2
4 13 0 58628842
4 13 1 13633442
4 13 2 1626938
4 13 3 107694
4 13 4 3590
4 13 5 42
4 14 0 248174504
4 14 1 63529036
4 14 2 8301121
4 14 3 627911
4 14 4 26440
4 14 5 510
4 14 6 2
4 15 0 1043070592
4 15 1 291513820
4 15 2 41423542
4 15 3 3510040
4 15 4 176920
4 15 5 4752
4 15 6 46
4 16 0 4359518279
4 16 1 1321017994
4 16 2 202947149
4 16 3 18995129
4 16 4 1107558
4 16 5 37844
4 16 6 608
4 16 7 2
