5 5 0 81
5 6 0 918
5 6 1 27
5 7 0 6828
5 7 1 432
5 7 2 13
5 8 0 42714
5 8 1 4124
5 8 2 224
5 8 3 4
5 9 0 244664
5 9 1 31176
5 9 2 2317
5 9 3 82
5 9 4 1
5 10 0 1330872
5 10 1 207516
5 10 2 19023
5 10 3 962
5 10 4 26
5 11 0 6997082
5 11 1 1279028
5 11 2 137069
5 11 3 8750
5 11 4 353
5 11 5 4
5 12 0 35896879
5 12 1 7493581
5 12 2 909371
5 12 3 68995
5 12 4 3535
5 12 5 91
5 13 0 180756636
5 13 1 42344078
5 13 2 5704538
5 13 3 496070
5 13 4 30081
5 13 5 1158
5 13 6 10
5 14 0 896918450
5 14 1 232797800
5 14 2 34368057
5 14 3 3343785
5 14 4 231761
5 14 5 11273
5 14 6 232
5 14 7 1
5 15 0 4398310744
5 15 1 1252369820
5 15 2 200772072
5 15 3 21498718
5 15 4 1666507
5 15 5 95050
5 15 6 3047
5 15 7 40
5 16 0 21362007494
5 16 1 6619313734
5 16 2 1144405405
5 16 3 133329051
5 16 4 11380165
5 16 5 733878
5 16 6 30725
5 16 7 713
5 16 8 4
