8 8 0 2187
8 9 0 42282
8 9 1 1458
8 10 0 490779
8 10 1 35235
8 10 2 1080
8 11 0 4482702
8 11 1 489564
8 11 2 28188
8 11 3 660
8 12 0 35708184
8 12 1 5186007
8 12 2 423480
8 12 3 18775
8 12 4 438
8 13 0 261072296
8 13 1 46797862
8 13 2 4841598
8 13 3 304610
8 13 4 13026
8 13 5 254
8 14 0 1803017151
8 14 1 380872055
8 14 2 46962455
8 14 3 3737208
8 14 4 220527
8 14 5 8108
8 14 6 170
8 15 0 11968187610
8 15 1 2889818882
8 15 2 408803982
8 15 3 38702250
8 15 4 2820956
8 15 5 145638
8 15 6 5542
8 15 7 90
8 16 0 77201906009
8 16 1 20864159160
8 16 2 3301315331
8 16 3 357977299
8 16 4 30448660
8 16 5 1961562
8 16 6 101525
8 16 7 3257
8 16 8 54
