1 11
2 41
3 192
4 992
5 5410
6 30558
7 176846
8 1041469
9 6212576
10 37413512
11 226892984
12 1382845308
13 8456211399
14 51816502259
15 317857646422
16 1950643304412
17 11970580321880
18 73440306469856
19 450381853873707
20 2760808715999661
21 16916295360599825
22 103610732192440684
23 634391877507566944
24 3883186471707078141
25 23764024607502269542
26 145403154307531602339
27 889544645581723544213
28 5441475520210087951800
29 33283779211087098378953
30 203575278496958661650600
31 1245091074023278714085355
32 7614936463508087811762125
33 46571955826108352941962258
34 284825260405766248829067682
35 1741928387773444485459259107
36 10653226054539842215040697275
37 65152615217468580300089821154
38 398458326301987793448072247179
39 2436882294623648289574567845582
40 14903452577089304858387330302229
41 91146484515480372592046851371842
