1 12
2 45
3 212
4 1102
5 6048
6 34390
7 200438
8 1189410
9 7153558
10 43466692
11 266192392
12 1639950454
13 10148611024
14 63005872851
15 392020915500
16 2442518891989
17 15229963154516
18 94994562056201
19 592524841546856
20 3695217022277991
21 23038419156014674
22 143589926800897322
23 894643641928821080
24 5572343048894526100
25 34697656012269859552
26 215999454776386853224
27 1344348356470985517928
28 8365530042444585755612
29 52048960541789446628390
30 323802626146184327784626
31 2014231073601924676946052
32 12528755818466217395642202
33 77926249281633125446896010
34 484666213456685081547382449
35 3014321411018979262433868872
36 18746829916379407873130187063
37 116589740931035022884420922322
38 725085288962189656775649707158
39 4509367088810304186583256855356
40 28044059200236869036511855619750
41 174407703444028742672186418295780
