1 15
2 57
3 272
4 1432
5 7962
6 45886
7 271214
8 1633233
9 9976504
10 61626232
11 384090616
12 2411265892
13 15227404222
14 96631203108
15 615664540194
16 3935424382831
17 25222664109956
18 161998111474343
19 1042190955515594
20 6713207434848171
21 43282464209245041
22 279236300977321361
23 1802236659365168255
24 11634688090196609983
25 75117617689391719123
26 484986430508810027085
27 3131031123616937099647
28 20211320334743422939419
29 130448455075770271632943
30 841809172808730563269973
31 5431462706397020878849691
32 35038826076436080412825339
33 226003531064088106485384059
34 1457533526451611630577280446
35 9398640583035050743918653244
36 60598314774965312458913090133
37 390670802095259058100811207637
38 2518384054254539595494840420429
39 16233005201543830235093341547367
40 104627727455129852108332166454184
41 674326181718854597937459782991625
