1 17
2 65
3 312
4 1652
5 9238
6 53550
7 318398
8 1929115
9 11858468
10 73732592
11 462689432
12 2925476184
13 18613266354
14 119049152828
15 764805639622
16 4931774020803
17 31903353680021
18 206938233713900
19 1345348406850377
20 8763130934950237
21 57170733290536402
22 373468240110747456
23 2442244654783382729
24 15983947769132314832
25 104677926601272364778
26 685853559014587566656
27 4495245330441414327368
28 29469454543581947834890
29 193218138467819026594640
30 1266920840704439150973825
31 8307162555546021331999549
32 54467757377081142762136878
33 357105710290759636083926086
34 2341076953441109228782596761
35 15345836393767932661964076890
36 100581568671338091628605485025
37 659171170022469987471386421065
38 4319470005337189638465607137743
39 28301977117080069004812766371466
40 185421250625162211151368353883696
41 1214678987268359886376526166103672
