1 19
2 73
3 352
4 1872
5 10514
6 61214
7 365582
8 2224997
9 13740432
10 85838952
11 541288248
12 3439686476
13 21999128486
14 141467102548
15 913946739050
16 5928123658775
17 38584086296807
18 251880551336228
19 1648566425453048
20 10814256062893280
21 71078232782441354
22 467964230471323237
23 3085484177124099368
24 20369368498073036034
25 134614985707469216842
26 890424485948237238096
27 5894167733003299083163
28 39040079492055351826372
29 258707892758765766520396
30 1715038858153276563970517
31 11372717133209691464833396
32 75430490462661973263300097
33 500372882939455564286930512
34 3319565536110233416451573064
35 22023693934643507588753055183
36 146118455182569908511117404937
37 969424101039564419856915840652
38 6431422464837126696013802124095
39 42665593245020063480865897454001
40 283022589187650794646832544780855
41 1877299896518739868237600027769690
