1 2
2 5
3 12
4 29
5 70
6 169
7 408
8 985
9 2378
10 5741
11 13860
12 33461
13 80782
14 195025
15 470832
16 1136689
17 2744210
18 6625109
19 15994428
20 38613965
21 93222358
22 225058681
23 543339720
24 1311738121
25 3166815962
26 7645370045
27 18457556052
28 44560482149
29 107578520350
30 259717522849
31 627013566048
32 1513744654945
33 3654502875938
34 8822750406821
35 21300003689580
36 51422757785981
37 124145519261542
38 299713796309065
39 723573111879672
40 1746860020068409
41 4217293152016490
