1 3
2 9
3 32
4 112
5 387
6 1333
7 4590
8 15806
9 54431
10 187445
11 645508
12 2222948
13 7655207
14 26362377
15 90784602
16 312636602
17 1076632411
18 3707618817
19 12767995048
20 43969379160
21 151418158955
22 521441496317
23 1795697662406
24 6183877036150
25 21295530978743
26 73335811338989
27 252547881060876
28 869703778601676
29 2995014883263695
30 10313987787190417
31 35518469263295154
32 122315605257401458
33 421220497386279219
34 1450564766817504377
35 4995336541760754224
36 17202532238665409600
37 59240676368526409171
38 204008205763592321861
39 702546806859077223326
40 2419373348147789659182
41 8331640455241530599247
