1 4
2 13
3 52
4 222
5 944
6 3977
7 16670
8 69746
9 291682
10 1219799
11 5101356
12 21335164
13 89230180
14 373189253
15 1560798084
16 6527761078
17 27301198016
18 114182388641
19 477547450908
20 1997256926082
21 8353170395360
22 34935643382869
23 146112089353394
24 611087719936462
25 2555765256171926
26 10689031756958883
27 44704966398981420
28 186970538227380384
29 781970885583469964
30 3270453578928645433
31 13678088032581521704
32 57206160464243600682
33 239254549851233789724
34 1000639426942422649989
35 4184995701750495002980
36 17502997135728398862582
37 73203159708186743466160
38 306159142329042532918545
39 1280455936674167279427782
40 5355278282044586870928138
41 22397495030269251899242666
