1 7
2 25
3 112
4 552
5 2858
6 15230
7 82478
8 449705
9 2455209
10 13389603
11 72891774
12 396167219
13 2150484456
14 11663390109
15 63224139573
16 342616904743
17 1856374221708
18 10057512309767
19 54488420764143
20 295199972251771
21 1599303213444474
22 8664603498576449
23 46942870162916137
24 254327255860145879
25 1377900142765924046
26 7465236364913219791
27 40445474923564286664
28 219127359631079470248
29 1187198675888358329883
30 6432062377167217097588
31 34847938895278975291367
32 188800845373639873037747
33 1022894298129878134960715
34 5541885743602928765442957
35 30025093453261537213298692
36 162671383841885470712798099
37 881328776233880075135014650
38 4774905021896239365615108548
39 25869707786223401264585920815
40 140158134463875156018543567290
41 759355413303866596669073677038
