=== C_18 mod 2147483647 start 2026-08-14T17:56:13-04:00 host=dalby
event=start job=cutcount_b1 t=2026-08-14T17:56:13-04:00 git=4df3fec9 built=2026-08-14T06:32:10-0400 host=dalby
event=heartbeat job=cutcount_b1 t=2026-08-14T18:26:56-04:00 elapsed_s=1842.7 rate=0.001085/s count=2 modp H=18 states=72487711
event=heartbeat job=cutcount_b1 t=2026-08-14T18:56:46-04:00 elapsed_s=3632.8 rate=0.0008258/s count=3 modp H=18 states=72487711
event=heartbeat job=cutcount_b1 t=2026-08-14T19:27:58-04:00 elapsed_s=5504.9 rate=0.0007266/s count=4 modp H=18 states=72487711
event=heartbeat job=cutcount_b1 t=2026-08-14T20:01:23-04:00 elapsed_s=7510.0 rate=0.0006658/s count=5 modp H=18 states=72487711
event=heartbeat job=cutcount_b1 t=2026-08-14T20:35:48-04:00 elapsed_s=9574.5 rate=0.0006267/s count=6 modp H=18 states=72487711
event=heartbeat job=cutcount_b1 t=2026-08-14T21:08:48-04:00 elapsed_s=11555.4 rate=0.0006058/s count=7 modp H=18 states=72487711
event=heartbeat job=cutcount_b1 t=2026-08-14T21:42:38-04:00 elapsed_s=13585.1 rate=0.0005889/s count=8 modp H=18 states=72487711
event=heartbeat job=cutcount_b1 t=2026-08-14T22:16:34-04:00 elapsed_s=15621.0 rate=0.0005761/s count=9 modp H=18 states=72487711
event=heartbeat job=cutcount_b1 t=2026-08-14T22:50:16-04:00 elapsed_s=17642.9 rate=0.0005668/s count=10 modp H=18 states=72487711
event=heartbeat job=cutcount_b1 t=2026-08-14T23:25:55-04:00 elapsed_s=19781.5 rate=0.0005561/s count=11 modp H=18 states=72487711
event=heartbeat job=cutcount_b1 t=2026-08-15T00:00:30-04:00 elapsed_s=21857.2 rate=0.000549/s count=12 modp H=18 states=72487711
event=heartbeat job=cutcount_b1 t=2026-08-15T00:34:31-04:00 elapsed_s=23898.3 rate=0.000544/s count=13 modp H=18 states=72487711
event=heartbeat job=cutcount_b1 t=2026-08-15T01:08:47-04:00 elapsed_s=25953.8 rate=0.0005394/s count=14 modp H=18 states=72487711
event=heartbeat job=cutcount_b1 t=2026-08-15T01:42:16-04:00 elapsed_s=27963.1 rate=0.0005364/s count=15 modp H=18 states=72487711
event=heartbeat job=cutcount_b1 t=2026-08-15T02:16:59-04:00 elapsed_s=30045.7 rate=0.0005325/s count=16 modp H=18 states=72487711
event=heartbeat job=cutcount_b1 t=2026-08-15T02:52:39-04:00 elapsed_s=32186.1 rate=0.0005282/s count=17 modp H=18 states=72487711
event=heartbeat job=cutcount_b1 t=2026-08-15T03:26:28-04:00 elapsed_s=34215.1 rate=0.0005261/s count=18 modp H=18 states=72487711
event=heartbeat job=cutcount_b1 t=2026-08-15T04:02:32-04:00 elapsed_s=36379.4 rate=0.0005223/s count=19 modp H=18 states=72487711
event=heartbeat job=cutcount_b1 t=2026-08-15T04:37:17-04:00 elapsed_s=38463.9 rate=0.00052/s count=20 modp H=18 states=72487711
event=heartbeat job=cutcount_b1 t=2026-08-15T05:12:46-04:00 elapsed_s=40592.6 rate=0.0005173/s count=21 modp H=18 states=72487711
event=heartbeat job=cutcount_b1 t=2026-08-15T05:46:25-04:00 elapsed_s=42611.8 rate=0.0005163/s count=22 modp H=18 states=72487711
event=heartbeat job=cutcount_b1 t=2026-08-15T06:20:10-04:00 elapsed_s=44636.9 rate=0.0005153/s count=23 modp H=18 states=72487711
event=heartbeat job=cutcount_b1 t=2026-08-15T06:53:52-04:00 elapsed_s=46659.0 rate=0.0005144/s count=24 modp H=18 states=72487711
event=heartbeat job=cutcount_b1 t=2026-08-15T07:29:50-04:00 elapsed_s=48817.4 rate=0.0005121/s count=25 modp H=18 states=72487711
event=heartbeat job=cutcount_b1 t=2026-08-15T08:02:55-04:00 elapsed_s=50802.3 rate=0.0005118/s count=26 modp H=18 states=72487711
event=heartbeat job=cutcount_b1 t=2026-08-15T08:36:24-04:00 elapsed_s=52811.3 rate=0.0005113/s count=27 modp H=18 states=72487711
event=heartbeat job=cutcount_b1 t=2026-08-15T09:09:37-04:00 elapsed_s=54804.5 rate=0.0005109/s count=28 modp H=18 states=72487711
event=heartbeat job=cutcount_b1 t=2026-08-15T09:42:15-04:00 elapsed_s=56761.9 rate=0.0005109/s count=29 modp H=18 states=72487711
event=heartbeat job=cutcount_b1 t=2026-08-15T10:15:26-04:00 elapsed_s=58752.5 rate=0.0005106/s count=30 modp H=18 states=72487711
event=heartbeat job=cutcount_b1 t=2026-08-15T10:49:08-04:00 elapsed_s=60775.2 rate=0.0005101/s count=31 modp H=18 states=72487711
event=heartbeat job=cutcount_b1 t=2026-08-15T11:22:01-04:00 elapsed_s=62747.8 rate=0.00051/s count=32 modp H=18 states=72487711
event=heartbeat job=cutcount_b1 t=2026-08-15T11:54:33-04:00 elapsed_s=64700.4 rate=0.00051/s count=33 modp H=18 states=72487711
event=heartbeat job=cutcount_b1 t=2026-08-15T12:28:01-04:00 elapsed_s=66708.5 rate=0.0005097/s count=34 modp H=18 states=72487711
event=heartbeat job=cutcount_b1 t=2026-08-15T13:00:49-04:00 elapsed_s=68675.9 rate=0.0005096/s count=35 modp H=18 states=72487711
event=heartbeat job=cutcount_b1 t=2026-08-15T13:33:55-04:00 elapsed_s=70662.1 rate=0.0005095/s count=36 modp H=18 states=72487711
event=heartbeat job=cutcount_b1 t=2026-08-15T14:07:18-04:00 elapsed_s=72664.9 rate=0.0005092/s count=37 modp H=18 states=72487711
event=heartbeat job=cutcount_b1 t=2026-08-15T14:39:58-04:00 elapsed_s=74625.0 rate=0.0005092/s count=38 modp H=18 states=72487711
event=heartbeat job=cutcount_b1 t=2026-08-15T15:12:59-04:00 elapsed_s=76606.0 rate=0.0005091/s count=39 modp H=18 states=72487711
event=heartbeat job=cutcount_b1 t=2026-08-15T15:46:18-04:00 elapsed_s=78605.5 rate=0.0005089/s count=40 modp H=18 states=72487711
event=heartbeat job=cutcount_b1 t=2026-08-15T16:19:20-04:00 elapsed_s=80587.3 rate=0.0005088/s count=41 modp H=18 states=72487711
event=done job=cutcount_b1 t=2026-08-15T16:20:06-04:00 start=2026-08-14T17:56:13-04:00 wall_s=80632.9 cpu_s=80583.5 peak_rss_mb=65943.7 mode=modp H=18
C_18 mod 2147483647, n<=40 -> /home/jasonp/var/motley-h18/C18.p2147483647.out.tmp
=== C_18 mod 2147483647 done 2026-08-15T16:20:08-04:00
=== C_18 mod 2147483629 start 2026-08-15T16:20:08-04:00 host=dalby
event=start job=cutcount_b1 t=2026-08-15T16:20:08-04:00 git=4df3fec9 built=2026-08-14T06:32:10-0400 host=dalby
event=heartbeat job=cutcount_b1 t=2026-08-15T16:50:40-04:00 elapsed_s=1832.1 rate=0.001092/s count=2 modp H=18 states=72487711
event=heartbeat job=cutcount_b1 t=2026-08-15T17:20:30-04:00 elapsed_s=3621.8 rate=0.0008283/s count=3 modp H=18 states=72487711
event=heartbeat job=cutcount_b1 t=2026-08-15T17:51:51-04:00 elapsed_s=5502.9 rate=0.0007269/s count=4 modp H=18 states=72487711
event=heartbeat job=cutcount_b1 t=2026-08-15T18:25:23-04:00 elapsed_s=7515.3 rate=0.0006653/s count=5 modp H=18 states=72487711
event=heartbeat job=cutcount_b1 t=2026-08-15T19:00:11-04:00 elapsed_s=9603.5 rate=0.0006248/s count=6 modp H=18 states=72487711
event=heartbeat job=cutcount_b1 t=2026-08-15T19:34:24-04:00 elapsed_s=11655.8 rate=0.0006006/s count=7 modp H=18 states=72487711
event=heartbeat job=cutcount_b1 t=2026-08-15T20:08:57-04:00 elapsed_s=13729.2 rate=0.0005827/s count=8 modp H=18 states=72487711
event=heartbeat job=cutcount_b1 t=2026-08-15T20:42:45-04:00 elapsed_s=15757.3 rate=0.0005712/s count=9 modp H=18 states=72487711
event=heartbeat job=cutcount_b1 t=2026-08-15T21:16:41-04:00 elapsed_s=17792.9 rate=0.000562/s count=10 modp H=18 states=72487711
event=heartbeat job=cutcount_b1 t=2026-08-15T21:52:30-04:00 elapsed_s=19941.9 rate=0.0005516/s count=11 modp H=18 states=72487711
event=heartbeat job=cutcount_b1 t=2026-08-15T22:27:16-04:00 elapsed_s=22027.9 rate=0.0005448/s count=12 modp H=18 states=72487711
event=heartbeat job=cutcount_b1 t=2026-08-15T23:01:16-04:00 elapsed_s=24067.9 rate=0.0005401/s count=13 modp H=18 states=72487711
event=heartbeat job=cutcount_b1 t=2026-08-15T23:35:35-04:00 elapsed_s=26127.6 rate=0.0005358/s count=14 modp H=18 states=72487711
event=heartbeat job=cutcount_b1 t=2026-08-16T00:09:00-04:00 elapsed_s=28131.8 rate=0.0005332/s count=15 modp H=18 states=72487711
event=heartbeat job=cutcount_b1 t=2026-08-16T00:43:25-04:00 elapsed_s=30196.8 rate=0.0005299/s count=16 modp H=18 states=72487711
event=heartbeat job=cutcount_b1 t=2026-08-16T01:19:58-04:00 elapsed_s=32390.6 rate=0.0005248/s count=17 modp H=18 states=72487711
event=heartbeat job=cutcount_b1 t=2026-08-16T01:54:17-04:00 elapsed_s=34449.3 rate=0.0005225/s count=18 modp H=18 states=72487711
event=heartbeat job=cutcount_b1 t=2026-08-16T02:30:59-04:00 elapsed_s=36651.6 rate=0.0005184/s count=19 modp H=18 states=72487711
event=heartbeat job=cutcount_b1 t=2026-08-16T03:05:58-04:00 elapsed_s=38750.2 rate=0.0005161/s count=20 modp H=18 states=72487711
event=heartbeat job=cutcount_b1 t=2026-08-16T03:41:17-04:00 elapsed_s=40869.6 rate=0.0005138/s count=21 modp H=18 states=72487711
event=heartbeat job=cutcount_b1 t=2026-08-16T04:14:55-04:00 elapsed_s=42886.9 rate=0.000513/s count=22 modp H=18 states=72487711
event=heartbeat job=cutcount_b1 t=2026-08-16T04:48:34-04:00 elapsed_s=44906.5 rate=0.0005122/s count=23 modp H=18 states=72487711
event=heartbeat job=cutcount_b1 t=2026-08-16T05:22:28-04:00 elapsed_s=46940.0 rate=0.0005113/s count=24 modp H=18 states=72487711
event=heartbeat job=cutcount_b1 t=2026-08-16T05:58:50-04:00 elapsed_s=49121.8 rate=0.0005089/s count=25 modp H=18 states=72487711
event=heartbeat job=cutcount_b1 t=2026-08-16T06:32:10-04:00 elapsed_s=51122.1 rate=0.0005086/s count=26 modp H=18 states=72487711
event=heartbeat job=cutcount_b1 t=2026-08-16T07:05:35-04:00 elapsed_s=53127.3 rate=0.0005082/s count=27 modp H=18 states=72487711
event=heartbeat job=cutcount_b1 t=2026-08-16T07:39:06-04:00 elapsed_s=55138.0 rate=0.0005078/s count=28 modp H=18 states=72487711
event=heartbeat job=cutcount_b1 t=2026-08-16T08:12:03-04:00 elapsed_s=57114.8 rate=0.0005077/s count=29 modp H=18 states=72487711
event=heartbeat job=cutcount_b1 t=2026-08-16T08:45:30-04:00 elapsed_s=59122.1 rate=0.0005074/s count=30 modp H=18 states=72487711
event=heartbeat job=cutcount_b1 t=2026-08-16T09:18:57-04:00 elapsed_s=61129.6 rate=0.0005071/s count=31 modp H=18 states=72487711
event=heartbeat job=cutcount_b1 t=2026-08-16T09:51:49-04:00 elapsed_s=63100.8 rate=0.0005071/s count=32 modp H=18 states=72487711
event=heartbeat job=cutcount_b1 t=2026-08-16T10:24:34-04:00 elapsed_s=65065.9 rate=0.0005072/s count=33 modp H=18 states=72487711
event=heartbeat job=cutcount_b1 t=2026-08-16T10:57:28-04:00 elapsed_s=67040.6 rate=0.0005072/s count=34 modp H=18 states=72487711
event=heartbeat job=cutcount_b1 t=2026-08-16T11:29:30-04:00 elapsed_s=68962.0 rate=0.0005075/s count=35 modp H=18 states=72487711
event=heartbeat job=cutcount_b1 t=2026-08-16T12:01:47-04:00 elapsed_s=70899.7 rate=0.0005078/s count=36 modp H=18 states=72487711
event=heartbeat job=cutcount_b1 t=2026-08-16T12:34:03-04:00 elapsed_s=72835.0 rate=0.000508/s count=37 modp H=18 states=72487711
event=heartbeat job=cutcount_b1 t=2026-08-16T13:05:46-04:00 elapsed_s=74738.3 rate=0.0005084/s count=38 modp H=18 states=72487711
event=heartbeat job=cutcount_b1 t=2026-08-16T13:37:53-04:00 elapsed_s=76664.9 rate=0.0005087/s count=39 modp H=18 states=72487711
event=heartbeat job=cutcount_b1 t=2026-08-16T14:10:26-04:00 elapsed_s=78618.0 rate=0.0005088/s count=40 modp H=18 states=72487711
event=heartbeat job=cutcount_b1 t=2026-08-16T14:42:57-04:00 elapsed_s=80569.5 rate=0.0005089/s count=41 modp H=18 states=72487711
event=done job=cutcount_b1 t=2026-08-16T14:43:42-04:00 start=2026-08-15T16:20:08-04:00 wall_s=80614.0 cpu_s=80568.3 peak_rss_mb=65945.9 mode=modp H=18
C_18 mod 2147483629, n<=40 -> /home/jasonp/var/motley-h18/C18.p2147483629.out.tmp
=== C_18 mod 2147483629 done 2026-08-16T14:43:43-04:00
=== C_18 mod 2147483587 start 2026-08-16T14:43:43-04:00 host=dalby
event=start job=cutcount_b1 t=2026-08-16T14:43:43-04:00 git=4df3fec9 built=2026-08-14T06:32:10-0400 host=dalby
event=heartbeat job=cutcount_b1 t=2026-08-16T15:14:32-04:00 elapsed_s=1848.7 rate=0.001082/s count=2 modp H=18 states=72487711
event=heartbeat job=cutcount_b1 t=2026-08-16T15:44:35-04:00 elapsed_s=3651.9 rate=0.0008215/s count=3 modp H=18 states=72487711
event=heartbeat job=cutcount_b1 t=2026-08-16T16:15:34-04:00 elapsed_s=5511.0 rate=0.0007258/s count=4 modp H=18 states=72487711
event=heartbeat job=cutcount_b1 t=2026-08-16T16:48:50-04:00 elapsed_s=7506.7 rate=0.0006661/s count=5 modp H=18 states=72487711
event=heartbeat job=cutcount_b1 t=2026-08-16T17:23:07-04:00 elapsed_s=9563.9 rate=0.0006274/s count=6 modp H=18 states=72487711
event=heartbeat job=cutcount_b1 t=2026-08-16T17:56:17-04:00 elapsed_s=11553.9 rate=0.0006059/s count=7 modp H=18 states=72487711
event=heartbeat job=cutcount_b1 t=2026-08-16T18:30:07-04:00 elapsed_s=13583.9 rate=0.0005889/s count=8 modp H=18 states=72487711
event=heartbeat job=cutcount_b1 t=2026-08-16T19:04:09-04:00 elapsed_s=15625.4 rate=0.000576/s count=9 modp H=18 states=72487711
event=heartbeat job=cutcount_b1 t=2026-08-16T19:37:56-04:00 elapsed_s=17653.0 rate=0.0005665/s count=10 modp H=18 states=72487711
event=heartbeat job=cutcount_b1 t=2026-08-16T20:13:16-04:00 elapsed_s=19772.1 rate=0.0005563/s count=11 modp H=18 states=72487711
event=heartbeat job=cutcount_b1 t=2026-08-16T20:47:37-04:00 elapsed_s=21833.3 rate=0.0005496/s count=12 modp H=18 states=72487711
event=heartbeat job=cutcount_b1 t=2026-08-16T21:20:51-04:00 elapsed_s=23827.9 rate=0.0005456/s count=13 modp H=18 states=72487711
event=heartbeat job=cutcount_b1 t=2026-08-16T21:54:27-04:00 elapsed_s=25843.8 rate=0.0005417/s count=14 modp H=18 states=72487711
event=heartbeat job=cutcount_b1 t=2026-08-16T22:27:17-04:00 elapsed_s=27813.3 rate=0.0005393/s count=15 modp H=18 states=72487711
event=heartbeat job=cutcount_b1 t=2026-08-16T23:01:22-04:00 elapsed_s=29858.8 rate=0.0005359/s count=16 modp H=18 states=72487711
event=heartbeat job=cutcount_b1 t=2026-08-16T23:36:29-04:00 elapsed_s=31965.5 rate=0.0005318/s count=17 modp H=18 states=72487711
event=heartbeat job=cutcount_b1 t=2026-08-17T00:10:18-04:00 elapsed_s=33995.0 rate=0.0005295/s count=18 modp H=18 states=72487711
event=heartbeat job=cutcount_b1 t=2026-08-17T00:45:23-04:00 elapsed_s=36099.7 rate=0.0005263/s count=19 modp H=18 states=72487711
event=heartbeat job=cutcount_b1 t=2026-08-17T01:19:13-04:00 elapsed_s=38129.8 rate=0.0005245/s count=20 modp H=18 states=72487711
event=heartbeat job=cutcount_b1 t=2026-08-17T01:53:13-04:00 elapsed_s=40169.7 rate=0.0005228/s count=21 modp H=18 states=72487711
event=heartbeat job=cutcount_b1 t=2026-08-17T02:25:53-04:00 elapsed_s=42129.4 rate=0.0005222/s count=22 modp H=18 states=72487711
event=heartbeat job=cutcount_b1 t=2026-08-17T02:58:41-04:00 elapsed_s=44097.8 rate=0.0005216/s count=23 modp H=18 states=72487711
event=heartbeat job=cutcount_b1 t=2026-08-17T03:31:30-04:00 elapsed_s=46067.0 rate=0.000521/s count=24 modp H=18 states=72487711
event=heartbeat job=cutcount_b1 t=2026-08-17T04:06:28-04:00 elapsed_s=48164.6 rate=0.0005191/s count=25 modp H=18 states=72487711
event=heartbeat job=cutcount_b1 t=2026-08-17T04:38:34-04:00 elapsed_s=50090.8 rate=0.0005191/s count=26 modp H=18 states=72487711
event=heartbeat job=cutcount_b1 t=2026-08-17T05:10:56-04:00 elapsed_s=52032.6 rate=0.0005189/s count=27 modp H=18 states=72487711
event=heartbeat job=cutcount_b1 t=2026-08-17T05:43:52-04:00 elapsed_s=54008.2 rate=0.0005184/s count=28 modp H=18 states=72487711
event=heartbeat job=cutcount_b1 t=2026-08-17T06:16:18-04:00 elapsed_s=55954.2 rate=0.0005183/s count=29 modp H=18 states=72487711
event=heartbeat job=cutcount_b1 t=2026-08-17T06:48:38-04:00 elapsed_s=57894.3 rate=0.0005182/s count=30 modp H=18 states=72487711
event=heartbeat job=cutcount_b1 t=2026-08-17T07:21:08-04:00 elapsed_s=59844.5 rate=0.000518/s count=31 modp H=18 states=72487711
event=heartbeat job=cutcount_b1 t=2026-08-17T07:53:00-04:00 elapsed_s=61757.1 rate=0.0005182/s count=32 modp H=18 states=72487711
event=heartbeat job=cutcount_b1 t=2026-08-17T08:24:54-04:00 elapsed_s=63670.3 rate=0.0005183/s count=33 modp H=18 states=72487711
event=heartbeat job=cutcount_b1 t=2026-08-17T08:57:06-04:00 elapsed_s=65602.2 rate=0.0005183/s count=34 modp H=18 states=72487711
event=heartbeat job=cutcount_b1 t=2026-08-17T09:28:59-04:00 elapsed_s=67515.8 rate=0.0005184/s count=35 modp H=18 states=72487711
event=heartbeat job=cutcount_b1 t=2026-08-17T10:01:19-04:00 elapsed_s=69455.2 rate=0.0005183/s count=36 modp H=18 states=72487711
event=heartbeat job=cutcount_b1 t=2026-08-17T10:33:38-04:00 elapsed_s=71394.6 rate=0.0005182/s count=37 modp H=18 states=72487711
event=heartbeat job=cutcount_b1 t=2026-08-17T11:05:16-04:00 elapsed_s=73292.8 rate=0.0005185/s count=38 modp H=18 states=72487711
event=heartbeat job=cutcount_b1 t=2026-08-17T11:37:09-04:00 elapsed_s=75205.6 rate=0.0005186/s count=39 modp H=18 states=72487711
event=heartbeat job=cutcount_b1 t=2026-08-17T12:09:16-04:00 elapsed_s=77132.2 rate=0.0005186/s count=40 modp H=18 states=72487711
event=heartbeat job=cutcount_b1 t=2026-08-17T12:40:51-04:00 elapsed_s=79027.4 rate=0.0005188/s count=41 modp H=18 states=72487711
event=done job=cutcount_b1 t=2026-08-17T12:41:33-04:00 start=2026-08-16T14:43:43-04:00 wall_s=79069.6 cpu_s=79023.2 peak_rss_mb=65941.4 mode=modp H=18
C_18 mod 2147483587, n<=40 -> /home/jasonp/var/motley-h18/C18.p2147483587.out.tmp
=== C_18 mod 2147483587 done 2026-08-17T12:41:34-04:00
=== C_18 mod 2147483579 start 2026-08-17T12:41:34-04:00 host=dalby
event=start job=cutcount_b1 t=2026-08-17T12:41:34-04:00 git=4df3fec9 built=2026-08-14T06:32:10-0400 host=dalby
event=heartbeat job=cutcount_b1 t=2026-08-17T13:12:02-04:00 elapsed_s=1827.4 rate=0.001094/s count=2 modp H=18 states=72487711
event=heartbeat job=cutcount_b1 t=2026-08-17T13:42:19-04:00 elapsed_s=3644.3 rate=0.0008232/s count=3 modp H=18 states=72487711
event=heartbeat job=cutcount_b1 t=2026-08-17T14:13:25-04:00 elapsed_s=5510.8 rate=0.0007258/s count=4 modp H=18 states=72487711
event=heartbeat job=cutcount_b1 t=2026-08-17T14:46:57-04:00 elapsed_s=7522.4 rate=0.0006647/s count=5 modp H=18 states=72487711
event=heartbeat job=cutcount_b1 t=2026-08-17T15:21:24-04:00 elapsed_s=9589.7 rate=0.0006257/s count=6 modp H=18 states=72487711
event=heartbeat job=cutcount_b1 t=2026-08-17T15:54:43-04:00 elapsed_s=11588.3 rate=0.0006041/s count=7 modp H=18 states=72487711
event=heartbeat job=cutcount_b1 t=2026-08-17T16:28:28-04:00 elapsed_s=13613.8 rate=0.0005876/s count=8 modp H=18 states=72487711
event=heartbeat job=cutcount_b1 t=2026-08-17T17:01:52-04:00 elapsed_s=15617.9 rate=0.0005763/s count=9 modp H=18 states=72487711
event=heartbeat job=cutcount_b1 t=2026-08-17T17:35:28-04:00 elapsed_s=17633.7 rate=0.0005671/s count=10 modp H=18 states=72487711
event=heartbeat job=cutcount_b1 t=2026-08-17T18:10:42-04:00 elapsed_s=19747.4 rate=0.000557/s count=11 modp H=18 states=72487711
event=heartbeat job=cutcount_b1 t=2026-08-17T18:44:37-04:00 elapsed_s=21783.1 rate=0.0005509/s count=12 modp H=18 states=72487711
event=heartbeat job=cutcount_b1 t=2026-08-17T19:18:06-04:00 elapsed_s=23791.4 rate=0.0005464/s count=13 modp H=18 states=72487711
event=heartbeat job=cutcount_b1 t=2026-08-17T19:52:01-04:00 elapsed_s=25827.0 rate=0.0005421/s count=14 modp H=18 states=72487711
event=heartbeat job=cutcount_b1 t=2026-08-17T20:25:05-04:00 elapsed_s=27810.8 rate=0.0005394/s count=15 modp H=18 states=72487711
event=heartbeat job=cutcount_b1 t=2026-08-17T20:59:18-04:00 elapsed_s=29863.4 rate=0.0005358/s count=16 modp H=18 states=72487711
event=heartbeat job=cutcount_b1 t=2026-08-17T21:35:03-04:00 elapsed_s=32009.1 rate=0.0005311/s count=17 modp H=18 states=72487711
event=heartbeat job=cutcount_b1 t=2026-08-17T22:08:33-04:00 elapsed_s=34018.4 rate=0.0005291/s count=18 modp H=18 states=72487711
event=heartbeat job=cutcount_b1 t=2026-08-17T22:43:11-04:00 elapsed_s=36097.1 rate=0.0005264/s count=19 modp H=18 states=72487711
event=heartbeat job=cutcount_b1 t=2026-08-17T23:17:11-04:00 elapsed_s=38136.9 rate=0.0005244/s count=20 modp H=18 states=72487711
event=heartbeat job=cutcount_b1 t=2026-08-17T23:51:27-04:00 elapsed_s=40193.2 rate=0.0005225/s count=21 modp H=18 states=72487711
event=heartbeat job=cutcount_b1 t=2026-08-18T00:24:12-04:00 elapsed_s=42157.5 rate=0.0005219/s count=22 modp H=18 states=72487711
event=heartbeat job=cutcount_b1 t=2026-08-18T00:57:00-04:00 elapsed_s=44125.7 rate=0.0005212/s count=23 modp H=18 states=72487711
event=heartbeat job=cutcount_b1 t=2026-08-18T01:29:43-04:00 elapsed_s=46088.4 rate=0.0005207/s count=24 modp H=18 states=72487711
event=heartbeat job=cutcount_b1 t=2026-08-18T02:04:34-04:00 elapsed_s=48180.1 rate=0.0005189/s count=25 modp H=18 states=72487711
event=heartbeat job=cutcount_b1 t=2026-08-18T02:36:48-04:00 elapsed_s=50114.2 rate=0.0005188/s count=26 modp H=18 states=72487711
event=heartbeat job=cutcount_b1 t=2026-08-18T03:09:27-04:00 elapsed_s=52072.6 rate=0.0005185/s count=27 modp H=18 states=72487711
event=heartbeat job=cutcount_b1 t=2026-08-18T03:42:01-04:00 elapsed_s=54027.1 rate=0.0005183/s count=28 modp H=18 states=72487711
event=heartbeat job=cutcount_b1 t=2026-08-18T04:13:40-04:00 elapsed_s=55925.5 rate=0.0005185/s count=29 modp H=18 states=72487711
event=heartbeat job=cutcount_b1 t=2026-08-18T04:45:52-04:00 elapsed_s=57857.3 rate=0.0005185/s count=30 modp H=18 states=72487711
event=heartbeat job=cutcount_b1 t=2026-08-18T05:18:15-04:00 elapsed_s=59800.7 rate=0.0005184/s count=31 modp H=18 states=72487711
event=heartbeat job=cutcount_b1 t=2026-08-18T05:49:55-04:00 elapsed_s=61700.3 rate=0.0005186/s count=32 modp H=18 states=72487711
event=heartbeat job=cutcount_b1 t=2026-08-18T06:21:36-04:00 elapsed_s=63601.4 rate=0.0005189/s count=33 modp H=18 states=72487711
event=heartbeat job=cutcount_b1 t=2026-08-18T06:53:54-04:00 elapsed_s=65539.8 rate=0.0005188/s count=34 modp H=18 states=72487711
event=heartbeat job=cutcount_b1 t=2026-08-18T07:25:33-04:00 elapsed_s=67438.6 rate=0.000519/s count=35 modp H=18 states=72487711
event=heartbeat job=cutcount_b1 t=2026-08-18T07:57:49-04:00 elapsed_s=69375.1 rate=0.0005189/s count=36 modp H=18 states=72487711
event=heartbeat job=cutcount_b1 t=2026-08-18T08:30:00-04:00 elapsed_s=71305.8 rate=0.0005189/s count=37 modp H=18 states=72487711
event=heartbeat job=cutcount_b1 t=2026-08-18T09:01:43-04:00 elapsed_s=73208.8 rate=0.0005191/s count=38 modp H=18 states=72487711
event=heartbeat job=cutcount_b1 t=2026-08-18T09:33:30-04:00 elapsed_s=75115.6 rate=0.0005192/s count=39 modp H=18 states=72487711
event=heartbeat job=cutcount_b1 t=2026-08-18T10:05:58-04:00 elapsed_s=77064.1 rate=0.000519/s count=40 modp H=18 states=72487711
event=heartbeat job=cutcount_b1 t=2026-08-18T10:38:08-04:00 elapsed_s=78993.8 rate=0.000519/s count=41 modp H=18 states=72487711
event=done job=cutcount_b1 t=2026-08-18T10:38:54-04:00 start=2026-08-17T12:41:34-04:00 wall_s=79039.5 cpu_s=78992.9 peak_rss_mb=65946.1 mode=modp H=18
C_18 mod 2147483579, n<=40 -> /home/jasonp/var/motley-h18/C18.p2147483579.out.tmp
=== C_18 mod 2147483579 done 2026-08-18T10:38:55-04:00
=== C_18 mod 2147483563 start 2026-08-18T10:38:55-04:00 host=dalby
event=start job=cutcount_b1 t=2026-08-18T10:38:55-04:00 git=4df3fec9 built=2026-08-14T06:32:10-0400 host=dalby
event=heartbeat job=cutcount_b1 t=2026-08-18T11:09:30-04:00 elapsed_s=1834.8 rate=0.00109/s count=2 modp H=18 states=72487711
event=heartbeat job=cutcount_b1 t=2026-08-18T11:39:41-04:00 elapsed_s=3645.9 rate=0.0008228/s count=3 modp H=18 states=72487711
event=heartbeat job=cutcount_b1 t=2026-08-18T12:10:50-04:00 elapsed_s=5514.7 rate=0.0007253/s count=4 modp H=18 states=72487711
event=heartbeat job=cutcount_b1 t=2026-08-18T12:44:24-04:00 elapsed_s=7529.0 rate=0.0006641/s count=5 modp H=18 states=72487711
event=heartbeat job=cutcount_b1 t=2026-08-18T13:18:44-04:00 elapsed_s=9588.9 rate=0.0006257/s count=6 modp H=18 states=72487711
event=heartbeat job=cutcount_b1 t=2026-08-18T13:52:11-04:00 elapsed_s=11595.9 rate=0.0006037/s count=7 modp H=18 states=72487711
event=heartbeat job=cutcount_b1 t=2026-08-18T14:26:50-04:00 elapsed_s=13674.7 rate=0.000585/s count=8 modp H=18 states=72487711
event=heartbeat job=cutcount_b1 t=2026-08-18T15:01:22-04:00 elapsed_s=15747.0 rate=0.0005715/s count=9 modp H=18 states=72487711
event=heartbeat job=cutcount_b1 t=2026-08-18T15:35:15-04:00 elapsed_s=17779.6 rate=0.0005624/s count=10 modp H=18 states=72487711
event=heartbeat job=cutcount_b1 t=2026-08-18T16:10:41-04:00 elapsed_s=19905.5 rate=0.0005526/s count=11 modp H=18 states=72487711
event=heartbeat job=cutcount_b1 t=2026-08-18T16:45:02-04:00 elapsed_s=21966.7 rate=0.0005463/s count=12 modp H=18 states=72487711
event=heartbeat job=cutcount_b1 t=2026-08-18T17:18:45-04:00 elapsed_s=23989.6 rate=0.0005419/s count=13 modp H=18 states=72487711
event=heartbeat job=cutcount_b1 t=2026-08-18T17:52:38-04:00 elapsed_s=26023.3 rate=0.000538/s count=14 modp H=18 states=72487711
event=heartbeat job=cutcount_b1 t=2026-08-18T18:25:44-04:00 elapsed_s=28008.6 rate=0.0005356/s count=15 modp H=18 states=72487711
event=heartbeat job=cutcount_b1 t=2026-08-18T19:00:04-04:00 elapsed_s=30068.5 rate=0.0005321/s count=16 modp H=18 states=72487711
event=heartbeat job=cutcount_b1 t=2026-08-18T19:36:11-04:00 elapsed_s=32235.7 rate=0.0005274/s count=17 modp H=18 states=72487711
event=heartbeat job=cutcount_b1 t=2026-08-18T20:10:25-04:00 elapsed_s=34290.3 rate=0.0005249/s count=18 modp H=18 states=72487711
event=heartbeat job=cutcount_b1 t=2026-08-18T20:46:38-04:00 elapsed_s=36463.3 rate=0.0005211/s count=19 modp H=18 states=72487711
event=heartbeat job=cutcount_b1 t=2026-08-18T21:21:35-04:00 elapsed_s=38560.1 rate=0.0005187/s count=20 modp H=18 states=72487711
event=heartbeat job=cutcount_b1 t=2026-08-18T21:57:20-04:00 elapsed_s=40704.3 rate=0.0005159/s count=21 modp H=18 states=72487711
event=heartbeat job=cutcount_b1 t=2026-08-18T22:31:15-04:00 elapsed_s=42739.7 rate=0.0005147/s count=22 modp H=18 states=72487711
event=heartbeat job=cutcount_b1 t=2026-08-18T23:05:14-04:00 elapsed_s=44779.1 rate=0.0005136/s count=23 modp H=18 states=72487711
event=heartbeat job=cutcount_b1 t=2026-08-18T23:39:00-04:00 elapsed_s=46804.3 rate=0.0005128/s count=24 modp H=18 states=72487711
event=heartbeat job=cutcount_b1 t=2026-08-19T00:14:56-04:00 elapsed_s=48961.3 rate=0.0005106/s count=25 modp H=18 states=72487711
event=heartbeat job=cutcount_b1 t=2026-08-19T00:47:24-04:00 elapsed_s=50908.4 rate=0.0005107/s count=26 modp H=18 states=72487711
event=heartbeat job=cutcount_b1 t=2026-08-19T01:20:00-04:00 elapsed_s=52864.5 rate=0.0005107/s count=27 modp H=18 states=72487711
event=heartbeat job=cutcount_b1 t=2026-08-19T01:53:03-04:00 elapsed_s=54847.5 rate=0.0005105/s count=28 modp H=18 states=72487711
event=heartbeat job=cutcount_b1 t=2026-08-19T02:25:24-04:00 elapsed_s=56788.6 rate=0.0005107/s count=29 modp H=18 states=72487711
event=heartbeat job=cutcount_b1 t=2026-08-19T02:58:18-04:00 elapsed_s=58762.7 rate=0.0005105/s count=30 modp H=18 states=72487711
event=heartbeat job=cutcount_b1 t=2026-08-19T03:31:39-04:00 elapsed_s=60763.9 rate=0.0005102/s count=31 modp H=18 states=72487711
event=heartbeat job=cutcount_b1 t=2026-08-19T04:04:07-04:00 elapsed_s=62712.0 rate=0.0005103/s count=32 modp H=18 states=72487711
event=heartbeat job=cutcount_b1 t=2026-08-19T04:36:20-04:00 elapsed_s=64644.8 rate=0.0005105/s count=33 modp H=18 states=72487711
event=heartbeat job=cutcount_b1 t=2026-08-19T05:09:09-04:00 elapsed_s=66614.2 rate=0.0005104/s count=34 modp H=18 states=72487711
event=heartbeat job=cutcount_b1 t=2026-08-19T05:41:16-04:00 elapsed_s=68541.2 rate=0.0005106/s count=35 modp H=18 states=72487711
event=heartbeat job=cutcount_b1 t=2026-08-19T06:14:16-04:00 elapsed_s=70520.5 rate=0.0005105/s count=36 modp H=18 states=72487711
event=heartbeat job=cutcount_b1 t=2026-08-19T06:46:58-04:00 elapsed_s=72482.5 rate=0.0005105/s count=37 modp H=18 states=72487711
event=heartbeat job=cutcount_b1 t=2026-08-19T07:18:57-04:00 elapsed_s=74402.0 rate=0.0005107/s count=38 modp H=18 states=72487711
event=heartbeat job=cutcount_b1 t=2026-08-19T07:51:25-04:00 elapsed_s=76349.7 rate=0.0005108/s count=39 modp H=18 states=72487711
event=heartbeat job=cutcount_b1 t=2026-08-19T08:24:13-04:00 elapsed_s=78318.0 rate=0.0005107/s count=40 modp H=18 states=72487711
event=heartbeat job=cutcount_b1 t=2026-08-19T08:57:14-04:00 elapsed_s=80298.6 rate=0.0005106/s count=41 modp H=18 states=72487711
event=done job=cutcount_b1 t=2026-08-19T08:57:59-04:00 start=2026-08-18T10:38:55-04:00 wall_s=80344.3 cpu_s=80303.3 peak_rss_mb=65941.8 mode=modp H=18
C_18 mod 2147483563, n<=40 -> /home/jasonp/var/motley-h18/C18.p2147483563.out.tmp
=== C_18 mod 2147483563 done 2026-08-19T08:58:01-04:00
