combine: 40 heights present: [1 2 3 4 5 6 7 8 9 10 11 12 13 14 15 16 17 18 19 20 21 22 23 24 25 26 27 28 29 30 31 32 33 34 35 36 37 38 39 40]
a(1) = 1
a(2) = 4
a(3) = 20
a(4) = 110
a(5) = 638
a(6) = 3832
a(7) = 23592
a(8) = 147941
a(9) = 940982
a(10) = 6053180
a(11) = 39299408
a(12) = 257105146
a(13) = 1692931066
a(14) = 11208974860
a(15) = 74570549714
a(16) = 498174818986
a(17) = 3340366308393
a(18) = 22471158811164
a(19) = 151609203011580
a(20) = 1025573519362016
a(21) = 6954084405510437
a(22) = 47255332844367680
a(23) = 321749260511448732
a(24) = 2194666793369310473
a(25) = 14994811325186658577
a(26) = 102607513847014153892
a(27) = 703126792093436034256
a(28) = 4824589228356722264087
a(29) = 33145129805782422061325
a(30) = 227969227118066423789154
a(31) = 1569631619081324581014300
a(32) = 10818203977457804418974036
a(33) = 74631481980411777590683952
a(34) = 515316838423862758858377704
a(35) = 3561147281381782175236253062
a(36) = 24629107617723857143962968288
a(37) = 170463735577007360431441250424
a(38) = 1180654489101178485738417779914
a(39) = 8182864667276277865830132493466
a(40) = 56749893611764175164545926946127
