10 10 0 19683
10 11 0 485514
10 11 1 17496
10 12 0 6955389
10 12 1 516861
10 12 2 15309
10 13 0 76281102
10 13 1 8610462
10 13 2 486972
10 13 3 11232
10 14 0 713154807
10 14 1 107347923
10 14 2 8727156
10 14 3 384336
10 14 4 8493
10 15 0 6005878434
10 15 1 1120829328
10 15 2 116736948
10 15 3 7365922
10 15 4 303028
10 15 5 5912
10 16 0 47053364842
10 16 1 10396615650
10 16 2 1302803601
10 16 3 104883490
10 16 4 6053571
10 16 5 221584
10 16 6 4454
10 17 0 349988870372
10 17 1 88743712252
10 17 2 12862124476
10 17 3 1241041770
10 17 4 89801504
10 17 5 4632462
10 17 6 170102
10 17 7 3084
