6 6 0 243
6 7 0 3402
6 7 1 108
6 8 0 30105
6 8 1 2025
6 8 2 63
6 9 0 218190
6 9 1 22370
6 9 2 1276
6 9 3 28
6 10 0 1422325
6 10 1 193059
6 10 2 15304
6 10 3 638
6 10 4 14
6 11 0 8708550
6 11 1 1450440
6 11 2 143416
6 11 3 8418
6 11 4 342
6 11 5 4
6 12 0 51209903
6 12 1 10006381
6 12 2 1164889
6 12 3 85788
6 12 4 4751
6 12 5 128
6 12 6 2
6 13 0 292793300
6 13 1 65259918
6 13 2 8635832
6 13 3 752120
6 13 4 50580
6 13 5 2098
6 13 6 62
6 14 0 1639518774
6 14 1 409124215
6 14 2 60175795
6 14 3 5977042
6 14 4 462790
6 14 5 24929
6 14 6 1036
6 14 7 12
6 15 0 9032696590
6 15 1 2490405852
6 15 2 401154082
6 15 3 44358986
6 15 4 3841236
6 15 5 246962
6 15 6 12710
6 15 7 332
6 15 8 2
6 16 0 49116495102
6 16 1 14814138128
6 16 2 2586664856
6 16 3 313229681
6 16 4 29776494
6 16 5 2183100
6 16 6 130484
6 16 7 5108
6 16 8 90
6 17 0 264202728862
6 17 1 86489616810
6 17 2 16247721612
6 17 3 2129930514
6 17 4 219427470
6 17 5 17852318
6 17 6 1197300
6 17 7 59392
6 17 8 1790
6 17 9 16
