7 7 0 729
7 8 0 12150
7 8 1 405
7 9 0 124362
7 9 1 8694
7 9 2 270
7 10 0 1019898
7 10 1 108558
7 10 2 6264
7 10 3 145
7 11 0 7399759
7 11 1 1045344
7 11 2 84778
7 11 3 3708
7 11 4 87
7 12 0 49829708
7 12 1 8663758
7 12 2 883924
7 12 3 54597
7 12 4 2338
7 12 5 42
7 13 0 319658620
7 13 1 65334700
7 13 2 7898925
7 13 3 614332
7 13 4 35967
7 13 5 1256
7 13 6 24
7 14 0 1983307489
7 14 1 462622488
7 14 2 63874714
7 14 3 5888617
7 14 4 421986
7 14 5 20916
7 14 6 746
7 14 7 9
7 15 0 12011762095
7 15 1 3134280842
7 15 2 482396153
7 15 3 50789076
7 15 4 4216873
7 15 5 261338
7 15 6 12818
7 15 7 346
7 15 8 4
7 16 0 71429733529
7 16 1 20557844087
7 16 2 3469567122
7 16 3 406934614
7 16 4 37916059
7 16 5 2753501
7 16 6 164818
7 16 7 6747
7 16 8 166
7 16 9 1
7 17 0 418686415496
7 17 1 131533642566
7 17 2 24064381118
7 17 3 3090466664
7 17 4 316515281
7 17 5 25938948
7 17 6 1787526
7 17 7 93984
7 17 8 3508
7 17 9 62
