1 0
2 0
3 0
4 0
5 0
6 0
7 0
8 0
9 0
10 0
11 0
12 0
13 0
14 0
15 0
16 0
17 0
18 129140163
19 6170030010
20 160989953571
21 3044407243896
22 46741608386541
23 619065902379384
24 7341277871834586
25 79909931154646710
26 812535748702976061
27 7817976479588367238
28 71877874772392940643
29 636255557111930718092
30 5455070058849476986528
31 45518261981941858305944
32 371092643133615870167145
33 2965403643769893816836542
34 23288787870043631158670332
35 180152359823857046862682314
36 1375243914635422292588965219
37 10376706075932515005271111720
