1 0
2 0
3 0
4 0
5 0
6 243
7 3510
8 32193
9 241864
10 1631340
11 10311170
12 62471842
13 367493910
14 2115284593
15 11972716752
16 66862623043
17 369308536084
18 2021147613576
19 10975452058596
20 59204157481772
21 317531017597242
22 1694546915214127
23 9003876805981488
24 47659090176840257
25 251419543002787484
26 1322384421950443740
27 6936919760955058324
28 36303727964272031752
29 189592180646136421772
30 988256215090531169773
31 5142594169900359126364
32 26719738365477003702073
33 138638721908972669277580
34 718450867038312966264504
35 3718957285615983843117584
36 19231039210859731542532750
37 99353407909848163932879914
