1 0
2 0
3 0
4 0
5 0
6 0
7 0
8 0
9 0
10 0
11 0
12 177147
13 5511240
14 97548948
15 1296946890
16 14446874853
17 142727058846
18 1293898414102
19 11003764277892
20 89123929241486
21 694918765309300
22 5257610926802452
23 38826609174639928
24 281139741614975490
25 2003044942843944054
26 14080920648821923634
27 97879524792841157732
28 673956155133377902405
29 4603217138599192540946
30 31223147161898632475058
31 210514131327503379271576
32 1411908287511908078216903
33 9425960335921815391978816
34 62670808373359868559352846
35 415159322662825982437715206
36 2741152205324617233958469996
37 18044921507362976355533168878
38 118466391711120774248036247394
39 775804589398322058411188658532
40 5068880678792963509256398287546
41 33048291837381949665118941931682
