1 0
2 0
3 9
4 55
5 248
6 996
7 3775
8 13837
9 49676
10 175964
11 617789
12 2156027
13 7493644
14 25972328
15 89842939
16 310363225
17 1071143992
18 3694368600
19 12736006193
20 43892151231
21 151231714240
22 520991378956
23 1794610982967
24 6181253559909
25 21289197346820
26 73320520598900
27 252510965948773
28 869614657637379
29 2994799726222996
30 10313468352144720
31 35517215236163059
32 122312577768091569
33 421213188380527344
34 1450547121316690736
35 4995293941753375065
36 17202429393149837639
37 59240428077487886088
38 204007606335999703732
39 702545359712853463983
40 2419369854427749522365
41 8331632020655226566268
