1 0
2 0
3 0
4 27
5 240
6 1480
7 7898
8 39119
9 185198
10 850650
11 3824200
12 16922729
13 74000548
14 320659524
15 1379699712
16 5903624563
17 25150677404
18 106773776116
19 452027455240
20 1909356781727
21 8050427299808
22 33892985448916
23 142521237368302
24 598721277602283
25 2513177361030402
26 10542367779650950
27 44199889094415720
28 185231175230659181
29 775980963395462924
30 3249825863071787448
31 13607051721068497444
32 56961530767473452711
33 238412112510964107224
34 997738306231538048056
35 4175005049966977184112
36 17468592122673825829363
37 73084678479595209909360
38 305751126217229144583888
39 1279050843784022236860802
40 5350439537095151311678183
41 22380831753576061990060662
