1 0
2 0
3 0
4 0
5 0
6 0
7 0
8 0
9 0
10 0
11 0
12 0
13 0
14 0
15 0
16 0
17 0
18 0
19 0
20 1162261467
21 61987278240
22 1790284428576
23 37190476076922
24 622949185403595
25 8945394666328278
26 114364201639397418
27 1335178050977979288
28 14493191389699173957
29 148231633287899384256
30 1443010407311300007988
31 13476628255738123866262
32 121507773432815574458792
33 1063017698873182965322124
34 9061341124316405172057950
35 75518035463847720292413552
36 617106574276148286251699568
37 4956437442714322066925263218
38 39207474138446972682720171554
