1 0
2 0
3 0
4 0
5 0
6 0
7 0
8 0
9 0
10 0
11 0
12 0
13 0
14 0
15 0
16 0
17 0
18 0
19 0
20 0
21 0
22 0
23 0
24 94143178827
25 6067004857740
26 209032724839950
27 5119917505171578
28 100039496892873408
29 1659357104760988830
30 24284696480810394498
31 321868510355182422366
32 3936217891912703140167
33 45037004666242716991998
34 487286890123087057884426
35 5027718888053073486262764
36 49802601845517580926757996
37 476222071911467914867327506
38 4415798153086364928090741638
39 39855827398943917208656353418
40 351269152616432930163117009906
