1 0
2 0
3 0
4 0
5 0
6 0
7 0
8 0
9 0
10 0
11 0
12 0
13 0
14 0
15 0
16 0
17 0
18 0
19 0
20 0
21 0
22 0
23 0
24 0
25 282429536481
26 18985541063445
27 680561039740383
28 17301541973590656
29 350111531088339525
30 6002103579030251379
31 90616190795389057914
32 1236805346679039793449
33 15550573140331312438746
34 182652546462335637272478
35 2025910707704875512641592
36 21400228080434589037073541
37 216761708659294196806446100
38 2117045402320488291101904275
39 20029030415976318128336407820
40 184265041867569186198215286920
