1 0
2 0
3 0
4 0
5 0
6 0
7 0
8 0
9 0
10 0
11 0
12 0
13 0
14 0
15 0
16 14348907
17 605842740
18 14116135842
19 240601488426
20 3357266652450
21 40713857307270
22 445051221055038
23 4492550651512074
24 42594477635772598
25 384025992867882686
26 3323155898057126432
27 27798973373501478242
28 226062958310935838176
29 1795111626265027715356
30 13969442417594351366268
31 106848447386284024770292
32 805211141619772151462059
33 5990685115398932368556428
34 44075625952411715905525520
35 321137142481660483906545452
36 2319921447242520055171664952
