s12 r=4 bivariate extraction: WBOX=38
REGISTERED PREDICTION: nu_Delta(B_4) = 2, both modes (delta-multiplicity law m = ceil(r/2), see reports/session-12.md)
sqrt(Delta) to grid 38 (1s)
[king] r=4 DP table built (1340s)
[king]  TA=32 TB=29 p1: rank=-1 (inconsistent)
[king]  TA=33 TB=30 p1: unique fit, 562 unknowns, 780 eqs, 218 surplus
[king]  p2: unique fit, 218 surplus
[king]  CRT max|coeff| = 472060562 (small)
[king]  deg A_4 = 32, deg B_4 = 30
[king]  EXACT over-Z full grid: ZERO everywhere
[king]  nu_Delta(B_4) = 2 (MATCHES prediction 2)
[king]  core after Delta^2: 236 monomials, deg 26, content 1
[poly] r=4 DP table built (1273s)
[poly]  TA=32 TB=29 p1: unique fit, 529 unknowns, 780 eqs, 251 surplus
[poly]  p2: unique fit, 251 surplus
[poly]  CRT max|coeff| = 679470896 (small)
[poly]  deg A_4 = 22, deg B_4 = 20
[poly]  EXACT over-Z full grid: ZERO everywhere
[poly]  nu_Delta(B_4) = 2 (MATCHES prediction 2)
[poly]  core after Delta^2: 91 monomials, deg 16, content 2
total wall 2656s
receipts: out_s12_bivar_r4.txt, out_s12_bivar_r4.json
