s09 curve test: slice x=1/9, MAXR=6, NU=220
    level 1: 1.1s  degs num M00/M10/M11 = 5/9/9  den e = (0, 3, 0)/(0, 3, 3)/(0, 3, 3)  tot.vu=219
    level 2: 2.4s  degs num M00/M10/M11 = 9/15/15  den e = (0, 5, 0)/(0, 5, 5)/(0, 5, 5)  tot.vu=218
    level 3: 4.2s  degs num M00/M10/M11 = 13/21/21  den e = (0, 7, 0)/(0, 7, 7)/(0, 7, 7)  tot.vu=217
    level 4: 6.8s  degs num M00/M10/M11 = 17/27/27  den e = (0, 9, 0)/(0, 9, 9)/(0, 9, 9)  tot.vu=216
    level 5: 10.2s  degs num M00/M10/M11 = 21/33/33  den e = (0, 11, 0)/(0, 11, 11)/(0, 11, 11)  tot.vu=215
    level 6: 14.4s  degs num M00/M10/M11 = 25/39/39  den e = (0, 13, 0)/(0, 13, 13)/(0, 13, 13)  tot.vu=214
  [king] p=2305843009213693951 r=0: surplus=99 C_r(a=1/3) == (r!)^2 2^3 (2/9)^5: MATCH
  [king] p=2305843009213693951 r=1: surplus=90 C_r(a=1/3) == (r!)^2 2^8 (2/9)^8: MATCH  Q_r(4/9)==0: True
  [king] p=2305843009213693951 r=2: surplus=80 C_r(a=1/3) == (r!)^2 2^13 (2/9)^11: MATCH  Q_r(4/9)==0: True
  [king] p=2305843009213693951 r=3: surplus=69 C_r(a=1/3) == (r!)^2 2^18 (2/9)^14: MATCH  Q_r(4/9)==0: True
  [king] p=2305843009213693951 r=4: surplus=59 C_r(a=1/3) == (r!)^2 2^23 (2/9)^17: MATCH  Q_r(4/9)==0: True
  [king] p=2305843009213693951 r=5: surplus=48 C_r(a=1/3) == (r!)^2 2^28 (2/9)^20: MATCH  Q_r(4/9)==0: True
  [king] p=2305843009213693951 r=6: surplus=38 C_r(a=1/3) == (r!)^2 2^33 (2/9)^23: MATCH  Q_r(4/9)==0: True
    level 1: 1.0s  degs num M00/M10/M11 = 5/9/9  den e = (0, 3, 0)/(0, 3, 3)/(0, 3, 3)  tot.vu=219
    level 2: 2.2s  degs num M00/M10/M11 = 9/15/15  den e = (0, 5, 0)/(0, 5, 5)/(0, 5, 5)  tot.vu=218
    level 3: 3.9s  degs num M00/M10/M11 = 13/21/21  den e = (0, 7, 0)/(0, 7, 7)/(0, 7, 7)  tot.vu=217
    level 4: 6.3s  degs num M00/M10/M11 = 17/27/27  den e = (0, 9, 0)/(0, 9, 9)/(0, 9, 9)  tot.vu=216
    level 5: 9.4s  degs num M00/M10/M11 = 21/33/33  den e = (0, 11, 0)/(0, 11, 11)/(0, 11, 11)  tot.vu=215
    level 6: 13.3s  degs num M00/M10/M11 = 25/39/39  den e = (0, 13, 0)/(0, 13, 13)/(0, 13, 13)  tot.vu=214
  [king] p=1000000000000000009 r=0: surplus=99 C_r(a=1/3) == (r!)^2 2^3 (2/9)^5: MATCH
  [king] p=1000000000000000009 r=1: surplus=90 C_r(a=1/3) == (r!)^2 2^8 (2/9)^8: MATCH  Q_r(4/9)==0: True
  [king] p=1000000000000000009 r=2: surplus=80 C_r(a=1/3) == (r!)^2 2^13 (2/9)^11: MATCH  Q_r(4/9)==0: True
  [king] p=1000000000000000009 r=3: surplus=69 C_r(a=1/3) == (r!)^2 2^18 (2/9)^14: MATCH  Q_r(4/9)==0: True
  [king] p=1000000000000000009 r=4: surplus=59 C_r(a=1/3) == (r!)^2 2^23 (2/9)^17: MATCH  Q_r(4/9)==0: True
  [king] p=1000000000000000009 r=5: surplus=48 C_r(a=1/3) == (r!)^2 2^28 (2/9)^20: MATCH  Q_r(4/9)==0: True
  [king] p=1000000000000000009 r=6: surplus=38 C_r(a=1/3) == (r!)^2 2^33 (2/9)^23: MATCH  Q_r(4/9)==0: True
    level 1: 1.1s  degs num M00/M10/M11 = 5/8/9  den e = (0, 3, 0)/(0, 3, 3)/(0, 3, 3)  tot.vu=219
    level 2: 2.3s  degs num M00/M10/M11 = 9/14/15  den e = (0, 5, 0)/(0, 5, 5)/(0, 5, 5)  tot.vu=218
    level 3: 4.2s  degs num M00/M10/M11 = 13/20/21  den e = (0, 7, 0)/(0, 7, 7)/(0, 7, 7)  tot.vu=217
    level 4: 6.7s  degs num M00/M10/M11 = 17/26/27  den e = (0, 9, 0)/(0, 9, 9)/(0, 9, 9)  tot.vu=216
    level 5: 10.1s  degs num M00/M10/M11 = 21/32/33  den e = (0, 11, 0)/(0, 11, 11)/(0, 11, 11)  tot.vu=215
    level 6: 14.4s  degs num M00/M10/M11 = 25/38/39  den e = (0, 13, 0)/(0, 13, 13)/(0, 13, 13)  tot.vu=214
  [poly] p=2305843009213693951 r=0: surplus=99 C_r(a=1/3) == (r!)^2 2^3 (2/9)^5: MATCH
  [poly] p=2305843009213693951 r=1: surplus=90 C_r(a=1/3) == (r!)^2 2^8 (2/9)^8: MATCH  Q_r(4/9)==0: True
  [poly] p=2305843009213693951 r=2: surplus=80 C_r(a=1/3) == (r!)^2 2^13 (2/9)^11: MATCH  Q_r(4/9)==0: True
  [poly] p=2305843009213693951 r=3: surplus=69 C_r(a=1/3) == (r!)^2 2^18 (2/9)^14: MATCH  Q_r(4/9)==0: True
  [poly] p=2305843009213693951 r=4: surplus=59 C_r(a=1/3) == (r!)^2 2^23 (2/9)^17: MATCH  Q_r(4/9)==0: True
  [poly] p=2305843009213693951 r=5: surplus=48 C_r(a=1/3) == (r!)^2 2^28 (2/9)^20: MATCH  Q_r(4/9)==0: True
  [poly] p=2305843009213693951 r=6: surplus=38 C_r(a=1/3) == (r!)^2 2^33 (2/9)^23: MATCH  Q_r(4/9)==0: True
    level 1: 1.0s  degs num M00/M10/M11 = 5/8/9  den e = (0, 3, 0)/(0, 3, 3)/(0, 3, 3)  tot.vu=219
    level 2: 2.1s  degs num M00/M10/M11 = 9/14/15  den e = (0, 5, 0)/(0, 5, 5)/(0, 5, 5)  tot.vu=218
    level 3: 3.8s  degs num M00/M10/M11 = 13/20/21  den e = (0, 7, 0)/(0, 7, 7)/(0, 7, 7)  tot.vu=217
    level 4: 6.2s  degs num M00/M10/M11 = 17/26/27  den e = (0, 9, 0)/(0, 9, 9)/(0, 9, 9)  tot.vu=216
    level 5: 9.3s  degs num M00/M10/M11 = 21/32/33  den e = (0, 11, 0)/(0, 11, 11)/(0, 11, 11)  tot.vu=215
    level 6: 13.2s  degs num M00/M10/M11 = 25/38/39  den e = (0, 13, 0)/(0, 13, 13)/(0, 13, 13)  tot.vu=214
  [poly] p=1000000000000000009 r=0: surplus=99 C_r(a=1/3) == (r!)^2 2^3 (2/9)^5: MATCH
  [poly] p=1000000000000000009 r=1: surplus=90 C_r(a=1/3) == (r!)^2 2^8 (2/9)^8: MATCH  Q_r(4/9)==0: True
  [poly] p=1000000000000000009 r=2: surplus=80 C_r(a=1/3) == (r!)^2 2^13 (2/9)^11: MATCH  Q_r(4/9)==0: True
  [poly] p=1000000000000000009 r=3: surplus=69 C_r(a=1/3) == (r!)^2 2^18 (2/9)^14: MATCH  Q_r(4/9)==0: True
  [poly] p=1000000000000000009 r=4: surplus=59 C_r(a=1/3) == (r!)^2 2^23 (2/9)^17: MATCH  Q_r(4/9)==0: True
  [poly] p=1000000000000000009 r=5: surplus=48 C_r(a=1/3) == (r!)^2 2^28 (2/9)^20: MATCH  Q_r(4/9)==0: True
  [poly] p=1000000000000000009 r=6: surplus=38 C_r(a=1/3) == (r!)^2 2^33 (2/9)^23: MATCH  Q_r(4/9)==0: True
VERDICT: ALL MATCH — curve-amplitude conjecture holds at a=1/3 for all computed r, both modes
