s08 moment-kernel run: NX=16 H=16 NU=36 maxlevel=4
prime p = 2305843009213693951
  [king] C0 level-0 kernel solution vs DP table: OK
  [king] C1 moment grids r=1..4 vs joint truth table: 400 cells OK, 0 bad OK
  [king] C2 diagonal vs independent univariate DP (s<=17): 64 OK, 0 bad OK
  [king] C3 derived M1 satisfies s07 fitted closed form (A+B*sqrtD == M1*K^2*D^4): OK
  [king] wall 74.7s
  [poly] C0 level-0 kernel solution vs DP table: OK
  [poly] C1 moment grids r=1..4 vs joint truth table: 400 cells OK, 0 bad OK
  [poly] C2 diagonal vs independent univariate DP (s<=17): 64 OK, 0 bad OK
  [poly] C3 derived M1 satisfies s07 fitted closed form (A+B*sqrtD == M1*K^2*D^4): OK
  [poly] wall 74.5s
prime p = 1000000000000000009
  [king] C0 level-0 kernel solution vs DP table: OK
  [king] C1 moment grids r=1..4 vs joint truth table: 400 cells OK, 0 bad OK
  [king] C2 diagonal vs independent univariate DP (s<=17): 64 OK, 0 bad OK
  [king] C3 derived M1 satisfies s07 fitted closed form (A+B*sqrtD == M1*K^2*D^4): OK
  [king] wall 72.6s
  [poly] C0 level-0 kernel solution vs DP table: OK
  [poly] C1 moment grids r=1..4 vs joint truth table: 400 cells OK, 0 bad OK
  [poly] C2 diagonal vs independent univariate DP (s<=17): 64 OK, 0 bad OK
  [poly] C3 derived M1 satisfies s07 fitted closed form (A+B*sqrtD == M1*K^2*D^4): OK
  [poly] wall 72.2s
VERDICT: ALL CHECKS PASS
