1 0
2 0
3 0
4 0
5 0
6 0
7 0
8 0
9 0
10 0
11 59049
12 1673055
13 27261684
14 336733767
15 3511995435
16 32703766750
17 281054436836
18 2277043672928
19 17644523530186
20 132107598093637
21 962797249464752
22 6867740599560941
23 48146545977248522
24 332788203319507784
25 2273480557956922883
26 15380539061225928243
27 103197416395602992033
28 687555497019468623265
29 4553115467895972698653
30 29992371889088683625144
31 196648351191947045826077
32 1284026067069499645081703
33 8353130722304215904016193
