1 0
2 0
3 0
4 0
5 81
6 945
7 7273
8 47066
9 278240
10 1558399
11 8422286
12 44372452
13 229332571
14 1167671359
15 5874715998
16 29271201169
17 144687669852
18 710473784059
19 3469435781222
20 16863281286022
21 81640592090589
22 393917133975378
23 1895173182963164
24 9095242974196751
25 43556120823729954
26 208199112383670263
27 993596126612962808
28 4735144536271384982
29 22538600837981849806
30 107166283543642782291
31 509078614050101751877
32 2416335170663199451864
33 11460898842085523748409
