1 10
2 37
3 172
4 882
5 4772
6 26726
7 153254
8 893528
9 5271594
10 31360332
11 187593576
12 1125917309
13 6769323014
14 40724680615
15 244991324234
16 1473214591688
17 8853924548090
18 53179949297613
19 319242630478450
20 1915524338962817
21 11489090330494276
22 68889148510786498
23 412966722260952736
24 2475169636134605672
25 14833438145578623586
26 88887774487498275088
27 532620459485302728230
28 3191377153108968050393
29 19121815018983942670462
30 114571078009631627991632
31 686465205772136130496234
32 4113025396061866306098951
33 24643622706505395829007322
34 147655115728207284670105761
35 884694687190735690922364548
36 5300774398024893790909677483
37 31760411011265114071291888864
38 190297755352906704368531034594
39 1140202089835314450977067494340
40 6831726632734704189519203272254
