1 13
2 49
3 232
4 1212
5 6686
6 38222
7 224030
8 1337351
9 8094540
10 49519872
11 305491800
12 1897055600
13 11841542090
14 74213253388
15 466528223735
16 2939292104228
17 18547361403014
18 117154726180304
19 740444726954672
20 4681062937772306
21 29595031528374695
22 187090206643532546
23 1182500497505154319
24 7472192609478225073
25 47204422154248186947
26 298129891959502252957
27 1882446068910831961622
28 11883463362167928727395
29 75002874379549814096063
30 473302245905762927052224
31 2986318440574781401626136
32 18840000835138832373054999
33 118845383178277737425105967
34 749632706792071252916685811
35 4728099728021507732727191738
36 29819654180696881825743925006
37 188062162158011401244876372672
38 1186006775729774616976991585997
39 7479337434036740045760290906134
40 47166311078249179894307924419477
