1 14
2 53
3 252
4 1322
5 7324
6 42054
7 247622
8 1485292
9 9035522
10 55573052
11 344791208
12 2154160746
13 13534473156
14 85422228248
15 541093990480
16 3437263912752
17 21882946691024
18 139543135041629
19 890876751230318
20 5692032982287478
21 36385345138474210
22 232645325364900588
23 1487636171652924740
24 9512208592202872047
25 60815372990950484448
26 388750908056154100754
27 2484530208757775642648
28 15875524932617835151669
29 101420109720032240494238
30 647793830847815610562143
31 4136879942797281313423276
32 26414361210494938092645654
33 168634523436307396063572732
34 1076465357475217310407814674
35 6870817703133193456841003178
36 43850909961503138552709792332
37 279844600958114749939926886884
38 1785784229980244199292779800333
39 11395138953173940034931443706096
40 72709812978129442490104914455459
