1 16
2 61
3 292
4 1542
5 8600
6 49718
7 294806
8 1781174
9 10917486
10 67679412
11 423390024
12 2668371038
13 16920335288
14 107840177968
15 690235089908
16 4433599201817
17 28562987371628
18 184467204042899
19 1193745761289296
20 7737739154061314
21 50220297137323142
22 326272327810797172
23 2121329697728923844
24 13799762065826120517
25 89803888380700836484
26 584545108859523079848
27 3805331011849600034888
28 24773178695179946565345
29 161271912057773330487004
30 1049793957187239867344071
31 6832893917383044469046398
32 44468502083996994884467083
33 289363223807267749275751814
34 1882677321380417666652271738
35 12247600605418568514902848762
36 79665641035670006420288052886
37 518130742774626607747493066514
38 3369456876818228207857139994251
39 21909726957567573691152937975320
40 142454094029485172947476072841731
