1 18
2 69
3 332
4 1762
5 9876
6 57382
7 341990
8 2077056
9 12799450
10 79785772
11 501988840
12 3182581330
13 20306197420
14 130258127688
15 839376189336
16 5429948839789
17 35243719988414
18 229409392525064
19 1496957222441468
20 9788683705792731
21 64124213850993558
22 420710894019084281
23 2763778677740220998
24 18175474750310343733
25 119631874752998539782
26 787974544918355029525
27 5192977625512816987086
28 34237608266756342045078
29 225800620434976653420368
30 1489502794280487911590107
31 9826949455690940053258644
32 64838105313298906509973818
33 427813600418021416708936900
34 2822765373371844422071592116
35 18624224541941153855887987332
36 122872740221641599129511882383
37 810588303346245882200550887336
38 5346977711289977554705304844085
39 35267713940583460187598209484684
40 232598133672106834656929398245194
