1 5
2 17
3 72
4 332
5 1582
6 7566
7 36023
8 170752
9 807173
10 3810552
11 17979490
12 84819832
13 400137724
14 1887687488
15 8905527564
16 42014086723
17 198213433473
18 935130942524
19 4411762687990
20 20813825759026
21 98195514722354
22 463266979244799
23 2185601664007546
24 10311234537033525
25 48646355805095063
26 229503840086249040
27 1082753511529864772
28 5108215908947544074
29 24099547594265526039
30 113696876713712882740
31 536399271646001500131
32 2530625175986429251770
33 11938986721290605048638
34 56325766962427803800955
35 265733776070344773884791
36 1253679151702717302587588
37 5914609119902273325932792
38 27903950539251172060429640
39 131645293866784169172011858
40 621076337305421323616368274
