1 6
2 21
3 92
4 442
5 2220
6 11398
7 58886
8 303951
9 1564528
10 8032645
11 41168794
12 210776342
13 1078539178
14 5517470316
15 28222973796
16 144363035411
17 738434205014
18 3777227109983
19 19321429983668
20 98834552073742
21 505568876646590
22 2586145230320856
23 13228968044643186
24 67670471530970845
25 346156489356805684
26 1770703070365982937
27 9057721817615806448
28 46333189243939739516
29 237009304949084003886
30 1212379514939028289820
31 6201714625159780604922
32 31723782556985618604931
33 162277440801702645585132
34 830101761536226151216425
35 4246239842054922895884186
36 21720894517129437748845344
37 111109422989944523841279338
38 568360749105806138162466488
39 2907349641999200224249860892
40 14872036738142026795460268779
