1 8
2 29
3 132
4 662
5 3496
6 19062
7 106070
8 597646
9 3389630
10 19273655
11 109615868
12 622894980
13 3535459380
14 20044127576
15 113533790300
16 642628646932
17 3635652230204
18 20561929110281
19 116267288172332
20 657354845025298
21 3716332601245530
22 21009524445780146
23 118771745139478050
24 671443791157573648
25 3795838588816520460
26 21458924960989885967
27 121313815682219227690
28 685826541329484217670
29 3877212615445879748288
30 21919258868651562940300
31 123917523456131574178810
32 700551338882827256012066
33 3960476439490296449536486
34 22390047861309569288479657
35 126579293573059325246453152
36 715600004449813851681748480
37 4045554012849788713495588754
38 22871027013427059965708159248
39 129298450612469833291929142858
40 730972377431856821468347594522
