1 9
2 33
3 152
4 772
5 4134
6 22894
7 129662
8 745587
9 4330612
10 25307152
11 148353217
12 870662365
13 5109696313
14 29969592738
15 175636997481
16 1028489645714
17 6018323211136
18 35196635798298
19 205747930613379
20 1202347560019610
21 7024682549853479
22 41035305428693253
23 239688112991587050
24 1399941003881640987
25 8176332241611900513
26 47752933728690876080
27 278893689784484904280
28 1628834283027316772251
29 9512966294776759660624
30 55559249411393277957808
31 324487688712940592733190
32 1895140395685144445517480
33 11068420309206654620068579
34 64644375718625319065410201
35 377551742928520612695606170
36 2205071423466692057704152166
37 12878614619179311127924508278
38 75216969636760294556859210940
39 439301453389302780612928073554
40 2565721531112494794460585024119
