# feed-vector evaluation of the amplitude ratio: dps 530, hmax 1200 (x^hmax ~ 1e-594)

## mu from the phi recurrence's eigenvalue condition (shooting)
  3.12894326973088625227744799538775416053209122190439413496497464994924438583718257615823063288164783234634835221018937039608167576493048146233778414064847543298805623983850111109827008627878918922549000485072072
  agreement with the banked 199-digit mu: 200 digits (this run reaches 199)  OK

## eigen-equation sum_h' x^h'(min(h,h')+1)phi(h') = phi(h)
  GREEN at x_c        : worst relative residual 1e-528
  RED   at x = 1/3.13 : worst relative residual 1e-2  (diverges, good)

## Perron check: min phi = 2.0, phi(1) = 2.0, phi(hmax) = 2.5374225302
  positive and bounded OK -- a positive eigenvector of a positive operator has the spectral radius for its eigenvalue

## (*)  r = (1/2) (w4 . phi) / (w . phi)
  w  . phi = 1.29770192341040021939895011278
  w4 . phi = 1.19935960397018718067118376153
  r_struct = 0.46210904920994244003566238770030583284116343972998042470650929214452295051144448354101980484861823406208975525704146653320438438763817013906814409101435628993413155381217886204540467372830095968253920819748381009549588646431928574874902351771539511812427107547485479816437741556730061206494508260926

## against Table B's 54 measured digits (the unsplit dir4 series)
  agree to 54 digits  OK

## against results/mk_hvdir4asc_terms_n700.txt / results/convex_area_terms_n700_king.txt
  measured (Aitken, 700 terms), trusted 185 digits
  r_struct vs measured: 293 digits agree, need 185   OK
  RED  no 1/2      : 0 digits  (diverges, good)
  RED  cap 3 not 2 : 1 digits  (diverges, good)

## r_struct's own precision
  hmax 1200 vs hmax 1000: 492 digits agree -- truncation is x^hmax, so this is a FLOOR for hmax 1200, set by the smaller run
  usable digits of r_struct: 492 -- structural, conditional on the rank-one residue reading
  wrote mu and r_struct to results/amplitude_ratio_constants.txt
