null control:      199 terms of convex polyplets by area
  (non-D-finite, EXCLUDED at (24,24) on 700 terms)

=== prec box (5 2)
  dir4_perim_null199.txt                   EXCLUDED (full rank=18 of 18 unknowns; nullity=0)
  mk_dir4_perim_terms_s200.txt             EXCLUDED (full rank=18 of 18 unknowns; nullity=0)
=== prec box (12 12)
  dir4_perim_null199.txt                   EXCLUDED (full rank=169 of 169 unknowns; nullity=0)
  mk_dir4_perim_terms_s200.txt             EXCLUDED (full rank=169 of 169 unknowns; nullity=0)
=== prec box (13 12)
  dir4_perim_null199.txt                   EXCLUDED (full rank=182 of 182 unknowns; nullity=0)
  mk_dir4_perim_terms_s200.txt             CANDIDATE (full rank=175 of 182 unknowns; nullity=7)
=== prec box (11 14)
  dir4_perim_null199.txt                   EXCLUDED (full rank=180 of 180 unknowns; nullity=0)
  mk_dir4_perim_terms_s200.txt             EXCLUDED (full rank=180 of 180 unknowns; nullity=0)
=== prec box (9 17)
  dir4_perim_null199.txt                   EXCLUDED (full rank=180 of 180 unknowns; nullity=0)
  mk_dir4_perim_terms_s200.txt             EXCLUDED (full rank=180 of 180 unknowns; nullity=0)
=== prec box (17 9)
  dir4_perim_null199.txt                   EXCLUDED (full rank=180 of 180 unknowns; nullity=0)
  mk_dir4_perim_terms_s200.txt             CANDIDATE (full rank=147 of 180 unknowns; nullity=33)
=== prec box (14 11)
  dir4_perim_null199.txt                   EXCLUDED (full rank=180 of 180 unknowns; nullity=0)
  mk_dir4_perim_terms_s200.txt             CANDIDATE (full rank=165 of 180 unknowns; nullity=15)
=== prec box (6 26)
  dir4_perim_null199.txt                   EXCLUDED (full rank=189 of 189 unknowns; nullity=0)
  mk_dir4_perim_terms_s200.txt             EXCLUDED (full rank=189 of 189 unknowns; nullity=0)
=== prec box (4 37)
  dir4_perim_null199.txt                   EXCLUDED (full rank=190 of 190 unknowns; nullity=0)
  mk_dir4_perim_terms_s200.txt             EXCLUDED (full rank=190 of 190 unknowns; nullity=0)
=== prec box (3 46)
  dir4_perim_null199.txt                   EXCLUDED (full rank=188 of 188 unknowns; nullity=0)
  mk_dir4_perim_terms_s200.txt             EXCLUDED (full rank=188 of 188 unknowns; nullity=0)
=== prec box (2 62)
  dir4_perim_null199.txt                   EXCLUDED (full rank=189 of 189 unknowns; nullity=0)
  mk_dir4_perim_terms_s200.txt             EXCLUDED (full rank=189 of 189 unknowns; nullity=0)
=== prec box (1 97)
  dir4_perim_null199.txt                   EXCLUDED (full rank=196 of 196 unknowns; nullity=0)
  mk_dir4_perim_terms_s200.txt             EXCLUDED (full rank=196 of 196 unknowns; nullity=0)
=== prec box (30 4)
  dir4_perim_null199.txt                   EXCLUDED (full rank=155 of 155 unknowns; nullity=0)
  mk_dir4_perim_terms_s200.txt             CANDIDATE (full rank=113 of 155 unknowns; nullity=42)
=== prec box (38 3)
  dir4_perim_null199.txt                   EXCLUDED (full rank=156 of 156 unknowns; nullity=0)
  mk_dir4_perim_terms_s200.txt             CANDIDATE (full rank=117 of 156 unknowns; nullity=39)
=== prec box (48 2)
  dir4_perim_null199.txt                   EXCLUDED (full rank=147 of 147 unknowns; nullity=0)
  mk_dir4_perim_terms_s200.txt             CANDIDATE (full rank=125 of 147 unknowns; nullity=22)
=== alg box (12 14)
  dir4_perim_null199.txt                   EXCLUDED (full rank=195 of 195 unknowns; nullity=0)
  mk_dir4_perim_terms_s200.txt             EXCLUDED (full rank=195 of 195 unknowns; nullity=0)
=== alg box (13 13)
  dir4_perim_null199.txt                   EXCLUDED (full rank=196 of 196 unknowns; nullity=0)
  mk_dir4_perim_terms_s200.txt             EXCLUDED (full rank=196 of 196 unknowns; nullity=0)
=== alg box (6 27)
  dir4_perim_null199.txt                   EXCLUDED (full rank=196 of 196 unknowns; nullity=0)
  mk_dir4_perim_terms_s200.txt             CANDIDATE (full rank=178 of 196 unknowns; nullity=18)
=== alg box (3 48)
  dir4_perim_null199.txt                   EXCLUDED (full rank=196 of 196 unknowns; nullity=0)
  mk_dir4_perim_terms_s200.txt             EXCLUDED (full rank=196 of 196 unknowns; nullity=0)
=== alg box (30 5)
  dir4_perim_null199.txt                   EXCLUDED (full rank=186 of 186 unknowns; nullity=0)
  mk_dir4_perim_terms_s200.txt             EXCLUDED (full rank=186 of 186 unknowns; nullity=0)
NULL CONTROL DONE
