### alg mode: nullity(K,L) for the dir4 series
### predicted by a minimal (K0,L0)=(4,22) relation: (K-3)(L-21), else -
   K\L    20    21    22    23    24    25    26    27    28
     3     0     0     0     0     0     0     0     0     0
     4     0     0     1     2     3     4     5     6     7
     5     0     0     2     4     6     8    10    12    14
     6     0     0     3     6     9    12    15    18     -
     7     0     0     4     8     -     -     -     -     -
predicted:
   K\L    20    21    22    23    24    25    26    27    28
     3     0     0     0     0     0     0     0     0     0
     4     0     0     1     2     3     4     5     6     7
     5     0     0     2     4     6     8    10    12    14
     6     0     0     3     6     9    12    15    18     -
     7     0     0     4     8     -     -     -     -     -

### same grid on the null control (must be all zero)
   K\L    20    21    22    23    24    25    26    27    28
     3     0     0     0     0     0     0     0     0     0
     4     0     0     0     0     0     0     0     0     0
     5     0     0     0     0     0     0     0     0     0
     6     0     0     0     0     0     0     0     0     -
     7     0     0     0     0     -     -     -     -     -

### prec mode: nullity(J,D) around the frontier, dir4 / null / hv
     box   dir4   null     hv
  (18,3)      0      0     43
  (19,3)      1      0     46
  (20,3)      3      0     49
  (21,3)      5      0     52
  (22,3)      7      0     55
  (19,2)      0      0     29
  (19,4)      9      0     63
  (19,5)     17      0     80
  (26,2)      0      0     43
  (27,2)      1      0     45
  (28,2)      2      0     47
  (29,2)      3      0     49
  (12,9)      0      0     85
  (13,9)      1      0     94
  (14,9)      9      0    103
  (15,9)     17      0    112

### is the UNRESTRICTED HV series algebraic in the same boxes?
### (separate question, reported for contrast -- not a Phase 2b claim)
  alg (4,22)  hv nullity=42   dir4 nullity=1
  alg (4,24)  hv nullity=48   dir4 nullity=3
  alg (6,22)  hv nullity=70   dir4 nullity=3
  alg (2,40)  hv nullity=32   dir4 nullity=0
  alg (3,30)  hv nullity=44   dir4 nullity=0
NULLITY GRID DONE
