series=mk_dir4_perim_terms_s200.txt terms=199 box=(19,3) unknowns=80 rows=180 train=84 holdout=96
FOUND in (19,3)  [1.4s]  rows failing over Q: 0 of 180
  p_0(n) = 1068039099477894473562251261230459163143554254253706579608*n^0 + 2974012832536627215882660612405796648764275425789402100772*n^1 + 1827826809082622053504832409554581015407028729641545708988*n^2 + 303915083841891031977032459329648740905389790155135651752*n^3
  p_1(n) = 72673287616031342948496315361366720805225869072038869867892*n^0 + 97110334666739241058301534122496507830811352417060055485612*n^1 + 39008495613023542329707718709061230199016769624821649567446*n^2 + 4865806857284346600867413166190796895102228613049316741570*n^3
  p_2(n) = 1209768972097605166732899079604190874080518360337829474841436*n^0 + 1149476627208878888526408953192047350876329144907890367209097*n^1 + 348753929217449123130543757146733819044340393603032326591250*n^2 + 34330806428820692864740902822768532116953532004513785259257*n^3
  p_3(n) = 9189668525135527936967793733739559547437386589357804939137880*n^0 + 6982156089479165574027805149876562283218707343793264305346663*n^1 + 1730339219498337519443053180462434075681450069140972053174674*n^2 + 141575908421296293701189388794209705331310259777164198077311*n^3
  p_4(n) = 38397849989124682880997264107204801155655856440733144498478074*n^0 + 24825554380532447857118430958667177680731864255883027644531670*n^1 + 5297410899818573857598582979223760257026154666294119901892010*n^2 + 375837992412371120576121065898416422836197832557886842037638*n^3
  p_5(n) = 94359529638835598141136316632865063989520114395819866438519406*n^0 + 54222353386805594279272149516179478639407371058883387979917367*n^1 + 10339216048137721067158519359686351270570950594062081161466114*n^2 + 654776035313477796523728796009312360867894675535901724671689*n^3
  p_6(n) = 131237485941851964328010270383304146159904093596375634859125118*n^0 + 69195349780253156709733062173522593952335883975859875675117585*n^1 + 12074833797035836774942535817826124136346682171215006574450712*n^2 + 692926330407287216589777525905356260741458172625393371070057*n^3
  p_7(n) = 63586294960653028605047038942175806014054996006869483508122412*n^0 + 31223352443751877132186242748015363720130174827967983867565019*n^1 + 5051954494378682544878858801692423432146518915079142156622580*n^2 + 262119824248728131333815469726146982442956600121228280923909*n^3
  p_8(n) = -104294598694889837920664317988809453040136209524838873226719604*n^0 + -48252690164802148479015792546285263721712982215244461168073850*n^1 + -7097889823495598143218223994234450914808721594136691162254092*n^2 + -340676256523527644206807021034064400907918434605517904008446*n^3
  p_9(n) = -176486223137876850428652618270483458930820815728970129309798286*n^0 + -75959545137374361248633767072104209416956052806613732469199365*n^1 + -10217354723700566241100905723303269306706094443465886768261140*n^2 + -438546986232860762603232861480683150432901175158574853997985*n^3
  p_10(n) = 9142978276978609277483549974914234764638132470944738807546064*n^0 + 818233487681771093754282019306625290905321057139641631524851*n^1 + 65984611205655519680406654942871427057239198423605995309778*n^2 + 9073949722590135269805800768470159723592123816578773866875*n^3
  p_11(n) = 178539589873098447533084869905167255830623553613471644613303016*n^0 + 59929776472677086531025275760918872596561822245434065075001097*n^1 + 6502991539474864686344211935050183849459500647668403229179658*n^2 + 229510144154195482239048733109791913319165318667859576244549*n^3
  p_12(n) = 11963308288473472298729379361057850279162561296051840013138514*n^0 + 5057366273720487067416896438384999549952690314316875853950434*n^1 + 502732870523854552369856002821209959950438287794634785121754*n^2 + 13151282479790176883860254406016604311811893030790342397682*n^3
  p_13(n) = -119823744379924506759047745333464962370688450569364155650761630*n^0 + -32242145669609580290126862339196611906523560112970223563738643*n^1 + -2844092650864432865265045487433020937906525013267696433657302*n^2 + -82276645477598895532603975983160171438272291334190352827145*n^3
  p_14(n) = 25788152642615748800951462170161075602086463631404107659215550*n^0 + 5875904629889455381762930416223367104180446937648369636031187*n^1 + 465186714031159529764513209407441140048525597764119856185436*n^2 + 12677211153036709933172520132890258405160085382789347007763*n^3
  p_15(n) = 37016153810669242719708279479526871599828963881467004423297292*n^0 + 8388234855374888878260793514681545020805739988159928250358345*n^1 + 622715536188294490355570902750425340441436716576144293468744*n^2 + 15167796386926131998933240413668644126811686771069241902643*n^3
  p_16(n) = -25966384471308587756658680931815347659881983961208043116575856*n^0 + -5359065346227943426667671140937563374175794842740273615435138*n^1 + -366932629781061443005194697710243046085374722164466791101620*n^2 + -8332635789676957141718125168840770361500029039216181150786*n^3
  p_17(n) = 7236737875637877026704600122626982423682547280975442976312010*n^0 + 1388414653895786368087036425836716504857283865593889615606645*n^1 + 88635106996280981027636844484610388384334444348781967975762*n^2 + 1882146319014403428597212465527776041448826775313204242911*n^3
  p_18(n) = -966076374930632232395022647161360924691076064104156959603304*n^0 + -174257097223227946146322031172755342630165794745681594323008*n^1 + -10463847262171138903272792654617167298789030483573327789016*n^2 + -209130389870606525290357958117901363116055775514985442512*n^3
  p_19(n) = 51120998386467014268991000895128304689426247265482013844488*n^0 + 8745199541128600867024919754772514595635306216076628681260*n^1 + 497929136042816148894722685327521199812474020562116370664*n^2 + 9434994199807585296182011219957090028380019038190709828*n^3
        1.40 real         1.37 user         0.01 sys
            21282816  maximum resident set size
                   0  average shared memory size
                   0  average unshared data size
                   0  average unshared stack size
                2048  page reclaims
                  41  page faults
                   0  swaps
                   0  block input operations
                   0  block output operations
                   0  messages sent
                   0  messages received
                   0  signals received
                 100  voluntary context switches
                  37  involuntary context switches
         21750033367  instructions retired
          6174935129  cycles elapsed
            12321176  peak memory footprint
rc=0
