event=start job=middle_kingdom_tm t=2026-08-05T21:34:27-04:00 git=54440c2-dirty built=2026-08-05T21:33:45-0400 host=gympie mode=hvmono n=700
event=done job=middle_kingdom_tm t=2026-08-05T21:34:29-04:00 start=2026-08-05T21:34:27-04:00 wall_s=1.3 cpu_s=1.3 peak_rss_mb=54.9 mode=hvmono n=700 a_n=22539173038313854127570651727836140012381295478038940850623392179963451263786738143443118394051177042373074295200138112204956978959615743019910935235167023750346914178455993010679538375034949817818020501853649592542636040787979205876687111485120727385995451768953094764952495173834315393047734847328171196481119439558124884932927026615591630443160
        1.28 real         1.27 user         0.00 sys
            57589760  maximum resident set size
                   0  average shared memory size
                   0  average unshared data size
                   0  average unshared stack size
                3695  page reclaims
                   2  page faults
                   0  swaps
                   0  block input operations
                   0  block output operations
                   0  messages sent
                   0  messages received
                   0  signals received
                   0  voluntary context switches
                  20  involuntary context switches
         34518200937  instructions retired
          5637846681  cycles elapsed
            56803688  peak memory footprint
