event=start job=g2-square8-N14 t=2026-08-06T23:38:30-04:00 git=69c4ccd-dirty built=2026-08-06T23:36:27-0400 host=gympie lattice=square8
event=done job=g2-square8-N14 t=2026-08-06T23:57:11-04:00 start=2026-08-06T23:38:30-04:00 wall_s=1121.9 cpu_s=1121.8 peak_rss_mb=1.7 result=ok
     1121.89 real      1120.21 user         1.56 sys
             1769472  maximum resident set size
                   0  average shared memory size
                   0  average unshared data size
                   0  average unshared stack size
                 274  page reclaims
                   1  page faults
                   0  swaps
                   0  block input operations
                   0  block output operations
                   0  messages sent
                   0  messages received
                   0  signals received
                   0  voluntary context switches
               12794  involuntary context switches
      16813589697940  instructions retired
       4483183430844  cycles elapsed
             1327440  peak memory footprint
