=== c4 to n=40 on 8 threads  ===
event=start job=symcount-c4-N40 t=2026-08-07T14:19:54-04:00 git=16236db-dirty built=2026-08-07T14:19:39-0400 host=gympie total=2 type=c4 threads=8
event=heartbeat job=symcount-c4-N40 t=2026-08-07T14:23:32-04:00 elapsed_s=217.9 rate=0.00459/s done=0.5000 eta=2026-08-07T14:27:09-04:00 placement=1
event=heartbeat job=symcount-c4-N40 t=2026-08-07T14:26:58-04:00 elapsed_s=424.0 rate=0.004717/s done=1.0000 placement=2
event=done job=symcount-c4-N40 t=2026-08-07T14:26:58-04:00 start=2026-08-07T14:19:54-04:00 wall_s=424.0 cpu_s=3390.9 peak_rss_mb=5.0 result=ok
=== d2ax to n=40 on 8 threads  ===
event=start job=symcount-d2ax-N40 t=2026-08-07T14:26:58-04:00 git=16236db-dirty built=2026-08-07T14:19:39-0400 host=gympie total=4 type=d2ax threads=8
event=heartbeat job=symcount-d2ax-N40 t=2026-08-07T14:31:23-04:00 elapsed_s=264.9 rate=0.003774/s done=0.2500 eta=2026-08-07T14:44:37-04:00 placement=1
event=heartbeat job=symcount-d2ax-N40 t=2026-08-07T14:35:06-04:00 elapsed_s=487.6 rate=0.004102/s done=0.5000 eta=2026-08-07T14:43:13-04:00 placement=2
event=heartbeat job=symcount-d2ax-N40 t=2026-08-07T14:38:51-04:00 elapsed_s=712.4 rate=0.004211/s done=0.7500 eta=2026-08-07T14:42:48-04:00 placement=3
event=heartbeat job=symcount-d2ax-N40 t=2026-08-07T14:41:56-04:00 elapsed_s=897.7 rate=0.004456/s done=1.0000 placement=4
event=done job=symcount-d2ax-N40 t=2026-08-07T14:41:56-04:00 start=2026-08-07T14:26:58-04:00 wall_s=897.7 cpu_s=7181.4 peak_rss_mb=4.6 result=ok
=== d2diag to n=40 on 8 threads  ===
event=start job=symcount-d2diag-N40 t=2026-08-07T14:41:56-04:00 git=16236db-dirty built=2026-08-07T14:19:39-0400 host=gympie total=2 type=d2diag threads=8
event=heartbeat job=symcount-d2diag-N40 t=2026-08-07T14:46:09-04:00 elapsed_s=252.7 rate=0.003957/s done=0.5000 eta=2026-08-07T14:50:21-04:00 placement=1
event=heartbeat job=symcount-d2diag-N40 t=2026-08-07T14:50:05-04:00 elapsed_s=489.0 rate=0.00409/s done=1.0000 placement=2
event=done job=symcount-d2diag-N40 t=2026-08-07T14:50:05-04:00 start=2026-08-07T14:41:56-04:00 wall_s=489.0 cpu_s=3910.1 peak_rss_mb=4.3 result=ok
=== d4 to n=40 on 8 threads  ===
event=start job=symcount-d4-N40 t=2026-08-07T14:50:05-04:00 git=16236db-dirty built=2026-08-07T14:19:39-0400 host=gympie total=2 type=d4 threads=8
event=done job=symcount-d4-N40 t=2026-08-07T14:50:05-04:00 start=2026-08-07T14:50:05-04:00 wall_s=0.0 cpu_s=0.2 peak_rss_mb=3.7 result=ok
=== d2ax to n=40 on 8 threads --byheight ===
event=start job=symcount-d2ax-N40 t=2026-08-07T14:50:05-04:00 git=16236db-dirty built=2026-08-07T14:19:39-0400 host=gympie total=4 type=d2ax threads=8 byheight=1
event=heartbeat job=symcount-d2ax-N40 t=2026-08-07T14:54:27-04:00 elapsed_s=261.7 rate=0.00382/s done=0.2500 eta=2026-08-07T15:07:32-04:00 placement=1
event=heartbeat job=symcount-d2ax-N40 t=2026-08-07T14:58:15-04:00 elapsed_s=490.5 rate=0.004078/s done=0.5000 eta=2026-08-07T15:06:25-04:00 placement=2
event=heartbeat job=symcount-d2ax-N40 t=2026-08-07T15:01:53-04:00 elapsed_s=707.6 rate=0.00424/s done=0.7500 eta=2026-08-07T15:05:48-04:00 placement=3
event=heartbeat job=symcount-d2ax-N40 t=2026-08-07T15:04:55-04:00 elapsed_s=889.7 rate=0.004496/s done=1.0000 placement=4
event=done job=symcount-d2ax-N40 t=2026-08-07T15:04:55-04:00 start=2026-08-07T14:50:05-04:00 wall_s=889.7 cpu_s=7116.6 peak_rss_mb=4.7 result=ok
wrote results/subgroup_counts.txt
c4 vs banked r90 (n<=33): identical on all rows

  n a(n) mod 4  predicted a(n) mod 8  predicted
  1          1          1          1          3
  2          0          0          4          0
  3          0          0          4          0
  4          2          2          6          6
  5          2          2          6          6
  6          0          0          0          4
  7          0          0          0          4
  8          1          1          5          7
  9          2          2          6          4
 10          0          0          4          4
 11          0          0          0          4
 12          2          2          2          4
 13          2          2          2          2
 14          0          0          4          0
 15          2          2          2          0
 16          2          2          2          2
 17          1          1          1          5
 18          0          0          4          0
 19          0          0          4          4
 20          0          0          0          2
 21          1          1          5          5
 22          0          0          0          4
 23          0          0          4          4
 24          1          1          1          1
 25          1          1          1          5
 26          0          0          4          4
 27          0          0          0          4
 28          3          3          7          1
 29          1          1          5          1
 30          2          2          2          4
 31          0          0          4          4
 32          0          0          4          4
 33          0          0          0          6
 34          0          0          -          -
 35          2          2          -          -
 36          0          0          -          -
 37          0          0          -          -
 38          2          2          -          -
 39          2          2          -          -
 40          3          3          -          -

mod 4: 40 rows predicted, 40 comparable, 0 mismatches
mod 8: 33 rows predicted, MISMATCH [1, 2, 3, 6, 7, 8, 9, 11, 12, 14, 15, 17, 18, 20, 22, 25, 27, 28, 29, 30, 33]

T(n,H) = I_H(D2ax) (mod 2), a(40) triangle vs subgroup counts
    band   cells  mass share of a(40)  mismatches
   H1-10     355                7.52%           0
  H11-14     114               37.49%           0
  H15-19     120               43.84%           0
     H20      21                4.16%           0
     H21      20                2.84%           0
  H22-40     190                4.14%           0
   TOTAL     820              100.00%           0

a(40) = 56749893611764175164545926946127
  banked   mod 4 = 3
  subgroup mod 4 = 3
