11 11 0 59049
11 12 0 1614006
11 12 1 59049
11 13 0 25303590
11 13 1 1902690
11 13 2 55404
11 14 0 300471930
11 14 1 34299450
11 14 2 1918728
11 14 3 43659
11 15 0 3013986105
11 15 1 459236952
11 15 2 37118412
11 15 3 1619244
11 15 4 34722
11 16 0 27023489784
11 16 1 5113694160
11 16 2 531835308
11 16 3 33379719
11 16 4 1342116
11 16 5 25663
11 17 0 223933559916
11 17 1 50269025016
11 17 2 6314410167
11 17 3 507559464
11 17 4 28824833
11 17 5 1037378
11 17 6 20062
11 18 0 1752070293088
11 18 1 452198149164
11 18 2 65922630552
11 18 3 6372137492
11 18 4 456381510
11 18 5 23238955
11 18 6 827406
11 18 7 14761
