3 3 0 9
3 4 0 54
3 4 1 1
3 5 0 238
3 5 1 10
3 6 0 936
3 6 1 60
3 7 0 3482
3 7 1 292
3 7 2 1
3 8 0 12541
3 8 1 1283
3 8 2 13
3 9 0 44251
3 9 1 5326
3 9 2 99
3 10 0 154038
3 10 1 21333
3 10 2 592
3 10 3 1
3 11 0 531325
3 11 1 83348
3 11 2 3100
3 11 3 16
3 12 0 1821255
3 12 1 319670
3 12 2 14955
3 12 3 147
3 13 0 6215759
3 13 1 1208594
3 13 2 68254
3 13 3 1036
3 13 4 1
3 14 0 21149377
3 14 1 4517426
3 14 2 299248
3 14 3 6258
3 14 4 19
3 15 0 71807822
3 15 1 16728168
3 15 2 1272537
3 15 3 34208
3 15 4 204
3 16 0 243438266
3 16 1 61466202
3 16 2 5282725
3 16 3 174380
3 16 4 1651
3 16 5 1
3 17 0 824403533
3 17 1 224377528
3 17 2 21507451
3 17 3 844188
3 17 4 11270
3 17 5 22
3 18 0 2789712818
3 18 1 814494229
3 18 2 86165430
3 18 3 3927179
3 18 4 68674
3 18 5 270
