9 9 0 6561
9 10 0 144342
9 10 1 5103
9 11 0 1872072
9 11 1 137052
9 11 2 4131
9 12 0 18822618
9 12 1 2094552
9 12 2 119664
9 12 3 2790
9 13 0 163036314
9 13 1 24163920
9 13 2 1972359
9 13 3 87426
9 13 4 1990
9 14 0 1283303502
9 14 1 235327359
9 14 2 24482772
9 14 3 1547704
9 14 4 65074
9 14 5 1284
9 15 0 9465698102
9 15 1 2050546316
9 15 2 255540371
9 15 3 20524948
9 15 4 1201362
9 15 5 44432
9 15 6 923
9 16 0 66683829882
9 16 1 16544513404
9 16 2 2375555944
9 16 3 227855742
9 16 4 16605736
9 16 5 862778
9 16 6 32524
9 16 7 583
9 17 0 454275733868
9 17 1 126312313198
9 17 2 20356185030
9 17 3 2243536880
9 17 4 192051276
9 17 5 12485894
9 17 6 644075
9 17 7 21820
9 17 8 395
9 18 0 3017781897534
9 18 1 925715731875
9 18 2 164380593854
9 18 3 20282317208
9 18 4 1968715409
9 18 5 150633888
9 18 6 9529922
9 18 7 452368
9 18 8 15202
9 18 9 243
