1 1 1 1
2 1 2 1
2 2 1 1
3 1 3 1
3 3 1 1
3 3 2 2
4 1 4 1
4 2 2 1
4 3 2 2
4 3 3 3
4 4 1 1
4 4 2 2
5 1 5 1
5 3 2 2
5 3 3 6
5 3 4 4
5 5 1 1
5 5 2 6
5 5 3 2
6 1 6 1
6 2 3 1
6 3 2 1
6 3 3 6
6 3 4 10
6 3 5 5
6 4 2 4
6 4 3 6
6 5 2 4
6 5 3 9
6 5 4 2
6 6 1 1
6 6 2 6
6 6 3 2
7 1 7 1
7 3 3 6
7 3 4 16
7 3 5 15
7 3 6 6
7 5 2 8
7 5 3 31
7 5 4 20
7 5 5 2
7 7 1 1
7 7 2 14
7 7 3 10
7 7 4 2
8 1 8 1
8 2 4 1
8 3 3 3
8 3 4 18
8 3 5 30
8 3 6 21
8 3 7 7
8 4 2 1
8 4 3 12
8 4 4 14
8 5 2 4
8 5 3 34
8 5 4 52
8 5 5 26
8 5 6 2
8 6 2 12
8 6 3 33
8 6 4 10
8 7 2 8
8 7 3 25
8 7 4 10
8 7 5 2
8 8 1 1
8 8 2 14
8 8 3 10
8 8 4 2
9 1 9 1
9 3 3 1
9 3 4 16
9 3 5 45
9 3 6 50
9 3 7 28
9 3 8 8
9 5 2 2
9 5 3 53
9 5 4 142
9 5 5 103
9 5 6 32
9 5 7 2
9 7 2 24
9 7 3 120
9 7 4 92
9 7 5 20
9 7 6 2
9 9 1 1
9 9 2 30
9 9 3 36
9 9 4 12
9 9 5 2
10 1 10 1
10 2 5 1
10 3 4 10
10 3 5 50
10 3 6 90
10 3 7 77
10 3 8 36
10 3 9 9
10 4 3 6
10 4 4 32
10 4 5 30
10 5 2 1
10 5 3 40
10 5 4 194
10 5 5 264
10 5 6 152
10 5 7 38
10 5 8 2
10 6 2 6
10 6 3 78
10 6 4 128
10 6 5 36
10 7 2 12
10 7 3 131
10 7 4 200
10 7 5 112
10 7 6 22
10 7 7 2
10 8 2 32
10 8 3 128
10 8 4 68
10 8 5 12
10 9 2 16
10 9 3 67
10 9 4 38
10 9 5 12
10 9 6 2
10 10 1 1
10 10 2 30
10 10 3 36
10 10 4 12
10 10 5 2
11 1 11 1
11 3 4 4
11 3 5 45
11 3 6 126
11 3 7 161
11 3 8 112
11 3 9 45
11 3 10 10
11 5 3 33
11 5 4 294
11 5 5 620
11 5 6 500
11 5 7 211
11 5 8 44
11 5 9 2
11 7 2 12
11 7 3 287
11 7 4 764
11 7 5 525
11 7 6 174
11 7 7 24
11 7 8 2
11 9 2 64
11 9 3 409
11 9 4 378
11 9 5 122
11 9 6 24
11 9 7 2
11 11 1 1
11 11 2 62
11 11 3 112
11 11 4 52
11 11 5 14
11 11 6 2
12 1 12 1
12 2 6 1
12 3 4 1
12 3 5 30
12 3 6 140
12 3 7 266
12 3 8 266
12 3 9 156
12 3 10 55
12 3 11 11
12 4 3 1
12 4 4 24
12 4 5 80
12 4 6 62
12 5 3 18
12 5 4 288
12 5 5 973
12 5 6 1225
12 5 7 790
12 5 8 280
12 5 9 50
12 5 10 2
12 6 2 1
12 6 3 74
12 6 4 374
12 6 5 435
12 6 6 112
12 7 2 6
12 7 3 244
12 7 4 1084
12 7 5 1306
12 7 6 712
12 7 7 211
12 7 8 26
12 7 9 2
12 8 2 24
12 8 3 374
12 8 4 710
12 8 5 320
12 8 6 52
12 9 2 32
12 9 3 442
12 9 4 730
12 9 5 448
12 9 6 132
12 9 7 26
12 9 8 2
12 10 2 80
12 10 3 435
12 10 4 320
12 10 5 96
12 10 6 14
12 11 2 32
12 11 3 175
12 11 4 130
12 11 5 52
12 11 6 14
12 11 7 2
12 12 1 1
12 12 2 62
12 12 3 112
12 12 4 52
12 12 5 14
12 12 6 2
13 1 13 1
13 3 5 15
13 3 6 126
13 3 7 357
13 3 8 504
13 3 9 414
13 3 10 210
13 3 11 66
13 3 12 12
13 5 3 9
13 5 4 278
13 5 5 1493
13 5 6 2702
13 5 7 2310
13 5 8 1174
13 5 9 359
13 5 10 56
13 5 11 2
13 7 2 2
13 7 3 311
13 7 4 2358
13 7 5 4176
13 7 6 2864
13 7 7 1085
13 7 8 250
13 7 9 28
13 7 10 2
13 9 2 48
13 9 3 1246
13 9 4 3416
13 9 5 2473
13 9 6 936
13 9 7 198
13 9 8 28
13 9 9 2
13 11 2 160
13 11 3 1294
13 11 4 1430
13 11 5 592
13 11 6 166
13 11 7 28
13 11 8 2
13 13 1 1
13 13 2 126
13 13 3 322
13 13 4 194
13 13 5 68
13 13 6 16
13 13 7 2
14 1 14 1
14 2 7 1
14 3 5 5
14 3 6 90
14 3 7 392
14 3 8 784
14 3 9 882
14 3 10 615
14 3 11 275
14 3 12 78
14 3 13 13
14 4 4 8
14 4 5 80
14 4 6 192
14 4 7 126
14 5 3 3
14 5 4 206
14 5 5 1722
14 5 6 4567
14 5 7 5509
14 5 8 3836
14 5 9 1666
14 5 10 448
14 5 11 62
14 5 12 2
14 6 3 36
14 6 4 520
14 6 5 1527
14 6 6 1370
14 6 7 322
14 7 2 1
14 7 3 220
14 7 4 2682
14 7 5 7251
14 7 6 7420
14 7 7 4178
14 7 8 1428
14 7 9 291
14 7 10 30
14 7 11 2
14 8 2 8
14 8 3 520
14 8 4 2640
14 8 5 3244
14 8 6 1292
14 8 7 194
14 9 2 24
14 9 3 1120
14 9 4 4862
14 9 5 5636
14 9 6 3144
14 9 7 1109
14 9 8 226
14 9 9 30
14 9 10 2
14 10 2 80
14 10 3 1527
14 10 4 3244
14 10 5 1842
14 10 6 512
14 10 7 68
14 11 2 80
14 11 3 1379
14 11 4 2546
14 11 5 1712
14 11 6 634
14 11 7 178
14 11 8 30
14 11 9 2
14 12 2 192
14 12 3 1370
14 12 4 1292
14 12 5 512
14 12 6 128
14 12 7 16
14 13 2 64
14 13 3 449
14 13 4 418
14 13 5 198
14 13 6 68
14 13 7 16
14 13 8 2
14 14 1 1
14 14 2 126
14 14 3 322
14 14 4 194
14 14 5 68
14 14 6 16
14 14 7 2
15 1 15 1
15 3 5 1
15 3 6 50
15 3 7 357
15 3 8 1016
15 3 9 1554
15 3 10 1452
15 3 11 880
15 3 12 352
15 3 13 91
15 3 14 14
15 5 3 1
15 5 4 138
15 5 5 1878
15 5 6 7226
15 5 7 11741
15 5 8 10444
15 5 9 5995
15 5 10 2280
15 5 11 547
15 5 12 68
15 5 13 2
15 7 3 185
15 7 4 3888
15 7 5 15715
15 7 6 21982
15 7 7 14900
15 7 8 6344
15 7 9 1825
15 7 10 334
15 7 11 32
15 7 12 2
15 9 2 16
15 9 3 1918
15 9 4 13598
15 9 5 22003
15 9 6 14630
15 9 7 5745
15 9 8 1522
15 9 9 256
15 9 10 32
15 9 11 2
15 11 2 160
15 11 3 4770
15 11 4 13848
15 11 5 10823
15 11 6 4660
15 11 7 1308
15 11 8 262
15 11 9 32
15 11 10 2
15 13 2 384
15 13 3 3895
15 13 4 5096
15 13 5 2534
15 13 6 882
15 13 7 216
15 13 8 32
15 13 9 2
15 15 1 1
15 15 2 254
15 15 3 882
15 15 4 664
15 15 5 280
15 15 6 86
15 15 7 18
15 15 8 2
16 1 16 1
16 2 8 1
16 3 6 21
16 3 7 266
16 3 8 1106
16 3 9 2304
16 3 10 2850
16 3 11 2277
16 3 12 1221
16 3 13 442
16 3 14 105
16 3 15 15
16 4 4 1
16 4 5 40
16 4 6 240
16 4 7 448
16 4 8 254
16 5 4 76
16 5 5 1670
16 5 6 9314
16 5 7 20826
16 5 8 24370
16 5 9 17955
16 5 10 8942
16 5 11 3030
16 5 12 656
16 5 13 74
16 5 14 2
16 6 3 9
16 6 4 422
16 6 5 2790
16 6 6 5629
16 6 7 4105
16 6 8 882
16 7 3 106
16 7 4 3708
16 7 5 21968
16 7 6 42925
16 7 7 40202
16 7 8 22994
16 7 9 8778
16 7 10 2278
16 7 11 379
16 7 12 34
16 7 13 2
16 8 2 1
16 8 3 422
16 8 4 5368
16 8 5 14526
16 8 6 13366
16 8 7 4772
16 8 8 664
16 9 2 8
16 9 3 1516
16 9 4 16462
16 9 5 38697
16 9 6 35812
16 9 7 19844
16 9 8 7324
16 9 9 1824
16 9 10 288
16 9 11 34
16 9 12 2
16 10 2 40
16 10 3 2790
16 10 4 14526
16 10 5 18248
16 10 6 8886
16 10 7 2296
16 10 8 280
16 11 2 80
16 11 3 4411
16 11 4 19606
16 11 5 23016
16 11 6 13400
16 11 7 5393
16 11 8 1488
16 11 9 294
16 11 10 34
16 11 11 2
16 12 2 240
16 12 3 5629
16 12 4 13366
16 12 5 8886
16 12 6 3234
16 12 7 752
16 12 8 86
16 13 2 192
16 13 3 4098
16 13 4 8538
16 13 5 6306
16 13 6 2720
16 13 7 938
16 13 8 230
16 13 9 34
16 13 10 2
16 14 2 448
16 14 3 4105
16 14 4 4772
16 14 5 2296
16 14 6 752
16 14 7 164
16 14 8 18
16 15 2 128
16 15 3 1137
16 15 4 1290
16 15 5 702
16 15 6 282
16 15 7 86
16 15 8 18
16 15 9 2
16 16 1 1
16 16 2 254
16 16 3 882
16 16 4 664
16 16 5 280
16 16 6 86
16 16 7 18
16 16 8 2
17 1 17 1
17 3 6 6
17 3 7 161
17 3 8 1016
17 3 9 2907
17 3 10 4740
17 3 11 4917
17 3 12 3432
17 3 13 1651
17 3 14 546
17 3 15 120
17 3 16 16
17 5 4 36
17 5 5 1366
17 5 6 11128
17 5 7 33941
17 5 8 51148
17 5 9 46650
17 5 10 29126
17 5 11 12850
17 5 12 3930
17 5 13 775
17 5 14 80
17 5 15 2
17 7 3 63
17 7 4 3924
17 7 5 34845
17 7 6 94464
17 7 7 112736
17 7 8 76618
17 7 9 35410
17 7 10 11784
17 7 11 2789
17 7 12 426
17 7 13 36
17 7 14 2
17 9 2 2
17 9 3 1781
17 9 4 31694
17 9 5 107086
17 9 6 129030
17 9 7 80470
17 9 8 33502
17 9 9 10007
17 9 10 2158
17 9 11 322
17 9 12 36
17 9 13 2
17 11 2 80
17 11 3 9487
17 11 4 66120
17 11 5 103562
17 11 6 69984
17 11 7 29701
17 11 8 9150
17 11 9 1998
17 11 10 328
17 11 11 36
17 11 12 2
17 13 2 480
17 13 3 16813
17 13 4 52620
17 13 5 44709
17 13 6 21486
17 13 7 7320
17 13 8 1892
17 13 9 334
17 13 10 36
17 13 11 2
17 15 2 896
17 15 3 11316
17 15 4 17354
17 15 5 10016
17 15 6 4058
17 15 7 1248
17 15 8 272
17 15 9 36
17 15 10 2
17 17 1 1
17 17 2 510
17 17 3 2340
17 17 4 2148
17 17 5 1050
17 17 6 384
17 17 7 106
17 17 8 20
17 17 9 2
18 1 18 1
18 2 9 1
18 3 6 1
18 3 7 77
18 3 8 784
18 3 9 3138
18 3 10 6765
18 3 11 9042
18 3 12 8074
18 3 13 5005
18 3 14 2184
18 3 15 665
18 3 16 136
18 3 17 17
18 4 5 10
18 4 6 160
18 4 7 672
18 4 8 1024
18 4 9 510
18 5 4 14
18 5 5 946
18 5 6 11343
18 5 7 47424
18 5 8 93538
18 5 9 107138
18 5 10 82309
18 5 11 45137
18 5 12 17910
18 5 13 4994
18 5 14 904
18 5 15 86
18 5 16 2
18 6 3 1
18 6 4 212
18 6 5 3179
18 6 6 12730
18 6 7 19338
18 6 8 11876
18 6 9 2340
18 7 3 27
18 7 4 3150
18 7 5 40842
18 7 6 151424
18 7 7 239434
18 7 8 210574
18 7 9 122674
18 7 10 50990
18 7 11 15433
18 7 12 3360
18 7 13 475
18 7 14 38
18 7 15 2
18 8 3 212
18 8 4 6992
18 8 5 38614
18 8 6 69236
18 8 7 51392
18 8 8 16604
18 8 9 2148
18 9 2 1
18 9 3 1230
18 9 4 33864
18 9 5 161266
18 9 6 257918
18 9 7 212540
18 9 8 115444
18 9 9 44932
18 9 10 12604
18 9 11 2526
18 9 12 358
18 9 13 38
18 9 14 2
18 10 2 10
18 10 3 3179
18 10 4 38614
18 10 5 97709
18 10 6 89536
18 10 7 38818
18 10 8 9324
18 10 9 1050
18 11 2 40
18 11 3 7962
18 11 4 82444
18 11 5 181009
18 11 6 161460
18 11 7 90873
18 11 8 36634
18 11 9 10958
18 11 10 2332
18 11 11 364
18 11 12 38
18 11 13 2
18 12 2 160
18 12 3 12730
18 12 4 69236
18 12 5 89536
18 12 6 49408
18 12 7 16774
18 12 8 3636
18 12 9 384
18 13 2 240
18 13 3 15799
18 13 4 73806
18 13 5 89960
18 13 6 55212
18 13 7 24563
18 13 8 8228
18 13 9 2124
18 13 10 370
18 13 11 38
18 13 12 2
18 14 2 672
18 14 3 19338
18 14 4 51392
18 14 5 38818
18 14 6 16774
18 14 7 5174
18 14 8 1052
18 14 9 106
18 15 2 448
18 15 3 11775
18 15 4 27744
18 15 5 22482
18 15 6 10894
18 15 7 4308
18 15 8 1320
18 15 9 288
18 15 10 38
18 15 11 2
18 16 2 1024
18 16 3 11876
18 16 4 16604
18 16 5 9324
18 16 6 3636
18 16 7 1052
18 16 8 204
18 16 9 20
18 17 2 256
18 17 3 2851
18 17 4 3866
18 17 5 2376
18 17 6 1072
18 17 7 386
18 17 8 106
18 17 9 20
18 17 10 2
18 18 1 1
18 18 2 510
18 18 3 2340
18 18 4 2148
18 18 5 1050
18 18 6 384
18 18 7 106
18 18 8 20
18 18 9 2
19 1 19 1
19 3 7 28
19 3 8 504
19 3 9 2907
19 3 10 8350
19 3 11 14355
19 3 12 16236
19 3 13 12727
19 3 14 7098
19 3 15 2835
19 3 16 800
19 3 17 153
19 3 18 18
19 5 4 4
19 5 5 592
19 5 6 10598
19 5 7 60907
19 5 8 156766
19 5 9 223380
19 5 10 207062
19 5 11 137407
19 5 12 67400
19 5 13 24331
19 5 14 6236
19 5 15 1043
19 5 16 92
19 5 17 2
19 7 3 12
19 7 4 2564
19 7 5 50403
19 7 6 258786
19 7 7 532128
19 7 8 572860
19 7 9 390998
19 7 10 191976
19 7 11 71157
19 7 12 19798
19 7 13 3993
19 7 14 526
19 7 15 40
19 7 16 2
19 9 3 1059
19 9 4 48690
19 9 5 334672
19 9 6 718262
19 9 7 715346
19 9 8 432996
19 9 9 187786
19 9 10 61936
19 9 11 15615
19 9 12 2930
19 9 13 396
19 9 14 40
19 9 15 2
19 11 2 20
19 11 3 12003
19 11 4 196300
19 11 5 596123
19 11 6 665948
19 11 7 409049
19 11 8 176610
19 11 9 57305
19 11 10 14256
19 11 11 2702
19 11 12 402
19 11 13 40
19 11 14 2
19 13 2 320
19 13 3 40919
19 13 4 289382
19 13 5 453871
19 13 6 317354
19 13 7 145987
19 13 8 51414
19 13 9 13722
19 13 10 2796
19 13 11 408
19 13 12 40
19 13 13 2
19 15 2 1344
19 15 3 55919
19 15 4 190646
19 15 5 176365
19 15 6 93092
19 15 7 36460
19 15 8 11342
19 15 9 2618
19 15 10 414
19 15 11 40
19 15 12 2
19 17 2 2048
19 17 3 32017
19 17 4 57048
19 17 5 37442
19 17 6 17054
19 17 7 6136
19 17 8 1698
19 17 9 334
19 17 10 40
19 17 11 2
19 19 1 1
19 19 2 1022
19 19 3 6072
19 19 4 6678
19 19 5 3706
19 19 6 1542
19 19 7 510
19 19 8 128
19 19 9 22
19 19 10 2
20 1 20 1
20 2 10 1
20 3 7 7
20 3 8 266
20 3 9 2304
20 3 10 8952
20 3 11 19855
20 3 12 28314
20 3 13 27742
20 3 14 19383
20 3 15 9828
20 3 16 3620
20 3 17 952
20 3 18 171
20 3 19 19
20 4 5 1
20 4 6 60
20 4 7 560
20 4 8 1792
20 4 9 2304
20 4 10 1022
20 5 4 1
20 5 5 318
20 5 6 8678
20 5 7 68783
20 5 8 232390
20 5 9 417304
20 5 10 470154
20 5 11 372663
20 5 12 219450
20 5 13 97581
20 5 14 32340
20 5 15 7670
20 5 16 1192
20 5 17 98
20 5 18 2
20 6 4 66
20 6 5 2418
20 6 6 18700
20 6 7 52103
20 6 8 63130
20 6 9 33475
20 6 10 6072
20 7 3 3
20 7 4 1718
20 7 5 50135
20 7 6 351677
20 7 7 943570
20 7 8 1284280
20 7 9 1083023
20 7 10 642882
20 7 11 285058
20 7 12 96772
20 7 13 24954
20 7 14 4690
20 7 15 579
20 7 16 42
20 7 17 2
20 8 3 66
20 8 4 6234
20 8 5 69406
20 8 6 225118
20 8 7 300018
20 8 8 187792
20 8 9 55338
20 8 10 6678
20 9 3 622
20 9 4 46168
20 9 5 445370
20 9 6 1250797
20 9 7 1582617
20 9 8 1201546
20 9 9 647225
20 9 10 262288
20 9 11 80962
20 9 12 19076
20 9 13 3372
20 9 14 436
20 9 15 42
20 9 16 2
20 10 2 1
20 10 3 2418
20 10 4 69406
20 10 5 337610
20 10 6 546876
20 10 7 404274
20 10 8 158644
20 10 9 35464
20 10 10 3706
20 11 2 10
20 11 3 9143
20 11 4 222676
20 11 5 923575
20 11 6 1318152
20 11 7 1026220
20 11 8 556450
20 11 9 228954
20 11 10 71884
20 11 11 17175
20 11 12 3110
20 11 13 442
20 11 14 42
20 11 15 2
20 12 2 60
20 12 3 18700
20 12 4 225118
20 12 5 546876
20 12 6 500750
20 12 7 244832
20 12 8 77736
20 12 9 15726
20 12 10 1542
20 13 2 160
20 13 3 35602
20 13 4 365910
20 13 5 784567
20 13 6 697190
20 13 7 403540
20 13 8 176078
20 13 9 60806
20 13 10 16092
20 13 11 3210
20 13 12 448
20 13 13 42
20 13 14 2
20 14 2 560
20 14 3 52103
20 14 4 300018
20 14 5 404274
20 14 6 244832
20 14 7 98490
20 14 8 28628
20 14 9 5450
20 14 10 510
20 15 2 672
20 15 3 53076
20 15 4 264582
20 15 5 339140
20 15 6 220292
20 15 7 106203
20 15 8 40672
20 15 9 12618
20 15 10 2908
20 15 11 454
20 15 12 42
20 15 13 2
20 16 2 1792
20 16 3 63130
20 16 4 187792
20 16 5 158644
20 16 6 77736
20 16 7 28628
20 16 8 7826
20 16 9 1418
20 16 10 128
20 17 2 1024
20 17 3 33010
20 17 4 87880
20 17 5 77948
20 17 6 41560
20 17 7 18190
20 17 8 6476
20 17 9 1788
20 17 10 352
20 17 11 42
20 17 12 2
20 18 2 2304
20 18 3 33475
20 18 4 55338
20 18 5 35464
20 18 6 15726
20 18 7 5450
20 18 8 1418
20 18 9 248
20 18 10 22
20 19 2 512
20 19 3 7095
20 19 4 11334
20 19 5 7780
20 19 6 3856
20 19 7 1564
20 19 8 512
20 19 9 128
20 19 10 22
20 19 11 2
20 20 1 1
20 20 2 1022
20 20 3 6072
20 20 4 6678
20 20 5 3706
20 20 6 1542
20 20 7 510
20 20 8 128
20 20 9 22
20 20 10 2
21 1 21 1
21 3 7 1
21 3 8 112
21 3 9 1554
21 3 10 8350
21 3 11 24068
21 3 12 43252
21 3 13 52624
21 3 14 45474
21 3 15 28665
21 3 16 13328
21 3 17 4556
21 3 18 1122
21 3 19 190
21 3 20 20
21 5 5 150
21 5 6 6458
21 5 7 71244
21 5 8 316614
21 5 9 716609
21 5 10 978206
21 5 11 916434
21 5 12 636402
21 5 13 337923
21 5 14 137622
21 5 15 42182
21 5 16 9310
21 5 17 1351
21 5 18 104
21 5 19 2
21 7 3 1
21 7 4 1106
21 7 5 50050
21 7 6 486330
21 7 7 1705203
21 7 8 2888606
21 7 9 2894522
21 7 10 1985360
21 7 11 1022537
21 7 12 410268
21 7 13 128784
21 7 14 30978
21 7 15 5453
21 7 16 634
21 7 17 44
21 7 18 2
21 9 3 410
21 9 4 52092
21 9 5 729353
21 9 6 2763404
21 9 7 4382090
21 9 8 3870214
21 9 9 2299015
21 9 10 1032860
21 9 11 367636
21 9 12 103980
21 9 13 23025
21 9 14 3854
21 9 15 478
21 9 16 44
21 9 17 2
21 11 2 2
21 11 3 10306
21 11 4 403150
21 11 5 2338658
21 11 6 4327194
21 11 7 3923769
21 11 8 2292796
21 11 9 999670
21 11 10 343038
21 11 11 93765
21 11 12 20508
21 11 13 3558
21 11 14 484
21 11 15 44
21 11 16 2
21 13 2 120
21 13 3 65554
21 13 4 1031556
21 13 5 2956435
21 13 6 3190840
21 13 7 1983524
21 13 8 904474
21 13 9 322907
21 13 10 91742
21 13 11 20544
21 13 12 3664
21 13 13 490
21 13 14 44
21 13 15 2
21 15 2 1120
21 15 3 160775
21 15 4 1177620
21 15 5 1888524
21 15 6 1377130
21 15 7 681579
21 15 8 267908
21 15 9 83682
21 15 10 20558
21 15 11 3770
21 15 12 496
21 15 13 44
21 15 14 2
21 17 2 3584
21 17 3 178158
21 17 4 665608
21 17 5 669905
21 17 6 383926
21 17 7 167186
21 17 8 59680
21 17 9 16754
21 17 10 3500
21 17 11 502
21 17 12 44
21 17 13 2
21 19 2 4608
21 19 3 88754
21 19 4 182340
21 19 5 134268
21 19 6 67350
21 19 7 27232
21 19 8 8892
21 19 9 2240
21 19 10 402
21 19 11 44
21 19 12 2
21 21 1 1
21 21 2 2046
21 21 3 15506
21 21 4 20160
21 21 5 12536
21 21 6 5782
21 21 7 2180
21 21 8 660
21 21 9 152
21 21 10 24
21 21 11 2
22 1 22 1
22 2 11 1
22 3 8 36
22 3 9 882
22 3 10 6765
22 3 11 25652
22 3 12 58278
22 3 13 87802
22 3 14 93093
22 3 15 71955
22 3 16 41328
22 3 17 17748
22 3 18 5661
22 3 19 1311
22 3 20 210
22 3 21 21
22 4 6 12
22 4 7 280
22 4 8 1792
22 4 9 4608
22 4 10 5120
22 4 11 2046
22 5 5 60
22 5 6 4273
22 5 7 65996
22 5 8 387058
22 5 9 1111438
22 5 10 1856372
22 5 11 2063714
22 5 12 1675184
22 5 13 1041385
22 5 14 504615
22 5 15 189763
22 5 16 54120
22 5 17 11170
22 5 18 1520
22 5 19 110
22 5 20 2
22 6 4 12
22 6 5 1257
22 6 6 19130
22 6 7 93743
22 6 8 197356
22 6 9 198299
22 6 10 92486
22 6 11 15506
22 7 4 610
22 7 5 42420
22 7 6 567673
22 7 7 2592720
22 7 8 5504156
22 7 9 6729675
22 7 10 5511373
22 7 11 3327423
22 7 12 1555750
22 7 13 575322
22 7 14 168232
22 7 15 37949
22 7 16 6284
22 7 17 691
22 7 18 46
22 7 19 2
22 8 3 12
22 8 4 3920
22 8 5 89762
22 8 6 513904
22 8 7 1144056
22 8 8 1214160
22 8 9 659718
22 8 10 178508
22 8 11 20160
22 9 3 196
22 9 4 43676
22 9 5 864174
22 9 6 4289831
22 9 7 8529275
22 9 8 9202026
22 9 9 6610520
22 9 10 3546526
22 9 11 1486900
22 9 12 495680
22 9 13 131524
22 9 14 27502
22 9 15 4378
22 9 16 522
22 9 17 46
22 9 18 2
22 10 3 1257
22 10 4 89762
22 10 5 830066
22 10 6 2285108
22 10 7 2737771
22 10 8 1719936
22 10 9 617162
22 10 10 128688
22 10 11 12536
22 11 2 1
22 11 3 7022
22 11 4 418822
22 11 5 3305602
22 11 6 7722782
22 11 7 8589007
22 11 8 6105680
22 11 9 3243188
22 11 10 1351452
22 11 11 445870
22 11 12 116622
22 11 13 24295
22 11 14 4048
22 11 15 528
22 11 16 46
22 11 17 2
22 12 2 12
22 12 3 19130
22 12 4 513904
22 12 5 2285108
22 12 6 3431432
22 12 7 2532526
22 12 8 1125532
22 12 9 334488
22 12 10 63256
22 12 11 5782
22 13 2 60
22 13 3 52948
22 13 4 1209534
22 13 5 4630833
22 13 6 6226176
22 13 7 4740974
22 13 8 2612172
22 13 9 1141666
22 13 10 399554
22 13 11 111457
22 13 12 24316
22 13 13 4160
22 13 14 534
22 13 15 46
22 13 16 2
22 14 2 280
22 14 3 93743
22 14 4 1144056
22 14 5 2737771
22 14 6 2532526
22 14 7 1348832
22 14 8 509746
22 14 9 139606
22 14 10 24936
22 14 11 2180
22 15 2 560
22 15 3 143261
22 15 4 1498994
22 15 5 3220763
22 15 6 2904560
22 15 7 1739153
22 15 8 812298
22 15 9 313164
22 15 10 97338
22 15 11 23762
22 15 12 4272
22 15 13 540
22 15 14 46
22 15 15 2
22 16 2 1792
22 16 3 197356
22 16 4 1214160
22 16 5 1719936
22 16 6 1125532
22 16 7 509746
22 16 8 178060
22 16 9 46032
22 16 10 7840
22 16 11 660
22 17 2 1792
22 17 3 170232
22 17 4 914050
22 17 5 1240508
22 17 6 853458
22 17 7 440201
22 17 8 186146
22 17 9 65946
22 17 10 18482
22 17 11 3854
22 17 12 546
22 17 13 46
22 17 14 2
22 18 2 4608
22 18 3 198299
22 18 4 659718
22 18 5 617162
22 18 6 334488
22 18 7 139606
22 18 8 46032
22 18 9 11334
22 18 10 1856
22 18 11 152
22 19 2 2304
22 19 3 90815
22 19 4 272588
22 19 5 263928
22 19 6 152826
22 19 7 72502
22 19 8 28816
22 19 9 9342
22 19 10 2350
22 19 11 422
22 19 12 46
22 19 13 2
22 20 2 5120
22 20 3 92486
22 20 4 178508
22 20 5 128688
22 20 6 63256
22 20 7 24936
22 20 8 7840
22 20 9 1856
22 20 10 296
22 20 11 24
22 21 2 1024
22 21 3 17553
22 21 4 32666
22 21 5 24846
22 21 6 13348
22 21 7 5934
22 21 8 2204
22 21 9 662
22 21 10 152
22 21 11 24
22 21 12 2
22 22 1 1
22 22 2 2046
22 22 3 15506
22 22 4 20160
22 22 5 12536
22 22 6 5782
22 22 7 2180
22 22 8 660
22 22 9 152
22 22 10 24
22 22 11 2
23 1 23 1
23 3 8 8
23 3 9 414
23 3 10 4740
23 3 11 24068
23 3 12 69576
23 3 13 129844
23 3 14 168168
23 3 15 157950
23 3 16 110448
23 3 17 58276
23 3 18 23256
23 3 19 6954
23 3 20 1520
23 3 21 231
23 3 22 22
23 5 5 20
23 5 6 2544
23 5 7 55984
23 5 8 435270
23 5 9 1589211
23 5 10 3255580
23 5 11 4294810
23 5 12 4051792
23 5 13 2913465
23 5 14 1644514
23 5 15 733970
23 5 16 256564
23 5 17 68435
23 5 18 13264
23 5 19 1699
23 5 20 116
23 5 21 2
23 7 4 310
23 7 5 35054
23 7 6 653568
23 7 7 3912844
23 7 8 10410602
23 7 9 15312625
23 7 10 14579740
23 7 11 10051074
23 7 12 5372688
23 7 13 2295546
23 7 14 789146
23 7 15 216247
23 7 16 45948
23 7 17 7185
23 7 18 750
23 7 19 48
23 7 20 2
23 9 3 102
23 9 4 39958
23 9 5 1159269
23 9 6 7767502
23 9 7 19611519
23 9 8 25367240
23 9 9 20633850
23 9 10 12134292
23 9 11 5619763
23 9 12 2120772
23 9 13 656045
23 9 14 164168
23 9 15 32549
23 9 16 4946
23 9 17 568
23 9 18 48
23 9 19 2
23 11 3 6166
23 11 4 603352
23 11 5 6711720
23 11 6 20593936
23 11 7 27757064
23 11 8 22147938
23 11 9 12506969
23 11 10 5528264
23 11 11 1988290
23 11 12 588350
23 11 13 143495
23 11 14 28578
23 11 15 4582
23 11 16 574
23 11 17 48
23 11 18 2
23 13 2 24
23 13 3 73864
23 13 4 2629364
23 13 5 13668145
23 13 6 23098396
23 13 7 19969744
23 13 8 11657618
23 13 9 5260949
23 13 10 1923902
23 13 11 574977
23 13 12 141420
23 13 13 28590
23 13 14 4700
23 13 15 580
23 13 16 48
23 13 17 2
23 15 2 560
23 15 3 311592
23 15 4 4860712
23 15 5 13571344
23 15 6 14503668
23 15 7 9232953
23 15 8 4453748
23 15 9 1739257
23 15 10 556786
23 15 11 143852
23 15 12 29798
23 15 13 4818
23 15 14 586
23 15 15 48
23 15 16 2
23 17 2 3584
23 17 3 590452
23 17 4 4541028
23 17 5 7544023
23 17 6 5758316
23 17 7 3040639
23 17 8 1306426
23 17 9 461716
23 17 10 132460
23 17 11 29566
23 17 12 4936
23 17 13 592
23 17 14 48
23 17 15 2
23 19 2 9216
23 19 3 549142
23 19 4 2255596
23 19 5 2465657
23 19 6 1521656
23 19 7 721246
23 19 8 286240
23 19 9 93012
23 19 10 23826
23 19 11 4552
23 19 12 598
23 19 13 48
23 19 14 2
23 21 2 10240
23 21 3 242079
23 21 4 569674
23 21 5 466174
23 21 6 254150
23 21 7 112652
23 21 8 41592
23 21 9 12452
23 21 10 2882
23 21 11 476
23 21 12 48
23 21 13 2
23 23 1 1
23 23 2 4094
23 23 3 39130
23 23 4 59504
23 23 5 41088
23 23 6 20672
23 23 7 8624
23 23 8 2992
23 23 9 836
23 23 10 178
23 23 11 26
23 23 12 2
24 1 24 1
24 2 12 1
24 3 8 1
24 3 9 156
24 3 10 2850
24 3 11 19855
24 3 12 73788
24 3 13 171106
24 3 14 270270
24 3 15 306735
24 3 16 258570
24 3 17 165104
24 3 18 80580
24 3 19 30039
24 3 20 8455
24 3 21 1750
24 3 22 253
24 3 23 23
24 4 6 1
24 4 7 84
24 4 8 1120
24 4 9 5376
24 4 10 11520
24 4 11 11264
24 4 12 4094
24 5 5 5
24 5 6 1350
24 5 7 42914
24 5 8 444182
24 5 9 2069122
24 5 10 5230895
24 5 11 8251007
24 5 12 9070367
24 5 13 7499193
24 5 14 4863488
24 5 15 2519565
24 5 16 1043464
24 5 17 340927
24 5 18 85426
24 5 19 15606
24 5 20 1888
24 5 21 122
24 5 22 2
24 6 4 1
24 6 5 446
24 6 6 14054
24 6 7 120718
24 6 8 420264
24 6 9 705480
24 6 10 604421
24 6 11 251513
24 6 12 39130
24 7 4 138
24 7 5 25362
24 7 6 659772
24 7 7 5165353
24 7 8 17227014
24 7 9 30772778
24 7 10 34745318
24 7 11 27861065
24 7 12 17086216
24 7 13 8339333
24 7 14 3300869
24 7 15 1061981
24 7 16 274054
24 7 17 55058
24 7 18 8158
24 7 19 811
24 7 20 50
24 7 21 2
24 8 3 1
24 8 4 1756
24 8 5 86294
24 8 6 872578
24 8 7 3148540
24 8 8 5280804
24 8 9 4666198
24 8 10 2245790
24 8 11 561264
24 8 12 59504
24 9 3 36
24 9 4 29442
24 9 5 1223656
24 9 6 10819802
24 9 7 34255966
24 9 8 53582182
24 9 9 51757914
24 9 10 35730422
24 9 11 19154006
24 9 12 8281538
24 9 13 2932934
24 9 14 854454
24 9 15 202528
24 9 16 38210
24 9 17 5560
24 9 18 616
24 9 19 50
24 9 20 2
24 10 3 446
24 10 4 86294
24 10 5 1530879
24 10 6 7058749
24 10 7 13217162
24 10 8 12689348
24 10 9 6987678
24 10 10 2310212
24 10 11 450596
24 10 12 41088
24 11 3 3681
24 11 4 572620
24 11 5 8722745
24 11 6 33860725
24 11 7 55244051
24 11 8 52276488
24 11 9 34998890
24 11 10 18290636
24 11 11 7721905
24 11 12 2661632
24 11 13 751786
24 11 14 174886
24 11 15 33401
24 11 16 5162
24 11 17 622
24 11 18 50
24 11 19 2
24 12 2 1
24 12 3 14054
24 12 4 872578
24 12 5 7058749
24 12 6 17104974
24 12 7 18919682
24 12 8 11976708
24 12 9 4898482
24 12 10 1364228
24 12 11 241714
24 12 12 20672
24 13 2 12
24 13 3 54904
24 13 4 2881712
24 13 5 19897611
24 13 6 41468636
24 13 7 42892697
24 13 8 29618582
24 13 9 15871540
24 13 10 6912490
24 13 11 2469140
24 13 12 720662
24 13 13 171638
24 13 14 33410
24 13 15 5286
24 13 16 628
24 13 17 50
24 13 18 2
24 14 2 84
24 14 3 120718
24 14 4 3148540
24 14 5 13217162
24 14 6 18919682
24 14 7 14039291
24 14 8 6820898
24 14 9 2427636
24 14 10 626544
24 14 11 105188
24 14 12 8624
24 15 2 280
24 15 3 261525
24 15 4 5812082
24 15 5 21318343
24 15 6 27868638
24 15 7 21162745
24 15 8 11943462
24 15 9 5523154
24 15 10 2121144
24 15 11 672757
24 15 12 171870
24 15 13 34736
24 15 14 5410
24 15 15 634
24 15 16 50
24 15 17 2
24 16 2 1120
24 16 3 420264
24 16 4 5280804
24 16 5 12689348
24 16 6 11976708
24 16 7 6820898
24 16 8 2907380
24 16 9 963734
24 16 10 235776
24 16 11 37860
24 16 12 2992
24 17 2 1792
24 17 3 535058
24 17 4 5796628
24 17 5 12684285
24 17 6 11733010
24 17 7 7285870
24 17 8 3608250
24 17 9 1516182
24 17 10 532134
24 17 11 152250
24 17 12 33770
24 17 13 5534
24 17 14 640
24 17 15 50
24 17 16 2
24 18 2 5376
24 18 3 705480
24 18 4 4666198
24 18 5 6987678
24 18 6 4898482
24 18 7 2427636
24 18 8 963734
24 18 9 302630
24 18 10 70664
24 18 11 10910
24 18 12 836
24 19 2 4608
24 19 3 527187
24 19 4 3066828
24 19 5 4423280
24 19 6 3220678
24 19 7 1761799
24 19 8 805128
24 19 9 315480
24 19 10 101994
24 19 11 26098
24 19 12 4976
24 19 13 646
24 19 14 50
24 19 15 2
24 20 2 11520
24 20 3 604421
24 20 4 2245790
24 20 5 2310212
24 20 6 1364228
24 20 7 626544
24 20 8 235776
24 20 9 70664
24 20 10 15854
24 20 11 2372
24 20 12 178
24 21 2 5120
24 21 3 246170
24 21 4 830906
24 21 5 875814
24 21 6 545894
24 21 7 277008
24 21 8 119924
24 21 9 43764
24 21 10 13034
24 21 11 3014
24 21 12 498
24 21 13 50
24 21 14 2
24 22 2 11264
24 22 3 251513
24 22 4 561264
24 22 5 450596
24 22 6 241714
24 22 7 105188
24 22 8 37860
24 22 9 10910
24 22 10 2372
24 22 11 348
24 22 12 26
24 23 2 2048
24 23 3 43225
24 23 4 92878
24 23 5 77806
24 23 6 44914
24 23 7 21512
24 23 8 8800
24 23 9 3018
24 23 10 838
24 23 11 178
24 23 12 26
24 23 13 2
24 24 1 1
24 24 2 4094
24 24 3 39130
24 24 4 59504
24 24 5 41088
24 24 6 20672
24 24 7 8624
24 24 8 2992
24 24 9 836
24 24 10 178
24 24 11 26
24 24 12 2
25 1 25 1
25 3 9 45
25 3 10 1452
25 3 11 14355
25 3 12 69576
25 3 13 201643
25 3 14 388752
25 3 15 531531
25 3 16 536640
25 3 17 410346
25 3 18 241128
25 3 19 109497
25 3 20 38304
25 3 21 10185
25 3 22 2002
25 3 23 276
25 3 24 24
25 5 5 1
25 5 6 634
25 5 7 30062
25 5 8 417406
25 5 9 2488373
25 5 10 7785418
25 5 11 14733825
25 5 12 18901756
25 5 13 17915424
25 5 14 13239610
25 5 15 7842972
25 5 16 3760700
25 5 17 1454008
25 5 18 446118
25 5 19 105410
25 5 20 18210
25 5 21 2087
25 5 22 128
25 5 23 2
25 7 4 52
25 7 5 17548
25 7 6 644208
25 7 7 6641256
25 7 8 27888098
25 7 9 60381762
25 7 10 79956332
25 7 11 73310265
25 7 12 50750256
25 7 13 27956051
25 7 14 12562906
25 7 15 4642656
25 7 16 1405490
25 7 17 342974
25 7 18 65364
25 7 19 9205
25 7 20 874
25 7 21 52
25 7 22 2
25 9 3 15
25 9 4 22320
25 9 5 1380761
25 9 6 16501344
25 9 7 66675526
25 9 8 126862426
25 9 9 142066082
25 9 10 109148202
25 9 11 63889242
25 9 12 30337474
25 9 13 12008188
25 9 14 3980644
25 9 15 1097292
25 9 16 247264
25 9 17 44531
25 9 18 6222
25 9 19 666
25 9 20 52
25 9 21 2
25 11 3 2593
25 11 4 676664
25 11 5 14657177
25 11 6 75148520
25 11 7 151546035
25 11 8 166381196
25 11 9 121722664
25 11 10 67275948
25 11 11 30161351
25 11 12 11292990
25 11 13 3567652
25 11 14 949444
25 11 15 211341
25 11 16 38810
25 11 17 5790
25 11 18 672
25 11 19 52
25 11 20 2
25 13 2 2
25 13 3 60375
25 13 4 5041626
25 13 5 47784276
25 13 6 127259520
25 13 7 155193435
25 13 8 117612566
25 13 9 65727388
25 13 10 29584376
25 13 11 11061902
25 13 12 3473140
25 13 13 921417
25 13 14 206796
25 13 15 38822
25 13 16 5920
25 13 17 678
25 13 18 52
25 13 19 2
25 15 2 168
25 15 3 435083
25 15 4 14686898
25 15 5 71275932
25 15 6 114115846
25 15 7 96531832
25 15 8 57155846
25 15 9 26953514
25 15 10 10567122
25 15 11 3457297
25 15 12 944138
25 15 13 214322
25 15 14 40272
25 15 15 6050
25 15 16 684
25 15 17 52
25 15 18 2
25 17 2 2240
25 17 3 1342168
25 17 4 21185262
25 17 5 58859994
25 17 6 63269546
25 17 7 41471528
25 17 8 21080508
25 17 9 8900937
25 17 10 3157440
25 17 11 925038
25 17 12 220394
25 17 13 41740
25 17 14 6180
25 17 15 690
25 17 16 52
25 17 17 2
25 19 2 10752
25 19 3 2060291
25 19 4 16794790
25 19 5 29145150
25 19 6 23323300
25 19 7 13046771
25 19 8 6030708
25 19 9 2351310
25 19 10 764974
25 19 11 200912
25 19 12 41138
25 19 13 6310
25 19 14 696
25 19 15 52
25 19 16 2
25 21 2 23040
25 21 3 1648841
25 21 4 7458070
25 21 5 8836919
25 21 6 5837056
25 21 7 2969288
25 21 8 1282294
25 21 9 466528
25 21 10 139300
25 21 11 32850
25 21 12 5788
25 21 13 702
25 21 14 52
25 21 15 2
25 23 2 22528
25 23 3 651680
25 23 4 1746658
25 23 5 1577120
25 23 6 926190
25 23 7 442788
25 23 8 179912
25 23 9 61268
25 23 10 16952
25 23 11 3632
25 23 12 556
25 23 13 52
25 23 14 2
25 25 1 1
25 25 2 8190
25 25 3 97860
25 25 4 172542
25 25 5 131430
25 25 6 71368
25 25 7 32316
25 25 8 12452
25 25 9 4006
25 25 10 1040
25 25 11 206
25 25 12 28
25 25 13 2
26 1 26 1
26 2 13 1
26 3 9 9
26 3 10 615
26 3 11 9042
26 3 12 58278
26 3 13 212940
26 3 14 502593
26 3 15 827190
26 3 16 996216
26 3 17 905658
26 3 18 633726
26 3 19 344964
26 3 20 146490
26 3 21 48279
26 3 22 12166
26 3 23 2277
26 3 24 300
26 3 25 25
26 4 7 14
26 4 8 448
26 4 9 4032
26 4 10 15360
26 4 11 28160
26 4 12 24576
26 4 13 8190
26 5 6 261
26 5 7 19107
26 5 8 358742
26 5 9 2745126
26 5 10 10665769
26 5 11 24354549
26 5 12 36679198
26 5 13 39934223
26 5 14 33497258
26 5 15 22471779
26 5 16 12278534
26 5 17 5486443
26 5 18 1990377
26 5 19 575789
26 5 20 128722
26 5 21 21090
26 5 22 2296
26 5 23 134
26 5 24 2
26 6 5 105
26 6 6 7502
26 6 7 115109
26 6 8 652932
26 6 9 1735264
26 6 10 2411134
26 6 11 1798434
26 6 12 675304
26 6 13 97860
26 7 4 18
26 7 5 10829
26 7 6 565135
26 7 7 7665548
26 7 8 40516786
26 7 9 106687966
26 7 10 167195766
26 7 11 177685240
26 7 12 140298102
26 7 13 87222543
26 7 14 44115745
26 7 15 18450892
26 7 16 6405456
26 7 17 1832867
26 7 18 424426
26 7 19 76953
26 7 20 10328
26 7 21 939
26 7 22 54
26 7 23 2
26 8 4 556
26 8 5 62774
26 8 6 1137612
26 8 7 6603010
26 8 8 16922272
26 8 9 22703160
26 8 10 17219456
26 8 11 7450478
26 8 12 1728688
26 8 13 172542
26 9 3 3
26 9 4 14352
26 9 5 1297398
26 9 6 20658284
26 9 7 105232688
26 9 8 242130476
26 9 9 319431676
26 9 10 284660053
26 9 11 190880328
26 9 12 102563438
26 9 13 45539223
26 9 14 16958550
26 9 15 5314658
26 9 16 1391650
26 9 17 299082
26 9 18 51560
26 9 19 6934
26 9 20 718
26 9 21 54
26 9 22 2
26 10 3 105
26 10 4 62774
26 10 5 2183859
26 10 6 16868134
26 10 7 48540364
26 10 8 68758074
26 10 9 55519783
26 10 10 27351212
26 10 11 8382840
26 10 12 1533996
26 10 13 131430
26 11 3 1318
26 11 4 583702
26 11 5 17509055
26 11 6 114506368
26 11 7 279629858
26 11 8 359612576
26 11 9 305372570
26 11 10 195579060
26 11 11 101034210
26 11 12 43237462
26 11 13 15482472
26 11 14 4667760
26 11 15 1186629
26 11 16 253452
26 11 17 44853
26 11 18 6468
26 11 19 724
26 11 20 54
26 11 21 2
26 12 3 7502
26 12 4 1137612
26 12 5 16868134
26 12 6 65614048
26 12 7 107318880
26 12 8 95967004
26 12 9 53854712
26 12 10 20425152
26 12 11 5340662
26 12 12 888836
26 12 13 71368
26 13 2 1
26 13 3 40764
26 13 4 5160000
26 13 5 65259527
26 13 6 214312280
26 13 7 308899979
26 13 8 271482140
26 13 9 176230011
26 13 10 92305118
26 13 11 40184606
26 13 12 14639064
26 13 13 4466152
26 13 14 1144722
26 13 15 247492
26 13 16 44874
26 13 17 6604
26 13 18 730
26 13 19 54
26 13 20 2
26 14 2 14
26 14 3 115109
26 14 4 6603010
26 14 5 48540364
26 14 6 107318880
26 14 7 112446955
26 14 8 72081926
26 14 9 32447382
26 14 10 10888598
26 14 11 2650262
26 14 12 419008
26 14 13 32316
26 15 2 84
26 15 3 342084
26 15 4 16635226
26 15 5 105328695
26 15 6 204687006
26 15 7 203420522
26 15 8 139122294
26 15 9 75944192
26 15 10 34667344
26 15 11 13362027
26 15 12 4317678
26 15 13 1158914
26 15 14 256122
26 15 15 46454
26 15 16 6740
26 15 17 736
26 15 18 54
26 15 19 2
26 16 2 448
26 16 3 652932
26 16 4 16922272
26 16 5 68758074
26 16 6 95967004
26 16 7 72081926
26 16 8 37487192
26 16 9 15121828
26 16 10 4756436
26 16 11 1101910
26 16 12 167172
26 16 13 12452
26 17 2 1120
26 17 3 1157274
26 17 4 25646668
26 17 5 92332307
26 17 6 119677444
26 17 7 91689953
26 17 8 53193370
26 17 9 25874928
26 17 10 10734604
26 17 11 3778805
26 17 12 1101584
26 17 13 259586
26 17 14 48052
26 17 15 6876
26 17 16 742
26 17 17 54
26 17 18 2
26 18 2 4032
26 18 3 1735264
26 18 4 22703160
26 18 5 55519783
26 18 6 53854712
26 18 7 32447382
26 18 8 15121828
26 18 9 5724324
26 18 10 1712292
26 18 11 379742
26 18 12 55484
26 18 13 4006
26 19 2 5376
26 19 3 1890382
26 19 4 21453390
26 19 5 48323259
26 19 6 46136664
26 19 7 29732387
26 19 8 15496378
26 19 9 6979324
26 19 10 2692782
26 19 11 872532
26 19 12 228626
26 19 13 46522
26 19 14 7012
26 19 15 748
26 19 16 54
26 19 17 2
26 20 2 15360
26 20 3 2411134
26 20 4 17219456
26 20 5 27351212
26 20 6 20425152
26 20 7 10888598
26 20 8 4756436
26 20 9 1712292
26 20 10 489852
26 20 11 104464
26 20 12 14772
26 20 13 1040
26 21 2 11520
26 21 3 1588459
26 21 4 10047924
26 21 5 15431822
26 21 6 11875050
26 21 7 6846421
26 21 8 3333728
26 21 9 1414814
26 21 10 510146
26 21 11 151784
26 21 12 35766
26 21 13 6288
26 21 14 754
26 21 15 54
26 21 16 2
26 22 2 28160
26 22 3 1798434
26 22 4 7450478
26 22 5 8382840
26 22 6 5340662
26 22 7 2650262
26 22 8 1101910
26 22 9 379742
26 22 10 104464
26 22 11 21554
26 22 12 2972
26 22 13 206
26 23 2 11264
26 23 3 659363
26 23 4 2495882
26 23 5 2856566
26 23 6 1904440
26 23 7 1024432
26 23 8 475320
26 23 9 190154
26 23 10 64184
26 23 11 17690
26 23 12 3788
26 23 13 580
26 23 14 54
26 23 15 2
26 24 2 24576
26 24 3 675304
26 24 4 1728688
26 24 5 1533996
26 24 6 888836
26 24 7 419008
26 24 8 167172
26 24 9 55484
26 24 10 14772
26 24 11 2972
26 24 12 404
26 24 13 28
26 25 2 4096
26 25 3 106051
26 25 4 261182
26 25 5 239824
26 25 6 147854
26 25 7 75428
26 25 8 33332
26 25 9 12656
26 25 10 4034
26 25 11 1042
26 25 12 206
26 25 13 28
26 25 14 2
26 26 1 1
26 26 2 8190
26 26 3 97860
26 26 4 172542
26 26 5 131430
26 26 6 71368
26 26 7 32316
26 26 8 12452
26 26 9 4006
26 26 10 1040
26 26 11 206
26 26 12 28
26 26 13 2
27 1 27 1
27 3 9 1
27 3 10 210
27 3 11 4917
27 3 12 43252
27 3 13 201643
27 3 14 585690
27 3 15 1161615
27 3 16 1665456
27 3 17 1791426
27 3 18 1481108
27 3 19 955434
27 3 20 484500
27 3 21 193249
27 3 22 60214
27 3 23 14421
27 3 24 2576
27 3 25 325
27 3 26 26
27 5 6 92
27 5 7 11049
27 5 8 284148
27 5 9 2803370
27 5 10 13561538
27 5 11 37483661
27 5 12 66523270
27 5 13 83373522
27 5 14 79270168
27 5 15 59883453
27 5 16 36885812
27 5 17 18733604
27 5 18 7844150
27 5 19 2681665
27 5 20 734000
27 5 21 155715
27 5 22 24260
27 5 23 2515
27 5 24 140
27 5 25 2
27 7 4 4
27 7 5 6279
27 7 6 473628
27 7 7 8514834
27 7 8 56921946
27 7 9 182750427
27 7 10 338231602
27 7 11 413340736
27 7 12 368136640
27 7 13 255736874
27 7 14 144367718
27 7 15 67628981
27 7 16 26510208
27 7 17 8689171
27 7 18 2358948
27 7 19 519929
27 7 20 89914
27 7 21 11529
27 7 22 1006
27 7 23 56
27 7 24 2
27 9 3 1
27 9 4 9110
27 9 5 1254490
27 9 6 27087170
27 9 7 176685047
27 9 8 498003844
27 9 9 772337996
27 9 10 779360154
27 9 11 574976503
27 9 12 335879516
27 9 13 162940299
27 9 14 67031472
27 9 15 23505464
27 9 16 6993538
27 9 17 1745371
27 9 18 358736
27 9 19 59347
27 9 20 7698
27 9 21 772
27 9 22 56
27 9 23 2
27 11 3 761
27 11 4 578402
27 11 5 24936961
27 11 6 216171494
27 11 7 659028648
27 11 8 1003171780
27 11 9 956204581
27 11 10 658733852
27 11 11 359176502
27 11 12 163244296
27 11 13 63300896
27 11 14 21091348
27 11 15 6031947
27 11 16 1469244
27 11 17 301859
27 11 18 51580
27 11 19 7198
27 11 20 778
27 11 21 56
27 11 22 2
27 13 3 36335
27 13 4 7474248
27 13 5 131127062
27 13 6 555599812
27 13 7 964925978
27 13 8 959849102
27 13 9 666219001
27 13 10 361649908
27 13 11 162844494
27 13 12 62266870
27 13 13 20431340
27 13 14 5780804
27 13 15 1410615
27 13 16 294372
27 13 17 51616
27 13 18 7340
27 13 19 784
27 13 20 56
27 13 21 2
27 15 2 28
27 15 3 452631
27 15 4 34143940
27 15 5 289715247
27 15 6 702099888
27 15 7 804557497
27 15 8 594698758
27 15 9 335083380
27 15 10 155908486
27 15 11 61412533
27 15 12 20615910
27 15 13 5913641
27 15 14 1452788
27 15 15 304236
27 15 16 53332
27 15 17 7482
27 15 18 790
27 15 19 56
27 15 20 2
27 17 2 896
27 17 3 2236210
27 17 4 73624852
27 17 5 343085188
27 17 6 533109096
27 17 7 448329815
27 17 8 271087408
27 17 9 133678759
27 17 10 55988078
27 17 11 19939779
27 17 12 6005896
27 17 13 1515596
27 17 14 318622
27 17 15 55066
27 17 16 7624
27 17 17 796
27 17 18 56
27 17 19 2
27 19 2 8064
27 19 3 5371890
27 19 4 87060822
27 19 5 244250045
27 19 6 266796910
27 19 7 180513769
27 19 8 96213508
27 19 9 43419453
27 19 10 16794086
27 19 11 5481674
27 19 12 1483546
27 19 13 325404
27 19 14 56818
27 19 15 7766
27 19 16 802
27 19 17 56
27 19 18 2
27 21 2 30720
27 21 3 6906445
27 21 4 60069666
27 21 5 109475147
27 21 6 91892376
27 21 7 54149731
27 21 8 26613256
27 21 9 11236430
27 21 10 4048312
27 21 11 1213606
27 21 12 294210
27 21 13 55696
27 21 14 7908
27 21 15 808
27 21 16 56
27 21 17 2
27 23 2 56320
27 23 3 4846607
27 23 4 24156080
27 23 5 30960423
27 23 6 21787144
27 23 7 11779572
27 23 8 5452932
27 23 9 2170852
27 23 10 730124
27 23 11 201848
27 23 12 44140
27 23 13 7222
27 23 14 814
27 23 15 56
27 23 16 2
27 25 2 49152
27 25 3 1735529
27 25 4 5271832
27 25 5 5223214
27 25 6 3283180
27 25 7 1674174
27 25 8 735036
27 25 9 276824
27 25 10 87562
27 25 11 22538
27 25 12 4498
27 25 13 642
27 25 14 56
27 25 15 2
27 27 1 1
27 27 2 16382
27 27 3 243040
27 27 4 493228
27 27 5 412342
27 27 6 239894
27 27 7 116368
27 27 8 48776
27 27 9 17498
27 27 10 5252
27 27 11 1274
27 27 12 236
27 27 13 30
27 27 14 2
28 1 28 1
28 2 14 1
28 3 10 55
28 3 11 2277
28 3 12 28314
28 3 13 171106
28 3 14 616226
28 3 15 1477035
28 3 16 2520336
28 3 17 3198312
28 3 18 3107430
28 3 19 2355962
28 3 20 1409895
28 3 21 669294
28 3 22 251713
28 3 23 74382
28 3 24 16974
28 3 25 2900
28 3 26 351
28 3 27 27
28 4 7 1
28 4 8 112
28 4 9 2016
28 4 10 13440
28 4 11 42240
28 4 12 67584
28 4 13 53248
28 4 14 16382
28 5 6 27
28 5 7 5774
28 5 8 206732
28 5 9 2641447
28 5 10 15950180
28 5 11 53547615
28 5 12 112551411
28 5 13 163159606
28 5 14 176145593
28 5 15 149473875
28 5 16 103082778
28 5 17 58819142
28 5 18 27941424
28 5 19 11015003
28 5 20 3561766
28 5 21 925241
28 5 22 186760
28 5 23 27734
28 5 24 2744
28 5 25 146
28 5 26 2
28 6 5 15
28 6 6 2908
28 6 7 82656
28 6 8 766996
28 6 9 3158114
28 6 10 6726701
28 6 11 7950865
28 6 12 5246774
28 6 13 1794259
28 6 14 243040
28 7 4 1
28 7 5 3274
28 7 6 362340
28 7 7 8638311
28 7 8 73064032
28 7 9 286535240
28 7 10 629033779
28 7 11 890806296
28 7 12 903100620
28 7 13 704704783
28 7 14 443334720
28 7 15 231015031
28 7 16 101130646
28 7 17 37364793
28 7 18 11610921
28 7 19 3000324
28 7 20 631104
28 7 21 104338
28 7 22 12810
28 7 23 1075
28 7 24 58
28 7 25 2
28 8 4 120
28 8 5 34864
28 8 6 1160162
28 8 7 10884290
28 8 8 42078974
28 8 9 82686494
28 8 10 92404112
28 8 11 61491214
28 8 12 24191246
28 8 13 5234820
28 8 14 493228
28 9 4 5070
28 9 5 1049067
28 9 6 30497788
28 9 7 252539904
28 9 8 864882036
28 9 9 1579220532
28 9 10 1837653378
28 9 11 1541832920
28 9 12 1012319704
28 9 13 545974858
28 9 14 248222407
28 9 15 96356047
28 9 16 32047718
28 9 17 9084450
28 9 18 2167098
28 9 19 427030
28 9 20 67944
28 9 21 8516
28 9 22 828
28 9 23 58
28 9 24 2
28 10 3 15
28 10 4 34864
28 10 5 2456198
28 10 6 32056121
28 10 7 141238439
28 10 8 289545534
28 10 9 331221424
28 10 10 232159310
28 10 11 103797918
28 10 12 29644530
28 10 13 5104664
28 10 14 412342
28 11 3 313
28 11 4 451132
28 11 5 27304203
28 11 6 305107251
28 11 7 1134187082
28 11 8 2019980550
28 11 9 2208246916
28 11 10 1734236342
28 11 11 1074150557
28 11 12 550826266
28 11 13 238848713
28 11 14 88500942
28 11 15 28167867
28 11 16 7708980
28 11 17 1803838
28 11 18 357252
28 11 19 59043
28 11 20 7982
28 11 21 834
28 11 22 58
28 11 23 2
28 12 3 2908
28 12 4 1160162
28 12 5 32056121
28 12 6 200795884
28 12 7 482820360
28 12 8 601764666
28 12 9 458229784
28 12 10 232561934
28 12 11 82245238
28 12 12 20235670
28 12 13 3171972
28 12 14 239894
28 13 3 21938
28 13 4 7112496
28 13 5 168219782
28 13 6 884420047
28 13 7 1812287669
28 13 8 2065247726
28 13 9 1634123180
28 13 10 1013602044
28 13 11 521708977
28 13 12 227422542
28 13 13 84487056
28 13 14 26854130
28 13 15 7331592
28 13 16 1725412
28 13 17 348132
28 13 18 59100
28 13 19 8130
28 13 20 840
28 13 21 58
28 13 22 2
28 14 2 1
28 14 3 82656
28 14 4 10884290
28 14 5 141238439
28 14 6 482820360
28 14 7 714639416
28 14 8 609893646
28 14 9 350247351
28 14 10 147248590
28 14 11 46645264
28 14 12 10721068
28 14 13 1599516
28 14 14 116368
28 15 2 14
28 15 3 330423
28 15 4 36658308
28 15 5 406683245
28 15 6 1194363726
28 15 7 1592512397
28 15 8 1341503026
28 15 9 860898505
28 15 10 457462062
28 15 11 206998849
28 15 12 80127862
28 15 13 26460682
28 15 14 7430216
28 15 15 1773443
28 15 16 359366
28 15 17 60958
28 15 18 8278
28 15 19 846
28 15 20 58
28 15 21 2
28 16 2 112
28 16 3 766996
28 16 4 42078974
28 16 5 289545534
28 16 6 601764666
28 16 7 609893646
28 16 8 397212400
28 16 9 192418842
28 16 10 73600028
28 16 11 21970990
28 16 12 4824004
28 16 13 692706
28 16 14 48776
28 17 2 448
28 17 3 1827926
28 17 4 85209246
28 17 5 510862002
28 17 6 951982854
28 17 7 927418065
28 17 8 635524210
28 17 9 354936114
28 17 10 169449600
28 17 11 69871626
28 17 12 24677320
28 17 13 7368874
28 17 14 1832006
28 17 15 375504
28 17 16 62834
28 17 17 8426
28 17 18 852
28 17 19 58
28 17 20 2
28 18 2 2016
28 18 3 3158114
28 18 4 82686494
28 18 5 331221424
28 18 6 458229784
28 18 7 350247351
28 18 8 192418842
28 18 9 85133762
28 18 10 30746042
28 18 11 8762504
28 18 12 1847744
28 18 13 256120
28 18 14 17498
28 19 2 4032
28 19 3 4724782
28 19 4 106250158
28 19 5 381761407
28 19 6 496938218
28 19 7 386846460
28 19 8 230996764
28 19 9 117522026
28 19 10 51992674
28 19 11 19926751
28 19 12 6477564
28 19 13 1744894
28 19 14 378696
28 19 15 64728
28 19 16 8574
28 19 17 858
28 19 18 58
28 19 19 2
28 20 2 13440
28 20 3 6726701
28 20 4 92404112
28 20 5 232159310
28 20 6 232561934
28 20 7 147248590
28 20 8 73600028
28 20 9 30746042
28 20 10 10594872
28 20 11 2895352
28 20 12 588144
28 20 13 78938
28 20 14 5252
28 21 2 15360
28 21 3 6397756
28 21 4 76691560
28 21 5 179115487
28 21 6 177176384
28 21 7 118465226
28 21 8 64600294
28 21 9 30817420
28 21 10 12829994
28 21 11 4590596
28 21 12 1372166
28 21 13 331940
28 21 14 62454
28 21 15 8722
28 21 16 864
28 21 17 58
28 21 18 2
28 22 2 42240
28 22 3 7950865
28 22 4 61491214
28 22 5 103797918
28 22 6 82245238
28 22 7 46645264
28 22 8 21970990
28 22 9 8762504
28 22 10 2895352
28 22 11 761690
28 22 12 149672
28 22 13 19546
28 22 14 1274
28 23 2 28160
28 23 3 4681808
28 23 4 32274740
28 23 5 52832770
28 23 6 42900032
28 23 7 25946351
28 23 8 13330434
28 23 9 6039218
28 23 10 2374444
28 23 11 793278
28 23 12 218754
28 23 13 47808
28 23 14 7804
28 23 15 870
28 23 16 58
28 23 17 2
28 24 2 67584
28 24 3 5246774
28 24 4 24191246
28 24 5 29644530
28 24 6 20235670
28 24 7 10721068
28 24 8 4824004
28 24 9 1847744
28 24 10 588144
28 24 11 149672
28 24 12 28614
28 24 13 3662
28 24 14 236
28 25 2 24576
28 25 3 1748842
28 25 4 7404130
28 25 5 9179388
28 25 6 6514904
28 25 7 3691398
28 25 8 1815082
28 25 9 781966
28 25 10 290976
28 25 11 91404
28 25 12 23458
28 25 13 4680
28 25 14 668
28 25 15 58
28 25 16 2
28 26 2 53248
28 26 3 1794259
28 26 4 5234820
28 26 5 5104664
28 26 6 3171972
28 26 7 1599516
28 26 8 692706
28 26 9 256120
28 26 10 78938
28 26 11 19546
28 26 12 3662
28 26 13 464
28 26 14 30
28 27 2 8192
28 27 3 259423
28 27 4 727822
28 27 5 729628
28 27 6 478284
28 27 7 257830
28 27 8 121446
28 27 9 50022
28 27 10 17732
28 27 11 5282
28 27 12 1276
28 27 13 236
28 27 14 30
28 27 15 2
28 28 1 1
28 28 2 16382
28 28 3 243040
28 28 4 493228
28 28 5 412342
28 28 6 239894
28 28 7 116368
28 28 8 48776
28 28 9 17498
28 28 10 5252
28 28 11 1274
28 28 12 236
28 28 13 30
28 28 14 2
29 1 29 1
29 3 10 10
29 3 11 880
29 3 12 16236
29 3 13 129844
29 3 14 585690
29 3 15 1704510
29 3 16 3465840
29 3 17 5182008
29 3 18 5895396
29 3 19 5222264
29 3 20 3656360
29 3 21 2040885
29 3 22 910822
29 3 23 324093
29 3 24 91080
29 3 25 19850
29 3 26 3250
29 3 27 378
29 3 28 28
29 5 6 6
29 5 7 2718
29 5 8 138548
29 5 9 2308652
29 5 10 17452300
29 5 11 71342942
29 5 12 178198530
29 5 13 299913698
29 5 14 368501668
29 5 15 351108746
29 5 16 270067588
29 5 17 171785730
29 5 18 91449744
29 5 19 40843724
29 5 20 15219558
29 5 21 4669881
29 5 22 1154454
29 5 23 222246
29 5 24 31526
29 5 25 2983
29 5 26 152
29 5 27 2
29 7 5 1572
29 7 6 262550
29 7 7 8373104
29 7 8 89991636
29 7 9 432624354
29 7 10 1128680778
29 7 11 1848964765
29 7 12 2121992612
29 7 13 1846910591
29 7 14 1286492904
29 7 15 741128955
29 7 16 359463022
29 7 17 147992427
29 7 18 51775286
29 7 19 15307035
29 7 20 3775456
29 7 21 759676
29 7 22 120318
29 7 23 14173
29 7 24 1146
29 7 25 60
29 7 26 2
29 9 4 2678
29 9 5 880230
29 9 6 34896554
29 9 7 371358954
29 9 8 1565266666
29 9 9 3386737877
29 9 10 4516731354
29 9 11 4219114575
29 9 12 3021489868
29 9 13 1764600599
29 9 14 871546590
29 9 15 370259416
29 9 16 135970948
29 9 17 43059327
29 9 18 11664010
29 9 19 2666324
29 9 20 504820
29 9 21 77405
29 9 22 9390
29 9 23 886
29 9 24 60
29 9 25 2
29 11 3 150
29 11 4 381034
29 11 5 33569112
29 11 6 498918234
29 11 7 2328764111
29 11 8 4965979638
29 11 9 6208867251
29 11 10 5352614838
29 11 11 3532541408
29 11 12 1909803740
29 11 13 879680962
29 11 14 351378720
29 11 15 122425252
29 11 16 37142468
29 11 17 9754428
29 11 18 2197656
29 11 19 420373
29 11 20 67296
29 11 21 8822
29 11 22 892
29 11 23 60
29 11 24 2
29 13 3 16194
29 13 4 8705906
29 13 5 288769610
29 13 6 1972492260
29 13 7 4934434565
29 13 8 6499461022
29 13 9 5639881515
29 13 10 3683877790
29 13 11 1959405326
29 13 12 884883214
29 13 13 345799143
29 13 14 117945902
29 13 15 35252226
29 13 16 9217962
29 13 17 2096131
29 13 18 409520
29 13 19 67380
29 13 20 8976
29 13 21 898
29 13 22 60
29 13 23 2
29 15 2 2
29 15 3 357230
29 15 4 62798842
29 15 5 944829202
29 15 6 3500613260
29 15 7 5500723185
29 15 8 5147536946
29 15 9 3484498422
29 15 10 1898084984
29 15 11 874699008
29 15 12 347226448
29 15 13 119582820
29 15 14 35892888
29 15 15 9414985
29 15 16 2151044
29 15 17 422266
29 15 18 69386
29 15 19 9130
29 15 20 904
29 15 21 60
29 15 22 2
29 17 2 224
29 17 3 2828720
29 17 4 200113544
29 17 5 1574389804
29 17 6 3583628624
29 17 7 3953471877
29 17 8 2894900788
29 17 9 1658830281
29 17 10 801569012
29 17 11 333552738
29 17 12 119869028
29 17 13 37115907
29 17 14 9887774
29 17 15 2260488
29 17 16 440298
29 17 17 71410
29 17 18 9284
29 17 19 910
29 17 20 60
29 17 21 2
29 19 2 4032
29 19 3 10398466
29 19 4 340732408
29 19 5 1555231166
29 19 6 2384600768
29 19 7 2014347655
29 19 8 1247585964
29 19 9 641614130
29 19 10 285125042
29 19 11 109543925
29 19 12 36094824
29 19 13 10073560
29 19 14 2358134
29 19 15 458714
29 19 16 73452
29 19 17 9438
29 19 18 916
29 19 19 60
29 19 20 2
29 21 2 26880
29 21 3 20311237
29 21 4 341647744
29 21 5 977971513
29 21 6 1092981622
29 21 7 764108066
29 21 8 425085232
29 21 9 203033075
29 21 10 84456392
29 21 11 30211572
29 21 12 9141056
29 21 13 2290476
29 21 14 465842
29 21 15 75512
29 21 16 9592
29 21 17 922
29 21 18 60
29 21 19 2
29 23 2 84480
29 23 3 22416243
29 23 4 209012734
29 23 5 401425188
29 23 6 353393512
29 23 7 218409165
29 23 8 113142814
29 23 9 51027224
29 23 10 19990194
29 23 11 6674236
29 23 12 1856728
29 23 13 418314
29 23 14 73692
29 23 15 9746
29 23 16 928
29 23 17 60
29 23 18 2
29 25 2 135168
29 25 3 13997910
29 25 4 76876240
29 25 5 106367507
29 25 6 79456504
29 25 7 45343476
29 25 8 22258078
29 25 9 9538766
29 25 10 3528576
29 25 11 1104298
29 25 12 284452
29 25 13 58032
29 25 14 8868
29 25 15 934
29 25 16 60
29 25 17 2
29 27 2 106496
29 27 3 4580662
29 27 4 15701282
29 27 5 16993416
29 27 6 11378820
29 27 7 6140112
29 27 8 2875502
29 27 9 1174764
29 27 10 412724
29 27 11 121964
29 27 12 29366
29 27 13 5488
29 27 14 734
29 27 15 60
29 27 16 2
29 29 1 1
29 29 2 32766
29 29 3 600322
29 29 4 1393592
29 29 5 1273400
29 29 6 789546
29 29 7 406514
29 29 8 182674
29 29 9 71526
29 29 10 24024
29 29 11 6762
29 29 12 1540
29 29 13 268
29 29 14 32
29 29 15 2
30 1 30 1
30 2 15 1
30 3 10 1
30 3 11 275
30 3 12 8074
30 3 13 87802
30 3 14 502593
30 3 15 1787606
30 3 16 4343160
30 3 17 7651632
30 3 18 10171746
30 3 19 10483934
30 3 20 8533660
30 3 21 5550755
30 3 22 2903428
30 3 23 1222749
30 3 24 412896
30 3 25 110630
30 3 26 23075
30 3 27 3627
30 3 28 406
30 3 29 29
30 4 8 16
30 4 9 672
30 4 10 8064
30 4 11 42240
30 4 12 112640
30 4 13 159744
30 4 14 114688
30 4 15 32766
30 5 6 1
30 5 7 1139
30 5 8 85318
30 5 9 1868980
30 5 10 17741452
30 5 11 88518560
30 5 12 263626262
30 5 13 517416227
30 5 14 726409411
30 5 15 778394211
30 5 16 666812810
30 5 17 470546352
30 5 18 278318737
30 5 19 139033000
30 5 20 58635702
30 5 21 20723877
30 5 22 6051051
30 5 23 1427055
30 5 24 262580
30 5 25 35650
30 5 26 3232
30 5 27 158
30 5 28 2
30 6 5 1
30 6 6 806
30 6 7 45027
30 6 8 694752
30 6 9 4411998
30 6 10 14035092
30 6 11 24806548
30 6 12 25464416
30 6 13 15058135
30 6 14 4725842
30 6 15 600322
30 7 5 673
30 7 6 175365
30 7 7 7499942
30 7 8 102530354
30 7 9 605113641
30 7 10 1881313969
30 7 11 3581380828
30 7 12 4681669554
30 7 13 4571133899
30 7 14 3533839236
30 7 15 2245849064
30 7 16 1200102388
30 7 17 545950287
30 7 18 212480255
30 7 19 70660931
30 7 20 19935170
30 7 21 4704792
30 7 22 907476
30 7 23 137949
30 7 24 15620
30 7 25 1219
30 7 26 62
30 7 27 2
30 8 4 16
30 8 5 14806
30 8 6 936136
30 8 7 14364120
30 8 8 83707812
30 8 9 236934574
30 8 10 375836420
30 8 11 360052880
30 8 12 213700384
30 8 13 77129840
30 8 14 15629132
30 8 15 1393592
30 9 4 1274
30 9 5 655362
30 9 6 35372990
30 9 7 481208051
30 9 8 2480509986
30 9 9 6341428364
30 9 10 9745449191
30 9 11 10314390173
30 9 12 8265564174
30 9 13 5342836238
30 9 14 2895269843
30 9 15 1343908823
30 9 16 540301470
30 9 17 188758009
30 9 18 57099790
30 9 19 14819180
30 9 20 3253444
30 9 21 593016
30 9 22 87786
30 9 23 10322
30 9 24 946
30 9 25 62
30 9 26 2
30 10 3 1
30 10 4 14806
30 10 5 2205432
30 10 6 49313678
30 10 7 334020095
30 10 8 983752736
30 10 9 1560902507
30 10 10 1504562628
30 10 11 935684139
30 10 12 383735844
30 10 13 102581324
30 10 14 16669408
30 10 15 1273400
30 11 3 45
30 11 4 267460
30 11 5 33595426
30 11 6 650795818
30 11 7 3737873056
30 11 8 9375769200
30 11 9 13402365679
30 11 10 13034865507
30 11 11 9655838942
30 11 12 5831017936
30 11 13 2976775303
30 11 14 1308003362
30 11 15 499362619
30 11 16 166435490
30 11 17 48418473
30 11 18 12231364
30 11 19 2658691
30 11 20 492018
30 11 21 76395
30 11 22 9720
30 11 23 952
30 11 24 62
30 11 25 2
30 12 3 806
30 12 4 936136
30 12 5 49313678
30 12 6 501669644
30 12 7 1775769130
30 12 8 3060071076
30 12 9 3118392762
30 12 10 2087450216
30 12 11 970988636
30 12 12 321639584
30 12 13 74645414
30 12 14 11050124
30 12 15 789546
30 13 3 8568
30 13 4 7663460
30 13 5 347135755
30 13 6 2970996911
30 13 7 8813700671
30 13 8 13252303780
30 13 9 12940704570
30 13 10 9505272110
30 13 11 5694431595
30 13 12 2892127718
30 13 13 1264205380
30 13 14 478911740
30 13 15 157943440
30 13 16 45544172
30 13 17 11498016
30 13 18 2530544
30 13 19 479338
30 13 20 76512
30 13 21 9880
30 13 22 958
30 13 23 62
30 13 24 2
30 14 3 45027
30 14 4 14364120
30 14 5 334020095
30 14 6 1775769130
30 14 7 3718240960
30 14 8 4221982392
30 14 9 3105424779
30 14 10 1629890234
30 14 11 643178618
30 14 12 192614258
30 14 13 41875098
30 14 14 5908320
30 14 15 406514
30 15 2 1
30 15 3 239586
30 15 4 63712650
30 15 5 1263602377
30 15 6 5693497270
30 15 7 10379538064
30 15 8 10960724050
30 15 9 8329784763
30 15 10 5105790322
30 15 11 2656961389
30 15 12 1194089900
30 15 13 465129326
30 15 14 157064592
30 15 15 46001636
30 15 16 11715046
30 15 17 2593505
30 15 18 493744
30 15 19 78672
30 15 20 10040
30 15 21 964
30 15 22 62
30 15 23 2
30 16 2 16
30 16 3 694752
30 16 4 83707812
30 16 5 983752736
30 16 6 3060071076
30 16 7 4221982392
30 16 8 3500988900
30 16 9 2059498298
30 16 10 937761172
30 16 11 340483650
30 16 12 96517076
30 16 13 20106788
30 16 14 2737608
30 16 15 182674
30 17 2 112
30 17 3 2178106
30 17 4 221781570
30 17 5 2245595900
30 17 6 6117509722
30 17 7 7764284069
30 17 8 6390062070
30 17 9 4099475971
30 17 10 2222221586
30 17 11 1046180167
30 17 12 429211438
30 17 13 152676682
30 17 14 46713000
30 17 15 12215613
30 17 16 2720278
30 17 17 513818
30 17 18 80850
30 17 19 10200
30 17 20 970
30 17 21 62
30 17 22 2
30 18 2 672
30 18 3 4411998
30 18 4 236934574
30 18 5 1560902507
30 18 6 3118392762
30 18 7 3105424779
30 18 8 2059498298
30 18 9 1057482554
30 18 10 445666264
30 18 11 153578580
30 18 12 41716148
30 18 13 8372688
30 18 14 1103104
30 18 15 71526
30 19 2 2016
30 19 3 8744408
30 19 4 400241354
30 19 5 2323788958
30 19 6 4231106606
30 19 7 4093480523
30 19 8 2830768992
30 19 9 1620096408
30 19 10 805874068
30 19 11 352298313
30 19 12 134255034
30 19 13 43997746
30 19 14 12188030
30 19 15 2812184
30 19 16 534294
30 19 17 83046
30 19 18 10360
30 19 19 976
30 19 20 62
30 19 21 2
30 20 2 8064
30 20 3 14035092
30 20 4 375836420
30 20 5 1504562628
30 20 6 2087450216
30 20 7 1629890234
30 20 8 937761172
30 20 9 445666264
30 20 10 178326952
30 20 11 58832582
30 20 12 15367592
30 20 13 2977928
30 20 14 380404
30 20 15 24024
30 21 2 13440
30 21 3 18138245
30 21 4 419209354
30 21 5 1521217941
30 21 6 2006000736
30 21 7 1593634760
30 21 8 979538246
30 21 9 518665284
30 21 10 242249456
30 21 11 99607681
30 21 12 35430670
30 21 13 10685344
30 21 14 2665474
30 21 15 536608
30 21 16 85260
30 21 17 10520
30 21 18 982
30 21 19 62
30 21 20 2
30 22 2 42240
30 22 3 24806548
30 22 4 360052880
30 22 5 935684139
30 22 6 970988636
30 22 7 643178618
30 22 8 340483650
30 22 9 153578580
30 22 10 58832582
30 22 11 18651844
30 22 12 4698036
30 22 13 881408
30 22 14 109512
30 22 15 6762
30 23 2 42240
30 23 3 20922997
30 23 4 266523132
30 23 5 648687333
30 23 6 666311614
30 23 7 461916723
30 23 8 262333486
30 23 9 131413020
30 23 10 58256314
30 23 11 22596452
30 23 12 7505996
30 23 13 2083584
30 23 14 468476
30 23 15 82032
30 23 16 10680
30 23 17 988
30 23 18 62
30 23 19 2
30 24 2 112640
30 24 3 25464416
30 24 4 213700384
30 24 5 383735844
30 24 6 321639584
30 24 7 192614258
30 24 8 96517076
30 24 9 41716148
30 24 10 15367592
30 24 11 4698036
30 24 12 1145164
30 24 13 208848
30 24 14 25360
30 24 15 1540
30 25 2 67584
30 25 3 13551640
30 25 4 101945528
30 25 5 177929834
30 25 6 152218874
30 25 7 96231945
30 25 8 51799160
30 25 9 24790792
30 25 10 10461322
30 25 11 3832682
30 25 12 1193404
30 25 13 306844
30 25 14 62568
30 25 15 9538
30 25 16 994
30 25 17 62
30 25 18 2
30 26 2 159744
30 26 3 15058135
30 26 4 77129840
30 26 5 102581324
30 26 6 74645414
30 26 7 41875098
30 26 8 20106788
30 26 9 8372688
30 26 10 2977928
30 26 11 881408
30 26 12 208848
30 26 13 37226
30 26 14 4448
30 26 15 268
30 27 2 53248
30 27 3 4600635
30 27 4 21730344
30 27 5 29118376
30 27 6 21920448
30 27 7 13021546
30 27 8 6730506
30 27 9 3083392
30 27 10 1241336
30 27 11 431928
30 27 12 126942
30 27 13 30496
30 27 14 5698
30 27 15 762
30 27 16 62
30 27 17 2
30 28 2 114688
30 28 3 4725842
30 28 4 15629132
30 28 5 16669408
30 28 6 11050124
30 28 7 5908320
30 28 8 2737608
30 28 9 1103104
30 28 10 380404
30 28 11 109512
30 28 12 25360
30 28 13 4448
30 28 14 528
30 28 15 32
30 29 2 16384
30 29 3 633089
30 29 4 2012830
30 29 5 2195606
30 29 6 1525158
30 29 7 863820
30 29 8 429562
30 29 9 189202
30 29 10 73036
30 29 11 24290
30 29 12 6794
30 29 13 1542
30 29 14 268
30 29 15 32
30 29 16 2
30 30 1 1
30 30 2 32766
30 30 3 600322
30 30 4 1393592
30 30 5 1273400
30 30 6 789546
30 30 7 406514
30 30 8 182674
30 30 9 71526
30 30 10 24024
30 30 11 6762
30 30 12 1540
30 30 13 268
30 30 14 32
30 30 15 2
31 1 31 1
31 3 11 66
31 3 12 3432
31 3 13 52624
31 3 14 388752
31 3 15 1704510
31 3 16 4969152
31 3 17 10329336
31 3 18 16031952
31 3 19 19174572
31 3 20 18062160
31 3 21 13599915
31 3 22 8260934
31 3 23 4065963
31 3 24 1621224
31 3 25 520950
31 3 26 133380
31 3 27 26676
31 3 28 4032
31 3 29 435
31 3 30 30
31 5 7 420
31 5 8 48234
31 5 9 1405174
31 5 10 16818234
31 5 11 102651918
31 5 12 365434306
31 5 13 839215160
31 5 14 1350932140
31 5 15 1631770821
31 5 16 1557015282
31 5 17 1215834383
31 5 18 794515218
31 5 19 439864702
31 5 20 207189276
31 5 21 82817969
31 5 22 27846274
31 5 23 7756716
31 5 24 1748956
31 5 25 308187
31 5 26 40120
31 5 27 3491
31 5 28 164
31 5 29 2
31 7 5 260
31 7 6 110118
31 7 7 6390492
31 7 8 111580024
31 7 9 811140427
31 7 10 3014576784
31 7 11 6678647098
31 7 12 9931997120
31 7 13 10839929222
31 7 14 9258564856
31 7 15 6462548462
31 7 16 3786779734
31 7 17 1891551497
31 7 18 811771750
31 7 19 299936428
31 7 20 95123850
31 7 21 25676560
31 7 22 5810886
31 7 23 1076443
31 7 24 157328
31 7 25 17153
31 7 26 1294
31 7 27 64
31 7 28 2
31 9 4 542
31 9 5 480824
31 9 6 35709186
31 9 7 626896587
31 9 8 3994125478
31 9 9 12168148734
31 9 10 21599168964
31 9 11 25699140877
31 9 12 22639956884
31 9 13 15856923255
31 9 14 9265283630
31 9 15 4646792681
31 9 16 2028279412
31 9 17 774260626
31 9 18 258233344
31 9 19 74825289
31 9 20 18648216
31 9 21 3939809
31 9 22 692584
31 9 23 99145
31 9 24 11314
31 9 25 1008
31 9 26 64
31 9 27 2
31 11 3 18
31 11 4 194642
31 11 5 36160598
31 11 6 935222192
31 11 7 6773674306
31 11 8 20489958556
31 11 9 33900514815
31 11 10 36781470502
31 11 11 29456308434
31 11 12 18840614462
31 11 13 10136931771
31 11 14 4726699000
31 11 15 1936931521
31 11 16 700586012
31 11 17 223371192
31 11 18 62466144
31 11 19 15211119
31 11 20 3195738
31 11 21 573039
31 11 22 86398
31 11 23 10678
31 11 24 1014
31 11 25 64
31 11 26 2
31 13 3 5324
31 13 4 8053020
31 13 5 517428986
31 13 6 5786877138
31 13 7 21141739622
31 13 8 37252884612
31 13 9 40677604155
31 13 10 32080512754
31 13 11 20053193693
31 13 12 10514896794
31 13 13 4772329214
31 13 14 1903057092
31 13 15 671689425
31 13 16 210301898
31 13 17 58306929
31 13 18 14237772
31 13 19 3037231
31 13 20 558444
31 13 21 86554
31 13 22 10844
31 13 23 1020
31 13 24 64
31 13 25 2
31 15 3 216024
31 15 4 92861188
31 15 5 2527878021
31 15 6 14498764614
31 15 7 31598984578
31 15 8 37822848554
31 15 9 31012352819
31 15 10 19765929248
31 15 11 10500765357
31 15 12 4811017202
31 15 13 1928234479
31 15 14 680843114
31 15 15 212851066
31 15 16 59027384
31 15 17 14478159
31 15 18 3109554
31 15 19 574664
31 15 20 88874
31 15 21 11010
31 15 22 1026
31 15 23 64
31 15 24 2
31 17 2 32
31 17 3 2772048
31 17 4 437639018
31 17 5 5888331821
31 17 6 19840991962
31 17 7 29128946771
31 17 8 26243368868
31 17 9 17596414108
31 17 10 9719208914
31 17 11 4621124508
31 17 12 1917799828
31 17 13 696879187
31 17 14 221987314
31 17 15 62066687
31 17 16 15225926
31 17 17 3255716
31 17 18 596934
31 17 19 91212
31 17 20 11176
31 17 21 1032
31 17 22 64
31 17 23 2
31 19 2 1344
31 19 3 15495986
31 19 4 1055848838
31 19 5 7899079222
31 19 6 17263267942
31 19 7 18638360942
31 19 8 13651980646
31 19 9 7985746205
31 19 10 4006567186
31 19 11 1756832585
31 19 12 673613594
31 19 13 224566439
31 19 14 64742002
31 19 15 16068162
31 19 16 3421468
31 19 17 619624
31 19 18 93568
31 19 19 11342
31 19 20 1038
31 19 21 64
31 19 22 2
31 21 2 16128
31 21 3 44785823
31 21 4 1482694078
31 21 5 6725710369
31 21 6 10295621348
31 21 7 8795883714
31 21 8 5586524158
31 21 9 2985811831
31 21 10 1397767560
31 21 11 573827357
31 21 12 204839768
31 21 13 62751906
31 21 14 16297438
31 21 15 3548420
31 21 16 642734
31 21 17 95942
31 21 18 11508
31 21 19 1044
31 21 20 64
31 21 21 2
31 23 2 84480
31 23 3 73390311
31 23 4 1291665470
31 23 5 3800992070
31 23 6 4366481454
31 23 7 3154899795
31 23 8 1824764562
31 23 9 915223763
31 23 10 404900454
31 23 11 156511410
31 23 12 52106010
31 23 13 14668350
31 23 14 3424298
31 23 15 649662
31 23 16 98334
31 23 17 11674
31 23 18 1050
31 23 19 64
31 23 20 2
31 25 2 225280
31 25 3 70851418
31 25 4 710641174
31 25 5 1441509191
31 25 6 1330375064
31 25 7 859366427
31 25 8 466179984
31 25 9 222294244
31 25 10 93380676
31 25 11 34070430
31 25 12 10606284
31 25 13 2754448
31 25 14 580024
31 25 15 95608
31 25 16 11840
31 25 17 1056
31 25 18 64
31 25 19 2
31 27 2 319488
31 27 3 39836322
31 27 4 240980316
31 27 5 359263523
31 27 6 284051442
31 27 7 170221972
31 27 8 87902022
31 27 9 40067378
31 27 10 16024884
31 27 11 5540080
31 27 12 1622266
31 27 13 391432
31 27 14 74884
31 27 15 10740
31 27 16 1062
31 27 17 64
31 27 18 2
31 29 2 229376
31 29 3 11998695
31 29 4 46234300
31 29 5 54458006
31 29 6 38703486
31 29 7 21972716
31 29 8 10873096
31 29 9 4752392
31 29 10 1817952
31 29 11 598908
31 29 12 166164
31 29 13 37602
31 29 14 6610
31 29 15 832
31 29 16 64
31 29 17 2
31 31 1 1
31 31 2 65534
31 31 3 1476450
31 31 4 3899650
31 31 5 3881348
31 31 6 2554598
31 31 7 1386702
31 31 8 661012
31 31 9 278226
31 31 10 102312
31 31 11 32326
31 31 12 8570
31 31 13 1840
31 31 14 302
31 31 15 34
31 31 16 2
32 1 32 1
32 2 16 1
32 3 11 11
32 3 12 1221
32 3 13 27742
32 3 14 270270
32 3 15 1477035
32 3 16 5196626
32 3 17 12778152
32 3 18 23162976
32 3 19 32099094
32 3 20 34880770
32 3 21 30252180
32 3 22 21191555
32 3 23 12075184
32 3 24 5612805
32 3 25 2125200
32 3 26 651430
32 3 27 159705
32 3 28 30681
32 3 29 4466
32 3 30 465
32 3 31 31
32 4 8 1
32 4 9 144
32 4 10 3360
32 4 11 29568
32 4 12 126720
32 4 13 292864
32 4 14 372736
32 4 15 245760
32 4 16 65534
32 5 7 133
32 5 8 24944
32 5 9 980195
32 5 10 14862514
32 5 11 111229550
32 5 12 474393656
32 5 13 1278827497
32 5 14 2369653426
32 5 15 3237133731
32 5 16 3445826904
32 5 17 2975238372
32 5 18 2140760183
32 5 19 1305189998
32 5 20 680006458
32 5 21 303250017
32 5 22 115256154
32 5 23 36964705
32 5 24 9845300
32 5 25 2126587
32 5 26 359510
32 5 27 44950
32 5 28 3760
32 5 29 170
32 5 30 2
32 6 6 153
32 6 7 18610
32 6 8 490598
32 6 9 4833772
32 6 10 22736338
32 6 11 58370359
32 6 12 87855689
32 6 13 79602554
32 6 14 42622725
32 6 15 12355977
32 6 16 1476450
32 7 5 85
32 7 6 63996
32 7 7 5072340
32 7 8 113311794
32 7 9 1015958670
32 7 10 4523143322
32 7 11 11700305863
32 7 12 19878945297
32 7 13 24364550602
32 7 14 23071954054
32 7 15 17700579836
32 7 16 11346916998
32 7 17 6194831039
32 7 18 2912034470
32 7 19 1184524747
32 7 20 416989030
32 7 21 126475827
32 7 22 32738397
32 7 23 7118519
32 7 24 1268626
32 7 25 178554
32 7 26 18774
32 7 27 1371
32 7 28 66
32 7 29 2
32 8 4 1
32 8 5 4768
32 8 6 601934
32 8 7 15353418
32 8 8 135693978
32 8 9 550525518
32 8 10 1215666834
32 8 11 1613911996
32 8 12 1353888386
32 8 13 725865592
32 8 14 242106282
32 8 15 46106206
32 8 16 3899650
32 9 4 216
32 9 5 318585
32 9 6 32641702
32 9 7 737262200
32 9 8 5783090370
32 9 9 20932783095
32 9 10 42927892495
32 9 11 57845920865
32 9 12 56899168024
32 9 13 43995798008
32 9 14 28111653178
32 9 15 15311329988
32 9 16 7238151740
32 9 17 2998355170
32 9 18 1091759204
32 9 19 348654009
32 9 20 97000882
32 9 21 23261670
32 9 22 4737782
32 9 23 804548
32 9 24 111542
32 9 25 12368
32 9 26 1072
32 9 27 66
32 9 28 2
32 10 4 4768
32 10 5 1594258
32 10 6 62155082
32 10 7 652726316
32 10 8 2763274740
32 10 9 6017546977
32 10 10 7800686444
32 10 11 6523140504
32 10 12 3657061300
32 10 13 1387113234
32 10 14 348439386
32 10 15 53576812
32 10 16 3881348
32 11 3 3
32 11 4 122394
32 11 5 33017958
32 11 6 1125036939
32 11 7 10120387705
32 11 8 36300338840
32 11 9 68866306887
32 11 10 83957839568
32 11 11 74842782334
32 11 12 53014850840
32 11 13 31398157721
32 11 14 15997725655
32 11 15 7119366449
32 11 16 2790812000
32 11 17 967356087
32 11 18 296314258
32 11 19 79831206
32 11 20 18774090
32 11 21 3818450
32 11 22 664346
32 11 23 97365
32 11 24 11698
32 11 25 1078
32 11 26 66
32 11 27 2
32 12 3 153
32 12 4 601934
32 12 5 62155082
32 12 6 1039175561
32 12 7 5447737567
32 12 8 12959043756
32 12 9 17498311664
32 12 10 15227859596
32 12 11 9152125146
32 12 12 3939178182
32 12 13 1226905026
32 12 14 269236990
32 12 15 37737788
32 12 16 2554598
32 13 3 2392
32 13 4 6527338
32 13 5 580712287
32 13 6 8230131024
32 13 7 35965190272
32 13 8 72567677424
32 13 9 88643224796
32 13 10 77666339508
32 13 11 53970228595
32 13 12 31463662436
32 13 13 15818500648
32 13 14 6945005448
32 13 15 2680511843
32 13 16 914014976
32 13 17 276242821
32 13 18 74025884
32 13 19 17511978
32 13 20 3625636
32 13 21 647754
32 13 22 97566
32 13 23 11870
32 13 24 1084
32 13 25 66
32 13 26 2
32 14 3 18610
32 14 4 15353418
32 14 5 652726316
32 14 6 5447737567
32 14 7 16218996818
32 14 8 24487146002
32 14 9 23019435474
32 14 10 15070549816
32 14 11 7318753915
32 14 12 2720936900
32 14 13 771643278
32 14 14 158976472
32 14 15 21259356
32 14 16 1386702
32 15 3 131509
32 15 4 88622706
32 15 5 3218002759
32 15 6 22608960809
32 15 7 57306780186
32 15 8 77066498216
32 15 9 70149201642
32 15 10 49649382758
32 15 11 29390563993
32 15 12 15036496322
32 15 13 6725878839
32 15 14 2640644786
32 15 15 911671772
32 15 16 277545356
32 15 17 74713972
32 15 18 17780040
32 15 19 3708789
32 15 20 665948
32 15 21 100052
32 15 22 12042
32 15 23 1090
32 15 24 66
32 15 25 2
32 16 2 1
32 16 3 490598
32 16 4 135693978
32 16 5 2763274740
32 16 6 12959043756
32 16 7 24487146002
32 16 8 26033841674
32 16 9 18789230884
32 16 10 10193389632
32 16 11 4384051846
32 16 12 1512464084
32 16 13 407499742
32 16 14 80654372
32 16 15 10430536
32 16 16 661012
32 17 2 16
32 17 3 1995364
32 17 4 463612192
32 17 5 8075864158
32 17 6 32620573710
32 17 7 54935387143
32 17 8 55238686266
32 17 9 41042859744
32 17 10 25137261256
32 17 11 13315211515
32 17 12 6193688188
32 17 13 2534548969
32 17 14 909781862
32 17 15 285432146
32 17 16 78141326
32 17 17 18663998
32 17 18 3876554
32 17 19 690574
32 17 20 102556
32 17 21 12214
32 17 22 1096
32 17 23 66
32 17 24 2
32 18 2 144
32 18 3 4833772
32 18 4 550525518
32 18 5 6017546977
32 18 6 17498311664
32 18 7 23019435474
32 18 8 18789230884
32 18 9 11317690042
32 18 10 5490017572
32 18 11 2207002618
32 18 12 725886628
32 18 13 188028406
32 18 14 35958180
32 18 15 4510488
32 18 16 278226
32 19 2 672
32 19 3 12399820
32 19 4 1196307554
32 19 5 11375343210
32 19 6 29465871556
32 19 7 36271912309
32 19 8 29530167522
32 19 9 19067306689
32 19 10 10567420678
32 19 11 5166134664
32 19 12 2234303338
32 19 13 849675426
32 19 14 281252236
32 19 15 80230245
32 19 16 19569562
32 19 17 4065422
32 19 18 715638
32 19 19 105078
32 19 20 12386
32 19 21 1102
32 19 22 66
32 19 23 2
32 20 2 3360
32 20 3 22736338
32 20 4 1215666834
32 20 5 7800686444
32 20 6 15227859596
32 20 7 15070549816
32 20 8 10193389632
32 20 9 5490017572
32 20 10 2493555700
32 20 11 956175170
32 20 12 302073058
32 20 13 75463100
32 20 14 13966740
32 20 15 1701520
32 20 16 102312
32 21 2 8064
32 21 3 38481126
32 21 4 1760206422
32 21 5 10059298043
32 21 6 18133634382
32 21 7 17576110491
32 21 8 12319955666
32 21 9 7227012290
32 21 10 3730897806
32 21 11 1715496902
32 21 12 697555506
32 21 13 247680810
32 21 14 75546034
32 21 15 19477940
32 21 16 4182910
32 21 17 741140
32 21 18 107618
32 21 19 12558
32 21 20 1108
32 21 21 66
32 21 22 2
32 22 2 29568
32 22 3 58370359
32 22 4 1613911996
32 22 5 6523140504
32 22 6 9152125146
32 22 7 7318753915
32 22 8 4384051846
32 22 9 2207002618
32 22 10 956175170
32 22 11 352005310
32 22 12 107120324
32 22 13 25857534
32 22 14 4640004
32 22 15 550130
32 22 16 32326
32 23 2 42240
32 23 3 66329804
32 23 4 1590693786
32 23 5 5880541375
32 23 6 7903612262
32 23 7 6425107455
32 23 8 4063056506
32 23 9 2229901310
32 23 10 1091052560
32 23 11 475939255
32 23 12 182509822
32 23 13 60505496
32 23 14 16986440
32 23 15 3948328
32 23 16 741754
32 23 17 110176
32 23 18 12730
32 23 19 1114
32 23 20 66
32 23 21 2
32 24 2 126720
32 24 3 87855689
32 24 4 1353888386
32 24 5 3657061300
32 24 6 3939178182
32 24 7 2720936900
32 24 8 1512464084
32 24 9 725886628
32 24 10 302073058
32 24 11 107120324
32 24 12 31480852
32 24 13 7361220
32 24 14 1284274
32 24 15 148666
32 24 16 8570
32 25 2 112640
32 25 3 66539424
32 25 4 904725886
32 25 5 2302878147
32 25 6 2459620068
32 25 7 1766364348
32 25 8 1040957298
32 25 9 544031018
32 25 10 254301552
32 25 11 105483400
32 25 12 38193536
32 25 13 11844374
32 25 14 3070826
32 25 15 645380
32 25 16 105752
32 25 17 12902
32 25 18 1120
32 25 19 66
32 25 20 2
32 26 2 292864
32 26 3 79602554
32 26 4 725865592
32 26 5 1387113234
32 26 6 1226905026
32 26 7 771643278
32 26 8 407499742
32 26 9 188028406
32 26 10 75463100
32 26 11 25857534
32 26 12 7361220
32 26 13 1673030
32 26 14 284892
32 26 15 32350
32 26 16 1840
32 27 2 159744
32 27 3 38637155
32 27 4 317413988
32 27 5 590630318
32 27 6 531584670
32 27 7 350290993
32 27 8 196511370
32 27 9 98584454
32 27 10 44137776
32 27 11 17438590
32 27 12 5983106
32 27 13 1745182
32 27 14 420528
32 27 15 80412
32 27 16 11504
32 27 17 1126
32 27 18 66
32 27 19 2
32 28 2 372736
32 28 3 42622725
32 28 4 242106282
32 28 5 348439386
32 28 6 269236990
32 28 7 158976472
32 28 8 80654372
32 28 9 35958180
32 28 10 13966740
32 28 11 4640004
32 28 12 1284274
32 28 13 284892
32 28 14 47594
32 28 15 5336
32 28 16 302
32 29 2 114688
32 29 3 12019186
32 29 4 63186544
32 29 5 91328222
32 29 6 72714488
32 29 7 45124938
32 29 8 24370536
32 29 9 11762470
32 29 10 5054964
32 29 11 1910686
32 29 12 624546
32 29 13 172518
32 29 14 38972
32 29 15 6850
32 29 16 862
32 29 17 66
32 29 18 2
32 30 2 245760
32 30 3 12355977
32 30 4 46106206
32 30 5 53576812
32 30 6 37737788
32 30 7 21259356
32 30 8 10430536
32 30 9 4510488
32 30 10 1701520
32 30 11 550130
32 30 12 148666
32 30 13 32350
32 30 14 5336
32 30 15 596
32 30 16 34
32 31 2 32768
32 31 3 1541985
32 31 4 5530962
32 31 5 6545806
32 31 6 4805560
32 31 7 2847514
32 31 8 1484358
32 31 9 691834
32 31 10 286528
32 31 11 104120
32 31 12 32626
32 31 13 8604
32 31 14 1842
32 31 15 302
32 31 16 34
32 31 17 2
32 32 1 1
32 32 2 65534
32 32 3 1476450
32 32 4 3899650
32 32 5 3881348
32 32 6 2554598
32 32 7 1386702
32 32 8 661012
32 32 9 278226
32 32 10 102312
32 32 11 32326
32 32 12 8570
32 32 13 1840
32 32 14 302
32 32 15 34
32 32 16 2
