1 1 1
2 1 1
2 2 3
3 1 1
3 3 3
4 1 1
4 2 7
4 3 5
4 4 9
5 1 1
5 3 12
5 5 9
6 1 1
6 2 17
6 3 22
6 4 50
6 5 15
6 6 27
7 1 1
7 3 43
7 5 61
7 7 27
8 1 1
8 2 41
8 3 79
8 4 235
8 5 118
8 6 225
8 7 45
8 8 81
9 1 1
9 3 150
9 5 336
9 7 258
9 9 81
10 1 1
10 2 99
10 3 274
10 4 1044
10 5 691
10 6 1426
10 7 479
10 8 900
10 9 135
10 10 243
11 1 1
11 3 519
11 5 1744
11 7 1794
11 9 999
11 11 243
12 1 1
12 2 239
12 3 945
12 4 4523
12 5 3656
12 6 8284
12 7 3591
12 8 6986
12 9 1812
12 10 3375
12 11 405
12 12 729
13 1 1
13 3 1790
13 5 8793
13 7 11212
13 9 8365
13 11 3672
13 13 729
14 1 1
14 2 577
14 3 3256
14 4 19318
14 5 18475
14 6 46351
14 7 23605
14 8 47506
14 9 16153
14 10 30957
14 11 6561
14 12 12150
14 13 1215
14 14 2187
15 1 1
15 3 6167
15 5 43548
15 7 67003
15 9 60180
15 11 35919
15 13 13041
15 15 2187
16 1 1
16 2 1393
16 3 11215
16 4 81803
16 5 91167
16 6 253873
16 7 145420
16 8 304267
16 9 122117
16 10 239404
16 11 67724
16 12 128493
16 13 23058
16 14 42525
16 15 3645
16 16 6561
17 1 1
17 3 21240
17 5 212926
17 7 391775
17 9 402674
17 11 291972
17 13 145854
17 15 45198
17 17 6561
18 1 1
18 2 3363
18 3 38624
18 4 344610
18 5 443739
18 6 1370544
18 7 863761
18 8 1889068
18 9 849745
18 10 1699692
18 11 575034
18 12 1113020
18 13 270342
18 14 509220
18 15 79299
18 16 145800
18 17 10935
18 18 19683
19 1 1
19 3 73147
19 5 1031140
19 7 2261401
19 9 2594480
19 11 2154884
19 13 1321237
19 15 568728
19 17 153819
19 19 19683
20 1 1
20 2 8119
20 3 133013
20 4 1447295
20 5 2140770
20 6 7319390
20 7 5018147
20 8 11516016
20 9 5639393
20 10 11511053
20 11 4401451
20 12 8661928
20 13 2546401
20 14 4882809
20 15 1040661
20 16 1949508
20 17 268272
20 18 492075
20 19 32805
20 20 59049
21 1 1
21 3 251900
21 5 4957937
21 7 12933006
21 9 16370121
21 11 15050886
21 13 10658634
21 15 5679624
21 17 2150307
21 19 516132
21 21 59049
22 1 1
22 2 19601
22 3 458062
22 4 6067562
22 5 10264790
22 6 38759583
22 7 28736672
22 8 69364198
22 9 36339018
22 10 75814350
22 11 31699249
22 12 63285510
22 13 21232930
22 14 41335978
22 15 10766975
22 16 20498274
22 17 3895263
22 18 7265943
22 19 895941
22 20 1640250
22 21 98415
22 22 177147
23 1 1
23 3 867475
23 5 23713894
23 7 73409875
23 9 102010249
23 11 101698292
23 13 80169469
23 15 49716786
23 17 23467086
23 19 7935165
23 21 1712421
23 23 177147
24 1 1
24 2 47321
24 3 1577439
24 4 25411359
24 5 49002643
24 6 203866227
24 7 162918220
24 8 414168315
24 9 229637186
24 10 490671788
24 11 219727184
24 12 444514374
24 13 164316968
24 14 324063257
24 15 97155276
24 16 187558430
24 17 43910241
24 18 83122038
24 19 14258754
24 20 26505711
24 21 2961198
24 22 5412825
24 23 295245
24 24 531441
25 1 1
25 3 2987342
25 5 112992094
25 7 414000727
25 9 630541035
25 11 673151825
25 13 576654743
25 15 400696056
25 17 221536699
25 19 93949200
25 21 28713852
25 23 5629338
25 25 531441
26 1 1
26 2 114243
26 3 5432258
26 4 106362310
26 5 233183277
26 6 1066477900
26 7 916776633
26 8 2456061042
26 9 1431658113
26 10 3138890887
26 11 1484892253
26 12 3043369922
26 13 1211529048
26 14 2416416588
26 15 803989194
26 16 1570972894
26 17 426347551
26 18 817543395
26 19 173939796
26 20 327746412
26 21 51254532
26 22 95007654
26 23 9703719
26 24 17714700
26 25 885735
26 26 1594323
27 1 1
27 3 10287567
27 5 536906348
27 7 2321644450
27 9 3874683150
27 11 4397074321
27 13 4027226081
27 15 3057401825
27 17 1905047463
27 19 951492687
27 21 366546951
27 23 102233502
27 25 18364239
27 27 1594323
28 1 1
28 2 275807
28 3 18707169
28 4 445043309
28 5 1107028682
28 6 5554741888
28 7 5128853692
28 8 14481988860
28 9 8838969789
28 10 19915635917
28 11 9859475089
28 12 20481304781
28 13 8645185427
28 14 17417006069
28 15 6278722616
28 16 12398580770
28 17 3757895625
28 18 7287999727
28 19 1808377742
28 20 3448550601
28 21 672699357
28 22 1262672955
28 23 181476531
28 24 335595150
28 25 31571532
28 26 57572775
28 27 2657205
28 28 4782969
29 1 1
29 3 35427486
29 5 2546182426
29 7 12955479602
29 9 23698755503
29 11 28470169929
29 13 27568806212
29 15 22466765982
29 17 15373809315
29 19 8697225918
29 21 3964509657
29 23 1399702356
29 25 359076969
29 27 59521392
29 29 4782969
30 1 1
30 2 665857
30 3 64422224
30 4 1861801286
30 5 5246611619
30 6 28830802951
30 7 28557087174
30 8 84975711504
30 9 54173932800
30 10 125586987080
30 11 64639298570
30 12 136201119500
30 13 60293956072
30 14 122605506741
30 15 47097120703
30 16 93869234048
30 17 30996897284
30 18 60718401058
30 19 16917545898
30 20 32606822144
30 21 7456527003
30 22 14153906979
30 23 2549824353
30 24 4770589122
30 25 634402773
30 26 1170803889
30 27 102095721
30 28 186004350
30 29 7971615
30 30 14348907
31 1 1
31 3 122002287
31 5 12057624093
31 7 71988464898
31 9 144365937661
31 11 183213660431
31 13 186139304373
31 15 160764182013
31 17 118621803960
31 19 74034016327
31 21 38390548198
31 23 16102961487
31 25 5248572552
31 27 1246662171
31 29 191850201
31 31 14348907
32 1 1
32 2 1607521
32 3 221851999
32 4 7787827455
32 5 24834716918
32 6 149221771061
32 7 158376184159
32 8 496487428623
32 9 330146762289
32 10 788114042697
32 11 419795025025
32 12 898030647665
32 13 413623159218
32 14 848665109660
32 15 343240957228
32 16 689776069881
32 17 243882051501
32 18 481976641507
32 19 147019968413
32 20 286065704776
32 21 73803314320
32 22 141507094830
32 23 30019462245
32 24 56759245749
32 25 9500895405
32 26 17726457312
32 27 2193630984
32 28 4041372609
32 29 328430538
32 30 597871125
32 31 23914845
32 32 43046721
