13 13 0 531441
13 14 0 17360406
13 14 1 649539
13 15 0 318943332
13 15 1 24406920
13 15 2 688905
13 16 0 4362973146
13 16 1 506325492
13 16 2 27713664
13 16 3 612360
13 17 0 49670289612
13 17 1 7704206136
13 17 2 614186145
13 17 3 26202690
13 17 4 531279
13 18 0 498949313994
13 18 1 96365107161
13 18 2 9954735084
13 18 3 615278970
13 18 4 23671008
13 18 5 431541
13 19 0 4580737790454
13 19 1 1052839466424
13 19 2 132190761105
13 19 3 10530878904
13 19 4 578475846
13 19 5 20003328
13 19 6 358606
