8 8 0 2187
8 9 0 42282
8 9 1 1458
8 10 0 490779
8 10 1 35235
8 10 2 1080
8 11 0 4482702
8 11 1 489564
8 11 2 28188
8 11 3 660
8 12 0 35708184
8 12 1 5186007
8 12 2 423480
8 12 3 18775
8 12 4 438
8 13 0 261072296
8 13 1 46797862
8 13 2 4841598
8 13 3 304610
8 13 4 13026
8 13 5 254
8 14 0 1803017151
8 14 1 380872055
8 14 2 46962455
8 14 3 3737208
8 14 4 220527
8 14 5 8108
8 14 6 170
8 15 0 11968187610
8 15 1 2889818882
8 15 2 408803982
8 15 3 38702250
8 15 4 2820956
8 15 5 145638
8 15 6 5542
8 15 7 90
8 16 0 77201906009
8 16 1 20864159160
8 16 2 3301315331
8 16 3 357977299
8 16 4 30448660
8 16 5 1961562
8 16 6 101525
8 16 7 3257
8 16 8 54
8 17 0 487456348514
8 17 1 145249249346
8 17 2 25257468300
8 17 3 3057880002
8 17 4 293411386
8 17 5 22170876
8 17 6 1397256
8 17 7 64066
8 17 8 2030
8 17 9 26
8 18 0 3027382118535
8 18 1 983630573953
8 18 2 185624652442
8 18 3 24645378398
8 18 4 2608912419
8 18 5 222817267
8 18 6 16177260
8 18 7 927924
8 18 8 41408
8 18 9 1112
8 18 10 12
8 19 0 18556101995202
8 19 1 6518753964714
8 19 2 1322796563802
8 19 3 190124969486
8 19 4 21860522652
8 19 5 2059957170
8 19 6 166830640
8 19 7 11179542
8 19 8 619290
8 19 9 24620
8 19 10 592
8 19 11 4
