# H=6 states=126 residuals=45 budget_B=85.6 working_r=35 d_2=8 sweep_pmax=44633 nsmall=4639 nbig=3 build=0.1s shard=0/1
2 27   (0.0s)
3 35   (0.0s)
5 35   (0.0s)
7 35   (0.0s)
11 35   (0.0s)
13 35   (0.0s)
17 35   (0.0s)
19 35   (0.0s)
23 35   (0.0s)
29 35   (0.0s)
31 35   (0.0s)
37 35   (0.0s)
41 35   (0.0s)
43 35   (0.0s)
47 35   (0.0s)
53 35   (0.0s)
59 35   (0.0s)
61 35   (0.0s)
67 35   (0.0s)
71 35   (0.0s)
73 35   (0.0s)
79 35   (0.0s)
83 35   (0.0s)
89 35   (0.0s)
97 35   (0.0s)
101 35   (0.0s)
103 35   (0.0s)
107 35   (0.0s)
109 35   (0.0s)
113 35   (0.0s)
127 35   (0.0s)
131 35   (0.0s)
137 35   (0.0s)
139 35   (0.0s)
149 35   (0.0s)
151 35   (0.0s)
157 35   (0.0s)
163 35   (0.0s)
167 35   (0.0s)
173 35   (0.0s)
179 35   (0.0s)
181 35   (0.0s)
191 35   (0.0s)
193 35   (0.0s)
197 35   (0.0s)
199 35   (0.0s)
211 35   (0.0s)
223 35   (0.0s)
227 35   (0.0s)
229 35   (0.0s)
233 35   (0.0s)
239 35   (0.0s)
241 35   (0.0s)
251 35   (0.0s)
257 35   (0.0s)
263 35   (0.0s)
269 35   (0.0s)
271 35   (0.0s)
277 35   (0.0s)
281 35   (0.0s)
283 35   (0.0s)
293 35   (0.0s)
307 35   (0.0s)
311 35   (0.0s)
313 35   (0.0s)
317 35   (0.0s)
331 35   (0.0s)
337 35   (0.0s)
347 35   (0.0s)
349 35   (0.0s)
353 35   (0.0s)
359 35   (0.0s)
367 35   (0.0s)
373 35   (0.0s)
379 35   (0.0s)
383 35   (0.0s)
389 35   (0.0s)
397 35   (0.0s)
401 35   (0.0s)
409 35   (0.0s)
419 35   (0.0s)
421 35   (0.0s)
431 35   (0.0s)
433 35   (0.0s)
439 35   (0.0s)
443 35   (0.0s)
449 35   (0.0s)
457 35   (0.0s)
461 35   (0.0s)
463 35   (0.0s)
467 35   (0.0s)
479 35   (0.0s)
487 35   (0.0s)
491 35   (0.0s)
499 35   (0.0s)
503 35   (0.0s)
509 35   (0.0s)
521 35   (0.0s)
523 35   (0.0s)
541 35   (0.0s)
547 35   (0.0s)
557 35   (0.0s)
563 35   (0.0s)
569 35   (0.0s)
571 35   (0.0s)
577 35   (0.0s)
587 35   (0.0s)
593 35   (0.0s)
599 35   (0.0s)
601 35   (0.0s)
607 35   (0.0s)
613 35   (0.0s)
617 35   (0.0s)
619 35   (0.0s)
631 35   (0.0s)
641 35   (0.0s)
643 35   (0.0s)
647 35   (0.0s)
653 35   (0.0s)
659 35   (0.0s)
661 35   (0.0s)
673 35   (0.0s)
677 35   (0.0s)
683 35   (0.0s)
691 35   (0.0s)
701 35   (0.0s)
709 35   (0.0s)
719 35   (0.0s)
727 35   (0.0s)
733 35   (0.0s)
739 35   (0.0s)
743 35   (0.0s)
751 35   (0.0s)
757 35   (0.0s)
761 35   (0.0s)
769 35   (0.0s)
773 35   (0.0s)
787 35   (0.0s)
797 35   (0.0s)
809 35   (0.0s)
811 35   (0.0s)
821 35   (0.0s)
823 35   (0.0s)
827 35   (0.0s)
829 35   (0.0s)
839 35   (0.0s)
853 35   (0.0s)
857 35   (0.0s)
859 35   (0.0s)
863 35   (0.0s)
877 35   (0.0s)
881 35   (0.0s)
883 35   (0.0s)
887 35   (0.0s)
907 35   (0.0s)
911 35   (0.0s)
919 35   (0.0s)
929 35   (0.0s)
937 35   (0.0s)
941 35   (0.0s)
947 35   (0.0s)
953 35   (0.0s)
967 35   (0.0s)
971 35   (0.0s)
977 35   (0.0s)
983 35   (0.0s)
991 35   (0.0s)
997 35   (0.0s)
1009 35   (0.0s)
1013 35   (0.0s)
1019 35   (0.0s)
1021 35   (0.0s)
1031 35   (0.0s)
1033 35   (0.0s)
1039 35   (0.0s)
1049 35   (0.0s)
1051 35   (0.0s)
1061 35   (0.0s)
1063 35   (0.0s)
1069 35   (0.0s)
1087 35   (0.0s)
1091 35   (0.0s)
1093 35   (0.0s)
1097 35   (0.0s)
1103 35   (0.0s)
1109 35   (0.0s)
1117 35   (0.0s)
1123 35   (0.0s)
1129 35   (0.0s)
1151 35   (0.0s)
1153 35   (0.0s)
1163 35   (0.0s)
1171 35   (0.0s)
1181 35   (0.0s)
1187 35   (0.0s)
1193 35   (0.0s)
1201 35   (0.0s)
1213 35   (0.0s)
1217 35   (0.0s)
1223 35   (0.0s)
1229 35   (0.0s)
1231 35   (0.0s)
1237 35   (0.0s)
1249 35   (0.0s)
1259 35   (0.0s)
1277 35   (0.0s)
1279 35   (0.0s)
1283 35   (0.0s)
1289 35   (0.0s)
1291 35   (0.0s)
1297 35   (0.0s)
1301 35   (0.0s)
1303 35   (0.0s)
1307 35   (0.0s)
1319 35   (0.0s)
1321 35   (0.0s)
1327 35   (0.0s)
1361 35   (0.0s)
1367 35   (0.0s)
1373 35   (0.0s)
1381 35   (0.0s)
1399 35   (0.0s)
1409 35   (0.0s)
1423 35   (0.0s)
1427 35   (0.0s)
1429 35   (0.0s)
1433 35   (0.0s)
1439 35   (0.0s)
1447 35   (0.0s)
1451 35   (0.0s)
1453 35   (0.0s)
1459 35   (0.0s)
1471 35   (0.0s)
1481 35   (0.0s)
1483 35   (0.0s)
1487 35   (0.0s)
1489 35   (0.0s)
1493 35   (0.0s)
1499 35   (0.0s)
1511 35   (0.0s)
1523 35   (0.0s)
1531 35   (0.0s)
1543 35   (0.0s)
1549 35   (0.0s)
1553 35   (0.0s)
1559 35   (0.0s)
1567 35   (0.0s)
1571 35   (0.0s)
1579 35   (0.0s)
1583 35   (0.0s)
1597 35   (0.0s)
1601 35   (0.0s)
1607 35   (0.0s)
1609 35   (0.0s)
1613 35   (0.0s)
1619 35   (0.0s)
1621 35   (0.0s)
1627 35   (0.0s)
1637 35   (0.0s)
1657 35   (0.0s)
1663 35   (0.0s)
1667 35   (0.0s)
1669 35   (0.0s)
1693 35   (0.0s)
1697 35   (0.0s)
1699 35   (0.0s)
1709 35   (0.0s)
1721 35   (0.0s)
1723 35   (0.0s)
1733 35   (0.0s)
1741 35   (0.0s)
1747 35   (0.0s)
1753 35   (0.0s)
1759 35   (0.0s)
1777 35   (0.0s)
1783 35   (0.0s)
1787 35   (0.0s)
1789 35   (0.0s)
1801 35   (0.0s)
1811 35   (0.0s)
1823 35   (0.0s)
1831 35   (0.0s)
1847 35   (0.0s)
1861 35   (0.0s)
1867 35   (0.0s)
1871 35   (0.0s)
1873 35   (0.0s)
1877 35   (0.0s)
1879 35   (0.0s)
1889 35   (0.0s)
1901 35   (0.0s)
1907 35   (0.0s)
1913 35   (0.0s)
1931 35   (0.0s)
1933 35   (0.0s)
1949 35   (0.0s)
1951 35   (0.0s)
1973 35   (0.0s)
1979 35   (0.0s)
1987 35   (0.0s)
1993 35   (0.0s)
1997 35   (0.0s)
1999 35   (0.0s)
2003 35   (0.0s)
2011 35   (0.0s)
2017 35   (0.0s)
2027 35   (0.0s)
2029 35   (0.0s)
2039 35   (0.0s)
2053 35   (0.0s)
2063 35   (0.0s)
2069 35   (0.0s)
2081 35   (0.0s)
2083 35   (0.0s)
2087 35   (0.0s)
2089 35   (0.0s)
2099 35   (0.0s)
2111 35   (0.0s)
2113 35   (0.0s)
2129 35   (0.0s)
2131 35   (0.0s)
2137 35   (0.0s)
2141 35   (0.0s)
2143 35   (0.0s)
2153 35   (0.0s)
2161 35   (0.0s)
2179 35   (0.0s)
2203 35   (0.0s)
2207 35   (0.0s)
2213 35   (0.0s)
2221 35   (0.0s)
2237 35   (0.0s)
2239 35   (0.0s)
2243 35   (0.0s)
2251 35   (0.0s)
2267 35   (0.0s)
2269 35   (0.0s)
2273 35   (0.0s)
2281 35   (0.0s)
2287 35   (0.0s)
2293 35   (0.0s)
2297 35   (0.0s)
2309 35   (0.0s)
2311 35   (0.0s)
2333 35   (0.0s)
2339 35   (0.0s)
2341 35   (0.0s)
2347 35   (0.0s)
2351 35   (0.0s)
2357 35   (0.0s)
2371 35   (0.0s)
2377 35   (0.0s)
2381 35   (0.0s)
2383 35   (0.0s)
2389 35   (0.0s)
2393 35   (0.0s)
2399 35   (0.0s)
2411 35   (0.0s)
2417 35   (0.0s)
2423 35   (0.0s)
2437 35   (0.0s)
2441 35   (0.0s)
2447 35   (0.0s)
2459 35   (0.0s)
2467 35   (0.0s)
2473 35   (0.0s)
2477 35   (0.0s)
2503 35   (0.0s)
2521 35   (0.0s)
2531 35   (0.0s)
2539 35   (0.0s)
2543 35   (0.0s)
2549 35   (0.0s)
2551 35   (0.0s)
2557 35   (0.0s)
2579 35   (0.0s)
2591 35   (0.0s)
2593 35   (0.0s)
2609 35   (0.0s)
2617 35   (0.0s)
2621 35   (0.0s)
2633 35   (0.0s)
2647 35   (0.0s)
2657 35   (0.0s)
2659 35   (0.0s)
2663 35   (0.0s)
2671 35   (0.0s)
2677 35   (0.0s)
2683 35   (0.0s)
2687 35   (0.0s)
2689 35   (0.0s)
2693 35   (0.0s)
2699 35   (0.0s)
2707 35   (0.0s)
2711 35   (0.0s)
2713 35   (0.0s)
2719 35   (0.0s)
2729 35   (0.0s)
2731 35   (0.0s)
2741 35   (0.0s)
2749 35   (0.0s)
2753 35   (0.0s)
2767 35   (0.0s)
2777 35   (0.0s)
2789 35   (0.0s)
2791 35   (0.0s)
2797 35   (0.0s)
2801 35   (0.0s)
2803 35   (0.0s)
2819 35   (0.0s)
2833 35   (0.0s)
2837 35   (0.0s)
2843 35   (0.0s)
2851 35   (0.0s)
2857 35   (0.0s)
2861 35   (0.0s)
2879 35   (0.0s)
2887 35   (0.0s)
2897 35   (0.0s)
2903 35   (0.0s)
2909 35   (0.0s)
2917 35   (0.0s)
2927 35   (0.0s)
2939 35   (0.0s)
2953 35   (0.0s)
2957 35   (0.0s)
2963 35   (0.0s)
2969 35   (0.0s)
2971 35   (0.0s)
2999 35   (0.0s)
3001 35   (0.0s)
3011 35   (0.0s)
3019 35   (0.0s)
3023 35   (0.0s)
3037 35   (0.0s)
3041 35   (0.0s)
3049 35   (0.0s)
3061 35   (0.0s)
3067 35   (0.0s)
3079 35   (0.0s)
3083 35   (0.0s)
3089 35   (0.0s)
3109 35   (0.0s)
3119 35   (0.0s)
3121 35   (0.0s)
3137 35   (0.0s)
3163 35   (0.0s)
3167 35   (0.0s)
3169 35   (0.0s)
3181 35   (0.0s)
3187 35   (0.0s)
3191 35   (0.0s)
3203 35   (0.0s)
3209 35   (0.0s)
3217 35   (0.0s)
3221 35   (0.0s)
3229 35   (0.0s)
3251 35   (0.0s)
3253 35   (0.0s)
3257 35   (0.0s)
3259 35   (0.0s)
3271 35   (0.0s)
3299 35   (0.0s)
3301 35   (0.0s)
3307 35   (0.0s)
3313 35   (0.0s)
3319 35   (0.0s)
3323 35   (0.0s)
3329 35   (0.0s)
3331 35   (0.0s)
3343 35   (0.0s)
3347 35   (0.0s)
3359 35   (0.0s)
3361 35   (0.0s)
3371 35   (0.0s)
3373 35   (0.0s)
3389 35   (0.0s)
3391 35   (0.0s)
3407 35   (0.0s)
3413 35   (0.0s)
3433 35   (0.0s)
3449 35   (0.0s)
3457 35   (0.0s)
3461 35   (0.0s)
3463 35   (0.0s)
3467 35   (0.0s)
3469 35   (0.0s)
3491 35   (0.0s)
3499 35   (0.0s)
3511 35   (0.0s)
3517 35   (0.0s)
3527 35   (0.0s)
3529 35   (0.0s)
3533 35   (0.0s)
3539 35   (0.0s)
3541 35   (0.0s)
3547 35   (0.0s)
3557 35   (0.0s)
3559 35   (0.0s)
3571 35   (0.0s)
3581 35   (0.0s)
3583 35   (0.0s)
3593 35   (0.0s)
3607 35   (0.0s)
3613 35   (0.0s)
3617 35   (0.0s)
3623 35   (0.0s)
3631 35   (0.0s)
3637 35   (0.0s)
3643 35   (0.0s)
3659 35   (0.0s)
3671 35   (0.0s)
3673 35   (0.0s)
3677 35   (0.0s)
3691 35   (0.0s)
3697 35   (0.0s)
3701 35   (0.0s)
3709 35   (0.0s)
3719 35   (0.0s)
3727 35   (0.0s)
3733 35   (0.0s)
3739 35   (0.0s)
3761 35   (0.0s)
3767 35   (0.0s)
3769 35   (0.0s)
3779 35   (0.0s)
3793 35   (0.0s)
3797 35   (0.0s)
3803 35   (0.0s)
3821 35   (0.0s)
3823 35   (0.0s)
3833 35   (0.0s)
3847 35   (0.0s)
3851 35   (0.0s)
3853 35   (0.0s)
3863 35   (0.0s)
3877 35   (0.0s)
3881 35   (0.0s)
3889 35   (0.0s)
3907 35   (0.0s)
3911 35   (0.0s)
3917 35   (0.0s)
3919 35   (0.0s)
3923 35   (0.0s)
3929 35   (0.0s)
3931 35   (0.0s)
3943 35   (0.0s)
3947 35   (0.0s)
3967 35   (0.0s)
3989 35   (0.0s)
4001 35   (0.0s)
4003 35   (0.0s)
4007 35   (0.0s)
4013 35   (0.0s)
4019 35   (0.0s)
4021 35   (0.0s)
4027 35   (0.0s)
4049 35   (0.0s)
4051 35   (0.0s)
4057 35   (0.0s)
4073 35   (0.0s)
4079 35   (0.0s)
4091 35   (0.0s)
4093 35   (0.0s)
4099 35   (0.0s)
4111 35   (0.0s)
4127 35   (0.0s)
4129 35   (0.0s)
4133 35   (0.0s)
4139 35   (0.0s)
4153 35   (0.0s)
4157 35   (0.0s)
4159 35   (0.0s)
4177 35   (0.0s)
4201 35   (0.0s)
4211 35   (0.0s)
4217 35   (0.0s)
4219 35   (0.0s)
4229 35   (0.0s)
4231 35   (0.0s)
4241 35   (0.0s)
4243 35   (0.0s)
4253 35   (0.0s)
4259 35   (0.0s)
4261 35   (0.0s)
4271 35   (0.0s)
4273 35   (0.0s)
4283 35   (0.0s)
4289 35   (0.0s)
4297 35   (0.0s)
4327 35   (0.0s)
4337 35   (0.0s)
4339 35   (0.0s)
4349 35   (0.0s)
4357 35   (0.0s)
4363 35   (0.0s)
4373 35   (0.0s)
4391 35   (0.0s)
4397 35   (0.0s)
4409 35   (0.0s)
4421 35   (0.0s)
4423 35   (0.0s)
4441 35   (0.0s)
4447 35   (0.0s)
4451 35   (0.0s)
4457 35   (0.0s)
4463 35   (0.0s)
4481 35   (0.0s)
4483 35   (0.0s)
4493 35   (0.0s)
4507 35   (0.0s)
4513 35   (0.0s)
4517 35   (0.0s)
4519 35   (0.0s)
4523 35   (0.0s)
4547 35   (0.0s)
4549 35   (0.0s)
4561 35   (0.0s)
4567 35   (0.0s)
4583 35   (0.0s)
4591 35   (0.0s)
4597 35   (0.0s)
4603 35   (0.0s)
4621 35   (0.0s)
4637 35   (0.0s)
4639 35   (0.0s)
4643 35   (0.0s)
4649 35   (0.0s)
4651 35   (0.0s)
4657 35   (0.0s)
4663 35   (0.0s)
4673 35   (0.0s)
4679 35   (0.0s)
4691 35   (0.0s)
4703 35   (0.0s)
4721 35   (0.0s)
4723 35   (0.0s)
4729 35   (0.0s)
4733 35   (0.0s)
4751 35   (0.0s)
4759 35   (0.0s)
4783 35   (0.0s)
4787 35   (0.0s)
4789 35   (0.0s)
4793 35   (0.0s)
4799 35   (0.0s)
4801 35   (0.0s)
4813 35   (0.0s)
4817 35   (0.0s)
4831 35   (0.0s)
4861 35   (0.0s)
4871 35   (0.0s)
4877 35   (0.0s)
4889 35   (0.0s)
4903 35   (0.0s)
4909 35   (0.0s)
4919 35   (0.0s)
4931 35   (0.0s)
4933 35   (0.0s)
4937 35   (0.0s)
4943 35   (0.0s)
4951 35   (0.0s)
4957 35   (0.0s)
4967 35   (0.0s)
4969 35   (0.0s)
4973 35   (0.0s)
4987 35   (0.0s)
4993 35   (0.0s)
4999 35   (0.0s)
5003 35   (0.0s)
5009 35   (0.0s)
5011 35   (0.0s)
5021 35   (0.0s)
5023 35   (0.0s)
5039 35   (0.0s)
5051 35   (0.0s)
5059 35   (0.0s)
5077 35   (0.0s)
5081 35   (0.0s)
5087 35   (0.0s)
5099 35   (0.0s)
5101 35   (0.0s)
5107 35   (0.0s)
5113 35   (0.0s)
5119 35   (0.0s)
5147 35   (0.0s)
5153 35   (0.0s)
5167 35   (0.0s)
5171 35   (0.0s)
5179 35   (0.0s)
5189 35   (0.0s)
5197 35   (0.0s)
5209 35   (0.0s)
5227 35   (0.0s)
5231 35   (0.0s)
5233 35   (0.0s)
5237 35   (0.0s)
5261 35   (0.0s)
5273 35   (0.0s)
5279 35   (0.0s)
5281 35   (0.0s)
5297 35   (0.0s)
5303 35   (0.0s)
5309 35   (0.0s)
5323 35   (0.0s)
5333 35   (0.0s)
5347 35   (0.0s)
5351 35   (0.0s)
5381 35   (0.0s)
5387 35   (0.0s)
5393 35   (0.0s)
5399 35   (0.0s)
5407 35   (0.0s)
5413 35   (0.0s)
5417 35   (0.0s)
5419 35   (0.0s)
5431 35   (0.0s)
5437 35   (0.0s)
5441 35   (0.0s)
5443 35   (0.0s)
5449 35   (0.0s)
5471 35   (0.0s)
5477 35   (0.0s)
5479 35   (0.0s)
5483 35   (0.0s)
5501 35   (0.0s)
5503 35   (0.0s)
5507 35   (0.0s)
5519 35   (0.0s)
5521 35   (0.0s)
5527 35   (0.0s)
5531 35   (0.0s)
5557 35   (0.0s)
5563 35   (0.0s)
5569 35   (0.0s)
5573 35   (0.0s)
5581 35   (0.0s)
5591 35   (0.0s)
5623 35   (0.0s)
5639 35   (0.0s)
5641 35   (0.0s)
5647 35   (0.0s)
5651 35   (0.0s)
5653 35   (0.0s)
5657 35   (0.0s)
5659 35   (0.0s)
5669 35   (0.0s)
5683 35   (0.0s)
5689 35   (0.0s)
5693 35   (0.0s)
5701 35   (0.0s)
5711 35   (0.0s)
5717 35   (0.0s)
5737 35   (0.0s)
5741 35   (0.0s)
5743 35   (0.0s)
5749 35   (0.0s)
5779 35   (0.0s)
5783 35   (0.0s)
5791 35   (0.0s)
5801 35   (0.0s)
5807 35   (0.0s)
5813 35   (0.0s)
5821 35   (0.0s)
5827 35   (0.0s)
5839 35   (0.0s)
5843 35   (0.0s)
5849 35   (0.0s)
5851 35   (0.0s)
5857 35   (0.0s)
5861 35   (0.0s)
5867 35   (0.0s)
5869 35   (0.0s)
5879 35   (0.0s)
5881 35   (0.0s)
5897 35   (0.0s)
5903 35   (0.0s)
5923 35   (0.0s)
5927 35   (0.0s)
5939 35   (0.0s)
5953 35   (0.0s)
5981 35   (0.0s)
5987 35   (0.0s)
6007 35   (0.0s)
6011 35   (0.0s)
6029 35   (0.0s)
6037 35   (0.0s)
6043 35   (0.0s)
6047 35   (0.0s)
6053 35   (0.0s)
6067 35   (0.0s)
6073 35   (0.0s)
6079 35   (0.0s)
6089 35   (0.0s)
6091 35   (0.0s)
6101 35   (0.0s)
6113 35   (0.0s)
6121 35   (0.0s)
6131 35   (0.0s)
6133 35   (0.0s)
6143 35   (0.0s)
6151 35   (0.0s)
6163 35   (0.0s)
6173 35   (0.0s)
6197 35   (0.0s)
6199 35   (0.0s)
6203 35   (0.0s)
6211 35   (0.0s)
6217 35   (0.0s)
6221 35   (0.0s)
6229 35   (0.0s)
6247 35   (0.0s)
6257 35   (0.0s)
6263 35   (0.0s)
6269 35   (0.0s)
6271 35   (0.0s)
6277 35   (0.0s)
6287 35   (0.0s)
6299 35   (0.0s)
6301 35   (0.0s)
6311 35   (0.0s)
6317 35   (0.0s)
6323 35   (0.0s)
6329 35   (0.0s)
6337 35   (0.0s)
6343 35   (0.0s)
6353 35   (0.0s)
6359 35   (0.0s)
6361 35   (0.0s)
6367 35   (0.0s)
6373 35   (0.0s)
6379 35   (0.0s)
6389 35   (0.0s)
6397 35   (0.0s)
6421 35   (0.0s)
6427 35   (0.0s)
6449 35   (0.0s)
6451 35   (0.0s)
6469 35   (0.0s)
6473 35   (0.0s)
6481 35   (0.0s)
6491 35   (0.0s)
6521 35   (0.0s)
6529 35   (0.0s)
6547 35   (0.0s)
6551 35   (0.0s)
6553 35   (0.0s)
6563 35   (0.0s)
6569 35   (0.0s)
6571 35   (0.0s)
6577 35   (0.0s)
6581 35   (0.0s)
6599 35   (0.0s)
6607 35   (0.0s)
6619 35   (0.0s)
6637 35   (0.0s)
6653 35   (0.0s)
6659 35   (0.0s)
6661 35   (0.0s)
6673 35   (0.0s)
6679 35   (0.0s)
6689 35   (0.0s)
6691 35   (0.0s)
6701 35   (0.0s)
6703 35   (0.0s)
6709 35   (0.0s)
6719 35   (0.0s)
6733 35   (0.0s)
6737 35   (0.0s)
6761 35   (0.0s)
6763 35   (0.0s)
6779 35   (0.0s)
6781 35   (0.0s)
6791 35   (0.0s)
6793 35   (0.0s)
6803 35   (0.0s)
6823 35   (0.0s)
6827 35   (0.0s)
6829 35   (0.0s)
6833 35   (0.0s)
6841 35   (0.0s)
6857 35   (0.0s)
6863 35   (0.0s)
6869 35   (0.0s)
6871 35   (0.0s)
6883 35   (0.0s)
6899 35   (0.0s)
6907 35   (0.0s)
6911 35   (0.0s)
6917 35   (0.0s)
6947 35   (0.0s)
6949 35   (0.0s)
6959 35   (0.0s)
6961 35   (0.0s)
6967 35   (0.0s)
6971 35   (0.0s)
6977 35   (0.0s)
6983 35   (0.0s)
6991 35   (0.0s)
6997 35   (0.0s)
7001 35   (0.0s)
7013 35   (0.0s)
7019 35   (0.0s)
7027 35   (0.0s)
7039 35   (0.0s)
7043 35   (0.0s)
7057 35   (0.0s)
7069 35   (0.0s)
7079 35   (0.0s)
7103 35   (0.0s)
7109 35   (0.0s)
7121 35   (0.0s)
7127 35   (0.0s)
7129 35   (0.0s)
7151 35   (0.0s)
7159 35   (0.0s)
7177 35   (0.0s)
7187 35   (0.0s)
7193 35   (0.0s)
7207 35   (0.0s)
7211 35   (0.0s)
7213 35   (0.0s)
7219 35   (0.0s)
7229 35   (0.0s)
7237 35   (0.0s)
7243 35   (0.0s)
7247 35   (0.0s)
7253 35   (0.0s)
7283 35   (0.0s)
7297 35   (0.0s)
7307 35   (0.0s)
7309 35   (0.0s)
7321 35   (0.0s)
7331 35   (0.0s)
7333 35   (0.0s)
7349 35   (0.0s)
7351 35   (0.0s)
7369 35   (0.0s)
7393 35   (0.0s)
7411 35   (0.0s)
7417 35   (0.0s)
7433 35   (0.0s)
7451 35   (0.0s)
7457 35   (0.0s)
7459 35   (0.0s)
7477 35   (0.0s)
7481 35   (0.0s)
7487 35   (0.0s)
7489 35   (0.0s)
7499 35   (0.0s)
7507 35   (0.0s)
7517 35   (0.0s)
7523 35   (0.0s)
7529 35   (0.0s)
7537 35   (0.0s)
7541 35   (0.0s)
7547 35   (0.0s)
7549 35   (0.0s)
7559 35   (0.0s)
7561 35   (0.0s)
7573 35   (0.0s)
7577 35   (0.0s)
7583 35   (0.0s)
7589 35   (0.0s)
7591 35   (0.0s)
7603 35   (0.0s)
7607 35   (0.0s)
7621 35   (0.0s)
7639 35   (0.0s)
7643 35   (0.0s)
7649 35   (0.0s)
7669 35   (0.0s)
7673 35   (0.0s)
7681 35   (0.0s)
7687 35   (0.0s)
7691 35   (0.0s)
7699 35   (0.0s)
7703 35   (0.0s)
7717 35   (0.0s)
7723 35   (0.0s)
7727 35   (0.0s)
7741 35   (0.0s)
7753 35   (0.0s)
7757 35   (0.0s)
7759 35   (0.0s)
7789 35   (0.0s)
7793 35   (0.0s)
7817 35   (0.0s)
7823 35   (0.0s)
7829 35   (0.0s)
7841 35   (0.0s)
7853 35   (0.0s)
7867 35   (0.0s)
7873 35   (0.0s)
7877 35   (0.0s)
7879 35   (0.0s)
7883 35   (0.0s)
7901 35   (0.0s)
7907 35   (0.0s)
7919 35   (0.0s)
7927 35   (0.0s)
7933 35   (0.0s)
7937 35   (0.0s)
7949 35   (0.0s)
7951 35   (0.0s)
7963 35   (0.0s)
7993 35   (0.0s)
8009 35   (0.0s)
8011 35   (0.0s)
8017 35   (0.0s)
8039 35   (0.0s)
8053 35   (0.0s)
8059 35   (0.0s)
8069 35   (0.0s)
8081 35   (0.0s)
8087 35   (0.0s)
8089 35   (0.0s)
8093 35   (0.0s)
8101 35   (0.0s)
8111 35   (0.0s)
8117 35   (0.0s)
8123 35   (0.0s)
8147 35   (0.0s)
8161 35   (0.0s)
8167 35   (0.0s)
8171 35   (0.0s)
8179 35   (0.0s)
8191 35   (0.0s)
8209 35   (0.0s)
8219 35   (0.0s)
8221 35   (0.0s)
8231 35   (0.0s)
8233 35   (0.0s)
8237 35   (0.0s)
8243 35   (0.0s)
8263 35   (0.0s)
8269 35   (0.0s)
8273 35   (0.0s)
8287 35   (0.0s)
8291 35   (0.0s)
8293 35   (0.0s)
8297 35   (0.0s)
8311 35   (0.0s)
8317 35   (0.0s)
8329 35   (0.0s)
8353 35   (0.0s)
8363 35   (0.0s)
8369 35   (0.0s)
8377 35   (0.0s)
8387 35   (0.0s)
8389 35   (0.0s)
8419 35   (0.0s)
8423 35   (0.0s)
8429 35   (0.0s)
8431 35   (0.0s)
8443 35   (0.0s)
8447 35   (0.0s)
8461 35   (0.0s)
8467 35   (0.0s)
8501 35   (0.0s)
8513 35   (0.0s)
8521 35   (0.0s)
8527 35   (0.0s)
8537 35   (0.0s)
8539 35   (0.0s)
8543 35   (0.0s)
8563 35   (0.0s)
8573 35   (0.0s)
8581 35   (0.0s)
8597 35   (0.0s)
8599 35   (0.0s)
8609 35   (0.0s)
8623 35   (0.0s)
8627 35   (0.0s)
8629 35   (0.0s)
8641 35   (0.0s)
8647 35   (0.0s)
8663 35   (0.0s)
8669 35   (0.0s)
8677 35   (0.0s)
8681 35   (0.0s)
8689 35   (0.0s)
8693 35   (0.0s)
8699 35   (0.0s)
8707 35   (0.0s)
8713 35   (0.0s)
8719 35   (0.0s)
8731 35   (0.0s)
8737 35   (0.0s)
8741 35   (0.0s)
8747 35   (0.0s)
8753 35   (0.0s)
8761 35   (0.0s)
8779 35   (0.0s)
8783 35   (0.0s)
8803 35   (0.0s)
8807 35   (0.0s)
8819 35   (0.0s)
8821 35   (0.0s)
8831 35   (0.0s)
8837 35   (0.0s)
8839 35   (0.0s)
8849 35   (0.0s)
8861 35   (0.0s)
8863 35   (0.0s)
8867 35   (0.0s)
8887 35   (0.0s)
8893 35   (0.0s)
8923 35   (0.0s)
8929 35   (0.0s)
8933 35   (0.0s)
8941 35   (0.0s)
8951 35   (0.0s)
8963 35   (0.0s)
8969 35   (0.0s)
8971 35   (0.0s)
8999 35   (0.0s)
9001 35   (0.0s)
9007 35   (0.0s)
9011 35   (0.0s)
9013 35   (0.0s)
9029 35   (0.0s)
9041 35   (0.0s)
9043 35   (0.0s)
9049 35   (0.0s)
9059 35   (0.0s)
9067 35   (0.0s)
9091 35   (0.0s)
9103 35   (0.0s)
9109 35   (0.0s)
9127 35   (0.0s)
9133 35   (0.0s)
9137 35   (0.0s)
9151 35   (0.0s)
9157 35   (0.0s)
9161 35   (0.0s)
9173 35   (0.0s)
9181 35   (0.0s)
9187 35   (0.0s)
9199 35   (0.0s)
9203 35   (0.0s)
9209 35   (0.0s)
9221 35   (0.0s)
9227 35   (0.0s)
9239 35   (0.0s)
9241 35   (0.0s)
9257 35   (0.0s)
9277 35   (0.0s)
9281 35   (0.0s)
9283 35   (0.0s)
9293 35   (0.0s)
9311 35   (0.0s)
9319 35   (0.0s)
9323 35   (0.0s)
9337 35   (0.0s)
9341 35   (0.0s)
9343 35   (0.0s)
9349 35   (0.0s)
9371 35   (0.0s)
9377 35   (0.0s)
9391 35   (0.0s)
9397 35   (0.0s)
9403 35   (0.0s)
9413 35   (0.0s)
9419 35   (0.0s)
9421 35   (0.0s)
9431 35   (0.0s)
9433 35   (0.0s)
9437 35   (0.0s)
9439 35   (0.0s)
9461 35   (0.0s)
9463 35   (0.0s)
9467 35   (0.0s)
9473 35   (0.0s)
9479 35   (0.0s)
9491 35   (0.0s)
9497 35   (0.0s)
9511 35   (0.0s)
9521 35   (0.0s)
9533 35   (0.0s)
9539 35   (0.0s)
9547 35   (0.0s)
9551 35   (0.0s)
9587 35   (0.0s)
9601 35   (0.0s)
9613 35   (0.0s)
9619 35   (0.0s)
9623 35   (0.0s)
9629 35   (0.0s)
9631 35   (0.0s)
9643 35   (0.0s)
9649 35   (0.0s)
9661 35   (0.0s)
9677 35   (0.0s)
9679 35   (0.0s)
9689 35   (0.0s)
9697 35   (0.0s)
9719 35   (0.0s)
9721 35   (0.0s)
9733 35   (0.0s)
9739 35   (0.0s)
9743 35   (0.0s)
9749 35   (0.0s)
9767 35   (0.0s)
9769 35   (0.0s)
9781 35   (0.0s)
9787 35   (0.0s)
9791 35   (0.0s)
9803 35   (0.0s)
9811 35   (0.0s)
9817 35   (0.0s)
9829 35   (0.0s)
9833 35   (0.0s)
9839 35   (0.0s)
9851 35   (0.0s)
9857 35   (0.0s)
9859 35   (0.0s)
9871 35   (0.0s)
9883 35   (0.0s)
9887 35   (0.0s)
9901 35   (0.0s)
9907 35   (0.0s)
9923 35   (0.0s)
9929 35   (0.0s)
9931 35   (0.0s)
9941 35   (0.0s)
9949 35   (0.0s)
9967 35   (0.0s)
9973 35   (0.0s)
10007 35   (0.0s)
10009 35   (0.0s)
10037 35   (0.0s)
10039 35   (0.0s)
10061 35   (0.0s)
10067 35   (0.0s)
10069 35   (0.0s)
10079 35   (0.0s)
10091 35   (0.0s)
10093 35   (0.0s)
10099 35   (0.0s)
10103 35   (0.0s)
10111 35   (0.0s)
10133 35   (0.0s)
10139 35   (0.0s)
10141 35   (0.0s)
10151 35   (0.0s)
10159 35   (0.0s)
10163 35   (0.0s)
10169 35   (0.0s)
10177 35   (0.0s)
10181 35   (0.0s)
10193 35   (0.0s)
10211 35   (0.0s)
10223 35   (0.0s)
10243 35   (0.0s)
10247 35   (0.0s)
10253 35   (0.0s)
10259 35   (0.0s)
10267 35   (0.0s)
10271 35   (0.0s)
10273 35   (0.0s)
10289 35   (0.0s)
10301 35   (0.0s)
10303 35   (0.0s)
10313 35   (0.0s)
10321 35   (0.0s)
10331 35   (0.0s)
10333 35   (0.0s)
10337 35   (0.0s)
10343 35   (0.0s)
10357 35   (0.0s)
10369 35   (0.0s)
10391 35   (0.0s)
10399 35   (0.0s)
10427 35   (0.0s)
10429 35   (0.0s)
10433 35   (0.0s)
10453 35   (0.0s)
10457 35   (0.0s)
10459 35   (0.0s)
10463 35   (0.0s)
10477 35   (0.0s)
10487 35   (0.0s)
10499 35   (0.0s)
10501 35   (0.0s)
10513 35   (0.0s)
10529 35   (0.0s)
10531 35   (0.0s)
10559 35   (0.0s)
10567 35   (0.0s)
10589 35   (0.0s)
10597 35   (0.0s)
10601 35   (0.0s)
10607 35   (0.0s)
10613 35   (0.0s)
10627 35   (0.0s)
10631 35   (0.0s)
10639 35   (0.0s)
10651 35   (0.0s)
10657 35   (0.0s)
10663 35   (0.0s)
10667 35   (0.0s)
10687 35   (0.0s)
10691 35   (0.0s)
10709 35   (0.0s)
10711 35   (0.0s)
10723 35   (0.0s)
10729 35   (0.0s)
10733 35   (0.0s)
10739 35   (0.0s)
10753 35   (0.0s)
10771 35   (0.0s)
10781 35   (0.0s)
10789 35   (0.0s)
10799 35   (0.0s)
10831 35   (0.0s)
10837 35   (0.0s)
10847 35   (0.0s)
10853 35   (0.0s)
10859 35   (0.0s)
10861 35   (0.0s)
10867 35   (0.0s)
10883 35   (0.0s)
10889 35   (0.0s)
10891 35   (0.0s)
10903 35   (0.0s)
10909 35   (0.0s)
10937 35   (0.0s)
10939 35   (0.0s)
10949 35   (0.0s)
10957 35   (0.0s)
10973 35   (0.0s)
10979 35   (0.0s)
10987 35   (0.0s)
10993 35   (0.0s)
11003 35   (0.0s)
11027 35   (0.0s)
11047 35   (0.0s)
11057 35   (0.0s)
11059 35   (0.0s)
11069 35   (0.0s)
11071 35   (0.0s)
11083 35   (0.0s)
11087 35   (0.0s)
11093 35   (0.0s)
11113 35   (0.0s)
11117 35   (0.0s)
11119 35   (0.0s)
11131 35   (0.0s)
11149 35   (0.0s)
11159 35   (0.0s)
11161 35   (0.0s)
11171 35   (0.0s)
11173 35   (0.0s)
11177 35   (0.0s)
11197 35   (0.0s)
11213 35   (0.0s)
11239 35   (0.0s)
11243 35   (0.0s)
11251 35   (0.0s)
11257 35   (0.0s)
11261 35   (0.0s)
11273 35   (0.0s)
11279 35   (0.0s)
11287 35   (0.0s)
11299 35   (0.0s)
11311 35   (0.0s)
11317 35   (0.0s)
11321 35   (0.0s)
11329 35   (0.0s)
11351 35   (0.0s)
11353 35   (0.0s)
11369 35   (0.0s)
11383 35   (0.0s)
11393 35   (0.0s)
11399 35   (0.0s)
11411 35   (0.0s)
11423 35   (0.0s)
11437 35   (0.0s)
11443 35   (0.0s)
11447 35   (0.0s)
11467 35   (0.0s)
11471 35   (0.0s)
11483 35   (0.0s)
11489 35   (0.0s)
11491 35   (0.0s)
11497 35   (0.0s)
11503 35   (0.0s)
11519 35   (0.0s)
11527 35   (0.0s)
11549 35   (0.0s)
11551 35   (0.0s)
11579 35   (0.0s)
11587 35   (0.0s)
11593 35   (0.0s)
11597 35   (0.0s)
11617 35   (0.0s)
11621 35   (0.0s)
11633 35   (0.0s)
11657 35   (0.0s)
11677 35   (0.0s)
11681 35   (0.0s)
11689 35   (0.0s)
11699 35   (0.0s)
11701 35   (0.0s)
11717 35   (0.0s)
11719 35   (0.0s)
11731 35   (0.0s)
11743 35   (0.0s)
11777 35   (0.0s)
11779 35   (0.0s)
11783 35   (0.0s)
11789 35   (0.0s)
11801 35   (0.0s)
11807 35   (0.0s)
11813 35   (0.0s)
11821 35   (0.0s)
11827 35   (0.0s)
11831 35   (0.0s)
11833 35   (0.0s)
11839 35   (0.0s)
11863 35   (0.0s)
11867 35   (0.0s)
11887 35   (0.0s)
11897 35   (0.0s)
11903 35   (0.0s)
11909 35   (0.0s)
11923 35   (0.0s)
11927 35   (0.0s)
11933 35   (0.0s)
11939 35   (0.0s)
11941 35   (0.0s)
11953 35   (0.0s)
11959 35   (0.0s)
11969 35   (0.0s)
11971 35   (0.0s)
11981 35   (0.0s)
11987 35   (0.0s)
12007 35   (0.0s)
12011 35   (0.0s)
12037 35   (0.0s)
12041 35   (0.0s)
12043 35   (0.0s)
12049 35   (0.0s)
12071 35   (0.0s)
12073 35   (0.0s)
12097 35   (0.0s)
12101 35   (0.0s)
12107 35   (0.0s)
12109 35   (0.0s)
12113 35   (0.0s)
12119 35   (0.0s)
12143 35   (0.0s)
12149 35   (0.0s)
12157 35   (0.0s)
12161 35   (0.0s)
12163 35   (0.0s)
12197 35   (0.0s)
12203 35   (0.0s)
12211 35   (0.0s)
12227 35   (0.0s)
12239 35   (0.0s)
12241 35   (0.0s)
12251 35   (0.0s)
12253 35   (0.0s)
12263 35   (0.0s)
12269 35   (0.0s)
12277 35   (0.0s)
12281 35   (0.0s)
12289 35   (0.0s)
12301 35   (0.0s)
12323 35   (0.0s)
12329 35   (0.0s)
12343 35   (0.0s)
12347 35   (0.0s)
12373 35   (0.0s)
12377 35   (0.0s)
12379 35   (0.0s)
12391 35   (0.0s)
12401 35   (0.0s)
12409 35   (0.0s)
12413 35   (0.0s)
12421 35   (0.0s)
12433 35   (0.0s)
12437 35   (0.0s)
12451 35   (0.0s)
12457 35   (0.0s)
12473 35   (0.0s)
12479 35   (0.0s)
12487 35   (0.0s)
12491 35   (0.0s)
12497 35   (0.0s)
12503 35   (0.0s)
12511 35   (0.0s)
12517 35   (0.0s)
12527 35   (0.0s)
12539 35   (0.0s)
12541 35   (0.0s)
12547 35   (0.0s)
12553 35   (0.0s)
12569 35   (0.0s)
12577 35   (0.0s)
12583 35   (0.0s)
12589 35   (0.0s)
12601 35   (0.0s)
12611 35   (0.0s)
12613 35   (0.0s)
12619 35   (0.0s)
12637 35   (0.0s)
12641 35   (0.0s)
12647 35   (0.0s)
12653 35   (0.0s)
12659 35   (0.0s)
12671 35   (0.0s)
12689 35   (0.0s)
12697 35   (0.0s)
12703 35   (0.0s)
12713 35   (0.0s)
12721 35   (0.0s)
12739 35   (0.0s)
12743 35   (0.0s)
12757 35   (0.0s)
12763 35   (0.0s)
12781 35   (0.0s)
12791 35   (0.0s)
12799 35   (0.0s)
12809 35   (0.0s)
12821 35   (0.0s)
12823 35   (0.0s)
12829 35   (0.0s)
12841 35   (0.0s)
12853 35   (0.0s)
12889 35   (0.0s)
12893 35   (0.0s)
12899 35   (0.0s)
12907 35   (0.0s)
12911 35   (0.0s)
12917 35   (0.0s)
12919 35   (0.0s)
12923 35   (0.0s)
12941 35   (0.0s)
12953 35   (0.0s)
12959 35   (0.0s)
12967 35   (0.0s)
12973 35   (0.0s)
12979 35   (0.0s)
12983 35   (0.0s)
13001 35   (0.0s)
13003 35   (0.0s)
13007 35   (0.0s)
13009 35   (0.0s)
13033 35   (0.0s)
13037 35   (0.0s)
13043 35   (0.0s)
13049 35   (0.0s)
13063 35   (0.0s)
13093 35   (0.0s)
13099 35   (0.0s)
13103 35   (0.0s)
13109 35   (0.0s)
13121 35   (0.0s)
13127 35   (0.0s)
13147 35   (0.0s)
13151 35   (0.0s)
13159 35   (0.0s)
13163 35   (0.0s)
13171 35   (0.0s)
13177 35   (0.0s)
13183 35   (0.0s)
13187 35   (0.0s)
13217 35   (0.0s)
13219 35   (0.0s)
13229 35   (0.0s)
13241 35   (0.0s)
13249 35   (0.0s)
13259 35   (0.0s)
13267 35   (0.0s)
13291 35   (0.0s)
13297 35   (0.0s)
13309 35   (0.0s)
13313 35   (0.0s)
13327 35   (0.0s)
13331 35   (0.0s)
13337 35   (0.0s)
13339 35   (0.0s)
13367 35   (0.0s)
13381 35   (0.0s)
13397 35   (0.0s)
13399 35   (0.0s)
13411 35   (0.0s)
13417 35   (0.0s)
13421 35   (0.0s)
13441 35   (0.0s)
13451 35   (0.0s)
13457 35   (0.0s)
13463 35   (0.0s)
13469 35   (0.0s)
13477 35   (0.0s)
13487 35   (0.0s)
13499 35   (0.0s)
13513 35   (0.0s)
13523 35   (0.0s)
13537 35   (0.0s)
13553 35   (0.0s)
13567 35   (0.0s)
13577 35   (0.0s)
13591 35   (0.0s)
13597 35   (0.0s)
13613 35   (0.0s)
13619 35   (0.0s)
13627 35   (0.0s)
13633 35   (0.0s)
13649 35   (0.0s)
13669 35   (0.0s)
13679 35   (0.0s)
13681 35   (0.0s)
13687 35   (0.0s)
13691 35   (0.0s)
13693 35   (0.0s)
13697 35   (0.0s)
13709 35   (0.0s)
13711 35   (0.0s)
13721 35   (0.0s)
13723 35   (0.0s)
13729 35   (0.0s)
13751 35   (0.0s)
13757 35   (0.0s)
13759 35   (0.0s)
13763 35   (0.0s)
13781 35   (0.0s)
13789 35   (0.0s)
13799 35   (0.0s)
13807 35   (0.0s)
13829 35   (0.0s)
13831 35   (0.0s)
13841 35   (0.0s)
13859 35   (0.0s)
13873 35   (0.0s)
13877 35   (0.0s)
13879 35   (0.0s)
13883 35   (0.0s)
13901 35   (0.0s)
13903 35   (0.0s)
13907 35   (0.0s)
13913 35   (0.0s)
13921 35   (0.0s)
13931 35   (0.0s)
13933 35   (0.0s)
13963 35   (0.0s)
13967 35   (0.0s)
13997 35   (0.0s)
13999 35   (0.0s)
14009 35   (0.0s)
14011 35   (0.0s)
14029 35   (0.0s)
14033 35   (0.0s)
14051 35   (0.0s)
14057 35   (0.0s)
14071 35   (0.0s)
14081 35   (0.0s)
14083 35   (0.0s)
14087 35   (0.0s)
14107 35   (0.0s)
14143 35   (0.0s)
14149 35   (0.0s)
14153 35   (0.0s)
14159 35   (0.0s)
14173 35   (0.0s)
14177 35   (0.0s)
14197 35   (0.0s)
14207 35   (0.0s)
14221 35   (0.0s)
14243 35   (0.0s)
14249 35   (0.0s)
14251 35   (0.0s)
14281 35   (0.0s)
14293 35   (0.0s)
14303 35   (0.0s)
14321 35   (0.0s)
14323 35   (0.0s)
14327 35   (0.0s)
14341 35   (0.0s)
14347 35   (0.0s)
14369 35   (0.0s)
14387 35   (0.0s)
14389 35   (0.0s)
14401 35   (0.0s)
14407 35   (0.0s)
14411 35   (0.0s)
14419 35   (0.0s)
14423 35   (0.0s)
14431 35   (0.0s)
14437 35   (0.0s)
14447 35   (0.0s)
14449 35   (0.0s)
14461 35   (0.0s)
14479 35   (0.0s)
14489 35   (0.0s)
14503 35   (0.0s)
14519 35   (0.0s)
14533 35   (0.0s)
14537 35   (0.0s)
14543 35   (0.0s)
14549 35   (0.0s)
14551 35   (0.0s)
14557 35   (0.0s)
14561 35   (0.0s)
14563 35   (0.0s)
14591 35   (0.0s)
14593 35   (0.0s)
14621 35   (0.0s)
14627 35   (0.0s)
14629 35   (0.0s)
14633 35   (0.0s)
14639 35   (0.0s)
14653 35   (0.0s)
14657 35   (0.0s)
14669 35   (0.0s)
14683 35   (0.0s)
14699 35   (0.0s)
14713 35   (0.0s)
14717 35   (0.0s)
14723 35   (0.0s)
14731 35   (0.0s)
14737 35   (0.0s)
14741 35   (0.0s)
14747 35   (0.0s)
14753 35   (0.0s)
14759 35   (0.0s)
14767 35   (0.0s)
14771 35   (0.0s)
14779 35   (0.0s)
14783 35   (0.0s)
14797 35   (0.0s)
14813 35   (0.0s)
14821 35   (0.0s)
14827 35   (0.0s)
14831 35   (0.0s)
14843 35   (0.0s)
14851 35   (0.0s)
14867 35   (0.0s)
14869 35   (0.0s)
14879 35   (0.0s)
14887 35   (0.0s)
14891 35   (0.0s)
14897 35   (0.0s)
14923 35   (0.0s)
14929 35   (0.0s)
14939 35   (0.0s)
14947 35   (0.0s)
14951 35   (0.0s)
14957 35   (0.0s)
14969 35   (0.0s)
14983 35   (0.0s)
15013 35   (0.0s)
15017 35   (0.0s)
15031 35   (0.0s)
15053 35   (0.0s)
15061 35   (0.0s)
15073 35   (0.0s)
15077 35   (0.0s)
15083 35   (0.0s)
15091 35   (0.0s)
15101 35   (0.0s)
15107 35   (0.0s)
15121 35   (0.0s)
15131 35   (0.0s)
15137 35   (0.0s)
15139 35   (0.0s)
15149 35   (0.0s)
15161 35   (0.0s)
15173 35   (0.0s)
15187 35   (0.0s)
15193 35   (0.0s)
15199 35   (0.0s)
15217 35   (0.0s)
15227 35   (0.0s)
15233 35   (0.0s)
15241 35   (0.0s)
15259 35   (0.0s)
15263 35   (0.0s)
15269 35   (0.0s)
15271 35   (0.0s)
15277 35   (0.0s)
15287 35   (0.0s)
15289 35   (0.0s)
15299 35   (0.0s)
15307 35   (0.0s)
15313 35   (0.0s)
15319 35   (0.0s)
15329 35   (0.0s)
15331 35   (0.0s)
15349 35   (0.0s)
15359 35   (0.0s)
15361 35   (0.0s)
15373 35   (0.0s)
15377 35   (0.0s)
15383 35   (0.0s)
15391 35   (0.0s)
15401 35   (0.0s)
15413 35   (0.0s)
15427 35   (0.0s)
15439 35   (0.0s)
15443 35   (0.0s)
15451 35   (0.0s)
15461 35   (0.0s)
15467 35   (0.0s)
15473 35   (0.0s)
15493 35   (0.0s)
15497 35   (0.0s)
15511 35   (0.0s)
15527 35   (0.0s)
15541 35   (0.0s)
15551 35   (0.0s)
15559 35   (0.0s)
15569 35   (0.0s)
15581 35   (0.0s)
15583 35   (0.0s)
15601 35   (0.0s)
15607 35   (0.0s)
15619 35   (0.0s)
15629 35   (0.0s)
15641 35   (0.0s)
15643 35   (0.0s)
15647 35   (0.0s)
15649 35   (0.0s)
15661 35   (0.0s)
15667 35   (0.0s)
15671 35   (0.0s)
15679 35   (0.0s)
15683 35   (0.0s)
15727 35   (0.0s)
15731 35   (0.0s)
15733 35   (0.0s)
15737 35   (0.0s)
15739 35   (0.0s)
15749 35   (0.0s)
15761 35   (0.0s)
15767 35   (0.0s)
15773 35   (0.0s)
15787 35   (0.0s)
15791 35   (0.0s)
15797 35   (0.0s)
15803 35   (0.0s)
15809 35   (0.0s)
15817 35   (0.0s)
15823 35   (0.0s)
15859 35   (0.0s)
15877 35   (0.0s)
15881 35   (0.0s)
15887 35   (0.0s)
15889 35   (0.0s)
15901 35   (0.0s)
15907 35   (0.0s)
15913 35   (0.0s)
15919 35   (0.0s)
15923 35   (0.0s)
15937 35   (0.0s)
15959 35   (0.0s)
15971 35   (0.0s)
15973 35   (0.0s)
15991 35   (0.0s)
16001 35   (0.0s)
16007 35   (0.0s)
16033 35   (0.0s)
16057 35   (0.0s)
16061 35   (0.0s)
16063 35   (0.0s)
16067 35   (0.0s)
16069 35   (0.0s)
16073 35   (0.0s)
16087 35   (0.0s)
16091 35   (0.0s)
16097 35   (0.0s)
16103 35   (0.0s)
16111 35   (0.0s)
16127 35   (0.0s)
16139 35   (0.0s)
16141 35   (0.0s)
16183 35   (0.0s)
16187 35   (0.0s)
16189 35   (0.0s)
16193 35   (0.0s)
16217 35   (0.0s)
16223 35   (0.0s)
16229 35   (0.0s)
16231 35   (0.0s)
16249 35   (0.0s)
16253 35   (0.0s)
16267 35   (0.0s)
16273 35   (0.0s)
16301 35   (0.0s)
16319 35   (0.0s)
16333 35   (0.0s)
16339 35   (0.0s)
16349 35   (0.0s)
16361 35   (0.0s)
16363 35   (0.0s)
16369 35   (0.0s)
16381 35   (0.0s)
16411 35   (0.0s)
16417 35   (0.0s)
16421 35   (0.0s)
16427 35   (0.0s)
16433 35   (0.0s)
16447 35   (0.0s)
16451 35   (0.0s)
16453 35   (0.0s)
16477 35   (0.0s)
16481 35   (0.0s)
16487 35   (0.0s)
16493 35   (0.0s)
16519 35   (0.0s)
16529 35   (0.0s)
16547 35   (0.0s)
16553 35   (0.0s)
16561 35   (0.0s)
16567 35   (0.0s)
16573 35   (0.0s)
16603 35   (0.0s)
16607 35   (0.0s)
16619 35   (0.0s)
16631 35   (0.0s)
16633 35   (0.0s)
16649 35   (0.0s)
16651 35   (0.0s)
16657 35   (0.0s)
16661 35   (0.0s)
16673 35   (0.0s)
16691 35   (0.0s)
16693 35   (0.0s)
16699 35   (0.0s)
16703 35   (0.0s)
16729 35   (0.0s)
16741 35   (0.0s)
16747 35   (0.0s)
16759 35   (0.0s)
16763 35   (0.0s)
16787 35   (0.0s)
16811 35   (0.0s)
16823 35   (0.0s)
16829 35   (0.0s)
16831 35   (0.0s)
16843 35   (0.0s)
16871 35   (0.0s)
16879 35   (0.0s)
16883 35   (0.0s)
16889 35   (0.0s)
16901 35   (0.0s)
16903 35   (0.0s)
16921 35   (0.0s)
16927 35   (0.0s)
16931 35   (0.0s)
16937 35   (0.0s)
16943 35   (0.0s)
16963 35   (0.0s)
16979 35   (0.0s)
16981 35   (0.0s)
16987 35   (0.0s)
16993 35   (0.0s)
17011 35   (0.0s)
17021 35   (0.0s)
17027 35   (0.0s)
17029 35   (0.0s)
17033 35   (0.0s)
17041 35   (0.0s)
17047 35   (0.0s)
17053 35   (0.0s)
17077 35   (0.0s)
17093 35   (0.0s)
17099 35   (0.0s)
17107 35   (0.0s)
17117 35   (0.0s)
17123 35   (0.0s)
17137 35   (0.0s)
17159 35   (0.0s)
17167 35   (0.0s)
17183 35   (0.0s)
17189 35   (0.0s)
17191 35   (0.0s)
17203 35   (0.0s)
17207 35   (0.0s)
17209 35   (0.0s)
17231 35   (0.0s)
17239 35   (0.0s)
17257 35   (0.0s)
17291 35   (0.0s)
17293 35   (0.0s)
17299 35   (0.0s)
17317 35   (0.0s)
17321 35   (0.0s)
17327 35   (0.0s)
17333 35   (0.0s)
17341 35   (0.0s)
17351 35   (0.0s)
17359 35   (0.0s)
17377 35   (0.0s)
17383 35   (0.0s)
17387 35   (0.0s)
17389 35   (0.0s)
17393 35   (0.0s)
17401 35   (0.0s)
17417 35   (0.0s)
17419 35   (0.0s)
17431 35   (0.0s)
17443 35   (0.0s)
17449 35   (0.0s)
17467 35   (0.0s)
17471 35   (0.0s)
17477 35   (0.0s)
17483 35   (0.0s)
17489 35   (0.0s)
17491 35   (0.0s)
17497 35   (0.0s)
17509 35   (0.0s)
17519 35   (0.0s)
17539 35   (0.0s)
17551 35   (0.0s)
17569 35   (0.0s)
17573 35   (0.0s)
17579 35   (0.0s)
17581 35   (0.0s)
17597 35   (0.0s)
17599 35   (0.0s)
17609 35   (0.0s)
17623 35   (0.0s)
17627 35   (0.0s)
17657 35   (0.0s)
17659 35   (0.0s)
17669 35   (0.0s)
17681 35   (0.0s)
17683 35   (0.0s)
17707 35   (0.0s)
17713 35   (0.0s)
17729 35   (0.0s)
17737 35   (0.0s)
17747 35   (0.0s)
17749 35   (0.0s)
17761 35   (0.0s)
17783 35   (0.0s)
17789 35   (0.0s)
17791 35   (0.0s)
17807 35   (0.0s)
17827 35   (0.0s)
17837 35   (0.0s)
17839 35   (0.0s)
17851 35   (0.0s)
17863 35   (0.0s)
17881 35   (0.0s)
17891 35   (0.0s)
17903 35   (0.0s)
17909 35   (0.0s)
17911 35   (0.0s)
17921 35   (0.0s)
17923 35   (0.0s)
17929 35   (0.0s)
17939 35   (0.0s)
17957 35   (0.0s)
17959 35   (0.0s)
17971 35   (0.0s)
17977 35   (0.0s)
17981 35   (0.0s)
17987 35   (0.0s)
17989 35   (0.0s)
18013 35   (0.0s)
18041 35   (0.0s)
18043 35   (0.0s)
18047 35   (0.0s)
18049 35   (0.0s)
18059 35   (0.0s)
18061 35   (0.0s)
18077 35   (0.0s)
18089 35   (0.0s)
18097 35   (0.0s)
18119 35   (0.0s)
18121 35   (0.0s)
18127 35   (0.0s)
18131 35   (0.0s)
18133 35   (0.0s)
18143 35   (0.0s)
18149 35   (0.0s)
18169 35   (0.0s)
18181 35   (0.0s)
18191 35   (0.0s)
18199 35   (0.0s)
18211 35   (0.0s)
18217 35   (0.0s)
18223 35   (0.0s)
18229 35   (0.0s)
18233 35   (0.0s)
18251 35   (0.0s)
18253 35   (0.0s)
18257 35   (0.0s)
18269 35   (0.0s)
18287 35   (0.0s)
18289 35   (0.0s)
18301 35   (0.0s)
18307 35   (0.0s)
18311 35   (0.0s)
18313 35   (0.0s)
18329 35   (0.0s)
18341 35   (0.0s)
18353 35   (0.0s)
18367 35   (0.0s)
18371 35   (0.0s)
18379 35   (0.0s)
18397 35   (0.0s)
18401 35   (0.0s)
18413 35   (0.0s)
18427 35   (0.0s)
18433 35   (0.0s)
18439 35   (0.0s)
18443 35   (0.0s)
18451 35   (0.0s)
18457 35   (0.0s)
18461 35   (0.0s)
18481 35   (0.0s)
18493 35   (0.0s)
18503 35   (0.0s)
18517 35   (0.0s)
18521 35   (0.0s)
18523 35   (0.0s)
18539 35   (0.0s)
18541 35   (0.0s)
18553 35   (0.0s)
18583 35   (0.0s)
18587 35   (0.0s)
18593 35   (0.0s)
18617 35   (0.0s)
18637 35   (0.0s)
18661 35   (0.0s)
18671 35   (0.0s)
18679 35   (0.0s)
18691 35   (0.0s)
18701 35   (0.0s)
18713 35   (0.0s)
18719 35   (0.0s)
18731 35   (0.0s)
18743 35   (0.0s)
18749 35   (0.0s)
18757 35   (0.0s)
18773 35   (0.0s)
18787 35   (0.0s)
18793 35   (0.0s)
18797 35   (0.0s)
18803 35   (0.0s)
18839 35   (0.0s)
18859 35   (0.0s)
18869 35   (0.0s)
18899 35   (0.0s)
18911 35   (0.0s)
18913 35   (0.0s)
18917 35   (0.0s)
18919 35   (0.0s)
18947 35   (0.0s)
18959 35   (0.0s)
18973 35   (0.0s)
18979 35   (0.0s)
19001 35   (0.0s)
19009 35   (0.0s)
19013 35   (0.0s)
19031 35   (0.0s)
19037 35   (0.0s)
19051 35   (0.0s)
19069 35   (0.0s)
19073 35   (0.0s)
19079 35   (0.0s)
19081 35   (0.0s)
19087 35   (0.0s)
19121 35   (0.0s)
19139 35   (0.0s)
19141 35   (0.0s)
19157 35   (0.0s)
19163 35   (0.0s)
19181 35   (0.0s)
19183 35   (0.0s)
19207 35   (0.0s)
19211 35   (0.0s)
19213 35   (0.0s)
19219 35   (0.0s)
19231 35   (0.0s)
19237 35   (0.0s)
19249 35   (0.0s)
19259 35   (0.0s)
19267 35   (0.0s)
19273 35   (0.0s)
19289 35   (0.0s)
19301 35   (0.0s)
19309 35   (0.0s)
19319 35   (0.0s)
19333 35   (0.0s)
19373 35   (0.0s)
19379 35   (0.0s)
19381 35   (0.0s)
19387 35   (0.0s)
19391 35   (0.0s)
19403 35   (0.0s)
19417 35   (0.0s)
19421 35   (0.0s)
19423 35   (0.0s)
19427 35   (0.0s)
19429 35   (0.0s)
19433 35   (0.0s)
19441 35   (0.0s)
19447 35   (0.0s)
19457 35   (0.0s)
19463 35   (0.0s)
19469 35   (0.0s)
19471 35   (0.0s)
19477 35   (0.0s)
19483 35   (0.0s)
19489 35   (0.0s)
19501 35   (0.0s)
19507 35   (0.0s)
19531 35   (0.0s)
19541 35   (0.0s)
19543 35   (0.0s)
19553 35   (0.0s)
19559 35   (0.0s)
19571 35   (0.0s)
19577 35   (0.0s)
19583 35   (0.0s)
19597 35   (0.0s)
19603 35   (0.0s)
19609 35   (0.0s)
19661 35   (0.0s)
19681 35   (0.0s)
19687 35   (0.0s)
19697 35   (0.0s)
19699 35   (0.0s)
19709 35   (0.0s)
19717 35   (0.0s)
19727 35   (0.0s)
19739 35   (0.0s)
19751 35   (0.0s)
19753 35   (0.0s)
19759 35   (0.0s)
19763 35   (0.0s)
19777 35   (0.0s)
19793 35   (0.0s)
19801 35   (0.0s)
19813 35   (0.0s)
19819 35   (0.0s)
19841 35   (0.0s)
19843 35   (0.0s)
19853 35   (0.0s)
19861 35   (0.0s)
19867 35   (0.0s)
19889 35   (0.0s)
19891 35   (0.0s)
19913 35   (0.0s)
19919 35   (0.0s)
19927 35   (0.0s)
19937 35   (0.0s)
19949 35   (0.0s)
19961 35   (0.0s)
19963 35   (0.0s)
19973 35   (0.0s)
19979 35   (0.0s)
19991 35   (0.0s)
19993 35   (0.0s)
19997 35   (0.0s)
20011 35   (0.0s)
20021 35   (0.0s)
20023 35   (0.0s)
20029 35   (0.0s)
20047 35   (0.0s)
20051 35   (0.0s)
20063 35   (0.0s)
20071 35   (0.0s)
20089 35   (0.0s)
20101 35   (0.0s)
20107 35   (0.0s)
20113 35   (0.0s)
20117 35   (0.0s)
20123 35   (0.0s)
20129 35   (0.0s)
20143 35   (0.0s)
20147 35   (0.0s)
20149 35   (0.0s)
20161 35   (0.0s)
20173 35   (0.0s)
20177 35   (0.0s)
20183 35   (0.0s)
20201 35   (0.0s)
20219 35   (0.0s)
20231 35   (0.0s)
20233 35   (0.0s)
20249 35   (0.0s)
20261 35   (0.0s)
20269 35   (0.0s)
20287 35   (0.0s)
20297 35   (0.0s)
20323 35   (0.0s)
20327 35   (0.0s)
20333 35   (0.0s)
20341 35   (0.0s)
20347 35   (0.0s)
20353 35   (0.0s)
20357 35   (0.0s)
20359 35   (0.0s)
20369 35   (0.0s)
20389 35   (0.0s)
20393 35   (0.0s)
20399 35   (0.0s)
20407 35   (0.0s)
20411 35   (0.0s)
20431 35   (0.0s)
20441 35   (0.0s)
20443 35   (0.0s)
20477 35   (0.0s)
20479 35   (0.0s)
20483 35   (0.0s)
20507 35   (0.0s)
20509 35   (0.0s)
20521 35   (0.0s)
20533 35   (0.0s)
20543 35   (0.0s)
20549 35   (0.0s)
20551 35   (0.0s)
20563 35   (0.0s)
20593 35   (0.0s)
20599 35   (0.0s)
20611 35   (0.0s)
20627 35   (0.0s)
20639 35   (0.0s)
20641 35   (0.0s)
20663 35   (0.0s)
20681 35   (0.0s)
20693 35   (0.0s)
20707 35   (0.0s)
20717 35   (0.0s)
20719 35   (0.0s)
20731 35   (0.0s)
20743 35   (0.0s)
20747 35   (0.0s)
20749 35   (0.0s)
20753 35   (0.0s)
20759 35   (0.0s)
20771 35   (0.0s)
20773 35   (0.0s)
20789 35   (0.0s)
20807 35   (0.0s)
20809 35   (0.0s)
20849 35   (0.0s)
20857 35   (0.0s)
20873 35   (0.0s)
20879 35   (0.0s)
20887 35   (0.0s)
20897 35   (0.0s)
20899 35   (0.0s)
20903 35   (0.0s)
20921 35   (0.0s)
20929 35   (0.0s)
20939 35   (0.0s)
20947 35   (0.0s)
20959 35   (0.0s)
20963 35   (0.0s)
20981 35   (0.0s)
20983 35   (0.0s)
21001 35   (0.0s)
21011 35   (0.0s)
21013 35   (0.0s)
21017 35   (0.0s)
21019 35   (0.0s)
21023 35   (0.0s)
21031 35   (0.0s)
21059 35   (0.0s)
21061 35   (0.0s)
21067 35   (0.0s)
21089 35   (0.0s)
21101 35   (0.0s)
21107 35   (0.0s)
21121 35   (0.0s)
21139 35   (0.0s)
21143 35   (0.0s)
21149 35   (0.0s)
21157 35   (0.0s)
21163 35   (0.0s)
21169 35   (0.0s)
21179 35   (0.0s)
21187 35   (0.0s)
21191 35   (0.0s)
21193 35   (0.0s)
21211 35   (0.0s)
21221 35   (0.0s)
21227 35   (0.0s)
21247 35   (0.0s)
21269 35   (0.0s)
21277 35   (0.0s)
21283 35   (0.0s)
21313 35   (0.0s)
21317 35   (0.0s)
21319 35   (0.0s)
21323 35   (0.0s)
21341 35   (0.0s)
21347 35   (0.0s)
21377 35   (0.0s)
21379 35   (0.0s)
21383 35   (0.0s)
21391 35   (0.0s)
21397 35   (0.0s)
21401 35   (0.0s)
21407 35   (0.0s)
21419 35   (0.0s)
21433 35   (0.0s)
21467 35   (0.0s)
21481 35   (0.0s)
21487 35   (0.0s)
21491 35   (0.0s)
21493 35   (0.0s)
21499 35   (0.0s)
21503 35   (0.0s)
21517 35   (0.0s)
21521 35   (0.0s)
21523 35   (0.0s)
21529 35   (0.0s)
21557 35   (0.0s)
21559 35   (0.0s)
21563 35   (0.0s)
21569 35   (0.0s)
21577 35   (0.0s)
21587 35   (0.0s)
21589 35   (0.0s)
21599 35   (0.0s)
21601 35   (0.0s)
21611 35   (0.0s)
21613 35   (0.0s)
21617 35   (0.0s)
21647 35   (0.0s)
21649 35   (0.0s)
21661 35   (0.0s)
21673 35   (0.0s)
21683 35   (0.0s)
21701 35   (0.0s)
21713 35   (0.0s)
21727 35   (0.0s)
21737 35   (0.0s)
21739 35   (0.0s)
21751 35   (0.0s)
21757 35   (0.0s)
21767 35   (0.0s)
21773 35   (0.0s)
21787 35   (0.0s)
21799 35   (0.0s)
21803 35   (0.0s)
21817 35   (0.0s)
21821 35   (0.0s)
21839 35   (0.0s)
21841 35   (0.0s)
21851 35   (0.0s)
21859 35   (0.0s)
21863 35   (0.0s)
21871 35   (0.0s)
21881 35   (0.0s)
21893 35   (0.0s)
21911 35   (0.0s)
21929 35   (0.0s)
21937 35   (0.0s)
21943 35   (0.0s)
21961 35   (0.0s)
21977 35   (0.0s)
21991 35   (0.0s)
21997 35   (0.0s)
22003 35   (0.0s)
22013 35   (0.0s)
22027 35   (0.0s)
22031 35   (0.0s)
22037 35   (0.0s)
22039 35   (0.0s)
22051 35   (0.0s)
22063 35   (0.0s)
22067 35   (0.0s)
22073 35   (0.0s)
22079 35   (0.0s)
22091 35   (0.0s)
22093 35   (0.0s)
22109 35   (0.0s)
22111 35   (0.0s)
22123 35   (0.0s)
22129 35   (0.0s)
22133 35   (0.0s)
22147 35   (0.0s)
22153 35   (0.0s)
22157 35   (0.0s)
22159 35   (0.0s)
22171 35   (0.0s)
22189 35   (0.0s)
22193 35   (0.0s)
22229 35   (0.0s)
22247 35   (0.0s)
22259 35   (0.0s)
22271 35   (0.0s)
22273 35   (0.0s)
22277 35   (0.0s)
22279 35   (0.0s)
22283 35   (0.0s)
22291 35   (0.0s)
22303 35   (0.0s)
22307 35   (0.0s)
22343 35   (0.0s)
22349 35   (0.0s)
22367 35   (0.0s)
22369 35   (0.0s)
22381 35   (0.0s)
22391 35   (0.0s)
22397 35   (0.0s)
22409 35   (0.0s)
22433 35   (0.0s)
22441 35   (0.0s)
22447 35   (0.0s)
22453 35   (0.0s)
22469 35   (0.0s)
22481 35   (0.0s)
22483 35   (0.0s)
22501 35   (0.0s)
22511 35   (0.0s)
22531 35   (0.0s)
22541 35   (0.0s)
22543 35   (0.0s)
22549 35   (0.0s)
22567 35   (0.0s)
22571 35   (0.0s)
22573 35   (0.0s)
22613 35   (0.0s)
22619 35   (0.0s)
22621 35   (0.0s)
22637 35   (0.0s)
22639 35   (0.0s)
22643 35   (0.0s)
22651 35   (0.0s)
22669 35   (0.0s)
22679 35   (0.0s)
22691 35   (0.0s)
22697 35   (0.0s)
22699 35   (0.0s)
22709 35   (0.0s)
22717 35   (0.0s)
22721 35   (0.0s)
22727 35   (0.0s)
22739 35   (0.0s)
22741 35   (0.0s)
22751 35   (0.0s)
22769 35   (0.0s)
22777 35   (0.0s)
22783 35   (0.0s)
22787 35   (0.0s)
22807 35   (0.0s)
22811 35   (0.0s)
22817 35   (0.0s)
22853 35   (0.0s)
22859 35   (0.0s)
22861 35   (0.0s)
22871 35   (0.0s)
22877 35   (0.0s)
22901 35   (0.0s)
22907 35   (0.0s)
22921 35   (0.0s)
22937 35   (0.0s)
22943 35   (0.0s)
22961 35   (0.0s)
22963 35   (0.0s)
22973 35   (0.0s)
22993 35   (0.0s)
23003 35   (0.0s)
23011 35   (0.0s)
23017 35   (0.0s)
23021 35   (0.0s)
23027 35   (0.0s)
23029 35   (0.0s)
23039 35   (0.0s)
23041 35   (0.0s)
23053 35   (0.0s)
23057 35   (0.0s)
23059 35   (0.0s)
23063 35   (0.0s)
23071 35   (0.0s)
23081 35   (0.0s)
23087 35   (0.0s)
23099 35   (0.0s)
23117 35   (0.0s)
23131 35   (0.0s)
23143 35   (0.0s)
23159 35   (0.0s)
23167 35   (0.0s)
23173 35   (0.0s)
23189 35   (0.0s)
23197 35   (0.0s)
23201 35   (0.0s)
23203 35   (0.0s)
23209 35   (0.0s)
23227 35   (0.0s)
23251 35   (0.0s)
23269 35   (0.0s)
23279 35   (0.0s)
23291 35   (0.0s)
23293 35   (0.0s)
23297 35   (0.0s)
23311 35   (0.0s)
23321 35   (0.0s)
23327 35   (0.0s)
23333 35   (0.0s)
23339 35   (0.0s)
23357 35   (0.0s)
23369 35   (0.0s)
23371 35   (0.0s)
23399 35   (0.0s)
23417 35   (0.0s)
23431 35   (0.0s)
23447 35   (0.0s)
23459 35   (0.0s)
23473 35   (0.0s)
23497 35   (0.0s)
23509 35   (0.0s)
23531 35   (0.0s)
23537 35   (0.0s)
23539 35   (0.0s)
23549 35   (0.0s)
23557 35   (0.0s)
23561 35   (0.0s)
23563 35   (0.0s)
23567 35   (0.0s)
23581 35   (0.0s)
23593 35   (0.0s)
23599 35   (0.0s)
23603 35   (0.0s)
23609 35   (0.0s)
23623 35   (0.0s)
23627 35   (0.0s)
23629 35   (0.0s)
23633 35   (0.0s)
23663 35   (0.0s)
23669 35   (0.0s)
23671 35   (0.0s)
23677 35   (0.0s)
23687 35   (0.0s)
23689 35   (0.0s)
23719 35   (0.0s)
23741 35   (0.0s)
23743 35   (0.0s)
23747 35   (0.0s)
23753 35   (0.0s)
23761 35   (0.0s)
23767 35   (0.0s)
23773 35   (0.0s)
23789 35   (0.0s)
23801 35   (0.0s)
23813 35   (0.0s)
23819 35   (0.0s)
23827 35   (0.0s)
23831 35   (0.0s)
23833 35   (0.0s)
23857 35   (0.0s)
23869 35   (0.0s)
23873 35   (0.0s)
23879 35   (0.0s)
23887 35   (0.0s)
23893 35   (0.0s)
23899 35   (0.0s)
23909 35   (0.0s)
23911 35   (0.0s)
23917 35   (0.0s)
23929 35   (0.0s)
23957 35   (0.0s)
23971 35   (0.0s)
23977 35   (0.0s)
23981 35   (0.0s)
23993 35   (0.0s)
24001 35   (0.0s)
24007 35   (0.0s)
24019 35   (0.0s)
24023 35   (0.0s)
24029 35   (0.0s)
24043 35   (0.0s)
24049 35   (0.0s)
24061 35   (0.0s)
24071 35   (0.0s)
24077 35   (0.0s)
24083 35   (0.0s)
24091 35   (0.0s)
24097 35   (0.0s)
24103 35   (0.0s)
24107 35   (0.0s)
24109 35   (0.0s)
24113 35   (0.0s)
24121 35   (0.0s)
24133 35   (0.0s)
24137 35   (0.0s)
24151 35   (0.0s)
24169 35   (0.0s)
24179 35   (0.0s)
24181 35   (0.0s)
24197 35   (0.0s)
24203 35   (0.0s)
24223 35   (0.0s)
24229 35   (0.0s)
24239 35   (0.0s)
24247 35   (0.0s)
24251 35   (0.0s)
24281 35   (0.0s)
24317 35   (0.0s)
24329 35   (0.0s)
24337 35   (0.0s)
24359 35   (0.0s)
24371 35   (0.0s)
24373 35   (0.0s)
24379 35   (0.0s)
24391 35   (0.0s)
24407 35   (0.0s)
24413 35   (0.0s)
24419 35   (0.0s)
24421 35   (0.0s)
24439 35   (0.0s)
24443 35   (0.0s)
24469 35   (0.0s)
24473 35   (0.0s)
24481 35   (0.0s)
24499 35   (0.0s)
24509 35   (0.0s)
24517 35   (0.0s)
24527 35   (0.0s)
24533 35   (0.0s)
24547 35   (0.0s)
24551 35   (0.0s)
24571 35   (0.0s)
24593 35   (0.0s)
24611 35   (0.0s)
24623 35   (0.0s)
24631 35   (0.0s)
24659 35   (0.0s)
24671 35   (0.0s)
24677 35   (0.0s)
24683 35   (0.0s)
24691 35   (0.0s)
24697 35   (0.0s)
24709 35   (0.0s)
24733 35   (0.0s)
24749 35   (0.0s)
24763 35   (0.0s)
24767 35   (0.0s)
24781 35   (0.0s)
24793 35   (0.0s)
24799 35   (0.0s)
24809 35   (0.0s)
24821 35   (0.0s)
24841 35   (0.0s)
24847 35   (0.0s)
24851 35   (0.0s)
24859 35   (0.0s)
24877 35   (0.0s)
24889 35   (0.0s)
24907 35   (0.0s)
24917 35   (0.0s)
24919 35   (0.0s)
24923 35   (0.0s)
24943 35   (0.0s)
24953 35   (0.0s)
24967 35   (0.0s)
24971 35   (0.0s)
24977 35   (0.0s)
24979 35   (0.0s)
24989 35   (0.0s)
25013 35   (0.0s)
25031 35   (0.0s)
25033 35   (0.0s)
25037 35   (0.0s)
25057 35   (0.0s)
25073 35   (0.0s)
25087 35   (0.0s)
25097 35   (0.0s)
25111 35   (0.0s)
25117 35   (0.0s)
25121 35   (0.0s)
25127 35   (0.0s)
25147 35   (0.0s)
25153 35   (0.0s)
25163 35   (0.0s)
25169 35   (0.0s)
25171 35   (0.0s)
25183 35   (0.0s)
25189 35   (0.0s)
25219 35   (0.0s)
25229 35   (0.0s)
25237 35   (0.0s)
25243 35   (0.0s)
25247 35   (0.0s)
25253 35   (0.0s)
25261 35   (0.0s)
25301 35   (0.0s)
25303 35   (0.0s)
25307 35   (0.0s)
25309 35   (0.0s)
25321 35   (0.0s)
25339 35   (0.0s)
25343 35   (0.0s)
25349 35   (0.0s)
25357 35   (0.0s)
25367 35   (0.0s)
25373 35   (0.0s)
25391 35   (0.0s)
25409 35   (0.0s)
25411 35   (0.0s)
25423 35   (0.0s)
25439 35   (0.0s)
25447 35   (0.0s)
25453 35   (0.0s)
25457 35   (0.0s)
25463 35   (0.0s)
25469 35   (0.0s)
25471 35   (0.0s)
25523 35   (0.0s)
25537 35   (0.0s)
25541 35   (0.0s)
25561 35   (0.0s)
25577 35   (0.0s)
25579 35   (0.0s)
25583 35   (0.0s)
25589 35   (0.0s)
25601 35   (0.0s)
25603 35   (0.0s)
25609 35   (0.0s)
25621 35   (0.0s)
25633 35   (0.0s)
25639 35   (0.0s)
25643 35   (0.0s)
25657 35   (0.0s)
25667 35   (0.0s)
25673 35   (0.0s)
25679 35   (0.0s)
25693 35   (0.0s)
25703 35   (0.0s)
25717 35   (0.0s)
25733 35   (0.0s)
25741 35   (0.0s)
25747 35   (0.0s)
25759 35   (0.0s)
25763 35   (0.0s)
25771 35   (0.0s)
25793 35   (0.0s)
25799 35   (0.0s)
25801 35   (0.0s)
25819 35   (0.0s)
25841 35   (0.0s)
25847 35   (0.0s)
25849 35   (0.0s)
25867 35   (0.0s)
25873 35   (0.0s)
25889 35   (0.0s)
25903 35   (0.0s)
25913 35   (0.0s)
25919 35   (0.0s)
25931 35   (0.0s)
25933 35   (0.0s)
25939 35   (0.0s)
25943 35   (0.0s)
25951 35   (0.0s)
25969 35   (0.0s)
25981 35   (0.0s)
25997 35   (0.0s)
25999 35   (0.0s)
26003 35   (0.0s)
26017 35   (0.0s)
26021 35   (0.0s)
26029 35   (0.0s)
26041 35   (0.0s)
26053 35   (0.0s)
26083 35   (0.0s)
26099 35   (0.0s)
26107 35   (0.0s)
26111 35   (0.0s)
26113 35   (0.0s)
26119 35   (0.0s)
26141 35   (0.0s)
26153 35   (0.0s)
26161 35   (0.0s)
26171 35   (0.0s)
26177 35   (0.0s)
26183 35   (0.0s)
26189 35   (0.0s)
26203 35   (0.0s)
26209 35   (0.0s)
26227 35   (0.0s)
26237 35   (0.0s)
26249 35   (0.0s)
26251 35   (0.0s)
26261 35   (0.0s)
26263 35   (0.0s)
26267 35   (0.0s)
26293 35   (0.0s)
26297 35   (0.0s)
26309 35   (0.0s)
26317 35   (0.0s)
26321 35   (0.0s)
26339 35   (0.0s)
26347 35   (0.0s)
26357 35   (0.0s)
26371 35   (0.0s)
26387 35   (0.0s)
26393 35   (0.0s)
26399 35   (0.0s)
26407 35   (0.0s)
26417 35   (0.0s)
26423 35   (0.0s)
26431 35   (0.0s)
26437 35   (0.0s)
26449 35   (0.0s)
26459 35   (0.0s)
26479 35   (0.0s)
26489 35   (0.0s)
26497 35   (0.0s)
26501 35   (0.0s)
26513 35   (0.0s)
26539 35   (0.0s)
26557 35   (0.0s)
26561 35   (0.0s)
26573 35   (0.0s)
26591 35   (0.0s)
26597 35   (0.0s)
26627 35   (0.0s)
26633 35   (0.0s)
26641 35   (0.0s)
26647 35   (0.0s)
26669 35   (0.0s)
26681 35   (0.0s)
26683 35   (0.0s)
26687 35   (0.0s)
26693 35   (0.0s)
26699 35   (0.0s)
26701 35   (0.0s)
26711 35   (0.0s)
26713 35   (0.0s)
26717 35   (0.0s)
26723 35   (0.0s)
26729 35   (0.0s)
26731 35   (0.0s)
26737 35   (0.0s)
26759 35   (0.0s)
26777 35   (0.0s)
26783 35   (0.0s)
26801 35   (0.0s)
26813 35   (0.0s)
26821 35   (0.0s)
26833 35   (0.0s)
26839 35   (0.0s)
26849 35   (0.0s)
26861 35   (0.0s)
26863 35   (0.0s)
26879 35   (0.0s)
26881 35   (0.0s)
26891 35   (0.0s)
26893 35   (0.0s)
26903 35   (0.0s)
26921 35   (0.0s)
26927 35   (0.0s)
26947 35   (0.0s)
26951 35   (0.0s)
26953 35   (0.0s)
26959 35   (0.0s)
26981 35   (0.0s)
26987 35   (0.0s)
26993 35   (0.0s)
27011 35   (0.0s)
27017 35   (0.0s)
27031 35   (0.0s)
27043 35   (0.0s)
27059 35   (0.0s)
27061 35   (0.0s)
27067 35   (0.0s)
27073 35   (0.0s)
27077 35   (0.0s)
27091 35   (0.0s)
27103 35   (0.0s)
27107 35   (0.0s)
27109 35   (0.0s)
27127 35   (0.0s)
27143 35   (0.0s)
27179 35   (0.0s)
27191 35   (0.0s)
27197 35   (0.0s)
27211 35   (0.0s)
27239 35   (0.0s)
27241 35   (0.0s)
27253 35   (0.0s)
27259 35   (0.0s)
27271 35   (0.0s)
27277 35   (0.0s)
27281 35   (0.0s)
27283 35   (0.0s)
27299 35   (0.0s)
27329 35   (0.0s)
27337 35   (0.0s)
27361 35   (0.0s)
27367 35   (0.0s)
27397 35   (0.0s)
27407 35   (0.0s)
27409 35   (0.0s)
27427 35   (0.0s)
27431 35   (0.0s)
27437 35   (0.0s)
27449 35   (0.0s)
27457 35   (0.0s)
27479 35   (0.0s)
27481 35   (0.0s)
27487 35   (0.0s)
27509 35   (0.0s)
27527 35   (0.0s)
27529 35   (0.0s)
27539 35   (0.0s)
27541 35   (0.0s)
27551 35   (0.0s)
27581 35   (0.0s)
27583 35   (0.0s)
27611 35   (0.0s)
27617 35   (0.0s)
27631 35   (0.0s)
27647 35   (0.0s)
27653 35   (0.0s)
27673 35   (0.0s)
27689 35   (0.0s)
27691 35   (0.0s)
27697 35   (0.0s)
27701 35   (0.0s)
27733 35   (0.0s)
27737 35   (0.0s)
27739 35   (0.0s)
27743 35   (0.0s)
27749 35   (0.0s)
27751 35   (0.0s)
27763 35   (0.0s)
27767 35   (0.0s)
27773 35   (0.0s)
27779 35   (0.0s)
27791 35   (0.0s)
27793 35   (0.0s)
27799 35   (0.0s)
27803 35   (0.0s)
27809 35   (0.0s)
27817 35   (0.0s)
27823 35   (0.0s)
27827 35   (0.0s)
27847 35   (0.0s)
27851 35   (0.0s)
27883 35   (0.0s)
27893 35   (0.0s)
27901 35   (0.0s)
27917 35   (0.0s)
27919 35   (0.0s)
27941 35   (0.0s)
27943 35   (0.0s)
27947 35   (0.0s)
27953 35   (0.0s)
27961 35   (0.0s)
27967 35   (0.0s)
27983 35   (0.0s)
27997 35   (0.0s)
28001 35   (0.0s)
28019 35   (0.0s)
28027 35   (0.0s)
28031 35   (0.0s)
28051 35   (0.0s)
28057 35   (0.0s)
28069 35   (0.0s)
28081 35   (0.0s)
28087 35   (0.0s)
28097 35   (0.0s)
28099 35   (0.0s)
28109 35   (0.0s)
28111 35   (0.0s)
28123 35   (0.0s)
28151 35   (0.0s)
28163 35   (0.0s)
28181 35   (0.0s)
28183 35   (0.0s)
28201 35   (0.0s)
28211 35   (0.0s)
28219 35   (0.0s)
28229 35   (0.0s)
28277 35   (0.0s)
28279 35   (0.0s)
28283 35   (0.0s)
28289 35   (0.0s)
28297 35   (0.0s)
28307 35   (0.0s)
28309 35   (0.0s)
28319 35   (0.0s)
28349 35   (0.0s)
28351 35   (0.0s)
28387 35   (0.0s)
28393 35   (0.0s)
28403 35   (0.0s)
28409 35   (0.0s)
28411 35   (0.0s)
28429 35   (0.0s)
28433 35   (0.0s)
28439 35   (0.0s)
28447 35   (0.0s)
28463 35   (0.0s)
28477 35   (0.0s)
28493 35   (0.0s)
28499 35   (0.0s)
28513 35   (0.0s)
28517 35   (0.0s)
28537 35   (0.0s)
28541 35   (0.0s)
28547 35   (0.0s)
28549 35   (0.0s)
28559 35   (0.0s)
28571 35   (0.0s)
28573 35   (0.0s)
28579 35   (0.0s)
28591 35   (0.0s)
28597 35   (0.0s)
28603 35   (0.0s)
28607 35   (0.0s)
28619 35   (0.0s)
28621 35   (0.0s)
28627 35   (0.0s)
28631 35   (0.0s)
28643 35   (0.0s)
28649 35   (0.0s)
28657 35   (0.0s)
28661 35   (0.0s)
28663 35   (0.0s)
28669 35   (0.0s)
28687 35   (0.0s)
28697 35   (0.0s)
28703 35   (0.0s)
28711 35   (0.0s)
28723 35   (0.0s)
28729 35   (0.0s)
28751 35   (0.0s)
28753 35   (0.0s)
28759 35   (0.0s)
28771 35   (0.0s)
28789 35   (0.0s)
28793 35   (0.0s)
28807 35   (0.0s)
28813 35   (0.0s)
28817 35   (0.0s)
28837 35   (0.0s)
28843 35   (0.0s)
28859 35   (0.0s)
28867 35   (0.0s)
28871 35   (0.0s)
28879 35   (0.0s)
28901 35   (0.0s)
28909 35   (0.0s)
28921 35   (0.0s)
28927 35   (0.0s)
28933 35   (0.0s)
28949 35   (0.0s)
28961 35   (0.0s)
28979 35   (0.0s)
29009 35   (0.0s)
29017 35   (0.0s)
29021 35   (0.0s)
29023 35   (0.0s)
29027 35   (0.0s)
29033 35   (0.0s)
29059 35   (0.0s)
29063 35   (0.0s)
29077 35   (0.0s)
29101 35   (0.0s)
29123 35   (0.0s)
29129 35   (0.0s)
29131 35   (0.0s)
29137 35   (0.0s)
29147 35   (0.0s)
29153 35   (0.0s)
29167 35   (0.0s)
29173 35   (0.0s)
29179 35   (0.0s)
29191 35   (0.0s)
29201 35   (0.0s)
29207 35   (0.0s)
29209 35   (0.0s)
29221 35   (0.0s)
29231 35   (0.0s)
29243 35   (0.0s)
29251 35   (0.0s)
29269 35   (0.0s)
29287 35   (0.0s)
29297 35   (0.0s)
29303 35   (0.0s)
29311 35   (0.0s)
29327 35   (0.0s)
29333 35   (0.0s)
29339 35   (0.0s)
29347 35   (0.0s)
29363 35   (0.0s)
29383 35   (0.0s)
29387 35   (0.0s)
29389 35   (0.0s)
29399 35   (0.0s)
29401 35   (0.0s)
29411 35   (0.0s)
29423 35   (0.0s)
29429 35   (0.0s)
29437 35   (0.0s)
29443 35   (0.0s)
29453 35   (0.0s)
29473 35   (0.0s)
29483 35   (0.0s)
29501 35   (0.0s)
29527 35   (0.0s)
29531 35   (0.0s)
29537 35   (0.0s)
29567 35   (0.0s)
29569 35   (0.0s)
29573 35   (0.0s)
29581 35   (0.0s)
29587 35   (0.0s)
29599 35   (0.0s)
29611 35   (0.0s)
29629 35   (0.0s)
29633 35   (0.0s)
29641 35   (0.0s)
29663 35   (0.0s)
29669 35   (0.0s)
29671 35   (0.0s)
29683 35   (0.0s)
29717 35   (0.0s)
29723 35   (0.0s)
29741 35   (0.0s)
29753 35   (0.0s)
29759 35   (0.0s)
29761 35   (0.0s)
29789 35   (0.0s)
29803 35   (0.0s)
29819 35   (0.0s)
29833 35   (0.0s)
29837 35   (0.0s)
29851 35   (0.0s)
29863 35   (0.0s)
29867 35   (0.0s)
29873 35   (0.0s)
29879 35   (0.0s)
29881 35   (0.0s)
29917 35   (0.0s)
29921 35   (0.0s)
29927 35   (0.0s)
29947 35   (0.0s)
29959 35   (0.0s)
29983 35   (0.0s)
29989 35   (0.0s)
30011 35   (0.0s)
30013 35   (0.0s)
30029 35   (0.0s)
30047 35   (0.0s)
30059 35   (0.0s)
30071 35   (0.0s)
30089 35   (0.0s)
30091 35   (0.0s)
30097 35   (0.0s)
30103 35   (0.0s)
30109 35   (0.0s)
30113 35   (0.0s)
30119 35   (0.0s)
30133 35   (0.0s)
30137 35   (0.0s)
30139 35   (0.0s)
30161 35   (0.0s)
30169 35   (0.0s)
30181 35   (0.0s)
30187 35   (0.0s)
30197 35   (0.0s)
30203 35   (0.0s)
30211 35   (0.0s)
30223 35   (0.0s)
30241 35   (0.0s)
30253 35   (0.0s)
30259 35   (0.0s)
30269 35   (0.0s)
30271 35   (0.0s)
30293 35   (0.0s)
30307 35   (0.0s)
30313 35   (0.0s)
30319 35   (0.0s)
30323 35   (0.0s)
30341 35   (0.0s)
30347 35   (0.0s)
30367 35   (0.0s)
30389 35   (0.0s)
30391 35   (0.0s)
30403 35   (0.0s)
30427 35   (0.0s)
30431 35   (0.0s)
30449 35   (0.0s)
30467 35   (0.0s)
30469 35   (0.0s)
30491 35   (0.0s)
30493 35   (0.0s)
30497 35   (0.0s)
30509 35   (0.0s)
30517 35   (0.0s)
30529 35   (0.0s)
30539 35   (0.0s)
30553 35   (0.0s)
30557 35   (0.0s)
30559 35   (0.0s)
30577 35   (0.0s)
30593 35   (0.0s)
30631 35   (0.0s)
30637 35   (0.0s)
30643 35   (0.0s)
30649 35   (0.0s)
30661 35   (0.0s)
30671 35   (0.0s)
30677 35   (0.0s)
30689 35   (0.0s)
30697 35   (0.0s)
30703 35   (0.0s)
30707 35   (0.0s)
30713 35   (0.0s)
30727 35   (0.0s)
30757 35   (0.0s)
30763 35   (0.0s)
30773 35   (0.0s)
30781 35   (0.0s)
30803 35   (0.0s)
30809 35   (0.0s)
30817 35   (0.0s)
30829 35   (0.0s)
30839 35   (0.0s)
30841 35   (0.0s)
30851 35   (0.0s)
30853 35   (0.0s)
30859 35   (0.0s)
30869 35   (0.0s)
30871 35   (0.0s)
30881 35   (0.0s)
30893 35   (0.0s)
30911 35   (0.0s)
30931 35   (0.0s)
30937 35   (0.0s)
30941 35   (0.0s)
30949 35   (0.0s)
30971 35   (0.0s)
30977 35   (0.0s)
30983 35   (0.0s)
31013 35   (0.0s)
31019 35   (0.0s)
31033 35   (0.0s)
31039 35   (0.0s)
31051 35   (0.0s)
31063 35   (0.0s)
31069 35   (0.0s)
31079 35   (0.0s)
31081 35   (0.0s)
31091 35   (0.0s)
31121 35   (0.0s)
31123 35   (0.0s)
31139 35   (0.0s)
31147 35   (0.0s)
31151 35   (0.0s)
31153 35   (0.0s)
31159 35   (0.0s)
31177 35   (0.0s)
31181 35   (0.0s)
31183 35   (0.0s)
31189 35   (0.0s)
31193 35   (0.0s)
31219 35   (0.0s)
31223 35   (0.0s)
31231 35   (0.0s)
31237 35   (0.0s)
31247 35   (0.0s)
31249 35   (0.0s)
31253 35   (0.0s)
31259 35   (0.0s)
31267 35   (0.0s)
31271 35   (0.0s)
31277 35   (0.0s)
31307 35   (0.0s)
31319 35   (0.0s)
31321 35   (0.0s)
31327 35   (0.0s)
31333 35   (0.0s)
31337 35   (0.0s)
31357 35   (0.0s)
31379 35   (0.0s)
31387 35   (0.0s)
31391 35   (0.0s)
31393 35   (0.0s)
31397 35   (0.0s)
31469 35   (0.0s)
31477 35   (0.0s)
31481 35   (0.0s)
31489 35   (0.0s)
31511 35   (0.0s)
31513 35   (0.0s)
31517 35   (0.0s)
31531 35   (0.0s)
31541 35   (0.0s)
31543 35   (0.0s)
31547 35   (0.0s)
31567 35   (0.0s)
31573 35   (0.0s)
31583 35   (0.0s)
31601 35   (0.0s)
31607 35   (0.0s)
31627 35   (0.0s)
31643 35   (0.0s)
31649 35   (0.0s)
31657 35   (0.0s)
31663 35   (0.0s)
31667 35   (0.0s)
31687 35   (0.0s)
31699 35   (0.0s)
31721 35   (0.0s)
31723 35   (0.0s)
31727 35   (0.0s)
31729 35   (0.0s)
31741 35   (0.0s)
31751 35   (0.0s)
31769 35   (0.0s)
31771 35   (0.0s)
31793 35   (0.0s)
31799 35   (0.0s)
31817 35   (0.0s)
31847 35   (0.0s)
31849 35   (0.0s)
31859 35   (0.0s)
31873 35   (0.0s)
31883 35   (0.0s)
31891 35   (0.0s)
31907 35   (0.0s)
31957 35   (0.0s)
31963 35   (0.0s)
31973 35   (0.0s)
31981 35   (0.0s)
31991 35   (0.0s)
32003 35   (0.0s)
32009 35   (0.0s)
32027 35   (0.0s)
32029 35   (0.0s)
32051 35   (0.0s)
32057 35   (0.0s)
32059 35   (0.0s)
32063 35   (0.0s)
32069 35   (0.0s)
32077 35   (0.0s)
32083 35   (0.0s)
32089 35   (0.0s)
32099 35   (0.0s)
32117 35   (0.0s)
32119 35   (0.0s)
32141 35   (0.0s)
32143 35   (0.0s)
32159 35   (0.0s)
32173 35   (0.0s)
32183 35   (0.0s)
32189 35   (0.0s)
32191 35   (0.0s)
32203 35   (0.0s)
32213 35   (0.0s)
32233 35   (0.0s)
32237 35   (0.0s)
32251 35   (0.0s)
32257 35   (0.0s)
32261 35   (0.0s)
32297 35   (0.0s)
32299 35   (0.0s)
32303 35   (0.0s)
32309 35   (0.0s)
32321 35   (0.0s)
32323 35   (0.0s)
32327 35   (0.0s)
32341 35   (0.0s)
32353 35   (0.0s)
32359 35   (0.0s)
32363 35   (0.0s)
32369 35   (0.0s)
32371 35   (0.0s)
32377 35   (0.0s)
32381 35   (0.0s)
32401 35   (0.0s)
32411 35   (0.0s)
32413 35   (0.0s)
32423 35   (0.0s)
32429 35   (0.0s)
32441 35   (0.0s)
32443 35   (0.0s)
32467 35   (0.0s)
32479 35   (0.0s)
32491 35   (0.0s)
32497 35   (0.0s)
32503 35   (0.0s)
32507 35   (0.0s)
32531 35   (0.0s)
32533 35   (0.0s)
32537 35   (0.0s)
32561 35   (0.0s)
32563 35   (0.0s)
32569 35   (0.0s)
32573 35   (0.0s)
32579 35   (0.0s)
32587 35   (0.0s)
32603 35   (0.0s)
32609 35   (0.0s)
32611 35   (0.0s)
32621 35   (0.0s)
32633 35   (0.0s)
32647 35   (0.0s)
32653 35   (0.0s)
32687 35   (0.0s)
32693 35   (0.0s)
32707 35   (0.0s)
32713 35   (0.0s)
32717 35   (0.0s)
32719 35   (0.0s)
32749 35   (0.0s)
32771 35   (0.0s)
32779 35   (0.0s)
32783 35   (0.0s)
32789 35   (0.0s)
32797 35   (0.0s)
32801 35   (0.0s)
32803 35   (0.0s)
32831 35   (0.0s)
32833 35   (0.0s)
32839 35   (0.0s)
32843 35   (0.0s)
32869 35   (0.0s)
32887 35   (0.0s)
32909 35   (0.0s)
32911 35   (0.0s)
32917 35   (0.0s)
32933 35   (0.0s)
32939 35   (0.0s)
32941 35   (0.0s)
32957 35   (0.0s)
32969 35   (0.0s)
32971 35   (0.0s)
32983 35   (0.0s)
32987 35   (0.0s)
32993 35   (0.0s)
32999 35   (0.0s)
33013 35   (0.0s)
33023 35   (0.0s)
33029 35   (0.0s)
33037 35   (0.0s)
33049 35   (0.0s)
33053 35   (0.0s)
33071 35   (0.0s)
33073 35   (0.0s)
33083 35   (0.0s)
33091 35   (0.0s)
33107 35   (0.0s)
33113 35   (0.0s)
33119 35   (0.0s)
33149 35   (0.0s)
33151 35   (0.0s)
33161 35   (0.0s)
33179 35   (0.0s)
33181 35   (0.0s)
33191 35   (0.0s)
33199 35   (0.0s)
33203 35   (0.0s)
33211 35   (0.0s)
33223 35   (0.0s)
33247 35   (0.0s)
33287 35   (0.0s)
33289 35   (0.0s)
33301 35   (0.0s)
33311 35   (0.0s)
33317 35   (0.0s)
33329 35   (0.0s)
33331 35   (0.0s)
33343 35   (0.0s)
33347 35   (0.0s)
33349 35   (0.0s)
33353 35   (0.0s)
33359 35   (0.0s)
33377 35   (0.0s)
33391 35   (0.0s)
33403 35   (0.0s)
33409 35   (0.0s)
33413 35   (0.0s)
33427 35   (0.0s)
33457 35   (0.0s)
33461 35   (0.0s)
33469 35   (0.0s)
33479 35   (0.0s)
33487 35   (0.0s)
33493 35   (0.0s)
33503 35   (0.0s)
33521 35   (0.0s)
33529 35   (0.0s)
33533 35   (0.0s)
33547 35   (0.0s)
33563 35   (0.0s)
33569 35   (0.0s)
33577 35   (0.0s)
33581 35   (0.0s)
33587 35   (0.0s)
33589 35   (0.0s)
33599 35   (0.0s)
33601 35   (0.0s)
33613 35   (0.0s)
33617 35   (0.0s)
33619 35   (0.0s)
33623 35   (0.0s)
33629 35   (0.0s)
33637 35   (0.0s)
33641 35   (0.0s)
33647 35   (0.0s)
33679 35   (0.0s)
33703 35   (0.0s)
33713 35   (0.0s)
33721 35   (0.0s)
33739 35   (0.0s)
33749 35   (0.0s)
33751 35   (0.0s)
33757 35   (0.0s)
33767 35   (0.0s)
33769 35   (0.0s)
33773 35   (0.0s)
33791 35   (0.0s)
33797 35   (0.0s)
33809 35   (0.0s)
33811 35   (0.0s)
33827 35   (0.0s)
33829 35   (0.0s)
33851 35   (0.0s)
33857 35   (0.0s)
33863 35   (0.0s)
33871 35   (0.0s)
33889 35   (0.0s)
33893 35   (0.0s)
33911 35   (0.0s)
33923 35   (0.0s)
33931 35   (0.0s)
33937 35   (0.0s)
33941 35   (0.0s)
33961 35   (0.0s)
33967 35   (0.0s)
33997 35   (0.0s)
34019 35   (0.0s)
34031 35   (0.0s)
34033 35   (0.0s)
34039 35   (0.0s)
34057 35   (0.0s)
34061 35   (0.0s)
34123 35   (0.0s)
34127 35   (0.0s)
34129 35   (0.0s)
34141 35   (0.0s)
34147 35   (0.0s)
34157 35   (0.0s)
34159 35   (0.0s)
34171 35   (0.0s)
34183 35   (0.0s)
34211 35   (0.0s)
34213 35   (0.0s)
34217 35   (0.0s)
34231 35   (0.0s)
34253 35   (0.0s)
34259 35   (0.0s)
34261 35   (0.0s)
34267 35   (0.0s)
34273 35   (0.0s)
34283 35   (0.0s)
34297 35   (0.0s)
34301 35   (0.0s)
34303 35   (0.0s)
34313 35   (0.0s)
34319 35   (0.0s)
34327 35   (0.0s)
34337 35   (0.0s)
34351 35   (0.0s)
34361 35   (0.0s)
34367 35   (0.0s)
34369 35   (0.0s)
34381 35   (0.0s)
34403 35   (0.0s)
34421 35   (0.0s)
34429 35   (0.0s)
34439 35   (0.0s)
34457 35   (0.0s)
34469 35   (0.0s)
34471 35   (0.0s)
34483 35   (0.0s)
34487 35   (0.0s)
34499 35   (0.0s)
34501 35   (0.0s)
34511 35   (0.0s)
34513 35   (0.0s)
34519 35   (0.0s)
34537 35   (0.0s)
34543 35   (0.0s)
34549 35   (0.0s)
34583 35   (0.0s)
34589 35   (0.0s)
34591 35   (0.0s)
34603 35   (0.0s)
34607 35   (0.0s)
34613 35   (0.0s)
34631 35   (0.0s)
34649 35   (0.0s)
34651 35   (0.0s)
34667 35   (0.0s)
34673 35   (0.0s)
34679 35   (0.0s)
34687 35   (0.0s)
34693 35   (0.0s)
34703 35   (0.0s)
34721 35   (0.0s)
34729 35   (0.0s)
34739 35   (0.0s)
34747 35   (0.0s)
34757 35   (0.0s)
34759 35   (0.0s)
34763 35   (0.0s)
34781 35   (0.0s)
34807 35   (0.0s)
34819 35   (0.0s)
34841 35   (0.0s)
34843 35   (0.0s)
34847 35   (0.0s)
34849 35   (0.0s)
34871 35   (0.0s)
34877 35   (0.0s)
34883 35   (0.0s)
34897 35   (0.0s)
34913 35   (0.0s)
34919 35   (0.0s)
34939 35   (0.0s)
34949 35   (0.0s)
34961 35   (0.0s)
34963 35   (0.0s)
34981 35   (0.0s)
35023 35   (0.0s)
35027 35   (0.0s)
35051 35   (0.0s)
35053 35   (0.0s)
35059 35   (0.0s)
35069 35   (0.0s)
35081 35   (0.0s)
35083 35   (0.0s)
35089 35   (0.0s)
35099 35   (0.0s)
35107 35   (0.0s)
35111 35   (0.0s)
35117 35   (0.0s)
35129 35   (0.0s)
35141 35   (0.0s)
35149 35   (0.0s)
35153 35   (0.0s)
35159 35   (0.0s)
35171 35   (0.0s)
35201 35   (0.0s)
35221 35   (0.0s)
35227 35   (0.0s)
35251 35   (0.0s)
35257 35   (0.0s)
35267 35   (0.0s)
35279 35   (0.0s)
35281 35   (0.0s)
35291 35   (0.0s)
35311 35   (0.0s)
35317 35   (0.0s)
35323 35   (0.0s)
35327 35   (0.0s)
35339 35   (0.0s)
35353 35   (0.0s)
35363 35   (0.0s)
35381 35   (0.0s)
35393 35   (0.0s)
35401 35   (0.0s)
35407 35   (0.0s)
35419 35   (0.0s)
35423 35   (0.0s)
35437 35   (0.0s)
35447 35   (0.0s)
35449 35   (0.0s)
35461 35   (0.0s)
35491 35   (0.0s)
35507 35   (0.0s)
35509 35   (0.0s)
35521 35   (0.0s)
35527 35   (0.0s)
35531 35   (0.0s)
35533 35   (0.0s)
35537 35   (0.0s)
35543 35   (0.0s)
35569 35   (0.0s)
35573 35   (0.0s)
35591 35   (0.0s)
35593 35   (0.0s)
35597 35   (0.0s)
35603 35   (0.0s)
35617 35   (0.0s)
35671 35   (0.0s)
35677 35   (0.0s)
35729 35   (0.0s)
35731 35   (0.0s)
35747 35   (0.0s)
35753 35   (0.0s)
35759 35   (0.0s)
35771 35   (0.0s)
35797 35   (0.0s)
35801 35   (0.0s)
35803 35   (0.0s)
35809 35   (0.0s)
35831 35   (0.0s)
35837 35   (0.0s)
35839 35   (0.0s)
35851 35   (0.0s)
35863 35   (0.0s)
35869 35   (0.0s)
35879 35   (0.0s)
35897 35   (0.0s)
35899 35   (0.0s)
35911 35   (0.0s)
35923 35   (0.0s)
35933 35   (0.0s)
35951 35   (0.0s)
35963 35   (0.0s)
35969 35   (0.0s)
35977 35   (0.0s)
35983 35   (0.0s)
35993 35   (0.0s)
35999 35   (0.0s)
36007 35   (0.0s)
36011 35   (0.0s)
36013 35   (0.0s)
36017 35   (0.0s)
36037 35   (0.0s)
36061 35   (0.0s)
36067 35   (0.0s)
36073 35   (0.0s)
36083 35   (0.0s)
36097 35   (0.0s)
36107 35   (0.0s)
36109 35   (0.0s)
36131 35   (0.0s)
36137 35   (0.0s)
36151 35   (0.0s)
36161 35   (0.0s)
36187 35   (0.0s)
36191 35   (0.0s)
36209 35   (0.0s)
36217 35   (0.0s)
36229 35   (0.0s)
36241 35   (0.0s)
36251 35   (0.0s)
36263 35   (0.0s)
36269 35   (0.0s)
36277 35   (0.0s)
36293 35   (0.0s)
36299 35   (0.0s)
36307 35   (0.0s)
36313 35   (0.0s)
36319 35   (0.0s)
36341 35   (0.0s)
36343 35   (0.0s)
36353 35   (0.0s)
36373 35   (0.0s)
36383 35   (0.0s)
36389 35   (0.0s)
36433 35   (0.0s)
36451 35   (0.0s)
36457 35   (0.0s)
36467 35   (0.0s)
36469 35   (0.0s)
36473 35   (0.0s)
36479 35   (0.0s)
36493 35   (0.0s)
36497 35   (0.0s)
36523 35   (0.0s)
36527 35   (0.0s)
36529 35   (0.0s)
36541 35   (0.0s)
36551 35   (0.0s)
36559 35   (0.0s)
36563 35   (0.0s)
36571 35   (0.0s)
36583 35   (0.0s)
36587 35   (0.0s)
36599 35   (0.0s)
36607 35   (0.0s)
36629 35   (0.0s)
36637 35   (0.0s)
36643 35   (0.0s)
36653 35   (0.0s)
36671 35   (0.0s)
36677 35   (0.0s)
36683 35   (0.0s)
36691 35   (0.0s)
36697 35   (0.0s)
36709 35   (0.0s)
36713 35   (0.0s)
36721 35   (0.0s)
36739 35   (0.0s)
36749 35   (0.0s)
36761 35   (0.0s)
36767 35   (0.0s)
36779 35   (0.0s)
36781 35   (0.0s)
36787 35   (0.0s)
36791 35   (0.0s)
36793 35   (0.0s)
36809 35   (0.0s)
36821 35   (0.0s)
36833 35   (0.0s)
36847 35   (0.0s)
36857 35   (0.0s)
36871 35   (0.0s)
36877 35   (0.0s)
36887 35   (0.0s)
36899 35   (0.0s)
36901 35   (0.0s)
36913 35   (0.0s)
36919 35   (0.0s)
36923 35   (0.0s)
36929 35   (0.0s)
36931 35   (0.0s)
36943 35   (0.0s)
36947 35   (0.0s)
36973 35   (0.0s)
36979 35   (0.0s)
36997 35   (0.0s)
37003 35   (0.0s)
37013 35   (0.0s)
37019 35   (0.0s)
37021 35   (0.0s)
37039 35   (0.0s)
37049 35   (0.0s)
37057 35   (0.0s)
37061 35   (0.0s)
37087 35   (0.0s)
37097 35   (0.0s)
37117 35   (0.0s)
37123 35   (0.0s)
37139 35   (0.0s)
37159 35   (0.0s)
37171 35   (0.0s)
37181 35   (0.0s)
37189 35   (0.0s)
37199 35   (0.0s)
37201 35   (0.0s)
37217 35   (0.0s)
37223 35   (0.0s)
37243 35   (0.0s)
37253 35   (0.0s)
37273 35   (0.0s)
37277 35   (0.0s)
37307 35   (0.0s)
37309 35   (0.0s)
37313 35   (0.0s)
37321 35   (0.0s)
37337 35   (0.0s)
37339 35   (0.0s)
37357 35   (0.0s)
37361 35   (0.0s)
37363 35   (0.0s)
37369 35   (0.0s)
37379 35   (0.0s)
37397 35   (0.0s)
37409 35   (0.0s)
37423 35   (0.0s)
37441 35   (0.0s)
37447 35   (0.0s)
37463 35   (0.0s)
37483 35   (0.0s)
37489 35   (0.0s)
37493 35   (0.0s)
37501 35   (0.0s)
37507 35   (0.0s)
37511 35   (0.0s)
37517 35   (0.0s)
37529 35   (0.0s)
37537 35   (0.0s)
37547 35   (0.0s)
37549 35   (0.0s)
37561 35   (0.0s)
37567 35   (0.0s)
37571 35   (0.0s)
37573 35   (0.0s)
37579 35   (0.0s)
37589 35   (0.0s)
37591 35   (0.0s)
37607 35   (0.0s)
37619 35   (0.0s)
37633 35   (0.0s)
37643 35   (0.0s)
37649 35   (0.0s)
37657 35   (0.0s)
37663 35   (0.0s)
37691 35   (0.0s)
37693 35   (0.0s)
37699 35   (0.0s)
37717 35   (0.0s)
37747 35   (0.0s)
37781 35   (0.0s)
37783 35   (0.0s)
37799 35   (0.0s)
37811 35   (0.0s)
37813 35   (0.0s)
37831 35   (0.0s)
37847 35   (0.0s)
37853 35   (0.0s)
37861 35   (0.0s)
37871 35   (0.0s)
37879 35   (0.0s)
37889 35   (0.0s)
37897 35   (0.0s)
37907 35   (0.0s)
37951 35   (0.0s)
37957 35   (0.0s)
37963 35   (0.0s)
37967 35   (0.0s)
37987 35   (0.0s)
37991 35   (0.0s)
37993 35   (0.0s)
37997 35   (0.0s)
38011 35   (0.0s)
38039 35   (0.0s)
38047 35   (0.0s)
38053 35   (0.0s)
38069 35   (0.0s)
38083 35   (0.0s)
38113 35   (0.0s)
38119 35   (0.0s)
38149 35   (0.0s)
38153 35   (0.0s)
38167 35   (0.0s)
38177 35   (0.0s)
38183 35   (0.0s)
38189 35   (0.0s)
38197 35   (0.0s)
38201 35   (0.0s)
38219 35   (0.0s)
38231 35   (0.0s)
38237 35   (0.0s)
38239 35   (0.0s)
38261 35   (0.0s)
38273 35   (0.0s)
38281 35   (0.0s)
38287 35   (0.0s)
38299 35   (0.0s)
38303 35   (0.0s)
38317 35   (0.0s)
38321 35   (0.0s)
38327 35   (0.0s)
38329 35   (0.0s)
38333 35   (0.0s)
38351 35   (0.0s)
38371 35   (0.0s)
38377 35   (0.0s)
38393 35   (0.0s)
38431 35   (0.0s)
38447 35   (0.0s)
38449 35   (0.0s)
38453 35   (0.0s)
38459 35   (0.0s)
38461 35   (0.0s)
38501 35   (0.0s)
38543 35   (0.0s)
38557 35   (0.0s)
38561 35   (0.0s)
38567 35   (0.0s)
38569 35   (0.0s)
38593 35   (0.0s)
38603 35   (0.0s)
38609 35   (0.0s)
38611 35   (0.0s)
38629 35   (0.0s)
38639 35   (0.0s)
38651 35   (0.0s)
38653 35   (0.0s)
38669 35   (0.0s)
38671 35   (0.0s)
38677 35   (0.0s)
38693 35   (0.0s)
38699 35   (0.0s)
38707 35   (0.0s)
38711 35   (0.0s)
38713 35   (0.0s)
38723 35   (0.0s)
38729 35   (0.0s)
38737 35   (0.0s)
38747 35   (0.0s)
38749 35   (0.0s)
38767 35   (0.0s)
38783 35   (0.0s)
38791 35   (0.0s)
38803 35   (0.0s)
38821 35   (0.0s)
38833 35   (0.0s)
38839 35   (0.0s)
38851 35   (0.0s)
38861 35   (0.0s)
38867 35   (0.0s)
38873 35   (0.0s)
38891 35   (0.0s)
38903 35   (0.0s)
38917 35   (0.0s)
38921 35   (0.0s)
38923 35   (0.0s)
38933 35   (0.0s)
38953 35   (0.0s)
38959 35   (0.0s)
38971 35   (0.0s)
38977 35   (0.0s)
38993 35   (0.0s)
39019 35   (0.0s)
39023 35   (0.0s)
39041 35   (0.0s)
39043 35   (0.0s)
39047 35   (0.0s)
39079 35   (0.0s)
39089 35   (0.0s)
39097 35   (0.0s)
39103 35   (0.0s)
39107 35   (0.0s)
39113 35   (0.0s)
39119 35   (0.0s)
39133 35   (0.0s)
39139 35   (0.0s)
39157 35   (0.0s)
39161 35   (0.0s)
39163 35   (0.0s)
39181 35   (0.0s)
39191 35   (0.0s)
39199 35   (0.0s)
39209 35   (0.0s)
39217 35   (0.0s)
39227 35   (0.0s)
39229 35   (0.0s)
39233 35   (0.0s)
39239 35   (0.0s)
39241 35   (0.0s)
39251 35   (0.0s)
39293 35   (0.0s)
39301 35   (0.0s)
39313 35   (0.0s)
39317 35   (0.0s)
39323 35   (0.0s)
39341 35   (0.0s)
39343 35   (0.0s)
39359 35   (0.0s)
39367 35   (0.0s)
39371 35   (0.0s)
39373 35   (0.0s)
39383 35   (0.0s)
39397 35   (0.0s)
39409 35   (0.0s)
39419 35   (0.0s)
39439 35   (0.0s)
39443 35   (0.0s)
39451 35   (0.0s)
39461 35   (0.0s)
39499 35   (0.0s)
39503 35   (0.0s)
39509 35   (0.0s)
39511 35   (0.0s)
39521 35   (0.0s)
39541 35   (0.0s)
39551 35   (0.0s)
39563 35   (0.0s)
39569 35   (0.0s)
39581 35   (0.0s)
39607 35   (0.0s)
39619 35   (0.0s)
39623 35   (0.0s)
39631 35   (0.0s)
39659 35   (0.0s)
39667 35   (0.0s)
39671 35   (0.0s)
39679 35   (0.0s)
39703 35   (0.0s)
39709 35   (0.0s)
39719 35   (0.0s)
39727 35   (0.0s)
39733 35   (0.0s)
39749 35   (0.0s)
39761 35   (0.0s)
39769 35   (0.0s)
39779 35   (0.0s)
39791 35   (0.0s)
39799 35   (0.0s)
39821 35   (0.0s)
39827 35   (0.0s)
39829 35   (0.0s)
39839 35   (0.0s)
39841 35   (0.0s)
39847 35   (0.0s)
39857 35   (0.0s)
39863 35   (0.0s)
39869 35   (0.0s)
39877 35   (0.0s)
39883 35   (0.0s)
39887 35   (0.0s)
39901 35   (0.0s)
39929 35   (0.0s)
39937 35   (0.0s)
39953 35   (0.0s)
39971 35   (0.0s)
39979 35   (0.0s)
39983 35   (0.0s)
39989 35   (0.0s)
40009 35   (0.0s)
40013 35   (0.0s)
40031 35   (0.0s)
40037 35   (0.0s)
40039 35   (0.0s)
40063 35   (0.0s)
40087 35   (0.0s)
40093 35   (0.0s)
40099 35   (0.0s)
40111 35   (0.0s)
40123 35   (0.0s)
40127 35   (0.0s)
40129 35   (0.0s)
40151 35   (0.0s)
40153 35   (0.0s)
40163 35   (0.0s)
40169 35   (0.0s)
40177 35   (0.0s)
40189 35   (0.0s)
40193 35   (0.0s)
40213 35   (0.0s)
40231 35   (0.0s)
40237 35   (0.0s)
40241 35   (0.0s)
40253 35   (0.0s)
40277 35   (0.0s)
40283 35   (0.0s)
40289 35   (0.0s)
40343 35   (0.0s)
40351 35   (0.0s)
40357 35   (0.0s)
40361 35   (0.0s)
40387 35   (0.0s)
40423 35   (0.0s)
40427 35   (0.0s)
40429 35   (0.0s)
40433 35   (0.0s)
40459 35   (0.0s)
40471 35   (0.0s)
40483 35   (0.0s)
40487 35   (0.0s)
40493 35   (0.0s)
40499 35   (0.0s)
40507 35   (0.0s)
40519 35   (0.0s)
40529 35   (0.0s)
40531 35   (0.0s)
40543 35   (0.0s)
40559 35   (0.0s)
40577 35   (0.0s)
40583 35   (0.0s)
40591 35   (0.0s)
40597 35   (0.0s)
40609 35   (0.0s)
40627 35   (0.0s)
40637 35   (0.0s)
40639 35   (0.0s)
40693 35   (0.0s)
40697 35   (0.0s)
40699 35   (0.0s)
40709 35   (0.0s)
40739 35   (0.0s)
40751 35   (0.0s)
40759 35   (0.0s)
40763 35   (0.0s)
40771 35   (0.0s)
40787 35   (0.0s)
40801 35   (0.0s)
40813 35   (0.0s)
40819 35   (0.0s)
40823 35   (0.0s)
40829 35   (0.0s)
40841 35   (0.0s)
40847 35   (0.0s)
40849 35   (0.0s)
40853 35   (0.0s)
40867 35   (0.0s)
40879 35   (0.0s)
40883 35   (0.0s)
40897 35   (0.0s)
40903 35   (0.0s)
40927 35   (0.0s)
40933 35   (0.0s)
40939 35   (0.0s)
40949 35   (0.0s)
40961 35   (0.0s)
40973 35   (0.0s)
40993 35   (0.0s)
41011 35   (0.0s)
41017 35   (0.0s)
41023 35   (0.0s)
41039 35   (0.0s)
41047 35   (0.0s)
41051 35   (0.0s)
41057 35   (0.0s)
41077 35   (0.0s)
41081 35   (0.0s)
41113 35   (0.0s)
41117 35   (0.0s)
41131 35   (0.0s)
41141 35   (0.0s)
41143 35   (0.0s)
41149 35   (0.0s)
41161 35   (0.0s)
41177 35   (0.0s)
41179 35   (0.0s)
41183 35   (0.0s)
41189 35   (0.0s)
41201 35   (0.0s)
41203 35   (0.0s)
41213 35   (0.0s)
41221 35   (0.0s)
41227 35   (0.0s)
41231 35   (0.0s)
41233 35   (0.0s)
41243 35   (0.0s)
41257 35   (0.0s)
41263 35   (0.0s)
41269 35   (0.0s)
41281 35   (0.0s)
41299 35   (0.0s)
41333 35   (0.0s)
41341 35   (0.0s)
41351 35   (0.0s)
41357 35   (0.0s)
41381 35   (0.0s)
41387 35   (0.0s)
41389 35   (0.0s)
41399 35   (0.0s)
41411 35   (0.0s)
41413 35   (0.0s)
41443 35   (0.0s)
41453 35   (0.0s)
41467 35   (0.0s)
41479 35   (0.0s)
41491 35   (0.0s)
41507 35   (0.0s)
41513 35   (0.0s)
41519 35   (0.0s)
41521 35   (0.0s)
41539 35   (0.0s)
41543 35   (0.0s)
41549 35   (0.0s)
41579 35   (0.0s)
41593 35   (0.0s)
41597 35   (0.0s)
41603 35   (0.0s)
41609 35   (0.0s)
41611 35   (0.0s)
41617 35   (0.0s)
41621 35   (0.0s)
41627 35   (0.0s)
41641 35   (0.0s)
41647 35   (0.0s)
41651 35   (0.0s)
41659 35   (0.0s)
41669 35   (0.0s)
41681 35   (0.0s)
41687 35   (0.0s)
41719 35   (0.0s)
41729 35   (0.0s)
41737 35   (0.0s)
41759 35   (0.0s)
41761 35   (0.0s)
41771 35   (0.0s)
41777 35   (0.0s)
41801 35   (0.0s)
41809 35   (0.0s)
41813 35   (0.0s)
41843 35   (0.0s)
41849 35   (0.0s)
41851 35   (0.0s)
41863 35   (0.0s)
41879 35   (0.0s)
41887 35   (0.0s)
41893 35   (0.0s)
41897 35   (0.0s)
41903 35   (0.0s)
41911 35   (0.0s)
41927 35   (0.0s)
41941 35   (0.0s)
41947 35   (0.0s)
41953 35   (0.0s)
41957 35   (0.0s)
41959 35   (0.0s)
41969 35   (0.0s)
41981 35   (0.0s)
41983 35   (0.0s)
41999 35   (0.0s)
42013 35   (0.0s)
42017 35   (0.0s)
42019 35   (0.0s)
42023 35   (0.0s)
42043 35   (0.0s)
42061 35   (0.0s)
42071 35   (0.0s)
42073 35   (0.0s)
42083 35   (0.0s)
42089 35   (0.0s)
42101 35   (0.0s)
42131 35   (0.0s)
42139 35   (0.0s)
42157 35   (0.0s)
42169 35   (0.0s)
42179 35   (0.0s)
42181 35   (0.0s)
42187 35   (0.0s)
42193 35   (0.0s)
42197 35   (0.0s)
42209 35   (0.0s)
42221 35   (0.0s)
42223 35   (0.0s)
42227 35   (0.0s)
42239 35   (0.0s)
42257 35   (0.0s)
42281 35   (0.0s)
42283 35   (0.0s)
42293 35   (0.0s)
42299 35   (0.0s)
42307 35   (0.0s)
42323 35   (0.0s)
42331 35   (0.0s)
42337 35   (0.0s)
42349 35   (0.0s)
42359 35   (0.0s)
42373 35   (0.0s)
42379 35   (0.0s)
42391 35   (0.0s)
42397 35   (0.0s)
42403 35   (0.0s)
42407 35   (0.0s)
42409 35   (0.0s)
42433 35   (0.0s)
42437 35   (0.0s)
42443 35   (0.0s)
42451 35   (0.0s)
42457 35   (0.0s)
42461 35   (0.0s)
42463 35   (0.0s)
42467 35   (0.0s)
42473 35   (0.0s)
42487 35   (0.0s)
42491 35   (0.0s)
42499 35   (0.0s)
42509 35   (0.0s)
42533 35   (0.0s)
42557 35   (0.0s)
42569 35   (0.0s)
42571 35   (0.0s)
42577 35   (0.0s)
42589 35   (0.0s)
42611 35   (0.0s)
42641 35   (0.0s)
42643 35   (0.0s)
42649 35   (0.0s)
42667 35   (0.0s)
42677 35   (0.0s)
42683 35   (0.0s)
42689 35   (0.0s)
42697 35   (0.0s)
42701 35   (0.0s)
42703 35   (0.0s)
42709 35   (0.0s)
42719 35   (0.0s)
42727 35   (0.0s)
42737 35   (0.0s)
42743 35   (0.0s)
42751 35   (0.0s)
42767 35   (0.0s)
42773 35   (0.0s)
42787 35   (0.0s)
42793 35   (0.0s)
42797 35   (0.0s)
42821 35   (0.0s)
42829 35   (0.0s)
42839 35   (0.0s)
42841 35   (0.0s)
42853 35   (0.0s)
42859 35   (0.0s)
42863 35   (0.0s)
42899 35   (0.0s)
42901 35   (0.0s)
42923 35   (0.0s)
42929 35   (0.0s)
42937 35   (0.0s)
42943 35   (0.0s)
42953 35   (0.0s)
42961 35   (0.0s)
42967 35   (0.0s)
42979 35   (0.0s)
42989 35   (0.0s)
43003 35   (0.0s)
43013 35   (0.0s)
43019 35   (0.0s)
43037 35   (0.0s)
43049 35   (0.0s)
43051 35   (0.0s)
43063 35   (0.0s)
43067 35   (0.0s)
43093 35   (0.0s)
43103 35   (0.0s)
43117 35   (0.0s)
43133 35   (0.0s)
43151 35   (0.0s)
43159 35   (0.0s)
43177 35   (0.0s)
43189 35   (0.0s)
43201 35   (0.0s)
43207 35   (0.0s)
43223 35   (0.0s)
43237 35   (0.0s)
43261 35   (0.0s)
43271 35   (0.0s)
43283 35   (0.0s)
43291 35   (0.0s)
43313 35   (0.0s)
43319 35   (0.0s)
43321 35   (0.0s)
43331 35   (0.0s)
43391 35   (0.0s)
43397 35   (0.0s)
43399 35   (0.0s)
43403 35   (0.0s)
43411 35   (0.0s)
43427 35   (0.0s)
43441 35   (0.0s)
43451 35   (0.0s)
43457 35   (0.0s)
43481 35   (0.0s)
43487 35   (0.0s)
43499 35   (0.0s)
43517 35   (0.0s)
43541 35   (0.0s)
43543 35   (0.0s)
43573 35   (0.0s)
43577 35   (0.0s)
43579 35   (0.0s)
43591 35   (0.0s)
43597 35   (0.0s)
43607 35   (0.0s)
43609 35   (0.0s)
43613 35   (0.0s)
43627 35   (0.0s)
43633 35   (0.0s)
43649 35   (0.0s)
43651 35   (0.0s)
43661 35   (0.0s)
43669 35   (0.0s)
43691 35   (0.0s)
43711 35   (0.0s)
43717 35   (0.0s)
43721 35   (0.0s)
43753 35   (0.0s)
43759 35   (0.0s)
43777 35   (0.0s)
43781 35   (0.0s)
43783 35   (0.0s)
43787 35   (0.0s)
43789 35   (0.0s)
43793 35   (0.0s)
43801 35   (0.0s)
43853 35   (0.0s)
43867 35   (0.0s)
43889 35   (0.0s)
43891 35   (0.0s)
43913 35   (0.0s)
43933 35   (0.0s)
43943 35   (0.0s)
43951 35   (0.0s)
43961 35   (0.0s)
43963 35   (0.0s)
43969 35   (0.0s)
43973 35   (0.0s)
43987 35   (0.0s)
43991 35   (0.0s)
43997 35   (0.0s)
44017 35   (0.0s)
44021 35   (0.0s)
44027 35   (0.0s)
44029 35   (0.0s)
44041 35   (0.0s)
44053 35   (0.0s)
44059 35   (0.0s)
44071 35   (0.0s)
44087 35   (0.0s)
44089 35   (0.0s)
44101 35   (0.0s)
44111 35   (0.0s)
44119 35   (0.0s)
44123 35   (0.0s)
44129 35   (0.0s)
44131 35   (0.0s)
44159 35   (0.0s)
44171 35   (0.0s)
44179 35   (0.0s)
44189 35   (0.0s)
44201 35   (0.0s)
44203 35   (0.0s)
44207 35   (0.0s)
44221 35   (0.0s)
44249 35   (0.0s)
44257 35   (0.0s)
44263 35   (0.0s)
44267 35   (0.0s)
44269 35   (0.0s)
44273 35   (0.0s)
44279 35   (0.0s)
44281 35   (0.0s)
44293 35   (0.0s)
44351 35   (0.0s)
44357 35   (0.0s)
44371 35   (0.0s)
44381 35   (0.0s)
44383 35   (0.0s)
44389 35   (0.0s)
44417 35   (0.0s)
44449 35   (0.0s)
44453 35   (0.0s)
44483 35   (0.0s)
44491 35   (0.0s)
44497 35   (0.0s)
44501 35   (0.0s)
44507 35   (0.0s)
44519 35   (0.0s)
44531 35   (0.0s)
44533 35   (0.0s)
44537 35   (0.0s)
44543 35   (0.0s)
44549 35   (0.0s)
44563 35   (0.0s)
44579 35   (0.0s)
44587 35   (0.0s)
44617 35   (0.0s)
44621 35   (0.0s)
44623 35   (0.0s)
44633 35   (0.0s)
2147483647 35   (0.0s)
2147483629 35   (0.0s)
2147483587 35   (0.0s)
