primes: [1000000000000000009, 1000000000000000031, 1000000000000000079, 1000000000000000177, 1000000000000000183, 1000000000000000201]
H=1  states=1  S_1(160) has 1 digits
H=2  states=3  S_2(160) has 62 digits
H=3  states=8  S_3(160) has 86 digits
H=4  states=20  S_4(160) has 100 digits
H=5  states=50  S_5(160) has 108 digits
H=6  states=126  S_6(160) has 114 digits
TM vs own enum: 57 cells (n<=12,H<=6), 0 mismatches
q_1: degree 1, exact-certified on 159 instances (n in [2,160])
q_2: degree 2, exact-certified on 158 instances (n in [3,160])
q_3: degree 4, exact-certified on 156 instances (n in [5,160])
q_4: degree 9, exact-certified on 151 instances (n in [10,160])
q_5: degree 29, exact-certified on 131 instances (n in [30,160])
q_6: degree 68, exact-certified on 92 instances (n in [69,160])
gcd(q_1, q_1') mod p: degree 0 SQUAREFREE
gcd(q_2, q_2') mod p: degree 0 SQUAREFREE
gcd(q_3, q_3') mod p: degree 0 SQUAREFREE
gcd(q_4, q_4') mod p: degree 0 SQUAREFREE
gcd(q_5, q_5') mod p: degree 0 SQUAREFREE
gcd(q_6, q_6') mod p: degree 0 SQUAREFREE
pairwise coprime: all pairs q_a, q_b (a<b<=6) have gcd 1
p_2 = q_2*q_1*q_0 (order 3) annihilates T(.,2): 156 exact instances
p_3 = q_3*q_2*q_1 (order 7) annihilates T(.,3): 151 exact instances
p_4 = q_4*q_3*q_2 (order 15) annihilates T(.,4): 142 exact instances
p_5 = q_5*q_4*q_3 (order 42) annihilates T(.,5): 114 exact instances
p_6 = q_6*q_5*q_4 (order 106) annihilates T(.,6): 49 exact instances
wrote data/p3_atoms_q.txt and data/p3_striptm_T.txt
