== Part 1: colour DP vs my own brute force (exact integers) ==
  OK H=2 W=4: [q^1]==brute all n; [q^0]==0; A_n(1)==C(8,n)
  OK H=3 W=3: [q^1]==brute all n; [q^0]==0; A_n(1)==C(9,n)
  OK H=3 W=4: [q^1]==brute all n; [q^0]==0; A_n(1)==C(12,n)
  OK H=4 W=3: [q^1]==brute all n; [q^0]==0; A_n(1)==C(12,n)
== Part 2: drop NW adjacency; do the self-checks notice? ==
  [q^0]=0 still passes: True; A_n(1)=C(12,n) still passes: True; [q^1] wrong at n=[2, 3, 4, 5, 6, 7, 8, 9, 10]
== Part 3: residues mod small primes + CRT reconstruction ==
  OK: per-prime residues == exact mod p; CRT reconstruction == exact (mod 5005); vanishing residues (n,p)=[(3, 5), (5, 5), (10, 11), (5, 13)]... benign
== Part 4: column-cut state sets, colour vs incumbent ==
H  colour  closedform(Bell)  incumbent  Motzkin(H+1)-1  colour>=incumbent  crossing_states
2  3  3  3  3  True  0
3  8  8  8  8  True  0
4  20  20  20  20  True  0
5  50  50  50  50  True  0
6  126  126  126  126  True  0
7  323  323  322  322  True  1
  H=7 witness ABAB (1, 0, 2, 0, 1, 0, 2): in colour set: True; in incumbent set: False; crossing count at H=7: 1
8  843  843  834  834  True  9
9  2242  2242  2187  2187  True  55
  branch cross-check: colour 2242? True; incumbent 2187? True
  incumbent transitions DO merge distinct old labels (union-find); colour transitions NEVER do (extend/join-at-birth/retire/clash only)
== Part 5: window census (distinct windows, steady state) ==
  H=4  windows=45  ratio=-  ==branch
  H=5  windows=111  ratio=2.467  ==branch
  H=6  windows=279  ratio=2.514  ==branch
  H=7  windows=718  ratio=2.573  ==branch
  H=8  windows=1884  ratio=2.624  ==branch
  H=9  windows=5041  ratio=2.676  ==branch
  H=10  windows=13733  ratio=2.724  ==branch
  H=11  windows=38065  ratio=2.772  ==branch
  H=12  windows=107241  ratio=2.817  ==branch
== Part 6: how many 8-bit prime runs cover T(40,15)? ==
  k=10: product of 10 largest 8-bit primes = 2^78.10  <  T(40,15) = 2^102.33
  k=11: product of 11 largest 8-bit primes = 2^85.69  <  T(40,15) = 2^102.33
  k=12: product of 12 largest 8-bit primes = 2^93.27  <  T(40,15) = 2^102.33
  k=13: product of 13 largest 8-bit primes = 2^100.77  <  T(40,15) = 2^102.33
  k=14: product of 14 largest 8-bit primes = 2^108.25  >= T(40,15) = 2^102.33
  k=15: product of 15 largest 8-bit primes = 2^115.68  >= T(40,15) = 2^102.33
  k=16: product of 16 largest 8-bit primes = 2^123.07  >= T(40,15) = 2^102.33
  minimum runs with largest 8-bit primes: 14 (L6 claimed 13)
total 62.1s
