== band shares ==
H=15..20 share: 48.0014%  (L6 claims 48.00%)
H=15..21 share: 50.8445%  (brief: 50.8445%)

== CRT modulus count (L6: '13 runs exceed log2 T(40,15) ~ 103 bits') ==
log2 T(40,15) = 103 bits
largest 8-bit primes, product first exceeds T(40,15) at k = 14 runs
top-13 product bits = 1
top-13 product = 100..101 bits; covers T(40,15)? False

== L6 ladder projections: growth-base sensitivity ==
anchor: 0.936 us/slot-col (branch, H=14, exact payload)
-- growth base x2.9 (L6 model)
   H=20: windows 530M  RAM(model) 51 GiB  (x1.5 container: 77 GiB)  wall(1 thr) 4.9 d
   H=21: windows 1,537M  RAM(model) 149 GiB  (x1.5 container: 223 GiB)  wall(1 thr) 13.7 d
-- growth base x3.04 (L6 own probe, upper)
   H=20: windows 703M  RAM(model) 68 GiB  (x1.5 container: 102 GiB)  wall(1 thr) 6.6 d
   H=21: windows 2,138M  RAM(model) 207 GiB  (x1.5 container: 311 GiB)  wall(1 thr) 19.0 d

== L6 ladder total wall, one 8-bit prime, H=15..20 (base 2.9) ==
sum H=15..20: 7.7 days single-thread; x14 CRT runs = 108 days

== L4 floor spot-check ==
lambda^4 = 2.669^8 = 2575 (L4: ~2574)
I(h)(40) ~ 6.56e+15 (L4: 6.6e15);  I(C2)(40) ~ 1.82e+16 (L4: 1.8e16)
hmirror wall: 7.49 s x 2.669^22 = 569 laptop-yr (L4: 570)
r180 wall:   53.1 s x 2.669^22 = 4033 laptop-yr (L4: 4000)
floor at 8.5e5/s: 244 yr (L4: ~240); at 3.1e5/s: 1859 yr (L4: ~1900)

== L5 model-count floor ==
band sum H=15..21 = 2.885e+31 models (L5: ~2.9e31)
