exact 'before' numbers at H=21:
  incumbent column states Motzkin(22)-1 = 400763222
  B1 column-cut sum C(22,2k)Bell(k)     = 941574417
  valid spin colorings (q=2), H=21      = 131836323
  valid spin colorings (q=2), H=20      = 54608393
  3^21 = 10460353203  3^20 = 3486784401
  spatial floor M(11), M(12) = 5798 15511
brute check H=2 W=3: OK
brute check H=3 W=3: OK
brute check H=3 W=4: OK
RED control OK: corrupted stencil miscounts vs brute force at H=3 W=3

H  states  Motzkin-1  rank_GF2(x=1)  rank_GF(2^16) t1  t2  A-S1 mod-p
4  20  20  6  6  6  6   (0.0s)
5  50  50  15  15  15  17   (0.0s)
6  126  126  27  27  27  35   (0.1s)
7  322  322  58  58  58  88   (0.9s)
8  834  834  112  112  112  204   (5.9s)
brute check H=2 W=3: OK
brute check H=3 W=3: OK
brute check H=3 W=4: OK
RED control OK: corrupted stencil miscounts vs brute force at H=3 W=3

H  states  Motzkin-1  rank_GF2(x=1)  rank_GF(2^16) t1  t2  A-S1 mod-p
4  20  20  6  6  6  6   (0.0s)
5  50  50  15  15  15  17   (0.0s)
6  126  126  27  27  27  35   (0.1s)
7  322  322  58  58  58  88   (0.9s)
8  834  834  112  112  112  204   (6.0s)
9  2187  2187  229  229  229  501   (44.0s)
