grower validated against A006770 for n <= 7 (0.2s)

--- RED control (must FAIL) ---

=== RED broken shift rule ===
  n=4 H=1: T=1 fix=1 wd_fail=0 inv_fail=0 OK parityOK fix==D2axFix
  n=4 H=2: T=27 fix=22 wd_fail=0 inv_fail=5 FAIL
      inv-fail example: A -> B -> C, C != A
        A: .##
           #.#
        B: .#.#
           #.#.
        C: .#.#
           #.#.
      inv-fail example: A -> B -> C, C != A
        A: ###
           ..#
        B: ##.#
           ..#.
        C: ##.#
           ..#.
      inv-fail example: A -> B -> C, C != A
        A: #.#
           .##
        B: #..#
           .##.
        C: #..#
           .##.
  n=4 H=3: T=55 fix=45 wd_fail=0 inv_fail=10 FAIL
      inv-fail example: A -> B -> C, C != A
        A: ..#
           #.#
           .#.
        B: ...#
           #.#.
           .#..
        C: ...#
           #.#.
           .#..
      inv-fail example: A -> B -> C, C != A
        A: ##
           .#
           #.
        B: #.#
           .#.
           #..
        C: #.#
           .#.
           #..
      inv-fail example: A -> B -> C, C != A
        A: #.
           ##
           .#
        B: #..
           #.#
           .#.
        C: #..
           #.#
           .#.
  n=4 H=4: T=27 fix=22 wd_fail=0 inv_fail=5 FAIL
      inv-fail example: A -> B -> C, C != A
        A: .#
           .#
           #.
           .#
        B: ..#
           .#.
           #..
           .#.
        C: ..#
           .#.
           #..
           .#.
      inv-fail example: A -> B -> C, C != A
        A: ..#
           ..#
           .#.
           #..
        B: ...#
           ..#.
           .#..
           #...
        C: ...#
           ..#.
           .#..
           #...
      inv-fail example: A -> B -> C, C != A
        A: .#
           .#
           .#
           #.
        B: ..#
           .#.
           .#.
           #..
        C: ..#
           .#.
           .#.
           #..
  n=5 H=1: T=1 fix=1 wd_fail=0 inv_fail=0 OK parityOK fix==D2axFix
  n=5 H=2: T=68 fix=56 wd_fail=0 inv_fail=12 FAIL
      inv-fail example: A -> B -> C, C != A
        A: #.#
           ###
        B: #..#
           ###.
        C: #..#
           ###.
      inv-fail example: A -> B -> C, C != A
        A: ###
           #.#
        B: ##.#
           #.#.
        C: ##.#
           #.#.
      inv-fail example: A -> B -> C, C != A
        A: ###
           .##
        B: ##.#
           .##.
        C: ##.#
           .##.
  n=5 H=3: T=248 fix=203 wd_fail=0 inv_fail=45 FAIL
      inv-fail example: A -> B -> C, C != A
        A: .#..
           #.##
           ...#
        B: .#...
           #.#.#
           ...#.
        C: .#...
           #.#.#
           ...#.
      inv-fail example: A -> B -> C, C != A
        A: #.
           ##
           ##
        B: #..
           #.#
           ##.
        C: #..
           #.#
           ##.
      inv-fail example: A -> B -> C, C != A
        A: ##.
           .##
           ..#
        B: ##..
           .#.#
           ..#.
        C: ##..
           .#.#
           ..#.
  n=5 H=4: T=240 fix=200 wd_fail=0 inv_fail=40 FAIL
      inv-fail example: A -> B -> C, C != A
        A: ##
           .#
           #.
           #.
        B: #.#
           .#.
           #..
           #..
        C: #.#
           .#.
           #..
           #..
      inv-fail example: A -> B -> C, C != A
        A: ..#
           ..#
           #.#
           .#.
        B: ...#
           ..#.
           #.#.
           .#..
        C: ...#
           ..#.
           #.#.
           .#..
      inv-fail example: A -> B -> C, C != A
        A: #.
           ##
           .#
           #.
        B: #..
           #.#
           .#.
           #..
        C: #..
           #.#
           .#.
           #..
  n=5 H=5: T=81 fix=68 wd_fail=0 inv_fail=13 FAIL
      inv-fail example: A -> B -> C, C != A
        A: #
           #
           #
           #
           #
        B: .#
           #.
           #.
           #.
           #.
        C: .#
           #.
           #.
           #.
           #.
      inv-fail example: A -> B -> C, C != A
        A: .#
           .#
           #.
           #.
           #.
        B: ..#
           .#.
           #..
           #..
           #..
        C: ..#
           .#.
           #..
           #..
           #..
      inv-fail example: A -> B -> C, C != A
        A: ...#
           ...#
           ..#.
           .#..
           #...
        B: ....#
           ...#.
           ..#..
           .#...
           #....
        C: ....#
           ...#.
           ..#..
           .#...
           #....
  VERDICT: FAILS

=== C1 vmirror (group baseline) ===
  n=1 H=1: T=1 fix=1 wd_fail=0 inv_fail=0 OK parityOK fix==D2axFix
  n=2 H=1: T=1 fix=1 wd_fail=0 inv_fail=0 OK parityOK fix==D2axFix
  n=2 H=2: T=3 fix=1 wd_fail=0 inv_fail=0 OK parityOK fix==D2axFix
  n=3 H=1: T=1 fix=1 wd_fail=0 inv_fail=0 OK parityOK fix==D2axFix
  n=3 H=2: T=10 fix=0 wd_fail=0 inv_fail=0 OK parityOK fix==D2axFix
  n=3 H=3: T=9 fix=3 wd_fail=0 inv_fail=0 OK parityOK
  n=4 H=1: T=1 fix=1 wd_fail=0 inv_fail=0 OK parityOK fix==D2axFix
  n=4 H=2: T=27 fix=1 wd_fail=0 inv_fail=0 OK parityOK fix==D2axFix
  n=4 H=3: T=55 fix=5 wd_fail=0 inv_fail=0 OK parityOK
  n=4 H=4: T=27 fix=3 wd_fail=0 inv_fail=0 OK parityOK
  n=5 H=1: T=1 fix=1 wd_fail=0 inv_fail=0 OK parityOK fix==D2axFix
  n=5 H=2: T=68 fix=0 wd_fail=0 inv_fail=0 OK parityOK fix==D2axFix
  n=5 H=3: T=248 fix=12 wd_fail=0 inv_fail=0 OK parityOK
  n=5 H=4: T=240 fix=0 wd_fail=0 inv_fail=0 OK parityOK fix==D2axFix
  n=5 H=5: T=81 fix=9 wd_fail=0 inv_fail=0 OK parityOK
  n=6 H=1: T=1 fix=1 wd_fail=0 inv_fail=0 OK parityOK fix==D2axFix
  n=6 H=2: T=167 fix=1 wd_fail=0 inv_fail=0 OK parityOK fix==D2axFix
  n=6 H=3: T=996 fix=22 wd_fail=0 inv_fail=0 OK parityOK
  n=6 H=4: T=1480 fix=10 wd_fail=0 inv_fail=0 OK parityOK
  n=6 H=5: T=945 fix=15 wd_fail=0 inv_fail=0 OK parityOK
  n=6 H=6: T=243 fix=9 wd_fail=0 inv_fail=0 OK parityOK
  n=7 H=1: T=1 fix=1 wd_fail=0 inv_fail=0 OK parityOK fix==D2axFix
  n=7 H=2: T=406 fix=0 wd_fail=0 inv_fail=0 OK parityOK fix==D2axFix
  n=7 H=3: T=3775 fix=43 wd_fail=0 inv_fail=0 OK parityOK
  n=7 H=4: T=7898 fix=0 wd_fail=0 inv_fail=0 OK parityOK fix==D2axFix
  n=7 H=5: T=7273 fix=61 wd_fail=0 inv_fail=0 OK parityOK
  n=7 H=6: T=3510 fix=0 wd_fail=0 inv_fail=0 OK parityOK fix==D2axFix
  n=7 H=7: T=729 fix=27 wd_fail=0 inv_fail=0 OK parityOK
  VERDICT: PASSES (involution on every class tested)

=== C2 first-site 2x2 slide ===
  n=1 H=1: T=1 fix=1 wd_fail=0 inv_fail=0 OK parityOK fix==D2axFix
  n=2 H=1: T=1 fix=1 wd_fail=0 inv_fail=0 OK parityOK fix==D2axFix
  n=2 H=2: T=3 fix=3 wd_fail=0 inv_fail=0 OK parityOK
  n=3 H=1: T=1 fix=1 wd_fail=0 inv_fail=0 OK parityOK fix==D2axFix
  n=3 H=2: T=10 fix=8 wd_fail=0 inv_fail=0 OK parityOK
  n=3 H=3: T=9 fix=9 wd_fail=0 inv_fail=0 OK parityOK
  n=4 H=1: T=1 fix=1 wd_fail=0 inv_fail=0 OK parityOK fix==D2axFix
  n=4 H=2: T=27 fix=20 wd_fail=0 inv_fail=1 FAIL
      inv-fail example: A -> B -> C, C != A
        A: ###
           ..#
        B: ##.
           .##
        C: #..
           ###
  n=4 H=3: T=55 fix=44 wd_fail=0 inv_fail=1 FAIL
      inv-fail example: A -> B -> C, C != A
        A: ##
           .#
           .#
        B: #.
           ##
           .#
        C: #.
           #.
           ##
  n=4 H=4: T=27 fix=27 wd_fail=0 inv_fail=0 OK parityOK
  n=5 H=1: T=1 fix=1 wd_fail=0 inv_fail=0 OK parityOK fix==D2axFix
  n=5 H=2: T=68 fix=44 wd_fail=0 inv_fail=4 FAIL
      inv-fail example: A -> B -> C, C != A
        A: .###
           #..#
        B: .##.
           #.##
        C: .#..
           ####
      inv-fail example: A -> B -> C, C != A
        A: ###.
           ..##
        B: ##..
           .###
        C: #...
           ####
      inv-fail example: A -> B -> C, C != A
        A: ####
           ...#
        B: ###.
           ..##
        C: ##..
           .###
  n=5 H=3: T=248 fix=177 wd_fail=0 inv_fail=9 FAIL
      inv-fail example: A -> B -> C, C != A
        A: ##.
           .##
           .#.
        B: #..
           ###
           .#.
        C: #..
           #.#
           ##.
      inv-fail example: A -> B -> C, C != A
        A: .##
           #.#
           .#.
        B: .#.
           ###
           .#.
        C: .#.
           #.#
           ##.
      inv-fail example: A -> B -> C, C != A
        A: ###
           ..#
           .#.
        B: ##.
           .##
           .#.
        C: #..
           ###
           .#.
  n=5 H=4: T=240 fix=192 wd_fail=0 inv_fail=6 FAIL
      inv-fail example: A -> B -> C, C != A
        A: .#
           ##
           .#
           .#
        B: .#
           #.
           ##
           .#
        C: .#
           #.
           #.
           ##
      inv-fail example: A -> B -> C, C != A
        A: ##
           .#
           .#
           .#
        B: #.
           ##
           .#
           .#
        C: #.
           #.
           ##
           .#
      inv-fail example: A -> B -> C, C != A
        A: ##.
           .#.
           .#.
           ..#
        B: #..
           ##.
           .#.
           ..#
        C: #..
           #..
           ##.
           ..#
  n=5 H=5: T=81 fix=81 wd_fail=0 inv_fail=0 OK parityOK
  n=6 H=1: T=1 fix=1 wd_fail=0 inv_fail=0 OK parityOK fix==D2axFix
  n=6 H=2: T=167 fix=97 wd_fail=0 inv_fail=14 FAIL
      inv-fail example: A -> B -> C, C != A
        A: ###..
           ..###
        B: ##...
           .####
        C: #....
           #####
      inv-fail example: A -> B -> C, C != A
        A: ###.#
           ..##.
        B: ##..#
           .###.
        C: #...#
           ####.
      inv-fail example: A -> B -> C, C != A
        A: ####
           #..#
        B: ###.
           #.##
        C: ##..
           ####
  n=6 H=3: T=996 fix=629 wd_fail=0 inv_fail=63 FAIL
      inv-fail example: A -> B -> C, C != A
        A: #....
           .####
           ....#
        B: #....
           .###.
           ...##
        C: #....
           .##..
           ..###
      inv-fail example: A -> B -> C, C != A
        A: .##.
           #.##
           .#..
        B: .#..
           ####
           .#..
        C: .#..
           #.##
           ##..
      inv-fail example: A -> B -> C, C != A
        A: ###.
           ..#.
           .#.#
        B: ##..
           .##.
           .#.#
        C: #...
           ###.
           .#.#
  n=6 H=4: T=1480 fix=1043 wd_fail=0 inv_fail=61 FAIL
      inv-fail example: A -> B -> C, C != A
        A: #...
           .##.
           ..##
           ..#.
        B: #...
           .#..
           .###
           ..#.
        C: #...
           .#..
           .#.#
           .##.
      inv-fail example: A -> B -> C, C != A
        A: #...
           #...
           .###
           ...#
        B: #...
           #...
           .##.
           ..##
        C: #...
           #...
           .#..
           .###
      inv-fail example: A -> B -> C, C != A
        A: .#..
           #...
           .###
           ...#
        B: .#..
           #...
           .##.
           ..##
        C: .#..
           #...
           .#..
           .###
  n=6 H=5: T=945 fix=756 wd_fail=0 inv_fail=27 FAIL
      inv-fail example: A -> B -> C, C != A
        A: #...
           .#..
           ..##
           ...#
           ...#
        B: #...
           .#..
           ..#.
           ..##
           ...#
        C: #...
           .#..
           ..#.
           ..#.
           ..##
      inv-fail example: A -> B -> C, C != A
        A: .#
           ##
           .#
           .#
           .#
        B: .#
           #.
           ##
           .#
           .#
        C: .#
           #.
           #.
           ##
           .#
      inv-fail example: A -> B -> C, C != A
        A: #.
           .#
           ##
           .#
           .#
        B: #.
           .#
           #.
           ##
           .#
        C: #.
           .#
           #.
           #.
           ##
  n=6 H=6: T=243 fix=243 wd_fail=0 inv_fail=0 OK parityOK
  n=7 H=1: T=1 fix=1 wd_fail=0 inv_fail=0 OK parityOK fix==D2axFix
  n=7 H=2: T=406 fix=208 wd_fail=0 inv_fail=42 FAIL
      inv-fail example: A -> B -> C, C != A
        A: #.####
           .#...#
        B: #.###.
           .#..##
        C: #.##..
           .#.###
      inv-fail example: A -> B -> C, C != A
        A: #.###.
           .#..##
        B: #.##..
           .#.###
        C: #.#...
           .#####
      inv-fail example: A -> B -> C, C != A
        A: #.####
           .#..#.
        B: #.##.#
           .#.##.
        C: #.#..#
           .####.
  n=7 H=3: T=3775 fix=2124 wd_fail=0 inv_fail=323 FAIL
      inv-fail example: A -> B -> C, C != A
        A: ####
           ..#.
           .##.
        B: ##.#
           .##.
           .##.
        C: #..#
           ###.
           .##.
      inv-fail example: A -> B -> C, C != A
        A: #..#.
           .####
           ...#.
        B: #..#.
           .##.#
           ..##.
        C: #..#.
           .#..#
           .###.
      inv-fail example: A -> B -> C, C != A
        A: ..#..
           ####.
           ...##
        B: ..#..
           ###..
           ..###
        C: ..#..
           ##...
           .####
  n=7 H=4: T=7898 fix=4954 wd_fail=0 inv_fail=500 FAIL
      inv-fail example: A -> B -> C, C != A
        A: ..##
           .#.#
           #..#
           ...#
        B: ..#.
           .###
           #..#
           ...#
        C: ..#.
           .##.
           #.##
           ...#
      inv-fail example: A -> B -> C, C != A
        A: .#...
           ###..
           ..##.
           ....#
        B: .#...
           ##...
           .###.
           ....#
        C: .#...
           #....
           ####.
           ....#
      inv-fail example: A -> B -> C, C != A
        A: ##.
           ###
           ..#
           ..#
        B: ##.
           ##.
           .##
           ..#
        C: ##.
           ##.
           .#.
           .##
  n=7 H=5: T=7273 fix=5065 wd_fail=0 inv_fail=330 FAIL
      inv-fail example: A -> B -> C, C != A
        A: ##
           .#
           .#
           .#
           ##
        B: #.
           ##
           .#
           .#
           ##
        C: #.
           #.
           ##
           .#
           ##
      inv-fail example: A -> B -> C, C != A
        A: ##..
           .#..
           .#..
           .#..
           ..##
        B: #...
           ##..
           .#..
           .#..
           ..##
        C: #...
           #...
           ##..
           .#..
           ..##
      inv-fail example: A -> B -> C, C != A
        A: #...
           ##..
           .#..
           .#..
           ..##
        B: #...
           #...
           ##..
           .#..
           ..##
        C: #...
           #...
           #...
           ##..
           ..##
  n=7 H=6: T=3510 fix=2808 wd_fail=0 inv_fail=108 FAIL
      inv-fail example: A -> B -> C, C != A
        A: ..#
           .#.
           #..
           .##
           ..#
           ..#
        B: ..#
           .#.
           #..
           .#.
           .##
           ..#
        C: ..#
           .#.
           #..
           .#.
           .#.
           .##
      inv-fail example: A -> B -> C, C != A
        A: ##.
           .#.
           .#.
           .#.
           ..#
           ..#
        B: #..
           ##.
           .#.
           .#.
           ..#
           ..#
        C: #..
           #..
           ##.
           .#.
           ..#
           ..#
      inv-fail example: A -> B -> C, C != A
        A: #.
           #.
           ##
           .#
           .#
           .#
        B: #.
           #.
           #.
           ##
           .#
           .#
        C: #.
           #.
           #.
           #.
           ##
           .#
  n=7 H=7: T=729 fix=729 wd_fail=0 inv_fail=0 OK parityOK
  VERDICT: FAILS

=== C2L local-candidacy 2x2 slide ===
  n=1 H=1: T=1 fix=1 wd_fail=0 inv_fail=0 OK parityOK fix==D2axFix
  n=2 H=1: T=1 fix=1 wd_fail=0 inv_fail=0 OK parityOK fix==D2axFix
  n=2 H=2: T=3 fix=3 wd_fail=0 inv_fail=0 OK parityOK
  n=3 H=1: T=1 fix=1 wd_fail=0 inv_fail=0 OK parityOK fix==D2axFix
  n=3 H=2: T=10 fix=8 wd_fail=0 inv_fail=0 OK parityOK
  n=3 H=3: T=9 fix=9 wd_fail=0 inv_fail=0 OK parityOK
  n=4 H=1: T=1 fix=1 wd_fail=0 inv_fail=0 OK parityOK fix==D2axFix
  n=4 H=2: T=27 fix=20 wd_fail=0 inv_fail=1 FAIL
      inv-fail example: A -> B -> C, C != A
        A: ###
           ..#
        B: ##.
           .##
        C: #..
           ###
  n=4 H=3: T=55 fix=42 wd_fail=2 inv_fail=1 FAIL
      inv-fail example: A -> B -> C, C != A
        A: ##
           .#
           .#
        B: #.
           ##
           .#
        C: #.
           #.
           ##
  n=4 H=4: T=27 fix=27 wd_fail=0 inv_fail=0 OK parityOK
  n=5 H=1: T=1 fix=1 wd_fail=0 inv_fail=0 OK parityOK fix==D2axFix
  n=5 H=2: T=68 fix=44 wd_fail=0 inv_fail=4 FAIL
      inv-fail example: A -> B -> C, C != A
        A: .###
           #..#
        B: .##.
           #.##
        C: .#..
           ####
      inv-fail example: A -> B -> C, C != A
        A: ###.
           ..##
        B: ##..
           .###
        C: #...
           ####
      inv-fail example: A -> B -> C, C != A
        A: ####
           ...#
        B: ###.
           ..##
        C: ##..
           .###
  n=5 H=3: T=248 fix=167 wd_fail=12 inv_fail=11 FAIL
      inv-fail example: A -> B -> C, C != A
        A: ###
           .#.
           .#.
        B: #.#
           ##.
           .#.
        C: #.#
           #..
           ##.
      inv-fail example: A -> B -> C, C != A
        A: ##.
           .##
           .#.
        B: #..
           ###
           .#.
        C: #..
           #.#
           ##.
      inv-fail example: A -> B -> C, C != A
        A: .##
           #.#
           .#.
        B: .#.
           ###
           .#.
        C: .#.
           #.#
           ##.
  n=5 H=4: T=240 fix=180 wd_fail=12 inv_fail=6 FAIL
      inv-fail example: A -> B -> C, C != A
        A: .#
           ##
           .#
           .#
        B: .#
           #.
           ##
           .#
        C: .#
           #.
           #.
           ##
      inv-fail example: A -> B -> C, C != A
        A: ##
           .#
           .#
           .#
        B: #.
           ##
           .#
           .#
        C: #.
           #.
           ##
           .#
      inv-fail example: A -> B -> C, C != A
        A: ##.
           .#.
           .#.
           ..#
        B: #..
           ##.
           .#.
           ..#
        C: #..
           #..
           ##.
           ..#
  n=5 H=5: T=81 fix=81 wd_fail=0 inv_fail=0 OK parityOK
  n=6 H=1: T=1 fix=1 wd_fail=0 inv_fail=0 OK parityOK fix==D2axFix
  n=6 H=2: T=167 fix=97 wd_fail=0 inv_fail=14 FAIL
      inv-fail example: A -> B -> C, C != A
        A: ###..
           ..###
        B: ##...
           .####
        C: #....
           #####
      inv-fail example: A -> B -> C, C != A
        A: ###.#
           ..##.
        B: ##..#
           .###.
        C: #...#
           ####.
      inv-fail example: A -> B -> C, C != A
        A: ####
           #..#
        B: ###.
           #.##
        C: ##..
           ####
  n=6 H=3: T=996 fix=586 wd_fail=55 inv_fail=71 FAIL
      inv-fail example: A -> B -> C, C != A
        A: ####
           .#..
           .#..
        B: #.##
           ##..
           .#..
        C: #.##
           #...
           ##..
      inv-fail example: A -> B -> C, C != A
        A: #....
           .####
           ....#
        B: #....
           .###.
           ...##
        C: #....
           .##..
           ..###
      inv-fail example: A -> B -> C, C != A
        A: .##.
           #.##
           .#..
        B: .#..
           ####
           .#..
        C: .#..
           #.##
           ##..
  n=6 H=4: T=1480 fix=951 wd_fail=106 inv_fail=71 FAIL
      inv-fail example: A -> B -> C, C != A
        A: #...
           .##.
           ..##
           ..#.
        B: #...
           .#..
           .###
           ..#.
        C: #...
           .#..
           .#.#
           .##.
      inv-fail example: A -> B -> C, C != A
        A: #...
           #...
           .###
           ...#
        B: #...
           #...
           .##.
           ..##
        C: #...
           #...
           .#..
           .###
      inv-fail example: A -> B -> C, C != A
        A: .#..
           #...
           .###
           ...#
        B: .#..
           #...
           .##.
           ..##
        C: .#..
           #...
           .#..
           .###
  n=6 H=5: T=945 fix=702 wd_fail=54 inv_fail=27 FAIL
      inv-fail example: A -> B -> C, C != A
        A: #...
           .#..
           ..##
           ...#
           ...#
        B: #...
           .#..
           ..#.
           ..##
           ...#
        C: #...
           .#..
           ..#.
           ..#.
           ..##
      inv-fail example: A -> B -> C, C != A
        A: .#
           ##
           .#
           .#
           .#
        B: .#
           #.
           ##
           .#
           .#
        C: .#
           #.
           #.
           ##
           .#
      inv-fail example: A -> B -> C, C != A
        A: #.
           .#
           ##
           .#
           .#
        B: #.
           .#
           #.
           ##
           .#
        C: #.
           .#
           #.
           #.
           ##
  n=6 H=6: T=243 fix=243 wd_fail=0 inv_fail=0 OK parityOK
  n=7 H=1: T=1 fix=1 wd_fail=0 inv_fail=0 OK parityOK fix==D2axFix
  n=7 H=2: T=406 fix=208 wd_fail=0 inv_fail=42 FAIL
      inv-fail example: A -> B -> C, C != A
        A: #.####
           .#...#
        B: #.###.
           .#..##
        C: #.##..
           .#.###
      inv-fail example: A -> B -> C, C != A
        A: #.###.
           .#..##
        B: #.##..
           .#.###
        C: #.#...
           .#####
      inv-fail example: A -> B -> C, C != A
        A: #.####
           .#..#.
        B: #.##.#
           .#.##.
        C: #.#..#
           .####.
  n=7 H=3: T=3775 fix=1957 wd_fail=230 inv_fail=354 FAIL
      inv-fail example: A -> B -> C, C != A
        A: ####
           ..#.
           .##.
        B: ##.#
           .##.
           .##.
        C: #..#
           ###.
           .##.
      inv-fail example: A -> B -> C, C != A
        A: #..#.
           .####
           ...#.
        B: #..#.
           .##.#
           ..##.
        C: #..#.
           .#..#
           .###.
      inv-fail example: A -> B -> C, C != A
        A: ...##
           ####.
           ...#.
        B: ...##
           ###..
           ..##.
        C: ...##
           ##...
           .###.
  n=7 H=4: T=7898 fix=4418 wd_fail=667 inv_fail=567 FAIL
      inv-fail example: A -> B -> C, C != A
        A: ###.
           .#..
           .#..
           ..##
        B: #.#.
           ##..
           .#..
           ..##
        C: #.#.
           #...
           ##..
           ..##
      inv-fail example: A -> B -> C, C != A
        A: ..##
           .#.#
           #..#
           ...#
        B: ..#.
           .###
           #..#
           ...#
        C: ..#.
           .##.
           #.##
           ...#
      inv-fail example: A -> B -> C, C != A
        A: .#...
           ###..
           ..##.
           ....#
        B: .#...
           ##...
           .###.
           ....#
        C: .#...
           #....
           ####.
           ....#
  n=7 H=5: T=7273 fix=4527 wd_fail=614 inv_fail=370 FAIL
      inv-fail example: A -> B -> C, C != A
        A: ##
           .#
           .#
           .#
           ##
        B: #.
           ##
           .#
           .#
           ##
        C: #.
           #.
           ##
           .#
           ##
      inv-fail example: A -> B -> C, C != A
        A: ##..
           .#..
           .#..
           .#..
           ..##
        B: #...
           ##..
           .#..
           .#..
           ..##
        C: #...
           #...
           ##..
           .#..
           ..##
      inv-fail example: A -> B -> C, C != A
        A: #...
           ##..
           .#..
           .#..
           ..##
        B: #...
           #...
           ##..
           .#..
           ..##
        C: #...
           #...
           #...
           ##..
           ..##
  n=7 H=6: T=3510 fix=2592 wd_fail=216 inv_fail=108 FAIL
      inv-fail example: A -> B -> C, C != A
        A: ..#
           .#.
           #..
           .##
           ..#
           ..#
        B: ..#
           .#.
           #..
           .#.
           .##
           ..#
        C: ..#
           .#.
           #..
           .#.
           .#.
           .##
      inv-fail example: A -> B -> C, C != A
        A: ##.
           .#.
           .#.
           .#.
           ..#
           ..#
        B: #..
           ##.
           .#.
           .#.
           ..#
           ..#
        C: #..
           #..
           ##.
           .#.
           ..#
           ..#
      inv-fail example: A -> B -> C, C != A
        A: #.
           #.
           ##
           .#
           .#
           .#
        B: #.
           #.
           #.
           ##
           .#
           .#
        C: #.
           #.
           #.
           #.
           ##
           .#
  n=7 H=7: T=729 fix=729 wd_fail=0 inv_fail=0 OK parityOK
  VERDICT: FAILS

=== C7 first-site diag-pair swap ===
  n=1 H=1: T=1 fix=1 wd_fail=0 inv_fail=0 OK parityOK fix==D2axFix
  n=2 H=1: T=1 fix=1 wd_fail=0 inv_fail=0 OK parityOK fix==D2axFix
  n=2 H=2: T=3 fix=1 wd_fail=0 inv_fail=0 OK parityOK fix==D2axFix
  n=3 H=1: T=1 fix=1 wd_fail=0 inv_fail=0 OK parityOK fix==D2axFix
  n=3 H=2: T=10 fix=4 wd_fail=0 inv_fail=2 FAIL
      inv-fail example: A -> B -> C, C != A
        A: ..#
           ##.
        B: .#.
           #.#
        C: #..
           .##
      inv-fail example: A -> B -> C, C != A
        A: ##.
           ..#
        B: #.#
           .#.
        C: .##
           #..
  n=3 H=3: T=9 fix=3 wd_fail=0 inv_fail=2 FAIL
      inv-fail example: A -> B -> C, C != A
        A: #.
           .#
           .#
        B: .#
           #.
           .#
        C: .#
           .#
           #.
      inv-fail example: A -> B -> C, C != A
        A: .#
           #.
           #.
        B: #.
           .#
           #.
        C: #.
           #.
           .#
  n=4 H=1: T=1 fix=1 wd_fail=0 inv_fail=0 OK parityOK fix==D2axFix
  n=4 H=2: T=27 fix=9 wd_fail=0 inv_fail=6 FAIL
      inv-fail example: A -> B -> C, C != A
        A: ##.#
           ..#.
        B: #.##
           .#..
        C: .###
           #...
      inv-fail example: A -> B -> C, C != A
        A: ..#.
           ##.#
        B: .#..
           #.##
        C: #...
           .###
      inv-fail example: A -> B -> C, C != A
        A: ...#
           ###.
        B: ..#.
           ##.#
        C: .#..
           #.##
  n=4 H=3: T=55 fix=12 wd_fail=0 inv_fail=13 FAIL
      inv-fail example: A -> B -> C, C != A
        A: .#..
           #.#.
           ...#
        B: #...
           .##.
           ...#
        C: #...
           .#.#
           ..#.
      inv-fail example: A -> B -> C, C != A
        A: ..#
           .#.
           ##.
        B: .#.
           ..#
           ##.
        C: .#.
           .#.
           #.#
      inv-fail example: A -> B -> C, C != A
        A: #..
           .#.
           .##
        B: .#.
           #..
           .##
        C: .#.
           .#.
           #.#
  n=4 H=4: T=27 fix=7 wd_fail=0 inv_fail=8 FAIL
      inv-fail example: A -> B -> C, C != A
        A: #.
           .#
           #.
           #.
        B: #.
           #.
           .#
           #.
        C: #.
           #.
           #.
           .#
      inv-fail example: A -> B -> C, C != A
        A: .#.
           #..
           .#.
           ..#
        B: #..
           .#.
           .#.
           ..#
        C: #..
           .#.
           ..#
           .#.
      inv-fail example: A -> B -> C, C != A
        A: #.
           .#
           .#
           .#
        B: .#
           #.
           .#
           .#
        C: .#
           .#
           #.
           .#
  n=5 H=1: T=1 fix=1 wd_fail=0 inv_fail=0 OK parityOK fix==D2axFix
  n=5 H=2: T=68 fix=18 wd_fail=0 inv_fail=18 FAIL
      inv-fail example: A -> B -> C, C != A
        A: ###..
           ...##
        B: ##.#.
           ..#.#
        C: #.##.
           .#..#
      inv-fail example: A -> B -> C, C != A
        A: ..##.
           ##..#
        B: .#.#.
           #.#.#
        C: #..#.
           .##.#
      inv-fail example: A -> B -> C, C != A
        A: ..###
           ##...
        B: .#.##
           #.#..
        C: #..##
           .##..
  n=5 H=3: T=248 fix=44 wd_fail=0 inv_fail=68 FAIL
      inv-fail example: A -> B -> C, C != A
        A: .#..
           ..#.
           ##.#
        B: .#..
           .#..
           #.##
        C: .#..
           #...
           .###
      inv-fail example: A -> B -> C, C != A
        A: ..##
           ##..
           .#..
        B: .#.#
           #.#.
           .#..
        C: .#.#
           .##.
           #...
      inv-fail example: A -> B -> C, C != A
        A: #..#
           .##.
           .#..
        B: .#.#
           #.#.
           .#..
        C: .#.#
           .##.
           #...
  n=5 H=4: T=240 fix=40 wd_fail=0 inv_fail=64 FAIL
      inv-fail example: A -> B -> C, C != A
        A: #..
           .#.
           .##
           .#.
        B: .#.
           #..
           .##
           .#.
        C: .#.
           .#.
           #.#
           .#.
      inv-fail example: A -> B -> C, C != A
        A: ##
           .#
           #.
           #.
        B: ##
           #.
           .#
           #.
        C: ##
           #.
           #.
           .#
      inv-fail example: A -> B -> C, C != A
        A: .#.
           #..
           ##.
           ..#
        B: .#.
           #..
           #.#
           .#.
        C: .#.
           #..
           .##
           #..
  n=5 H=5: T=81 fix=15 wd_fail=0 inv_fail=26 FAIL
      inv-fail example: A -> B -> C, C != A
        A: .#
           #.
           .#
           #.
           #.
        B: .#
           #.
           #.
           .#
           #.
        C: .#
           #.
           #.
           #.
           .#
      inv-fail example: A -> B -> C, C != A
        A: #.
           .#
           .#
           .#
           .#
        B: .#
           #.
           .#
           .#
           .#
        C: .#
           .#
           #.
           .#
           .#
      inv-fail example: A -> B -> C, C != A
        A: .#.
           .#.
           #..
           .#.
           ..#
        B: .#.
           #..
           .#.
           .#.
           ..#
        C: .#.
           #..
           .#.
           ..#
           .#.
  n=6 H=1: T=1 fix=1 wd_fail=0 inv_fail=0 OK parityOK fix==D2axFix
  n=6 H=2: T=167 fix=35 wd_fail=0 inv_fail=50 FAIL
      inv-fail example: A -> B -> C, C != A
        A: ..##.#
           ##..#.
        B: .#.#.#
           #.#.#.
        C: #..#.#
           .##.#.
      inv-fail example: A -> B -> C, C != A
        A: ##.##
           ..##.
        B: #.###
           .#.#.
        C: .####
           #..#.
      inv-fail example: A -> B -> C, C != A
        A: ...#.#
           ###.#.
        B: ..#..#
           ##.##.
        C: .#...#
           #.###.
  n=6 H=3: T=996 fix=133 wd_fail=0 inv_fail=301 FAIL
      inv-fail example: A -> B -> C, C != A
        A: ..#..
           ##.#.
           ...##
        B: .#...
           #.##.
           ...##
        C: #....
           .###.
           ...##
      inv-fail example: A -> B -> C, C != A
        A: ..##
           ##.#
           #...
        B: .#.#
           #.##
           #...
        C: #..#
           .###
           #...
      inv-fail example: A -> B -> C, C != A
        A: ..#.
           ##..
           .###
        B: .#..
           #.#.
           .###
        C: .#..
           .##.
           #.##
  n=6 H=4: T=1480 fix=184 wd_fail=0 inv_fail=422 FAIL
      inv-fail example: A -> B -> C, C != A
        A: ...#.
           ..#.#
           ##...
           .#...
        B: ....#
           ..##.
           ##...
           .#...
        C: ....#
           .#.#.
           #.#..
           .#...
      inv-fail example: A -> B -> C, C != A
        A: ..#.
           ...#
           ###.
           #...
        B: ..#.
           ..#.
           ##.#
           #...
        C: ..#.
           .#..
           #.##
           #...
      inv-fail example: A -> B -> C, C != A
        A: ##.
           ..#
           .#.
           ##.
        B: ##.
           .#.
           ..#
           ##.
        C: ##.
           .#.
           .#.
           #.#
  n=6 H=5: T=945 fix=116 wd_fail=0 inv_fail=287 FAIL
      inv-fail example: A -> B -> C, C != A
        A: ..#
           #.#
           .#.
           .#.
           .#.
        B: ..#
           .##
           #..
           .#.
           .#.
        C: ..#
           .##
           .#.
           #..
           .#.
      inv-fail example: A -> B -> C, C != A
        A: #..
           .#.
           .#.
           .##
           .#.
        B: .#.
           #..
           .#.
           .##
           .#.
        C: .#.
           .#.
           #..
           .##
           .#.
      inv-fail example: A -> B -> C, C != A
        A: .#.
           #.#
           #..
           .#.
           ..#
        B: #..
           .##
           #..
           .#.
           ..#
        C: #..
           #.#
           .#.
           .#.
           ..#
  n=6 H=6: T=243 fix=33 wd_fail=0 inv_fail=86 FAIL
      inv-fail example: A -> B -> C, C != A
        A: .#
           .#
           .#
           #.
           .#
           .#
        B: .#
           .#
           .#
           .#
           #.
           .#
        C: .#
           .#
           .#
           .#
           .#
           #.
      inv-fail example: A -> B -> C, C != A
        A: .#
           #.
           #.
           .#
           .#
           .#
        B: .#
           #.
           .#
           #.
           .#
           .#
        C: .#
           #.
           .#
           .#
           #.
           .#
      inv-fail example: A -> B -> C, C != A
        A: .#.
           ..#
           .#.
           #..
           .#.
           .#.
        B: .#.
           ..#
           .#.
           .#.
           #..
           .#.
        C: .#.
           ..#
           .#.
           .#.
           .#.
           #..
  n=7 H=1: T=1 fix=1 wd_fail=0 inv_fail=0 OK parityOK fix==D2axFix
  n=7 H=2: T=406 fix=66 wd_fail=0 inv_fail=132 FAIL
      inv-fail example: A -> B -> C, C != A
        A: ..#...#
           ##.###.
        B: .#....#
           #.####.
        C: #.....#
           .#####.
      inv-fail example: A -> B -> C, C != A
        A: ##..#
           ####.
        B: ##.#.
           ###.#
        C: ###..
           ##.##
      inv-fail example: A -> B -> C, C != A
        A: #..##
           ###.#
        B: #.#.#
           ##.##
        C: ##..#
           #.###
  n=7 H=3: T=3775 fix=369 wd_fail=0 inv_fail=1212 FAIL
  n=7 H=4: T=7898 fix=714 wd_fail=0 inv_fail=2400 FAIL
  n=7 H=5: T=7273 fix=649 wd_fail=0 inv_fail=2226 FAIL
  n=7 H=6: T=3510 fix=312 wd_fail=0 inv_fail=1158 FAIL
  n=7 H=7: T=729 fix=73 wd_fail=0 inv_fail=276 FAIL
      inv-fail example: A -> B -> C, C != A
        A: .#.
           .#.
           #..
           .#.
           ..#
           .#.
           .#.
        B: .#.
           .#.
           #..
           .#.
           .#.
           ..#
           .#.
        C: .#.
           .#.
           #..
           .#.
           .#.
           .#.
           ..#
      inv-fail example: A -> B -> C, C != A
        A: .#.
           ..#
           ..#
           ..#
           ..#
           .#.
           #..
        B: ..#
           .#.
           ..#
           ..#
           ..#
           .#.
           #..
        C: ..#
           ..#
           .#.
           ..#
           ..#
           .#.
           #..
      inv-fail example: A -> B -> C, C != A
        A: .#.
           ..#
           .#.
           #..
           .#.
           #..
           #..
        B: .#.
           ..#
           .#.
           #..
           #..
           .#.
           #..
        C: .#.
           ..#
           .#.
           #..
           #..
           #..
           .#.
  VERDICT: FAILS

=== C3 top/bottom row Franklin ===
  n=1 H=1: T=1 fix=1 wd_fail=0 inv_fail=0 OK parityOK fix==D2axFix
  n=2 H=1: T=1 fix=1 wd_fail=0 inv_fail=0 OK parityOK fix==D2axFix
  n=2 H=2: T=3 fix=1 wd_fail=0 inv_fail=0 OK parityOK fix==D2axFix
  n=3 H=1: T=1 fix=1 wd_fail=0 inv_fail=0 OK parityOK fix==D2axFix
  n=3 H=2: T=10 fix=0 wd_fail=0 inv_fail=0 OK parityOK fix==D2axFix
  n=3 H=3: T=9 fix=5 wd_fail=0 inv_fail=2 FAIL
      inv-fail example: A -> B -> C, C != A
        A: #.
           #.
           .#
        B: #.
           .#
           #.
        C: #.
           .#
           #.
      inv-fail example: A -> B -> C, C != A
        A: .#
           #.
           #.
        B: #.
           .#
           #.
        C: #.
           .#
           #.
  n=4 H=1: T=1 fix=1 wd_fail=0 inv_fail=0 OK parityOK fix==D2axFix
  n=4 H=2: T=27 fix=1 wd_fail=0 inv_fail=0 OK parityOK fix==D2axFix
  n=4 H=3: T=55 fix=23 wd_fail=0 inv_fail=10 FAIL
      inv-fail example: A -> B -> C, C != A
        A: .#
           #.
           ##
        B: ##
           .#
           #.
        C: #.
           ##
           .#
      inv-fail example: A -> B -> C, C != A
        A: ##
           #.
           .#
        B: #.
           .#
           ##
        C: .#
           ##
           #.
      inv-fail example: A -> B -> C, C != A
        A: #.
           #.
           ##
        B: #.
           ##
           #.
        C: #.
           ##
           #.
  n=4 H=4: T=27 fix=15 wd_fail=0 inv_fail=6 FAIL
      inv-fail example: A -> B -> C, C != A
        A: .#.
           #..
           .#.
           ..#
        B: #..
           .#.
           ..#
           .#.
        C: .#.
           ..#
           .#.
           #..
      inv-fail example: A -> B -> C, C != A
        A: .#
           #.
           #.
           #.
        B: #.
           .#
           #.
           #.
        C: #.
           .#
           #.
           #.
      inv-fail example: A -> B -> C, C != A
        A: #.
           #.
           .#
           .#
        B: #.
           .#
           .#
           #.
        C: #.
           .#
           .#
           #.
  n=5 H=1: T=1 fix=1 wd_fail=0 inv_fail=0 OK parityOK fix==D2axFix
  n=5 H=2: T=68 fix=0 wd_fail=0 inv_fail=0 OK parityOK fix==D2axFix
  n=5 H=3: T=248 fix=124 wd_fail=0 inv_fail=38 FAIL
      inv-fail example: A -> B -> C, C != A
        A: .###
           #...
           .#..
        B: .#..
           .###
           #...
        C: #...
           .#..
           .###
      inv-fail example: A -> B -> C, C != A
        A: ##.
           #..
           .##
        B: #..
           .##
           ##.
        C: .##
           ##.
           #..
      inv-fail example: A -> B -> C, C != A
        A: ..##
           ##..
           .#..
        B: .#..
           ..##
           ##..
        C: ##..
           .#..
           ..##
  n=5 H=4: T=240 fix=120 wd_fail=0 inv_fail=52 FAIL
      inv-fail example: A -> B -> C, C != A
        A: .##
           .#.
           #..
           .#.
        B: .#.
           .##
           .#.
           #..
        C: #..
           .#.
           .##
           .#.
      inv-fail example: A -> B -> C, C != A
        A: ##
           .#
           #.
           #.
        B: #.
           ##
           .#
           #.
        C: #.
           ##
           .#
           #.
      inv-fail example: A -> B -> C, C != A
        A: .#.
           #..
           ##.
           ..#
        B: #..
           ##.
           ..#
           .#.
        C: ##.
           ..#
           .#.
           #..
  n=5 H=5: T=81 fix=49 wd_fail=0 inv_fail=18 FAIL
      inv-fail example: A -> B -> C, C != A
        A: .#
           #.
           .#
           #.
           #.
        B: #.
           .#
           #.
           .#
           #.
        C: #.
           .#
           #.
           .#
           #.
      inv-fail example: A -> B -> C, C != A
        A: ..#
           .#.
           #..
           #..
           .#.
        B: .#.
           ..#
           .#.
           #..
           #..
        C: #..
           .#.
           ..#
           .#.
           #..
      inv-fail example: A -> B -> C, C != A
        A: ..#
           .#.
           .#.
           #..
           .#.
        B: .#.
           ..#
           .#.
           .#.
           #..
        C: #..
           .#.
           ..#
           .#.
           .#.
  n=6 H=1: T=1 fix=1 wd_fail=0 inv_fail=0 OK parityOK fix==D2axFix
  n=6 H=2: T=167 fix=1 wd_fail=0 inv_fail=0 OK parityOK fix==D2axFix
  n=6 H=3: T=996 fix=572 wd_fail=0 inv_fail=126 FAIL
      inv-fail example: A -> B -> C, C != A
        A: ####
           #...
           #...
        B: #...
           ####
           #...
        C: #...
           ####
           #...
      inv-fail example: A -> B -> C, C != A
        A: ..#.
           ##..
           .###
        B: .###
           ..#.
           ##..
        C: ##..
           .###
           ..#.
      inv-fail example: A -> B -> C, C != A
        A: .#...
           #.##.
           .#..#
        B: #.##.
           .#..#
           .#...
        C: #.##.
           .#..#
           .#...
  n=6 H=4: T=1480 fix=812 wd_fail=0 inv_fail=286 FAIL
      inv-fail example: A -> B -> C, C != A
        A: ..#.
           #.##
           .#..
           .#..
        B: .#..
           ..#.
           #.##
           .#..
        C: .#..
           ..#.
           #.##
           .#..
      inv-fail example: A -> B -> C, C != A
        A: .##
           ##.
           #..
           #..
        B: #..
           .##
           ##.
           #..
        C: #..
           .##
           ##.
           #..
      inv-fail example: A -> B -> C, C != A
        A: ..#.
           ##..
           ..#.
           ..##
        B: ##..
           ..#.
           ..##
           ..#.
        C: ..#.
           ..##
           ..#.
           ##..
  n=6 H=5: T=945 fix=535 wd_fail=0 inv_fail=200 FAIL
      inv-fail example: A -> B -> C, C != A
        A: .#.
           .#.
           .#.
           #.#
           ..#
        B: .#.
           .#.
           #.#
           ..#
           .#.
        C: .#.
           .#.
           #.#
           ..#
           .#.
      inv-fail example: A -> B -> C, C != A
        A: #.
           #.
           .#
           ##
           .#
        B: #.
           .#
           ##
           .#
           #.
        C: #.
           .#
           ##
           .#
           #.
      inv-fail example: A -> B -> C, C != A
        A: .##
           #..
           #..
           .#.
           ..#
        B: #..
           #..
           .#.
           ..#
           .##
        C: #..
           .#.
           ..#
           .##
           #..
  n=6 H=6: T=243 fix=153 wd_fail=0 inv_fail=52 FAIL
      inv-fail example: A -> B -> C, C != A
        A: ...#
           ..#.
           .#..
           #...
           .#..
           ..#.
        B: ..#.
           ...#
           ..#.
           .#..
           #...
           .#..
        C: .#..
           ..#.
           ...#
           ..#.
           .#..
           #...
      inv-fail example: A -> B -> C, C != A
        A: #..
           #..
           .#.
           ..#
           .#.
           .#.
        B: #..
           .#.
           ..#
           .#.
           .#.
           #..
        C: #..
           .#.
           ..#
           .#.
           .#.
           #..
      inv-fail example: A -> B -> C, C != A
        A: .#.
           #..
           .#.
           ..#
           ..#
           ..#
        B: #..
           .#.
           ..#
           ..#
           ..#
           .#.
        C: .#.
           ..#
           ..#
           ..#
           .#.
           #..
  n=7 H=1: T=1 fix=1 wd_fail=0 inv_fail=0 OK parityOK fix==D2axFix
  n=7 H=2: T=406 fix=0 wd_fail=0 inv_fail=0 OK parityOK fix==D2axFix
  n=7 H=3: T=3775 fix=2415 wd_fail=0 inv_fail=410 FAIL
      inv-fail example: A -> B -> C, C != A
        A: ...###
           ###...
           ..#...
        B: ..#...
           ...###
           ###...
        C: ###...
           ..#...
           ...###
      inv-fail example: A -> B -> C, C != A
        A: ...##
           ####.
           ...#.
        B: ...#.
           ...##
           ####.
        C: ####.
           ...#.
           ...##
      inv-fail example: A -> B -> C, C != A
        A: .##..
           #..#.
           .#.##
        B: #..#.
           .#.##
           .##..
        C: .#.##
           .##..
           #..#.
  n=7 H=4: T=7898 fix=4792 wd_fail=0 inv_fail=1330 FAIL
  n=7 H=5: T=7273 fix=4303 wd_fail=0 inv_fail=1414 FAIL
  n=7 H=6: T=3510 fix=2126 wd_fail=0 inv_fail=720 FAIL
      inv-fail example: A -> B -> C, C != A
        A: ..#
           .#.
           #.#
           .#.
           .#.
           .#.
        B: .#.
           ..#
           .#.
           #.#
           .#.
           .#.
        C: .#.
           ..#
           .#.
           #.#
           .#.
           .#.
      inv-fail example: A -> B -> C, C != A
        A: ..#
           .#.
           ..#
           .#.
           #..
           ##.
        B: ##.
           ..#
           .#.
           ..#
           .#.
           #..
        C: #..
           ##.
           ..#
           .#.
           ..#
           .#.
      inv-fail example: A -> B -> C, C != A
        A: ..#.
           ...#
           ..#.
           ..#.
           ##..
           .#..
        B: .#..
           ..#.
           ...#
           ..#.
           ..#.
           ##..
        C: ##..
           .#..
           ..#.
           ...#
           ..#.
           ..#.
  n=7 H=7: T=729 fix=477 wd_fail=0 inv_fail=150 FAIL
      inv-fail example: A -> B -> C, C != A
        A: .#.
           ..#
           .#.
           #..
           .#.
           #..
           #..
        B: #..
           .#.
           ..#
           .#.
           #..
           .#.
           #..
        C: #..
           .#.
           ..#
           .#.
           #..
           .#.
           #..
      inv-fail example: A -> B -> C, C != A
        A: ..#.
           .#..
           #...
           .#..
           ..#.
           ...#
           ...#
        B: .#..
           #...
           .#..
           ..#.
           ...#
           ...#
           ..#.
        C: #...
           .#..
           ..#.
           ...#
           ...#
           ..#.
           .#..
      inv-fail example: A -> B -> C, C != A
        A: ...#
           ...#
           ..#.
           .#..
           #...
           .#..
           ..#.
        B: ..#.
           ...#
           ...#
           ..#.
           .#..
           #...
           .#..
        C: .#..
           ..#.
           ...#
           ...#
           ..#.
           .#..
           #...
  VERDICT: FAILS

=== C5 extremal corner reflection ===
  n=1 H=1: T=1 fix=1 wd_fail=0 inv_fail=0 OK parityOK fix==D2axFix
  n=2 H=1: T=1 fix=1 wd_fail=0 inv_fail=0 OK parityOK fix==D2axFix
  n=2 H=2: T=3 fix=3 wd_fail=0 inv_fail=0 OK parityOK
  n=3 H=1: T=1 fix=1 wd_fail=0 inv_fail=0 OK parityOK fix==D2axFix
  n=3 H=2: T=10 fix=8 wd_fail=0 inv_fail=2 FAIL
      inv-fail example: A -> B -> C, C != A
        A: ##
           .#
        B: #.
           ##
        C: #.
           ##
      inv-fail example: A -> B -> C, C != A
        A: ##.
           ..#
        B: #..
           .##
        C: #..
           .##
  n=3 H=3: T=9 fix=9 wd_fail=0 inv_fail=0 OK parityOK
  n=4 H=1: T=1 fix=1 wd_fail=0 inv_fail=0 OK parityOK fix==D2axFix
  n=4 H=2: T=27 fix=24 wd_fail=0 inv_fail=3 FAIL
      inv-fail example: A -> B -> C, C != A
        A: ###
           ..#
        B: ##.
           #.#
        C: #..
           ###
      inv-fail example: A -> B -> C, C != A
        A: #.#
           .##
        B: #..
           ###
        C: #..
           ###
      inv-fail example: A -> B -> C, C != A
        A: ##.
           #.#
        B: #..
           ###
        C: #..
           ###
  n=4 H=3: T=55 fix=51 wd_fail=0 inv_fail=4 FAIL
      inv-fail example: A -> B -> C, C != A
        A: ##
           #.
           .#
        B: #.
           #.
           ##
        C: #.
           #.
           ##
      inv-fail example: A -> B -> C, C != A
        A: #.#
           .#.
           ..#
        B: #..
           .#.
           #.#
        C: #..
           .#.
           #.#
      inv-fail example: A -> B -> C, C != A
        A: ##.
           .#.
           ..#
        B: #..
           .#.
           .##
        C: #..
           .#.
           .##
  n=4 H=4: T=27 fix=27 wd_fail=0 inv_fail=0 OK parityOK
  n=5 H=1: T=1 fix=1 wd_fail=0 inv_fail=0 OK parityOK fix==D2axFix
  n=5 H=2: T=68 fix=58 wd_fail=0 inv_fail=10 FAIL
      inv-fail example: A -> B -> C, C != A
        A: ###..
           ...##
        B: ##...
           ..###
        C: ##...
           ..###
      inv-fail example: A -> B -> C, C != A
        A: ###
           .##
        B: ##.
           ###
        C: ##.
           ###
      inv-fail example: A -> B -> C, C != A
        A: ###.
           ..##
        B: ##..
           .###
        C: ##..
           .###
  n=5 H=3: T=248 fix=219 wd_fail=0 inv_fail=29 FAIL
      inv-fail example: A -> B -> C, C != A
        A: ##.
           .##
           #..
        B: #..
           .##
           ##.
        C: #..
           .##
           ##.
      inv-fail example: A -> B -> C, C != A
        A: #..#
           .##.
           ...#
        B: #...
           .##.
           #..#
        C: #...
           .##.
           #..#
      inv-fail example: A -> B -> C, C != A
        A: .##
           ##.
           ..#
        B: .#.
           ##.
           #.#
        C: .#.
           ##.
           #.#
  n=5 H=4: T=240 fix=228 wd_fail=0 inv_fail=12 FAIL
      inv-fail example: A -> B -> C, C != A
        A: ##
           #.
           .#
           .#
        B: #.
           #.
           .#
           ##
        C: #.
           #.
           .#
           ##
      inv-fail example: A -> B -> C, C != A
        A: .##
           #..
           .#.
           ..#
        B: .#.
           #..
           .#.
           #.#
        C: .#.
           #..
           .#.
           #.#
      inv-fail example: A -> B -> C, C != A
        A: ##
           .#
           .#
           .#
        B: #.
           .#
           .#
           ##
        C: #.
           .#
           .#
           ##
  n=5 H=5: T=81 fix=81 wd_fail=0 inv_fail=0 OK parityOK
  n=6 H=1: T=1 fix=1 wd_fail=0 inv_fail=0 OK parityOK fix==D2axFix
  n=6 H=2: T=167 fix=146 wd_fail=0 inv_fail=21 FAIL
      inv-fail example: A -> B -> C, C != A
        A: #...#
           .####
        B: #....
           #####
        C: #....
           #####
      inv-fail example: A -> B -> C, C != A
        A: #.#..
           ##.##
        B: #....
           #####
        C: #....
           #####
      inv-fail example: A -> B -> C, C != A
        A: ###.#
           ...##
        B: ###..
           #..##
        C: ##...
           #.###
  n=6 H=3: T=996 fix=837 wd_fail=0 inv_fail=159 FAIL
      inv-fail example: A -> B -> C, C != A
        A: ##.#
           .#.#
           ..#.
        B: ##..
           .#.#
           #.#.
        C: ##..
           .#.#
           #.#.
      inv-fail example: A -> B -> C, C != A
        A: ###
           .##
           ..#
        B: ##.
           .##
           #.#
        C: #..
           .##
           ###
      inv-fail example: A -> B -> C, C != A
        A: ..##
           ###.
           ...#
        B: ..#.
           ###.
           #..#
        C: ..#.
           ###.
           #..#
  n=6 H=4: T=1480 fix=1369 wd_fail=0 inv_fail=111 FAIL
      inv-fail example: A -> B -> C, C != A
        A: ##
           .#
           ##
           .#
        B: #.
           .#
           ##
           ##
        C: #.
           .#
           ##
           ##
      inv-fail example: A -> B -> C, C != A
        A: ##.
           #..
           ##.
           ..#
        B: #..
           #..
           ##.
           .##
        C: #..
           #..
           ##.
           .##
      inv-fail example: A -> B -> C, C != A
        A: #.#
           .##
           ..#
           .#.
        B: #..
           .##
           ..#
           ##.
        C: #..
           .##
           ..#
           ##.
  n=6 H=5: T=945 fix=907 wd_fail=0 inv_fail=38 FAIL
      inv-fail example: A -> B -> C, C != A
        A: .##
           #..
           #..
           .#.
           ..#
        B: .#.
           #..
           #..
           .#.
           #.#
        C: .#.
           #..
           #..
           .#.
           #.#
      inv-fail example: A -> B -> C, C != A
        A: ##..
           .#..
           ..#.
           ..#.
           ...#
        B: #...
           .#..
           ..#.
           ..#.
           ..##
        C: #...
           .#..
           ..#.
           ..#.
           ..##
      inv-fail example: A -> B -> C, C != A
        A: ##.
           #..
           .#.
           ..#
           ..#
        B: #..
           #..
           .#.
           ..#
           .##
        C: #..
           #..
           .#.
           ..#
           .##
  n=6 H=6: T=243 fix=243 wd_fail=0 inv_fail=0 OK parityOK
  n=7 H=1: T=1 fix=1 wd_fail=0 inv_fail=0 OK parityOK fix==D2axFix
  n=7 H=2: T=406 fix=353 wd_fail=0 inv_fail=53 FAIL
      inv-fail example: A -> B -> C, C != A
        A: #.####
           .#...#
        B: #.###.
           ##...#
        C: #.###.
           ##...#
      inv-fail example: A -> B -> C, C != A
        A: #.#..#
           .#.###
        B: #.#...
           ##.###
        C: #.#...
           ##.###
      inv-fail example: A -> B -> C, C != A
        A: #.###
           .#.##
        B: #.##.
           ##.##
        C: #.##.
           ##.##
  n=7 H=3: T=3775 fix=3062 wd_fail=0 inv_fail=713 FAIL
      inv-fail example: A -> B -> C, C != A
        A: #..#.
           .#..#
           #.##.
        B: #....
           .#..#
           ####.
        C: #....
           .#..#
           ####.
      inv-fail example: A -> B -> C, C != A
        A: #...#
           .#.##
           .##..
        B: #....
           .#.##
           ###..
        C: #....
           .#.##
           ###..
      inv-fail example: A -> B -> C, C != A
        A: #..#.
           .####
           ...#.
        B: #....
           .####
           .#.#.
        C: #....
           .####
           .#.#.
  n=7 H=4: T=7898 fix=7060 wd_fail=0 inv_fail=838 FAIL
      inv-fail example: A -> B -> C, C != A
        A: #.#.
           ##.#
           ..#.
           ..#.
        B: #...
           ##.#
           ..#.
           .##.
        C: #...
           ##.#
           ..#.
           .##.
      inv-fail example: A -> B -> C, C != A
        A: .#.#
           ##.#
           ..#.
           .#..
        B: .#..
           ##.#
           ..#.
           ##..
        C: .#..
           ##.#
           ..#.
           ##..
      inv-fail example: A -> B -> C, C != A
        A: .##.
           #...
           .###
           ..#.
        B: .#..
           #...
           .###
           .##.
        C: .#..
           #...
           .###
           .##.
  n=7 H=5: T=7273 fix=6807 wd_fail=0 inv_fail=466 FAIL
      inv-fail example: A -> B -> C, C != A
        A: .#.#
           ..#.
           .#..
           #.#.
           ...#
        B: .#..
           ..#.
           .#..
           #.#.
           #..#
        C: .#..
           ..#.
           .#..
           #.#.
           #..#
      inv-fail example: A -> B -> C, C != A
        A: .##
           #..
           .##
           ..#
           .#.
        B: .#.
           #..
           .##
           ..#
           ##.
        C: .#.
           #..
           .##
           ..#
           ##.
      inv-fail example: A -> B -> C, C != A
        A: ##..
           .#..
           ..#.
           ..##
           ...#
        B: #...
           .#..
           ..#.
           ..##
           ..##
        C: #...
           .#..
           ..#.
           ..##
           ..##
  n=7 H=6: T=3510 fix=3391 wd_fail=0 inv_fail=119 FAIL
      inv-fail example: A -> B -> C, C != A
        A: #.#
           .#.
           #..
           .#.
           ..#
           .#.
        B: #..
           .#.
           #..
           .#.
           ..#
           ##.
        C: #..
           .#.
           #..
           .#.
           ..#
           ##.
      inv-fail example: A -> B -> C, C != A
        A: #.#
           .#.
           ..#
           ..#
           ..#
           .#.
        B: #..
           .#.
           ..#
           ..#
           ..#
           ##.
        C: #..
           .#.
           ..#
           ..#
           ..#
           ##.
      inv-fail example: A -> B -> C, C != A
        A: #.#
           .#.
           .#.
           .#.
           ..#
           .#.
        B: #..
           .#.
           .#.
           .#.
           ..#
           ##.
        C: #..
           .#.
           .#.
           .#.
           ..#
           ##.
  n=7 H=7: T=729 fix=729 wd_fail=0 inv_fail=0 OK parityOK
  VERDICT: FAILS

=== C4 first horizontal 1-slide ===
  n=1 H=1: T=1 fix=0 wd_fail=0 inv_fail=0 OK parityBAD
      *** parity violation: harness bug or bad rule
  n=2 H=1: T=1 fix=1 wd_fail=0 inv_fail=0 OK parityOK fix==D2axFix
  n=2 H=2: T=3 fix=0 wd_fail=0 inv_fail=1 FAIL
      inv-fail example: A -> B -> C, C != A
        A: .#
           #.
        B: #
           #
        C: #.
           .#
  n=3 H=1: T=1 fix=1 wd_fail=0 inv_fail=0 OK parityOK fix==D2axFix
  n=3 H=2: T=10 fix=0 wd_fail=0 inv_fail=8 FAIL
      inv-fail example: A -> B -> C, C != A
        A: ..#
           ##.
        B: .#
           ##
        C: .#.
           #.#
      inv-fail example: A -> B -> C, C != A
        A: #.
           ##
        B: .#
           ##
        C: .#.
           #.#
      inv-fail example: A -> B -> C, C != A
        A: .#
           ##
        B: .#.
           #.#
        C: #.
           ##
  n=3 H=3: T=9 fix=0 wd_fail=0 inv_fail=3 FAIL
      inv-fail example: A -> B -> C, C != A
        A: #..
           .#.
           ..#
        B: #.
           .#
           .#
        C: #.
           .#
           #.
      inv-fail example: A -> B -> C, C != A
        A: .#
           .#
           #.
        B: #
           #
           #
        C: #.
           #.
           .#
      inv-fail example: A -> B -> C, C != A
        A: ..#
           .#.
           #..
        B: .#
           #.
           #.
        C: .#
           #.
           .#
  n=4 H=1: T=1 fix=1 wd_fail=0 inv_fail=0 OK parityOK fix==D2axFix
  n=4 H=2: T=27 fix=2 wd_fail=0 inv_fail=15 FAIL
      inv-fail example: A -> B -> C, C != A
        A: ##.#
           ..#.
        B: ###
           ..#
        C: ###
           .#.
      inv-fail example: A -> B -> C, C != A
        A: #..#
           .##.
        B: #.#
           ##.
        C: .##
           ##.
      inv-fail example: A -> B -> C, C != A
        A: .#.#
           #.#.
        B: #.#
           ##.
        C: .##
           ##.
  n=4 H=3: T=55 fix=0 wd_fail=0 inv_fail=33 FAIL
      inv-fail example: A -> B -> C, C != A
        A: ..#
           #.#
           .#.
        B: .#
           ##
           #.
        C: .#
           ##
           .#
      inv-fail example: A -> B -> C, C != A
        A: .#
           #.
           ##
        B: .#
           .#
           ##
        C: .#.
           .#.
           #.#
      inv-fail example: A -> B -> C, C != A
        A: ...#
           #.#.
           .#..
        B: ..#
           ##.
           #..
        C: ..#
           ##.
           .#.
  n=4 H=4: T=27 fix=0 wd_fail=0 inv_fail=9 FAIL
      inv-fail example: A -> B -> C, C != A
        A: ...#
           ..#.
           .#..
           #...
        B: ..#
           .#.
           #..
           #..
        C: ..#
           .#.
           #..
           .#.
      inv-fail example: A -> B -> C, C != A
        A: .#.
           #..
           .#.
           ..#
        B: .#
           #.
           .#
           .#
        C: .#
           #.
           .#
           #.
      inv-fail example: A -> B -> C, C != A
        A: #...
           .#..
           ..#.
           ...#
        B: #..
           .#.
           ..#
           ..#
        C: #..
           .#.
           ..#
           .#.
  n=5 H=1: T=1 fix=1 wd_fail=0 inv_fail=0 OK parityOK fix==D2axFix
  n=5 H=2: T=68 fix=6 wd_fail=0 inv_fail=36 FAIL
      inv-fail example: A -> B -> C, C != A
        A: .###.
           #...#
        B: ###.
           #..#
        C: ###.
           .#.#
      inv-fail example: A -> B -> C, C != A
        A: ..##.
           ##..#
        B: ..##
           ##.#
        C: ..##
           ###.
      inv-fail example: A -> B -> C, C != A
        A: .####
           #....
        B: ####
           #...
        C: ####
           .#..
  n=5 H=3: T=248 fix=2 wd_fail=0 inv_fail=148 FAIL
      inv-fail example: A -> B -> C, C != A
        A: ...##
           .##..
           #....
        B: ..##
           ##..
           #...
        C: ..##
           ##..
           .#..
      inv-fail example: A -> B -> C, C != A
        A: ##.
           #..
           .##
        B: ##.
           .#.
           .##
        C: ##.
           .#.
           #.#
      inv-fail example: A -> B -> C, C != A
        A: #..#
           .##.
           ...#
        B: #..#
           .##.
           ..#.
        C: #..#
           .##.
           .#..
  n=5 H=4: T=240 fix=0 wd_fail=0 inv_fail=122 FAIL
      inv-fail example: A -> B -> C, C != A
        A: ....#
           ...#.
           ..#..
           ##...
        B: ...#
           ...#
           ..#.
           ##..
        C: ...#
           ..#.
           ..#.
           ##..
      inv-fail example: A -> B -> C, C != A
        A: ..#.
           ..##
           .#..
           #...
        B: .#.
           .##
           #..
           #..
        C: .#.
           .##
           #..
           .#.
      inv-fail example: A -> B -> C, C != A
        A: ....#
           ...#.
           .##..
           #....
        B: ...#
           ..#.
           ##..
           #...
        C: ...#
           ..#.
           ##..
           .#..
  n=5 H=5: T=81 fix=0 wd_fail=0 inv_fail=27 FAIL
      inv-fail example: A -> B -> C, C != A
        A: #...
           #...
           .#..
           ..#.
           ...#
        B: #..
           #..
           .#.
           ..#
           ..#
        C: #..
           #..
           .#.
           ..#
           .#.
      inv-fail example: A -> B -> C, C != A
        A: .#.
           ..#
           .#.
           .#.
           #..
        B: #.
           .#
           #.
           #.
           #.
        C: #.
           .#
           #.
           #.
           .#
      inv-fail example: A -> B -> C, C != A
        A: ..#
           .#.
           #..
           .#.
           ..#
        B: ..#
           .#.
           #..
           .#.
           .#.
        C: ..#
           .#.
           #..
           .#.
           #..
  n=6 H=1: T=1 fix=1 wd_fail=0 inv_fail=0 OK parityOK fix==D2axFix
  n=6 H=2: T=167 fix=14 wd_fail=0 inv_fail=89 FAIL
      inv-fail example: A -> B -> C, C != A
        A: #.#..
           .####
        B: ##..
           ####
        C: #.#.
           ####
      inv-fail example: A -> B -> C, C != A
        A: ###..
           ..###
        B: ###..
           .#.##
        C: ###..
           #..##
      inv-fail example: A -> B -> C, C != A
        A: ###.#
           ..##.
        B: ###.#
           .#.#.
        C: ###.#
           #..#.
  n=6 H=3: T=996 fix=12 wd_fail=0 inv_fail=582 FAIL
      inv-fail example: A -> B -> C, C != A
        A: ..#..
           ##.#.
           ...##
        B: ..#..
           ##.#.
           ..#.#
        C: ..#..
           ##.#.
           .#..#
      inv-fail example: A -> B -> C, C != A
        A: #.#...
           .#.##.
           .....#
        B: #.#..
           .#.##
           ....#
        C: #.#..
           .#.##
           ...#.
      inv-fail example: A -> B -> C, C != A
        A: ##.#
           .#.#
           ..#.
        B: ##.#
           ..##
           ..#.
        C: ##.#
           ..##
           .#..
  n=6 H=4: T=1480 fix=2 wd_fail=0 inv_fail=806 FAIL
      inv-fail example: A -> B -> C, C != A
        A: .#..
           .#..
           #.##
           ...#
        B: .#..
           .#..
           #.##
           ..#.
        C: .#..
           .#..
           #.##
           .#..
      inv-fail example: A -> B -> C, C != A
        A: ##.
           ..#
           .#.
           ##.
        B: ##.
           ..#
           .#.
           #.#
        C: ##.
           ..#
           .#.
           .##
      inv-fail example: A -> B -> C, C != A
        A: .#..
           #...
           ###.
           ...#
        B: .#.
           #..
           ###
           ..#
        C: .#.
           #..
           ###
           .#.
  n=6 H=5: T=945 fix=0 wd_fail=0 inv_fail=437 FAIL
      inv-fail example: A -> B -> C, C != A
        A: .#.
           .#.
           .#.
           #.#
           ..#
        B: .#.
           .#.
           .#.
           #.#
           .#.
        C: .#.
           .#.
           .#.
           #.#
           #..
      inv-fail example: A -> B -> C, C != A
        A: .#.
           .#.
           ..#
           ..#
           ##.
        B: .#.
           .#.
           ..#
           .#.
           ##.
        C: .#.
           .#.
           ..#
           .#.
           #.#
      inv-fail example: A -> B -> C, C != A
        A: .#..
           .#..
           ##..
           ..#.
           ...#
        B: .#.
           .#.
           ##.
           ..#
           ..#
        C: .#.
           .#.
           ##.
           ..#
           .#.
  n=6 H=6: T=243 fix=0 wd_fail=0 inv_fail=81 FAIL
      inv-fail example: A -> B -> C, C != A
        A: ...#
           ..#.
           .#..
           #...
           .#..
           ..#.
        B: ...#
           ..#.
           .#..
           #...
           .#..
           .#..
        C: ...#
           ..#.
           .#..
           #...
           .#..
           #...
      inv-fail example: A -> B -> C, C != A
        A: ..#
           .#.
           #..
           .#.
           .#.
           ..#
        B: ..#
           .#.
           #..
           .#.
           .#.
           .#.
        C: ..#
           .#.
           #..
           .#.
           .#.
           #..
      inv-fail example: A -> B -> C, C != A
        A: #...
           .#..
           .#..
           ..#.
           ..#.
           ...#
        B: #..
           .#.
           .#.
           ..#
           ..#
           ..#
        C: #..
           .#.
           .#.
           ..#
           ..#
           .#.
  n=7 H=1: T=1 fix=1 wd_fail=0 inv_fail=0 OK parityOK fix==D2axFix
  n=7 H=2: T=406 fix=30 wd_fail=0 inv_fail=212 FAIL
      inv-fail example: A -> B -> C, C != A
        A: #.####
           .#...#
        B: #.####
           .#..#.
        C: #.####
           .#.#..
      inv-fail example: A -> B -> C, C != A
        A: ..#...#
           ##.###.
        B: ..#..#
           ##.###
        C: ..#..#.
           ##.##.#
      inv-fail example: A -> B -> C, C != A
        A: ##..#
           ####.
        B: #.#.#
           ####.
        C: .##.#
           ####.
  n=7 H=3: T=3775 fix=46 wd_fail=0 inv_fail=2197 FAIL
  n=7 H=4: T=7898 fix=16 wd_fail=0 inv_fail=4386 FAIL
  n=7 H=5: T=7273 fix=2 wd_fail=0 inv_fail=3663 FAIL
  n=7 H=6: T=3510 fix=0 wd_fail=0 inv_fail=1528 FAIL
  n=7 H=7: T=729 fix=0 wd_fail=0 inv_fail=243 FAIL
      inv-fail example: A -> B -> C, C != A
        A: #..
           #..
           #..
           .#.
           .#.
           .#.
           ..#
        B: #.
           #.
           #.
           .#
           .#
           .#
           .#
        C: #.
           #.
           #.
           .#
           .#
           .#
           #.
      inv-fail example: A -> B -> C, C != A
        A: #..
           .#.
           .#.
           .#.
           ..#
           .#.
           ..#
        B: #..
           .#.
           .#.
           .#.
           ..#
           .#.
           .#.
        C: #..
           .#.
           .#.
           .#.
           ..#
           .#.
           #..
      inv-fail example: A -> B -> C, C != A
        A: .#.
           ..#
           ..#
           ..#
           ..#
           .#.
           #..
        B: #.
           .#
           .#
           .#
           .#
           #.
           #.
        C: #.
           .#
           .#
           .#
           .#
           #.
           .#
  VERDICT: FAILS

=== summary ===
  C1 vmirror (group baseline): PASS
  C2 first-site 2x2 slide: FAIL
  C2L local-candidacy 2x2 slide: FAIL
  C7 first-site diag-pair swap: FAIL
  C3 top/bottom row Franklin: FAIL
  C5 extremal corner reflection: FAIL
  C4 first horizontal 1-slide: FAIL
total wall 2.2s
