RED controls: planted order-5 recovered; random rejected. OK
-- I_H(<h>) --
H=1: minimal order 1 (fit n=1..26, holds on last 6 banked terms)
H=2: minimal order 2 (fit n=2..26, holds on last 6 banked terms)
H=3: minimal order 5 (fit n=3..26, holds on last 6 banked terms)
H=4: minimal order 6 (fit n=4..26, holds on last 6 banked terms)
H=5: NO recurrence of order <= 12 pins the banked tail (28 usable terms)
H=6: NO recurrence of order <= 12 pins the banked tail (27 usable terms)
H=7: NO recurrence of order <= 12 pins the banked tail (26 usable terms)
H=8: NO recurrence of order <= 12 pins the banked tail (25 usable terms)
H=9: NO recurrence of order <= 12 pins the banked tail (24 usable terms)
H=10: NO recurrence of order <= 12 pins the banked tail (23 usable terms)
-- I_H(<v>) --
H=1: minimal order 1 (fit n=1..26, holds on last 6 banked terms)
H=2: minimal order 5 (fit n=2..26, holds on last 6 banked terms)
H=3: NO recurrence of order <= 12 pins the banked tail (30 usable terms)
H=4: NO recurrence of order <= 12 pins the banked tail (29 usable terms)
H=5: NO recurrence of order <= 12 pins the banked tail (28 usable terms)
H=6: NO recurrence of order <= 12 pins the banked tail (27 usable terms)
H=7: NO recurrence of order <= 12 pins the banked tail (26 usable terms)
H=8: NO recurrence of order <= 12 pins the banked tail (25 usable terms)
H=9: NO recurrence of order <= 12 pins the banked tail (24 usable terms)
H=10: NO recurrence of order <= 12 pins the banked tail (23 usable terms)
-- I_H(C2) --
H=1: minimal order 1 (fit n=1..26, holds on last 6 banked terms)
H=2: minimal order 4 (fit n=2..26, holds on last 6 banked terms)
H=3: minimal order 9 (fit n=3..26, holds on last 6 banked terms)
H=4: NO recurrence of order <= 12 pins the banked tail (29 usable terms)
H=5: NO recurrence of order <= 12 pins the banked tail (28 usable terms)
H=6: NO recurrence of order <= 12 pins the banked tail (27 usable terms)
H=7: NO recurrence of order <= 12 pins the banked tail (26 usable terms)
H=8: NO recurrence of order <= 12 pins the banked tail (25 usable terms)
H=9: NO recurrence of order <= 12 pins the banked tail (24 usable terms)
H=10: NO recurrence of order <= 12 pins the banked tail (23 usable terms)
