== T(n,H) validation, PIECE DP (rook+king state), H<=6 n<=10 ==
  T( 1,1) dp=1            banked=1            ok
  T( 2,1) dp=1            banked=1            ok
  T( 3,1) dp=1            banked=1            ok
  T( 4,1) dp=1            banked=1            ok
  T( 5,1) dp=1            banked=1            ok
  T( 6,1) dp=1            banked=1            ok
  T( 7,1) dp=1            banked=1            ok
  T( 8,1) dp=1            banked=1            ok
  T( 9,1) dp=1            banked=1            ok
  T(10,1) dp=1            banked=1            ok
  T( 2,2) dp=3            banked=3            ok
  T( 3,2) dp=10           banked=10           ok
  T( 4,2) dp=27           banked=27           ok
  T( 5,2) dp=68           banked=68           ok
  T( 6,2) dp=167          banked=167          ok
  T( 7,2) dp=406          banked=406          ok
  T( 8,2) dp=983          banked=983          ok
  T( 9,2) dp=2376         banked=2376         ok
  T(10,2) dp=5739         banked=5739         ok
  T( 3,3) dp=9            banked=9            ok
  T( 4,3) dp=55           banked=55           ok
  T( 5,3) dp=248          banked=248          ok
  T( 6,3) dp=996          banked=996          ok
  T( 7,3) dp=3775         banked=3775         ok
  T( 8,3) dp=13837        banked=13837        ok
  T( 9,3) dp=49676        banked=49676        ok
  T(10,3) dp=175964       banked=175964       ok
  T( 4,4) dp=27           banked=27           ok
  T( 5,4) dp=240          banked=240          ok
  T( 6,4) dp=1480         banked=1480         ok
  T( 7,4) dp=7898         banked=7898         ok
  T( 8,4) dp=39119        banked=39119        ok
  T( 9,4) dp=185198       banked=185198       ok
  T(10,4) dp=850650       banked=850650       ok
  T( 5,5) dp=81           banked=81           ok
  T( 6,5) dp=945          banked=945          ok
  T( 7,5) dp=7273         banked=7273         ok
  T( 8,5) dp=47066        banked=47066        ok
  T( 9,5) dp=278240       banked=278240       ok
  T(10,5) dp=1558399      banked=1558399      ok
  T( 6,6) dp=243          banked=243          ok
  T( 7,6) dp=3510         banked=3510         ok
  T( 8,6) dp=32193        banked=32193        ok
  T( 9,6) dp=241864       banked=241864       ok
  T(10,6) dp=1631340      banked=1631340      ok
== C(n,c) validation vs results/component-stratification.md, n<=7 ==
  C(1,1) dp=1      banked=1      ok
  C(2,1) dp=2      banked=2      ok
  C(2,2) dp=2      banked=2      ok
  C(3,1) dp=6      banked=6      ok
  C(3,2) dp=8      banked=8      ok
  C(3,3) dp=6      banked=6      ok
  C(4,1) dp=19     banked=19     ok
  C(4,2) dp=36     banked=36     ok
  C(4,3) dp=36     banked=36     ok
  C(4,4) dp=19     banked=19     ok
  C(5,1) dp=63     banked=63     ok
  C(5,2) dp=156    banked=156    ok
  C(5,3) dp=200    banked=200    ok
  C(5,4) dp=156    banked=156    ok
  C(5,5) dp=63     banked=63     ok
  C(6,1) dp=216    banked=216    ok
  C(6,2) dp=660    banked=660    ok
  C(6,3) dp=1038   banked=1038   ok
  C(6,4) dp=1040   banked=1040   ok
  C(6,5) dp=662    banked=662    ok
  C(6,6) dp=216    banked=216    ok
  C(7,1) dp=760    banked=760    ok
  C(7,2) dp=2752   banked=2752   ok
  C(7,3) dp=5142   banked=5142   ok
  C(7,4) dp=6236   banked=6236   ok
  C(7,5) dp=5166   banked=5166   ok
  C(7,6) dp=2776   banked=2776   ok
  C(7,7) dp=760    banked=760    ok
== RED control: corrupt one expected cell, must FAIL ==
  red control fails as required (dp=996 vs corrupt=997)
VALIDATION: ALL OK
