VALIDATION OK: per-(n,holes) distribution matches results/holes_n18.txt exactly for all n <= 10 (row sums = A006770)
enumeration+analysis wall: 196.0 s

  n      total   >=1 hole   share  >=1 pinch   share multi-piece   share simple-curve   share mean pinches mean pieces
  1          1          0   0.00%          0   0.00%          0   0.00%            1 100.00%        0.000       1.000
  2          4          0   0.00%          2  50.00%          2  50.00%            2  50.00%        0.500       1.500
  3         20          0   0.00%         14  70.00%         14  70.00%            6  30.00%        1.000       2.000
  4        110          1   0.91%         91  82.73%         91  82.73%           19  17.27%        1.509       2.500
  5        638         16   2.51%        575  90.13%        575  90.13%           63   9.87%        2.025       3.000
  6       3832        168   4.38%       3616  94.36%       3616  94.36%          216   5.64%        2.545       3.501
  7      23592       1498   6.35%      22836  96.80%      22832  96.78%          756   3.20%        3.068       4.003
  8     147941      12332   8.34%     145256  98.19%     145216  98.16%         2684   1.81%        3.593       4.506
  9     940982      97041  10.31%     931332  98.97%     931072  98.95%         9638   1.02%        4.118       5.009
 10    6053180     742426  12.27%    6018162  99.42%    6016734  99.40%        34930   0.58%        4.645       5.513

Per-height at n=10 (band analogue H/n in [0.375,0.525] ~ H=4..5):
  H      total   hole>=1  pinch>=1  simple-curve
  1          1     0.00%     0.00%       100.00%
  2       5739     0.00%    92.66%         7.34%
  3     175964    12.46%    97.43%         2.55%
  4     850650    15.00%    98.77%         1.22%
  5    1558399    14.60%    99.31%         0.69%
  6    1631340    12.81%    99.61%         0.39%
  7    1134865    10.13%    99.81%         0.19%
  8     527094     6.89%    99.93%         0.07%
  9     149445     3.41%    99.98%         0.02%
 10      19683     0.00%    99.99%         0.01%

Motzkin numbers M0..M12: [1, 1, 2, 4, 9, 21, 51, 127, 323, 835, 2188, 5798, 15511]
banked central-cut ranks (results/boundary-push-tensornetwork.md): H=8:21 H=10:51 H=12:127 H=14:298
  H=8: rank 21 vs M(5) = 21  EXACT
  H=10: rank 51 vs M(6) = 51  EXACT
  H=12: rank 127 vs M(7) = 127  EXACT
  H=14: rank 298 vs M(8) = 323  (<= 323, dump at maxn=16 off-peak)
