/Users/jasonp/src/polyominoes/experiments/tristruct/r3_l5_normalization.lean:135:11: error: Tactic `introN` failed: There are no additional binders or `let` bindings in the goal to introduce

s : Finset ZCell
⊢ Std.Symm fun a b => kingAdjZ ↑a ↑b
/Users/jasonp/src/polyominoes/experiments/tristruct/r3_l5_normalization.lean:137:24: error: Tactic `introN` failed: There are no additional binders or `let` bindings in the goal to introduce

s : Finset ZCell
⊢ Std.Irrefl fun a b => kingAdjZ ↑a ↑b
/Users/jasonp/src/polyominoes/experiments/tristruct/r3_l5_normalization.lean:296:17: error: unsolved goals
s : Finset ZCell
a b u✝ : ↥s
x : ℤ
hx : (↑u✝).1 ≤ x ∧ x ≤ (↑u✝).1 ∨ (↑u✝).1 ≤ x ∧ x ≤ (↑u✝).1
⊢ a = u✝
/Users/jasonp/src/polyominoes/experiments/tristruct/r3_l5_normalization.lean:296:60: error: omega could not prove the goal:
a possible counterexample may satisfy the constraints
  c - d ≤ -1
where
 c := (↑a).1
 d := (↑u✝).1
/Users/jasonp/src/polyominoes/experiments/tristruct/r3_l5_normalization.lean:329:2: warning: `push_neg` has been deprecated. Prefer using `push Not` instead.
If you'd rather continue using `push_neg` in your project, you can implement it as follows:
```
open Lean.Parser.Tactic in
macro "push_neg" cfg:optConfig loc:(location)? : tactic =>
  `(tactic| push $cfg:optConfig Not $[$loc]?)
```
/Users/jasonp/src/polyominoes/experiments/tristruct/r3_l5_normalization.lean:334:45: error: omega could not prove the goal:
a possible counterexample may satisfy the constraints
  d ≤ -1
  c ≥ 0
  a ≥ 0
  a - b ≤ 0
  a - c ≥ 0
where
 a := ↑n
 b := p.1
 c := x
 d := ?m.102
/Users/jasonp/src/polyominoes/experiments/tristruct/r3_l5_normalization.lean:656:4: error(lean.unknownIdentifier): Unknown constant `Nat.card_eq_fintypeCard`
/Users/jasonp/src/polyominoes/experiments/tristruct/r3_l5_normalization.lean:654:73: error: unsolved goals
n H : ℕ
⊢ T n H = Nat.card ↥(counted n H)
/Users/jasonp/src/polyominoes/experiments/tristruct/r3_l5_normalization.lean:689:50: error: Tactic `rewrite` failed: Did not find an occurrence of the pattern
  translate 0 ?s
in the target expression
  (fun v => IsNormalized (translate v s)) 0

n H : ℕ
s : Finset ZCell
hsa : IsAnimalZ n H s
hsn : IsNormalized s
t : Finset ZCell
hta : IsAnimalZ n H t
htn : IsNormalized t
hEq : (fun s => ⟦⟨↑s, ⋯⟩⟧) ⟨s, ⋯⟩ = (fun s => ⟦⟨↑s, ⋯⟩⟧) ⟨t, ⋯⟩
v : ℤ × ℤ
hv : translate v ↑⟨↑⟨s, ⋯⟩, ⋯⟩ = ↑⟨↑⟨t, ⋯⟩, ⋯⟩
w : ℤ × ℤ
huniq : ∀ (y : ℤ × ℤ), (fun v => IsNormalized (translate v s)) y → y = w
⊢ (fun v => IsNormalized (translate v s)) 0
/Users/jasonp/src/polyominoes/experiments/tristruct/r3_l5_normalization.lean:690:41: error: Tactic `rewrite` failed: Did not find an occurrence of the pattern
  translate v ↑⟨↑⟨s, ⋯⟩, ⋯⟩
in the target expression
  (fun v => IsNormalized (translate v s)) v

n H : ℕ
s : Finset ZCell
hsa : IsAnimalZ n H s
hsn : IsNormalized s
t : Finset ZCell
hta : IsAnimalZ n H t
htn : IsNormalized t
hEq : (fun s => ⟦⟨↑s, ⋯⟩⟧) ⟨s, ⋯⟩ = (fun s => ⟦⟨↑s, ⋯⟩⟧) ⟨t, ⋯⟩
v : ℤ × ℤ
hv : translate v ↑⟨↑⟨s, ⋯⟩, ⋯⟩ = ↑⟨↑⟨t, ⋯⟩, ⋯⟩
w : ℤ × ℤ
huniq : ∀ (y : ℤ × ℤ), (fun v => IsNormalized (translate v s)) y → y = w
h0 : 0 = w
⊢ (fun v => IsNormalized (translate v s)) v
exit=1
