T1 inequality holds on all banked cells (2<=H<=n<=40)            OK  0 violations
T1 equality set is EXACTLY the H=n column                        OK  39 equalities
T1 k=1 diagonal ratio T/(bound): n=3:1.6667, n=10:1.0847, n=17:1.0440, n=24:1.0297, n=31:1.0224, n=38:1.0180, n=40:1.0170
T1 strict-cell ratio: min 1.0170 at (40,39); max 4.59 at (40,5)
T1 k=1 ratio strictly decreasing in n (tightness claim)          OK  
T1 holds on OWN TM data H<=6 out to n=60 (beyond grid)           OK  295 cells checked

d=3: k3(7,4)=2  k4(10,6)=0  k5(13,8)=1  k6(16,10)=2  k7(19,12)=0  k8(22,14)=1  k9(25,16)=2  k10(28,18)=0  k11(31,20)=1  k12(34,22)=2  k13(37,24)=0  k14(40,26)=1*
      below-onset tail (excluded): k2(4,2)=0
d=4: k4(9,5)=2  k5(12,7)=2  k6(15,9)=2  k7(18,11)=2  k8(21,13)=2  k9(24,15)=2  k10(27,17)=2  k11(30,19)=2  k12(33,21)=2  k13(36,23)=2  k14(39,25)=2*
      below-onset tail (excluded): k2(3,1)=1  k3(6,3)=0
d=5: k5(11,6)=2  k6(14,8)=2  k7(17,10)=2  k8(20,12)=2  k9(23,14)=2  k10(26,16)=2  k11(29,18)=2  k12(32,20)=2  k13(35,22)=2  k14(38,24)=2*
      below-onset tail (excluded): k3(5,2)=2  k4(8,4)=2
d=6: k6(13,7)=2  k7(16,9)=1  k8(19,11)=1  k9(22,13)=2  k10(25,15)=1  k11(28,17)=1  k12(31,19)=2  k13(34,21)=1  k14(37,23)=1*  k15(40,25)=2*
      below-onset tail (excluded): k3(4,1)=1  k4(7,3)=1  k5(10,5)=1
T3 d=3 pattern 2,0,1 by (k-3) mod 3 holds k=3..14                OK  
T3 zeros on d=3 line exactly at k == 1 (mod 3), k=3..14          OK  
T3 open-cell prediction T(40,26) == 1 (mod 3)                    OK  banked residue 1
T2 d=4 constant 2, k=4..14 (incl. law-free k=14, n=39)           OK  
T2 d=5 constant 2, k=5..14 (incl. law-free k=14, n=38)           OK  
d=6 residues k=6..14: [2, 1, 1, 2, 1, 1, 2, 1, 1] (no const tail / period<=4 => unfittable, matches CULLED(FIT-ERROR))

LUCK: 42 law-free in-grid sleeve cells (k=14..19); residue distribution mod 3: {2: 13, 0: 16, 1: 13}
LUCK: empirical pass prob of the three family predictions (residues 1,2,2): 0.3095 * 0.3095 * 0.3095 = 0.0297  (uniform null: (1/3)^3 = 0.0370)

FRAME identity: R_k integer poly, deg <= 2k+1, mod-9 form, k=1..12 OK  

ALL CHECKS PASS
