q degrees are 1,2,4,9,29,68                                OK  
q_5, q_6 monic (unit target coefficient)                   OK  
own TM state counts = 1,3,8,20,50,126 (Motzkin M_{H+1}-1)  OK  [1, 3, 8, 20, 50, 126]
own TM vs BANKED triangle, all 240 cells n<=40 H<=6        OK  0 mismatches
own TM vs proposer table p3_striptm_T.txt (240 cells)      OK  
structural zeros T(n,H)=0 for n<H in own TM                OK  
q_5 annihilates own S_5 exactly over Z                     OK  141 instances (n=30..170)
q_6 annihilates own S_6 exactly over Z                     OK  102 instances (n=69..170)
own BM mod 2305843009213693951 degrees 1,2,4,9,29,68       OK  [1, 2, 4, 9, 29, 68]
own BM mod 4611686018427387847 degrees 1,2,4,9,29,68       OK  [1, 2, 4, 9, 29, 68]
BM(own S_5) == banked q_5 mod 2^61-1                       OK  
BM(own S_6) == banked q_6 mod 2^61-1                       OK  
all q_H squarefree (gcd(q,q') = 1 mod fresh prime)         OK  
pairwise coprime (gcd = 1 mod fresh prime)                 OK  
q_5 check on PURELY BANKED cells, n=30..40 (11 instances)  OK  
perturbed T(40,5) (7 offsets incl. +-3^k) all FAIL q_5 check OK  
banked C_5(n) == own S_5(n), n=1..40                       OK  
p_5 order-42 on T(.,5): first contiguous-valid n = 43 (holds at 43..47: True; proposer claimed 47)
T(40,5)+T(40,6) = 14245607541927909032762631549
a(40)           = 56749893611764175164545926946127
share = 2.510e-04 ; columns h<=6 total share = 2.511e-04

ALL CHECKS PASS
