== row 40, defect share by H ==
  H= 3  s=0.7096
  H= 5  s=0.7822
  H= 8  s=0.6971
  H=10  s=0.5843
  H=12  s=0.4943
  H=15  s=0.4102
  H=18  s=0.3539
  H=21  s=0.3050
  H=25  s=0.2424
  H=30  s=0.1637
  H=35  s=0.0829
  H=38  s=0.0334
  H=39  s=0.0168
== fixed column H, share vs n (does s converge?) ==
  H= 3  n=37:0.7096  n=38:0.7096  n=39:0.7096  n=40:0.7096
        T(40,3)/T(39,3) = 3.4437   1-1/mu = 0.7096
  H= 5  n=37:0.7796  n=38:0.7806  n=39:0.7815  n=40:0.7822
        T(40,5)/T(39,5) = 4.7284   1-1/mu = 0.7885
  H= 8  n=37:0.6769  n=38:0.6840  n=39:0.6907  n=40:0.6971
        T(40,8)/T(39,8) = 5.7854   1-1/mu = 0.8272
  H=10  n=37:0.5606  n=38:0.5687  n=39:0.5767  n=40:0.5843
        T(40,10)/T(39,10) = 6.2197   1-1/mu = 0.8392
== fixed diagonal k=n-H, share vs n (n*s -> const?) ==
  k=1  n=37:0.01818 (n*s=0.673)  n=38:0.01768 (n*s=0.672)  n=39:0.01720 (n*s=0.671)  n=40:0.01675 (n*s=0.670)
  k=2  n=37:0.03627 (n*s=1.342)  n=38:0.03527 (n*s=1.340)  n=39:0.03432 (n*s=1.339)  n=40:0.03343 (n*s=1.337)
  k=3  n=37:0.05427 (n*s=2.008)  n=38:0.05277 (n*s=2.005)  n=39:0.05136 (n*s=2.003)  n=40:0.05001 (n*s=2.001)
  k=4  n=37:0.07217 (n*s=2.670)  n=38:0.07018 (n*s=2.667)  n=39:0.06830 (n*s=2.664)  n=40:0.06652 (n*s=2.661)
  k=5  n=37:0.08997 (n*s=3.329)  n=38:0.08750 (n*s=3.325)  n=39:0.08515 (n*s=3.321)  n=40:0.08293 (n*s=3.317)
== is D itself always >= 0 and where zero (sanity vs proved) ==
  strict-region cells: negatives=0 zeros=0
